[17:34:53:500][20231114_17:34:53]
[17:34:56:227]uninit!
[17:34:56:227]26:[DBG]:DEV:ExtPower TC5V ON failed
[17:34:56:227]36:[DBG]:SSC:Comm [-WARNING-]iic open result = 8 !! it's not good, open again!!!
[17:34:56:243]36:[DBG]:SSC:Comm [-WARNING-]2 time open ntfSSCIICOpen!
[17:34:56:243]62:[DBG]:++ Engine Log Start ++
[17:34:56:243]64:[DBG]:EngVer: 2.5.1.4
[17:34:56:274]66:[DBG]:## compile time is: [Nov  8 2023] [19:16:02]
[17:34:58:086][DEV] ENG_INI 00010000
[17:34:58:102]70:[DBG]:STS:MAIN->INIT   ,SUB->NONE!  
[17:34:58:102]72:[DBG]:IIC:open device ID = 3
[17:34:58:102]72:[DBG]:IIC:Open Device ID=3,Result=0
[17:34:58:117]72:[DBG]:IIC:open device ID = 6
[17:34:58:117]72:[DBG]:IIC:Open Device ID=6,Result=0
[17:34:58:117]72:[DBG]:IIC:open device ID = 0
[17:34:58:133]72:[DBG]:IIC:Open Device ID=0,Result=0
[17:34:58:133]72:[DBG]:IIC:open device ID = 4
[17:34:58:133]72:[DBG]:IIC:Open Device ID=4,Result=0
[17:34:58:133]72:[DBG]:IIC:open device ID = 6
[17:34:58:148]72:[DBG]:IIC:Open Device ID=6,Result=0
[17:34:58:148]72:[DBG]:STS:Duplex Config SET
[17:34:58:148]72:[DBG]:STS:Exit Config SET
[17:34:58:148]72:[DBG]:STS:Exit Tray Paper FULL FALSE
[17:34:58:164]72:[DBG]:STS:IIC Dev Open Err>3
[17:34:58:164]72:[DBG]:IIC:open device ID = 1
[17:34:58:164]72:[DBG]:IIC:E2P W-addr:0,size:0
[17:34:58:180]72:[DBG]:IIC:Open Device ID=1,Result=0
[17:34:58:180]72:[DBG]:IIC:open device ID = 5
[17:34:58:180]72:[DBG]:IIC:Open Device ID=5,Result=0
[17:34:58:180]72:[DBG]:STS:Nvram Down Load!
[17:34:58:195]72:[DBG]:IIC:LP5009Init
[17:34:58:195]72:[DBG]:Chip_EN = 1
[17:34:58:195]72:[DBG]:STS:IIC Dev Open LP5009 succesd
[17:34:58:195]74:[DBG]:IIC:E2P R-addr:0,size:8,dat:0x4E,0x0
[17:34:58:195]76:[DBG]:IIC:E2P R-addr:0,size:8,dat:0x4E,0x0
[17:34:58:195]78:[DBG]:NV:TopData OK! E2P_Ver=77, New_Ver=77
[17:34:58:211]116:[DBG]:DEV:ADC - 3118 417 VFS:1307 - k_gain:117 - offset:190 
[17:34:58:211] 124:[DBG]:NV:PriData OK!
[17:34:58:211]166:[DBG]:STS:Waste Toner iniital finished
[17:34:58:226]168:[DBG]:DEV:get two tray 629mv
[17:34:58:226]174:[DBG]:OPT:Check Start
[17:34:58:226]174:[DBG]:SEC:Check Start
[17:34:58:226]176:[DBG]:
[17:34:58:226]----- PRINTER INFO -----
[17:34:58:226]176:[DBG]:STS:AREA-CHN
[17:34:58:242]176:[DBG]:STS:TYPE-TYPE_A 
[17:34:58:242]176:[DBG]:STS:TEMP-ENV 0
[17:34:58:242]176:[DBG]:STS:HUMI-ENV 0
[17:34:58:242]176:[DBG]:STS:TEMP-CTD 0
[17:34:58:242]176:[DBG]:STS:HUMI-CTD 0
[17:34:58:258]176:[DBG]:STS:TEMP-LSU 25
[17:34:58:258]176:[DBG]:STS:FACTORY_MODE(TRUE )
[17:34:58:258]178:[DBG]:DEV:get two tray 629mv
[17:34:58:258]178:[DBG]:OPT:Uart start
[17:34:58:273]190:[INT]:OPT:RX Open 
[17:34:58:273]192:[DBG]:DEV:get two tray 629mv
[17:34:58:273]194:[DBG]:STS:Option Config set (Ok)
[17:34:58:273]196:[DBG]:DEV:get two tray 629mv
[17:34:58:289]196:[DBG]:***********************
[17:34:58:289]196:[DBG]:CM31 VER:2.5.1.4
[17:34:58:289]196:[DBG]:SlaveMCU VER: 2.D.1.3
[17:34:58:289]196:[DBG]:OPT1:Ver: 3.0.0.1
[17:34:58:305]196:[DBG]:OPT2:Ver: 3.0.0.1
[17:34:58:305]196:[DBG]:***********************
[17:34:58:305]196:[DBG]:STS:Front Cover Close
[17:34:58:305]196:[DBG]:STS:Side Cover Close
[17:34:58:320]196:[DBG]:SSC:Patent IF Interrupt step=[-2][0][1].
[17:34:58:320]196:[DBG]:STS:Manual Tray Remain 0
[17:34:58:320]196:[DBG]:STS:Manual tray Close
[17:34:58:320]196:[DBG]:STS: Main tray paper Size:A4-Lef
[17:34:58:320]196:[DBG]:STS:Main Tray Remain 0
[17:34:58:320]196:[DBG]:STS:Main tray Close
[17:34:58:336]200:[DBG]:CMD:Tray[1], Paper Exist[0]
[17:34:58:336]200:[DBG]:CMD:Tray[1], Tray Open Status[0]
[17:34:58:336]200:[DBG]:CMD:Tray[0], Paper Size Change[1], Paper Code[5]
[17:34:58:351]200:[DBG]:CMD:Tray[0], Paper Exist[0]
[17:34:58:351]200:[DBG]:CMD:Tray[0], Tray Open Status[0]
[17:34:58:351]200:[DBG]:PLT:rcv cover[0] info[1]
[17:34:58:367]200:[DBG]:PLT:rcv cover[1] info[1]
[17:34:58:367]200:[DBG]:STS:Waste Toner Normal Remain:100
[17:34:58:367]200:[DBG]:STS:Waste Toner Normal Remain:100
[17:34:58:383]200:[DBG]:STS:Waste Toner Normal Remain:100
[17:34:58:383]204:[DBG]:STS:Waste Toner Normal Remain:100
[17:34:58:383]204:[DBG]:STS:Waste Toner Normal Remain:100
[17:34:58:398]204:[DBG]:STS:Waste Toner Normal Remain:100
[17:34:58:398]204:[DBG]:STS:Waste Toner Normal Remain:100
[17:34:58:398]208:[DBG]:STS:Waste Toner Normal Remain:100
[17:34:58:398]216:[DBG]:PLT:rcv tray[7] limit info[1]
[17:34:58:398]216:[DBG]:PLT:$$$enable[0] wait[0]
[17:34:58:398]218:[DBG]:STS:Option Config SET
[17:34:58:398]218:[DBG]:STS:Option1 Cover Close
[17:34:58:414]218:[DBG]:STS:Option2 Cover Close
[17:34:58:414]218:[DBG]:STS:Power-ON(From Normal)
[17:34:58:414]218:[DBG]:STS:MAIN->WARMUP ,SUB->NONE!  
[17:34:58:430]222:[DBG]:PLT:rcv cover[2] info[1]
[17:34:58:430]222:[DBG]:PLT:rcv cover[3] info[1]
[17:34:58:430]222:[DBG]:DEV:EC_24V ON
[17:34:58:430]226:[DBG]:PLT:rcv tray[8] limit info[1]
[17:34:58:445]226:[DBG]:PLT:$$$enable[0] wait[0]
[17:34:58:445]284:[DBG]:DEV:Warmup Start Note For Fan
[17:34:58:445]284:[DBG]:STS:paper warmup Start 
[17:34:58:461]284:[DBG]:STS:Fuser Start 
[17:34:58:461]284:[DBG]:STS:WAKEUP EEPROM not ready
[17:34:58:461]284:[DBG]:FUS:Start Req From Plotter
[17:34:58:461]284:[DBG]:FUS:Roller Compress Request
[17:34:58:476]286:[DBG]:IMG:Med 24v Stable
[17:34:58:476]286:[DBG]:IMG:Med Warmup Start
[17:34:58:476]286:[DBG]:IMG:Channel Wakeup Start Prepare
[17:34:58:476]286:[DBG]:IMG:Comp Polygon On[0].
[17:34:58:476]286:[DBG]:LSU:Polygon On 
[17:34:58:476]286:[DBG]:IMG:Comp Itb Req Set State:[0]
[17:34:58:476]286:[DBG]:IMG:Comp Erase Led Req Check start
[17:34:58:492]286:[DBG]:PLA:Rcv Prn24v Info[1]
[17:34:58:492]286:[DBG]:PLA:Tray[3] Opened Move Disable
[17:34:58:492]286:[DBG]:PLA:Tray[4] Opened Move Disable
[17:34:58:508]286:[DBG]:PLT:rcv warmup info[1]
[17:34:58:508]286:[DBG]:PAP:Adjust pass count clear
[17:34:58:508]288:[DBG]:FUS:Now Compress Sensor State = 1
[17:34:58:523]288:[DBG]:FUS:Roller State Already OK!
[17:34:58:523]288:[DBG]:FUS:Mode Change!! ( C_Temp = 80 / R_Temp = 65 / F_Temp = 68)
[17:34:58:523]288:[DBG]:FUS:Initial / Initial -> Warmup / NonRotation 
[17:34:58:523]288:[DBG]:FUS:Warmup Tar_Temp = 165 
[17:34:58:523]288:[DBG]:DEV:Main fan on,duty is 35
[17:34:58:539]288:[DBG]:DEV:LP5009 addr:0x0B data:0xA5
[17:34:58:539]288:[DBG]:DEV:Power fan on,duty is 18
[17:34:58:539]288:[DBG]:DEV:LP5009 addr:0x0C data:0xD1
[17:34:58:555]288:[DBG]:DEV:lsu rear fan on,duty is 13
[17:34:58:555]288:[DBG]:DEV:LP5009 addr:0x0D data:0xDD
[17:34:58:555]288:[DBG]:DEV:lsu front fan on,duty is 13
[17:34:58:570]288:[DBG]:DEV:LP5009 addr:0x0E data:0xDD
[17:34:58:570]294:[DBG]:PAP:CL Duplex [1] cnt[1]
[17:34:58:570]294:[DBG]:DEV:voltage:1800mv, pwm duty:5454
[17:34:58:570]294:[DBG]:PAP:MT FEED Fwd On cnt[1] spd[0]
[17:34:58:570]294:[DBG]:PAP:s_pap_mt_waiting_exit[2], at_setting_flgptn[1]
[17:34:58:570]294:[DBG]:DEV:voltage:990mv, pwm duty:3000
[17:34:58:586]294:[DBG]:DEV:data_buff 0x12
[17:34:58:586]296:[DBG]:PAP:MT Exit Rvs On cnt[1] spd[0]
[17:34:58:586]296:[DBG]:FUS:Warmup Rot Start Temp Reach!! C_temp = 80
[17:34:58:601]296:[DBG]:FUS:Mode Change!! ( C_Temp = 80 / R_Temp = 65 / F_Temp = 68)
[17:34:58:601]296:[DBG]:FUS:Warmup / NonRotation -> Warmup / Rotation 
[17:34:58:617]296:[DBG]:FUS:Warmup Tar_Temp = 165 
[17:34:58:617]300:[DBG]:IMG:Comp Itb State Set[0] Complete
[17:34:58:617]316:[DBG]:PAP:Sn[54] Value[1]
[17:34:58:617]326:[DBG]:PAP:Sn[65] Value[1]
[17:34:58:617]328:[INT]:DEV:Exit RVS Speed nomal
[17:34:58:617]364:[INT]:DEV:ExitMotor nomal step = 51
[17:34:58:617]376:[DBG]:FUS:Circuit Check Ok!
[17:34:58:633]398:[DBG]:IMG:Comp Erase Led On Check 1,1,1,1 
[17:34:58:633]404:[INT]:DEV:fuser Speed:9110 rpm, clkFrq:683 hz
[17:34:58:633]404:[INT]:Dev:stop to fwd
[17:34:58:648]404:[DBG]:STS:fuser init finish
[17:34:58:648]404:[DBG]:STS:WAKEUP EEPROM not ready
[17:34:58:648]408:[DBG]:IMG:Comp Erase Led On Check 1,1,1,1 
[17:34:58:664]418:[DBG]:IMG:Comp Erase Led On Check 1,1,1,1 
[17:34:58:664]418:[DBG]:IMG:Comp Led On Check Ack:0
[17:34:58:664]418:[DBG]:IMG:Comp Erase Led On Check Ok
[17:34:58:679]458:[DBG]:Dev:[DCM]fuser_motor:1
[17:34:58:679]488:[DBG]:IMG:Comp Hv Check Start
[17:34:58:679]496:[INT]:DEV:Feed speed nomal
[17:34:58:679]524:[DBG]:IIC:TEMP ID 0:0x004A,0x0068,0x0074,0x0099,
[17:34:58:679]526:[DBG]:IIC:TEMP ID 4:0x0034,0x006A,0x00CC,0x0092,
[17:34:58:679]534:[DBG]:IMG:Comp Erase Led Off Check 0,0,0,0 
[17:34:58:695]544:[DBG]:IMG:Comp Erase Led Off Check 0,0,0,0 
[17:34:58:695]554:[DBG]:IMG:Comp Erase Led Off Check 0,0,0,0 
[17:34:58:695]554:[DBG]:IMG:Comp Led Off Check Ack:0
[17:34:58:711]554:[DBG]:IMG:Comp Erase Check Stop
[17:34:58:711]554:[DBG]:IMG:Comp Erase Led Off Check Ok
[17:34:58:711]558:[DBG]:Dev:[DCM]fuser_motor:2
[17:34:58:726]658:[DBG]:Dev:[DCM]fuser_motor:3
[17:34:58:726]758:[DBG]:Dev:[DCM] Fuser Motor Lock
[17:34:58:726]806:[DBG]:IMG:Comp HV Check Finish, Ready To Hvabs Check
[17:34:58:742]836:[DBG]:DEV:voltage:2442mv, pwm duty:7400
[17:34:58:742]836:[INT]:DEV:Feed nomal step = 157
[17:34:58:742]1294:[DBG]:CMD:Notify Status Warmup End!
[17:34:58:758]1296:[DBG]:STS:cmd warmup finish
[17:34:58:758]1524:[DBG]:IIC:TEMP ID 0:0x0035,0x0068,0x0035,0x009A,
[17:34:58:758]1526:[DBG]:IIC:TEMP ID 4:0x0039,0x006A,0x0023,0x0092,
[17:34:58:758]1534:[DBG]:PAP:CL Duplex [0] cnt[0]
[17:34:58:758]1534:[DBG]:PAP:CL Duplex [0] cnt[0]
[17:34:58:758]1534:[INT]:DEV:Feed clock Off
[17:34:58:773]1534:[DBG]:PAP:MT FEED Off cnt[0] spd[3]
[17:34:58:773]1534:[DBG]:PAP:s_pap_mt_waiting_exit[0], at_setting_flgptn[1]
[17:34:58:773]1534:[INT]:DEV:Exit clock Off
[17:34:58:789]1534:[DBG]:PAP:MT Exit Off cnt[0] spd[3]
[17:34:58:789]1534:[DBG]:STS:paper warmup finish
[17:34:58:789]1536:[INT]:PAP:eTIMER_PAP_MT_HOLD_OFF_EXIT
[17:34:58:804]1592:[INT]:PAP:BIT_PAP_EXIT_MT_FINISH ok
[17:34:58:804]1878:[DBG]:NV:NorData OK!
[17:34:58:804]1878:[DBG]:setmp=81,2002
[17:34:58:804]1878:[DBG]:setmp=150,2002
[17:34:58:804]1878:[DBG]:setmp=158,2002
[17:34:58:804]1878:[DBG]:setmp=82,2002
[17:34:58:804]1878:[DBG]:setmp=151,2002
[17:34:58:804]1878:[DBG]:setmp=159,2002
[17:34:58:804]1878:[DBG]:setmp=83,30
[17:34:58:804]1878:[DBG]:setmp=152,30
[17:34:58:820]1878:[DBG]:setmp=160,30
[17:34:58:820]1878:[DBG]:setmp=84,1972
[17:34:58:820]1878:[DBG]:setmp=153,1972
[17:34:58:820]1878:[DBG]:setmp=161,1972
[17:34:58:820]1878:[DBG]:setmp=86,2002
[17:34:58:836]1878:[DBG]:setmp=155,2002
[17:34:58:836]1878:[DBG]:setmp=163,2002
[17:34:58:836]1878:[DBG]:setmp=88,289
[17:34:58:836]1878:[DBG]:setmp=157,289
[17:34:58:836]1878:[DBG]:setmp=165,289
[17:34:58:851]1878:[DBG]:STS:NVDL init finish
[17:34:58:851]1878:[DBG]:STS:WAKEUP LSU not ready
[17:34:58:851]1878:[DBG]:STS: Option1 tray paper Size:Letter -Sef
[17:34:58:867]1878:[DBG]:STS:Option1 Tray Remain 0
[17:34:58:867]1878:[DBG]:STS:Option1 tray Close
[17:34:58:867]1878:[DBG]:STS: Option2 tray paper CMD:Tray[3], Paper Size Change[2], Paper Code[46]
[17:34:58:867]1880:[DBG]:CMD:Tray[3], Paper Exist[0]
[17:34:58:867]1880:[DBG]:CMD:Tray[3], Tray Open Status[0]
[17:34:58:898]1880:[DBG]:IMG:Med MP DL Finish[1]
[17:34:58:898]1880:[DBG]:TONER:Log Data 0x2001
[17:34:58:898]1880:[DBG]:CAL:Reg Get Calib Status 0
[17:34:58:898]1880:[DBG]:PLA:Rcv Tray[3] Set Info[0]
[17:34:58:914]1880:[DBG]:PLT:mecha[1],input[1]
[17:34:58:914]1880:[DBG]:PLT:mecha[1],input[1]
[17:34:58:914]1880:[DBG]:PLA:Tray[3] Org Ready
[17:34:58:914]1882:[DBG]:LSU:Door Close
[17:34:58:929]1882:[DBG]:LSU:Lsu Dac Power Set Channel Y = 1700mv
[17:34:58:929]1882:[DBG]:LSU:Lsu Dac Power Set Channel C = 1700mv
[17:34:58:945]1882:[DBG]:LSU:Lsu Dac Power Set Channel M = 1700mv
[17:34:58:945]1882:[DBG]:LSU:Lsu Dac Power Set Channel K = 1700mv
[17:34:58:945]1882:[DBG]:Size:A4-Lef
[17:34:58:945]1882:[DBG]:STS:Option2 Tray Remain 0
[17:34:58:945]1882:[DBG]:STS:Option2 tray Close
[17:34:58:945]1882:[DBG]:STS:IU CHIP BottleK Initial
[17:34:58:961]1882:[DBG]:STS:IU CHIP BottleY Initial
[17:34:58:961]1882:[DBG]:STS:IU CHIP BottleM Initial
[17:34:58:961]1882:[DBG]:STS:IU CHIP BottleC Initial
[17:34:58:961]1882:[DBG]:STS:IU CHIP PCDU-K Initial
[17:34:59:008]1882:[DBG]:STS:IU CHIP PCDU-Y Initial
[17:34:59:008]1882:[DBG]:STS:IU CHIP PCDU-M Initial
[17:34:59:008]1882:[DBG]:STS:IU CHIP PCDU-C Initial
[17:34:59:023]1882:[DBG]:STS:WastBox SET
[17:34:59:023]1882:[DBG]:DEV:HV Parm[0], K:189, Offset:233421, K_inv:5290, Offset_inv:-123480
[17:34:59:023]1882:[DBG]:PLA:Rcv Tray[4] Set Info[0]
[17:34:59:023]1882:[DBG]:PLT:mecha[1],input[1]
[17:34:59:023]1882:[DBG]:PLT:mecha[1],input[1]
[17:34:59:023]1882:[DBG]:PLA:Tray[4] Org Ready
[17:34:59:039]1882:[DBG]:CMD:Tray[4], Paper Size Change[1], Paper Code[5]
[17:34:59:039]1882:[DBG]:CMD:Tray[4], Paper Exist[0]
[17:34:59:039]1882:[DBG]:CMD:Tray[4], Tray Open Status[0]
[17:34:59:054]1882:[DBG]:SSC:Patent IF gnd enbale [1] 
[17:34:59:054]1882:[DBG]:SSC:Patent IF elec enbale [0] 
[17:34:59:054]1882:[DBG]:SSC:Patent IF rot enbale [1] 
[17:34:59:101]1882:[DBG]:SSC:Patent IF surf enbale [0] 
[17:34:59:101]1882:[DBG]:SSC:Interface set method enable [0].
[17:34:59:117]1882:[DBG]:SSC:Interface set chip patent enable [0].
[17:34:59:117]1884:[DBG]:setmp=99,2
[17:34:59:117]1884:[DBG]:STS:Part Life Change PTRANS  :NORMAL (Page:2)
[17:34:59:117]1884:[DBG]:setmp=100,2
[17:34:59:133]1884:[DBG]:STS:Part Life Change FUSER   :NORMAL (Page:2)
[17:34:59:133]1884:[DBG]:setmp=101,1
[17:34:59:133]1884:[DBG]:STS:Part Life Change ITU     :NORMAL (Page:1)
[17:34:59:133]1884:[DBG]:setmp=102,0
[17:34:59:133]1884:[DBG]:STS:Part Life Change TRAY1   :NORMAL (Page:0)
[17:34:59:133]1884:[DBG]:setmp=103,0
[17:34:59:148]1884:[DBG]:STS:Part Life Change TRAY2   :NORMAL (Page:0)
[17:34:59:148]1884:[DBG]:STS:Option1 Tray Remain 0
[17:34:59:148]1884:[DBG]:STS:LSU init finish
[17:34:59:179]1884:[DBG]:STS:WAKEUP HV-IMG not ready
[17:34:59:179]1884:[DBG]:STS:WAKEUP IUCHIP not ready
[17:34:59:179]1884:[DBG]:STS:Option2 Tray Remain 0
[17:34:59:179]1884:[DBG]:STS:Judge Plotter Status OK!!
[17:34:59:195]1884:[DBG]:DEV:HV Parm[1], K:189, Offset:233421, K_inv:5290, Offset_inv:-123480
[17:34:59:195]1886:[DBG]:CMD:Tray[3], Paper Exist[0]
[17:34:59:211]1886:[DBG]:CMD:Tray[4], Paper Exist[0]
[17:34:59:211]1888:[DBG]:PLT:rcv tray[3] amount pre[4] now[4]
[17:34:59:211]1888:[DBG]:PLT:Tray[3] Ready
[17:34:59:226]1888:[DBG]:PAP:Last Sheet ID Sid[255]
[17:34:59:226]1888:[DBG]:PLA:Tray[3] Retry Ready Set[0]
[17:34:59:226]1888:[DBG]:PAP:Last Sheet ID Sid[255]
[17:34:59:257]1888:[DBG]:PLT:rcv tray[4] amount pre[4] now[4]
[17:34:59:257]1888:[DBG]:PLT:Tray[4] Ready
[17:34:59:257]1888:[DBG]:PAP:Last Sheet ID Sid[255]
[17:34:59:273]1888:[DBG]:PLA:Tray[4] Retry Ready Set[0]
[17:34:59:273]1888:[DBG]:PAP:Last Sheet ID Sid[255]
[17:34:59:273]1888:[DBG]:DEV:HV Parm[2], K:15151, Offset:390000, K_inv:66, Offset_inv:-2574
[17:34:59:289]1890:[DBG]:CMD:Engine Init OK!
[17:34:59:289]1890:[DBG]:CMD:Tray[3], Plate Status[0]
[17:34:59:289]1890:[DBG]:CMD:Tray[4], Plate Status[0]
[17:34:59:304]1890:[DBG]:DEV:HV Parm[3], K:381, Offset:110038, K_inv:2621, Offset_inv:-28841
[17:34:59:320]1892:[DBG]:DEV:HV Parm[4], K:381, Offset:110038, K_inv:2621, Offset_inv:-28841
[17:34:59:320]1896:[DBG]:DEV:HV Parm[5], K:-234, Offset:293795, K_inv:-4268, Offset_inv:125392
[17:34:59:336]1898:[DBG]:DEV:HV Parm[6], K:812, Offset:18813, K_inv:1231, Offset_inv:-2316
[17:34:59:336]1900:[DBG]:DEV:HV Parm[7], K:-858, Offset:254034, K_inv:-1165, Offset_inv:29595
[17:34:59:351]1902:[DBG]:SSC: [-ERR-]crc16 error .
[17:34:59:351]1902:[DBG]:SSC: [-ERR-]crc16 error .
[17:34:59:351]1902:[DBG]:SSC: [-ERR-]crc16 error .
[17:34:59:382]1902:[DBG]:SSC: [-ERR-]crc16 error .
[17:34:59:382]1902:[DBG]:SSC: [-ERR-]crc16 error .
[17:34:59:382]1902:[DBG]:SSC: [-ERR-]crc16 error .
[17:34:59:398]1902:[DBG]:SSC: [-ERR-]crc16 error .
[17:34:59:398]1902:[DBG]:SSC: [-ERR-]crc16 error .
[17:34:59:398]1902:[DBG]:SSC: [-ERR-]crc16 error .
[17:34:59:429]1902:[DBG]:SSC: [-ERR-]crc16 error .
[17:34:59:429]1902:[DBG]:SSC: [-ERR-]crc16 error .
[17:34:59:429]1902:[DBG]:SSC: [-ERR-]crc16 error .
[17:34:59:445]1902:[DBG]:SSC: finish get full date from mp.
[17:34:59:445]1902:[DBG]:SSC:Interface  Start in bullet-[1]. version=[A.1.7.2]
[17:34:59:445]1902:[DBG]:STS:Iuchip Open Device(10ms cycle) 
[17:34:59:461]1902:[DBG]:DEV:HV Parm[8], K:-858, Offset:254034, K_inv:-1165, Offset_inv:29595
[17:34:59:461]1904:[DBG]:SSC:Start gi.
[17:34:59:461]1904:[DBG]:SSC:Main [-WARNING-][0] gi need perform.
[17:34:59:461]1904:[DBG]:DEV:HV Parm[9], K:-858, Offset:254034, K_inv:-1165, Offset_inv:29595
[17:34:59:476]1906:[DBG]:DEV:HV Parm[10], K:-858, Offset:254034, K_inv:-1165, Offset_inv:29595
[17:34:59:476]1908:[DBG]:DEV:HV Parm[11], K:-385, Offset:303919, K_inv:-2597, Offset_inv:78928
[17:34:59:523]1912:[DBG]:DEV:HV Parm[12], K:-385, Offset:303919, K_inv:-2597, Offset_inv:78928
[17:34:59:539]1914:[DBG]:DEV:HV Parm[13], K:-385, Offset:303919, K_inv:-2597, Offset_inv:78928
[17:34:59:539]1914:[DBG]:DEV:HV Parm[14], K:-385, Offset:303919, K_inv:-2597, Offset_inv:78928
[17:34:59:554]1916:[DBG]:IMG:Reg Get MP Debug On:1
[17:34:59:554]1916:[DBG]:IMG:Proc HV Parm Init Finsih
[17:34:59:554]1916:[DBG]:STS:HV init finish
[17:34:59:554]1916:[DBG]:STS:WAKEUP IUCHIP not ready
[17:34:59:554]2076:[DBG]:FUS:Warmup Rot Finish Temp Reach!! C_temp = 160
[17:34:59:554]2294:[DBG]:DEV:Main fan on,duty is 25
[17:34:59:570]2294:[DBG]:DEV:LP5009 addr:0x0B data:0xBF
[17:34:59:570]2306:[DBG]:DEV:SSC GPIO_Output MODE
[17:34:59:570]2316:[DBG]:DEV:SSC GPIO_Input Mode
[17:34:59:617]2524:[DBG]:IIC:TEMP ID 0:0x005A,0x0068,0x0034,0x009A,
[17:34:59:617]2524:[DBG]:IIC:TEMP ID 4:0x0044,0x006A,0x0060,0x0092,
[17:34:59:617]2524:[DBG]:DEV:eENV_ON_CHIP Heat on
[17:34:59:632]2524:[DBG]:DEV:eENV_OUT_CHIP Heat on
[17:34:59:632]2694:[DBG]:DEV:SSC IIC Mode
[17:34:59:632]2694:[DBG]:SSC:=== PI0214 === +++ [_call_back][408] +++ sscChipPowerOn iic_state = 0x0, channel = 0x0 
[17:34:59:648]3034:[DBG]:DEV:eENV_ON_CHIP Heat off
[17:34:59:648]3034:[DBG]:DEV:eENV_OUT_CHIP Heat off
[17:34:59:664]3050:[DBG]:IIC:TEMP ID 0:0x0057,0x0082,0x007F,0x0099,
[17:34:59:664]3050:[DBG]:IIC:TEMP ID 4:0x0035,0x0085,0x00C9,0x0091,
[17:34:59:664]3050:[DBG]:STS: Senser_Outer Temp_Rise = 17,Hum_Drop = 1,Temp=44,Hum=59
[17:34:59:664]3050:[DBG]:STS: Senser_Inner Temp_Rise = 17,Hum_Drop = 1,Temp=45,Hum=56
[17:34:59:695]3084:[DBG]:SSC:Get info model=CTO2300HC
[17:34:59:695]3084:[DBG]:SSC:Get info chip version=Z-7125-020
[17:34:59:695]3084:[DBG]:SSC:Get info tools Version=Z904
[17:34:59:711]3084:[DBG]:SSC:Get info power cnt=12415
[17:34:59:711]3202:[DBG]:SSC:####### TRAMMELS_VALUE ###### read trammels value 0x39BD24BF, channel = 0
[17:34:59:726]3214:[DBG]:SSC:Info flag = 0x00000001.
[17:34:59:726]3214:[DBG]:SSC:Main[0] gi finshed. bullet_number=[1]
[17:34:59:757]3214:[DBG]:SSC:Main [-WARNING-][1] gi need perform.
[17:34:59:789]3580:[DBG]:LSU:Polygon Ready Notify
[17:34:59:789]3580:[DBG]:IMG:Comp Tsk_ctrl Polygon Lock
[17:34:59:789]3604:[DBG]:SSC:Get info model=CTO2300HM
[17:34:59:835]3604:[DBG]:SSC:Get info chip version=Z-7125-020
[17:34:59:835]3604:[DBG]:SSC:Get info tools Version=Z904
[17:34:59:835]3604:[DBG]:SSC:Get info power cnt=7163
[17:34:59:914]3722:[DBG]:SSC:####### TRAMMELS_VALUE ###### read trammels value 0x81B37CCE, channel = 1
[17:34:59:945]3734:[DBG]:SSC:Info flag = 0x00000001.
[17:34:59:976]3734:[DBG]:SSC:Main[1] gi finshed. bullet_number=[1]
[17:34:59:976]3734:[DBG]:SSC:Main [-WARNING-][2] gi need perform.
[17:35:00:258]4030:[DBG]:LSU:Polygon Lock
[17:35:00:335]4134:[DBG]:SSC:Get info model=CTO2300HY
[17:35:00:335]4134:[DBG]:SSC:Get info chip version=Z-7125-020
[17:35:00:367]4134:[DBG]:SSC:Get info tools Version=Z904
[17:35:00:367]4134:[DBG]:SSC:Get info power cnt=14658
[17:35:00:460]4254:[DBG]:SSC:####### TRAMMELS_VALUE ###### read trammels value 0x7D5DED82, channel = 2
[17:35:00:507]4274:[DBG]:SSC:Info flag = 0x00000001.
[17:35:00:507]4274:[DBG]:SSC:Main[2] gi finshed. bullet_number=[1]
[17:35:00:507]4274:[DBG]:SSC:Main [-WARNING-][3] gi need perform.
[17:35:00:726]4516:[DBG]:STS:LowTempStCk,TempChange[0 -> 27].
[17:35:00:867]4668:[DBG]:SSC:Get info model=CTO2300HK
[17:35:00:867]4668:[DBG]:SSC:Get info chip version=Z-7125-020
[17:35:00:898]4668:[DBG]:SSC:Get info tools Version=Z904
[17:35:00:898]4668:[DBG]:SSC:Get info power cnt=14696
[17:35:00:976]4786:[DBG]:SSC:####### TRAMMELS_VALUE ###### read trammels value 0x7D5DED82, channel = 3
[17:35:01:039]4804:[DBG]:SSC:Info flag = 0x00000001.
[17:35:01:039]4804:[DBG]:SSC:Main[3] gi finshed. bullet_number=[1]
[17:35:01:039]4804:[DBG]:SSC:Main [-WARNING-][4] gi need perform.
[17:35:01:398]5192:[DBG]:SSC:Get info model=CDO2300C
[17:35:01:398]5192:[DBG]:SSC:Get info chip version=Z-7125-020
[17:35:01:429]5192:[DBG]:SSC:Get info tools Version=Z904
[17:35:01:429]5192:[DBG]:SSC:Get info power cnt=14777
[17:35:01:507]5310:[DBG]:SSC:####### TRAMMELS_VALUE ###### read trammels value 0x7D5DED82, channel = 4
[17:35:01:569]5324:[DBG]:SSC:Info flag = 0x00000001.
[17:35:01:569]5324:[DBG]:SSC:Main[4] gi finshed. bullet_number=[1]
[17:35:01:569]5324:[DBG]:SSC:Main [-WARNING-][5] gi need perform.
[17:35:01:913]5712:[DBG]:SSC:Get info model=CDO2300M
[17:35:01:913]5712:[DBG]:SSC:Get info chip version=Z-7125-020
[17:35:01:945]5712:[DBG]:SSC:Get info tools Version=Z904
[17:35:01:945]5712:[DBG]:SSC:Get info power cnt=14642
[17:35:02:022]5808:[DBG]:IMG:Comp Hv Abs Check Start
[17:35:02:022]5832:[DBG]:SSC:####### TRAMMELS_VALUE ###### read trammels value 0x7D5DED82, channel = 5
[17:35:02:085]5844:[DBG]:SSC:Info flag = 0x00000001.
[17:35:02:085]5844:[DBG]:SSC:Main[5] gi finshed. bullet_number=[1]
[17:35:02:085]5844:[DBG]:SSC:Main [-WARNING-][6] gi need perform.
[17:35:02:413]6208:[DBG]:IMG:Comp Hv Abs Check Stop
[17:35:02:460]6262:[DBG]:SSC:Get info model=CDO2300Y
[17:35:02:460]6262:[DBG]:SSC:Get info chip version=Z-7125-020
[17:35:02:491]6262:[DBG]:SSC:Get info tools Version=Z904
[17:35:02:491]6262:[DBG]:SSC:Get info power cnt=14777
[17:35:02:585]6382:[DBG]:SSC:####### TRAMMELS_VALUE ###### read trammels value 0x7D5DED82, channel = 6
[17:35:02:600]6386:[DBG]:FUS:Machine Temperature Of PowerOn -> 27
[17:35:02:600]6386:[DBG]:FUS:Env -> MM ( Env_Temp -> 27 )
[17:35:02:600]6386:[DBG]:FUS:Warmup Rotation Finish
[17:35:02:616]6386:[INT]:Dev:FUSER Motor stop
[17:35:02:616]6386:[INT]:DEV:fuser motor req stop
[17:35:02:616]6386:[DBG]:FUS:Mode Change!! ( C_Temp = 164 / R_Temp = 143 / F_Temp = 146)
[17:35:02:632]6386:[DBG]:FUS:Warmup / Rotation -> Standby / Standby 
[17:35:02:632]6386:[DBG]:FUS:Standby Tar_Temp = 75 
[17:35:02:632]6386:[DBG]:DEV:Main fan off,duty is 0
[17:35:02:647]6386:[DBG]:DEV:LP5009 addr:0x0B data:0xFF
[17:35:02:647]6386:[DBG]:DEV:Power fan off,duty is 0
[17:35:02:647]6386:[DBG]:DEV:LP5009 addr:0x0C data:0xFF
[17:35:02:663]6386:[DBG]:DEV:lsu rear fan off,duty is 0
[17:35:02:663]6386:[DBG]:DEV:LP5009 addr:0x0D data:0xFF
[17:35:02:663]6386:[DBG]:DEV:lsu front fan off,duty is 0
[17:35:02:694]6386:[DBG]:DEV:LP5009 addr:0x0E data:0xFF
[17:35:02:694]6386:[DBG]:STS:fuser warmup finish
[17:35:02:694]6388:[DBG]:IMG:Med Fuser Reocvery Rotate Finish
[17:35:02:710]6388:[DBG]:IMG:Channel Info Fuser Wakeup Rotate Finish
[17:35:02:710]6396:[DBG]:SSC:Info flag = 0x00000001.
[17:35:02:757]6396:[DBG]:SSC:Main[6] gi finshed. bullet_number=[1]
[17:35:02:757]6396:[DBG]:SSC:Main [-WARNING-][7] gi need perform.
[17:35:02:991]6786:[DBG]:SSC:Get info model=CDO2300K
[17:35:02:991]6786:[DBG]:SSC:Get info chip version=Z-7125-020
[17:35:03:022]6786:[DBG]:SSC:Get info tools Version=Z904
[17:35:03:022]6786:[DBG]:SSC:Get info power cnt=6191
[17:35:03:116]6904:[DBG]:SSC:####### TRAMMELS_VALUE ###### read trammels value 0x81B37CCE, channel = 7
[17:35:03:210]7018:[DBG]:SSC:Info flag = 0x00000001.
[17:35:03:210]7018:[DBG]:SSC:Main[7] gi finshed. bullet_number=[1]
[17:35:03:210]7018:[DBG]:SSC:####### TRAMMELS_VALUE ###### swap_result 0xFF
[17:35:03:210]7018:[DBG]:SSC:Main patent gnd need perform.
[17:35:03:210]7018:[DBG]:SSC:Main Start patent gnd.
[17:35:03:257]7018:[DBG]:SSC:PGND patent GND detect start!!!!
[17:35:03:257]7018:[DBG]:SSC:Patent IF require[2] [1] [0] 0:Surf 1:Rot 2:Elec 3:Gnd
[17:35:03:288]7018:[DBG]:STS:anticomp[2] data = 0
[17:35:03:288]7018:[DBG]:STS:anticomp start : 2
[17:35:03:288]7024:[DBG]:STS:double gnd data update
[17:35:03:303]7034:[DBG]:STS:anticomp ready : 2
[17:35:03:303]7034:[DBG]:STS:anticomp 2 ready
[17:35:03:303]7038:[DBG]:STS:double gnd data[3] = 0
[17:35:03:303]7038:[DBG]:STS:double gnd data[2] = 0
[17:35:03:319]7038:[DBG]:STS:double gnd data[1] = 0
[17:35:03:319]7038:[DBG]:STS:double gnd data[0] = 0
[17:35:03:319]7038:[DBG]:STS:anticomp finish : 2
[17:35:03:335]7038:[DBG]:STS:anticomp finish : 2
[17:35:03:335]7038:[DBG]:STS:anticomp finish : 2
[17:35:03:335]7038:[DBG]:STS:anticomp finish : 2
[17:35:03:335]7038:[DBG]:STS:DOUBLE GND CHECK finish
[17:35:03:350]7038:[DBG]:STS:DOUBLE GND SUCCESS
[17:35:03:350]7048:[DBG]:SSC:Main [-WARNING-] patent elec no need perform.
[17:35:03:350]7048:[DBG]:SSC:Patent IF require[3] [0] [0] 0:Surf 1:Rot 2:Elec 3:Gnd
[17:35:03:350]7048:[DBG]:STS:anticomp[3] data = 0
[17:35:03:350]7048:[DBG]:SSC:open_surf_switch=[0]
[17:35:03:366]7048:[DBG]:SSC:Test Sn Is New step=[2]
[17:35:03:366]7048:[DBG]:SSC:Test Sn Is New step=[2]
[17:35:03:366]7048:[DBG]:SSC:Test Sn Is New step=[2]
[17:35:03:382]7048:[DBG]:SSC:Test Sn Is New step=[2]
[17:35:03:382]7048:[DBG]:SSC:Main patent rot step=[0]
[17:35:03:382]7048:[DBG]:SSC:Patent IF require[1] [0] [0] 0:Surf 1:Rot 2:Elec 3:Gnd
[17:35:03:397]7048:[DBG]:STS:anticomp[1] data = 0
[17:35:03:397]7048:[DBG]:SSC:open_surf_switch=[0]
[17:35:03:413]7048:[DBG]:SSC:Main [-WARNING-] no need perform [4].
[17:35:03:413]7048:[DBG]:SSC:Main patent surf step=[0]
[17:35:03:413]7048:[DBG]:SSC:Patent IF require[0] [0] [0] 0:Surf 1:Rot 2:Elec 3:Gnd
[17:35:03:428]7048:[DBG]:STS:anticomp[0] data = 0
[17:35:03:428]7048:[DBG]:SSC:Main STOP in Patent Surf!
[17:35:03:428]7048:[DBG]:SSC:Main End in bullet-[1].
[17:35:03:428]7048:[DBG]:SSC:Interface[0] check info [0]->[3]
[17:35:03:428]7048:[DBG]:SSC:Info to EC suss. [0] [3]
[17:35:03:428]7048:[DBG]:SSC:Interface[1] check info [0]->[3]
[17:35:03:444]7048:[DBG]:SSC:Info to EC suss. [1] [3]
[17:35:03:444]7050:[DBG]:STS:anticomp start : 3
[17:35:03:444]7050:[DBG]:STS:anticomp start : 1
[17:35:03:460]7050:[DBG]:STS:anticomp start : 0
[17:35:03:460]7050:[DBG]:STS:anticomp vopc stop
[17:35:03:460]7050:[DBG]:SSC:Interface[2] check info [0]->[3]
[17:35:03:475]7050:[DBG]:SSC:Info to EC suss. [2] [3]
[17:35:03:475]7050:[DBG]:SSC:Interface[3] check info [0]->[3]
[17:35:03:475]7050:[DBG]:SSC:Info to EC suss. [3] [3]
[17:35:03:475]7050:[DBG]:SSC:Interface[4] check info [0]->[3]
[17:35:03:475]7050:[DBG]:SSC:Info to EC suss. [4] [3]
[17:35:03:475]7050:[DBG]:SSC:Interface[5] check info [0]->[3]
[17:35:03:506]7050:[DBG]:SSC:Info to EC suss. [5] [3]
[17:35:03:506]7052:[DBG]:SSC:Interface[6] check info [0]->[3]
[17:35:03:506]7052:[DBG]:SSC:Info to EC suss. [6] [3]
[17:35:03:506]7052:[DBG]:SSC:Interface[7] check info [0]->[3]
[17:35:03:506]7052:[DBG]:SSC:Info to EC suss. [7] [3]
[17:35:03:506]7052:[DBG]:SSC:Main [-WARNING-] no need perform [5].
[17:35:03:522]7052:[DBG]:SSC:Main [-WARNING-] Method no need perform.
[17:35:03:522]7052:[DBG]:SSC:Main stop in active 00!
[17:35:03:538]7052:[DBG]:SSC:Main [-WARNING-] no need perform [6].
[17:35:03:538]7052:[DBG]:SSC:Main [-WARNING-] Method no need perform.
[17:35:03:538]7052:[DBG]:SSC:Main STOP in Method 00!
[17:35:03:553]7064:[DBG]:SSC:Interface check state [0]->[2]
[17:35:03:553]7064:[DBG]:SSC:Patent IF Not Interrupt step=[0][8][4].
[17:35:03:569]7064:[DBG]:STS:IUCHIP Open Result OK iuchip[0] = 7
[17:35:03:569]7064:[DBG]:STS:BottleK SET
[17:35:03:569]7064:[DBG]:STS:IU CHIP BottleK Open
[17:35:03:569]7064:[DBG]:STS:IUCHIP Open Result OK iuchip[1] = 7
[17:35:03:569]7064:[DBG]:STS:BottleY SET
[17:35:03:569]7064:[DBG]:STS:IU CHIP BottleY Open
[17:35:03:569]7066:[DBG]:STS:IUCHIP Open Result OK iuchip[2] = 7
[17:35:03:600]7066:[DBG]:STS:BottleM SET
[17:35:03:600]7066:[DBG]:STS:IU CHIP BottleM Open
[17:35:03:600]7066:[DBG]:STS:IUCHIP Open Result OK iuchip[3] = 7
[17:35:03:600]7066:[DBG]:STS:BottleC SET
[17:35:03:600]7066:[DBG]:STS:IU CHIP BottleC Open
[17:35:03:600]7068:[DBG]:STS:IUCHIP Open Result OK iuchip[4] = 7
[17:35:03:600]7068:[DBG]:STS:PCDU(K) SET
[17:35:03:616]7068:[DBG]:STS:IU CHIP PCDU-K Open
[17:35:03:616]7068:[DBG]:STS:IUCHIP Open Result OK iuchip[5] = 7
[17:35:03:616]7068:[DBG]:STS:PCDU(Y) SET
[17:35:03:631]7068:[DBG]:STS:IU CHIP PCDU-Y Open
[17:35:03:631]7068:[DBG]:STS:IUCHIP Open Result OK iuchip[6] = 7
[17:35:03:631]7068:[DBG]:STS:PCDU(M) SET
[17:35:03:647]7068:[DBG]:STS:IU CHIP PCDU-M Open
[17:35:03:647]7070:[DBG]:STS:IUCHIP Open Result OK iuchip[7] = 7
[17:35:03:647]7070:[DBG]:STS:PCDU(C) SET
[17:35:03:647]7070:[DBG]:STS:IU CHIP PCDU-C Open
[17:35:03:647]7070:[DBG]:STS:STATUS_WAKEUP_START_IUCHIP_READY
[17:35:03:647]7070:[DBG]:STS:at_wakeup = 1,at_warmingup=1,at_all_iuchip=0
[17:35:03:663]7070:[DBG]:STS:Cannot Imaging Wakeup 
[17:35:03:663]7072:[DBG]:SSC:Interface  [3] model=[CTO2300HK] volumn=[15000] life=[16500] prt=[7317] feed=[7191]
[17:35:03:678]7072:[DBG]:SSC:Interface [3] data out: 
[17:35:03:678]7072:[DBG]:SSC:==================[-start show buff-]======================
[17:35:03:694]7072:[DBG]:SSC:0x0000---->0xFF, 0x01, 0x43, 0x50, 0x37, 0x4A, 0x30, 0x30, 
[17:35:03:694]7072:[DBG]:SSC:0x0001---->0x30, 0x31, 0x34, 0x35, 0x00, 0x00, 0x00, 0x00, 
[17:35:03:710]7072:[DBG]:SSC:==================[-stop show buff-]======================
[17:35:03:710]
[17:35:03:725]7072:[DBG]:SSC:Interface  [2] model=[CTO2300HY] volumn=[12000] life=[13200] prt=[5215] feed=[7197]
[17:35:03:725]7072:[DBG]:SSC:Interface [2] data out: 
[17:35:03:741]7072:[DBG]:SSC:==================[-start show buff-]======================
[17:35:03:741]7072:[DBG]:SSC:0x0000---->0xFF, 0x01, 0x43, 0x50, 0x37, 0x4A, 0x30, 0x30, 
[17:35:03:741]7072:[DBG]:SSC:0x0001---->0x30, 0x31, 0x34, 0x35, 0x00, 0x00, 0x00, 0x00, 
[17:35:03:741]7072:[DBG]:SSC:==================[-stop show buff-]======================
[17:35:03:756]
[17:35:03:756]7074:[DBG]:STS:Supply Normal...
[17:35:03:756]7074:[DBG]:SSC:Interface[3] remain [0]->[512]
[17:35:03:772]7074:[DBG]:STS:Toner(K) FULL Remain:51
[17:35:03:772]7074:[DBG]:STS:Waste Toner Normal Remain:100
[17:35:03:772]7074:[DBG]:SSC:Interface  [1] model=[CTO2300HM] volumn=[12000] life=[13200] prt=[1649] feed=[2540]
[17:35:03:788]7076:[DBG]:STS:Supply Normal...
[17:35:03:788]7076:[DBG]:SSC:Interface[2] remain [0]->[565]
[17:35:03:803]7076:[DBG]:STS:Toner(Y) FULL Remain:57
[17:35:03:803]7076:[DBG]:STS:Waste Toner Normal Remain:100
[17:35:03:803]7076:[DBG]:SSC:Interface [1] data out: 
[17:35:03:819]7076:[DBG]:SSC:==================[-start show buff-]======================
[17:35:03:819]7076:[DBG]:SSC:0x0000---->0xFF, 0x01, 0x41, 0x41, 0x32, 0x41, 0x30, 0x30, 
[17:35:03:819]7076:[DBG]:SSC:0x0001---->0x30, 0x30, 0x30, 0x30, 0x00, 0x00, 0x00, 0x00, 
[17:35:03:835]7076:[DBG]:SSC:==================[-stop show buff-]======================
[17:35:03:835]
[17:35:03:835]7078:[DBG]:SSC:Interface  [0] model=[CTO2300HC] volumn=[12000] life=[13200] prt=[1081] feed=[1661]
[17:35:03:850]7078:[DBG]:SSC:Interface [0] data out: 
[17:35:03:850]7078:[DBG]:SSC:==================[-start show buff-]======================
[17:35:03:866]7078:[DBG]:SSC:0x0000---->0xFF, 0x01, 0x43, 0x50, 0x37, 0x46, 0x30, 0x30, 
[17:35:03:866]7078:[DBG]:SSC:0x0001---->0x30, 0x31, 0x31, 0x34, 0x00, 0x00, 0x00, 0x00, 
[17:35:03:881]7078:[DBG]:SSC:==================[-stop show buff-]======================
[17:35:03:881]
[17:35:03:897]7078:[DBG]:SSC:Interface  [7] model=[CDO2300K] volumn=[60000] life=[60000] prt=[5092] feed=[3171]
[17:35:03:897]7080:[DBG]:SSC:Interface [7] data out: 
[17:35:03:913]7080:[DBG]:SSC:==================[-start show buff-]======================
[17:35:03:913]7080:[DBG]:SSC:0x0000---->0xFF, 0xFF, 0x1C, 0x25, 0x01, 0x41, 0x41, 0x32, 
[17:35:03:913]7080:[DBG]:SSC:0x0001---->0x41, 0x30, 0x30, 0x30, 0x30, 0x30, 0x30, 0x00, 
[17:35:03:928]7080:[DBG]:SSC:==================[-stop show buff-]======================
[17:35:03:928]
[17:35:03:928]7080:[DBG]:SSC:Interface  [6] model=[CDO2300Y] volumn=[60000] life=[60000] prt=[9676] feed=[7197]
[17:35:03:944]7080:[DBG]:SSC:Interface [6] data out: 
[17:35:03:944]7080:[DBG]:SSC:==================[-start show buff-]======================
[17:35:03:960]7080:[DBG]:SSC:0x0000---->0xFF, 0xFF, 0x5E, 0x27, 0x01, 0x43, 0x50, 0x37, 
[17:35:03:960]7080:[DBG]:SSC:0x0001---->0x4A, 0x30, 0x30, 0x30, 0x31, 0x34, 0x35, 0x00, 
[17:35:03:960]7080:[DBG]:SSC:==================[-stop show buff-]======================
[17:35:03:960]
[17:35:03:975]7082:[DBG]:SSC:Interface  [5] model=[CDO2300M] volumn=[60000] life=[60000] prt=[9474] feed=[7178]
[17:35:03:975]7082:[DBG]:SSC:Interface [5] data out: 
[17:35:03:991]7082:[DBG]:SSC:==================[-start show buff-]======================
[17:35:03:991]7082:[DBG]:SSC:0x0000---->0xFF, 0xFF, 0x8C, 0x28, 0x01, 0x43, 0x50, 0x37, 
[17:35:04:006]7082:[DBG]:SSC:0x0001---->0x4A, 0x30, 0x30, 0x30, 0x31, 0x34, 0x35, 0x00, 
[17:35:04:006]7082:[DBG]:SSC:==================[-stop show buff-]======================
[17:35:04:022]
[17:35:04:022]7082:[DBG]:SSC:Interface  [4] model=[CDO2300C] volumn=[60000] life=[60000] prt=[9677] feed=[7196]
[17:35:04:038]7082:[DBG]:SSC:Interface [4] data out: 
[17:35:04:038]7082:[DBG]:SSC:==================[-start show buff-]======================
[17:35:04:053]7082:[DBG]:SSC:0x0000---->0xFF, 0xFF, 0xC0, 0x28, 0x01, 0x43, 0x50, 0x37, 
[17:35:04:053]7084:[DBG]:STS:Supply Normal...
[17:35:04:053]7084:[DBG]:SSC:Interface[1] remain [0]->[862]
[17:35:04:053]7084:[DBG]:STS:Toner(M) FULL Remain:86
[17:35:04:053]7084:[DBG]:STS:Waste Toner Normal Remain:100
[17:35:04:053]7084:[DBG]:STS:Supply Normal...
[17:35:04:069]7084:[DBG]:SSC:Interface[0] remain [0]->[909]
[17:35:04:069]7084:[DBG]:STS:Toner(C) FULL Remain:91
[17:35:04:069]7084:[DBG]:STS:Waste Toner Normal Remain:100
[17:35:04:084]7084:[DBG]:STS:Supply Normal...
[17:35:04:084]7086:[DBG]:SSC:0x0001---->0x4A, 0x30, 0x30, 0x30, 0x31, 0x34, 0x35, 0x00, 
[17:35:04:100]7086:[DBG]:SSC:==================[-stop show buff-]======================
[17:35:04:100]
[17:35:04:100]7086:[DBG]:SSC:Interface[7] remain [0]->[915]
[17:35:04:116]7086:[DBG]:STS:OPC(K) Life Full Remain:92
[17:35:04:116]7086:[DBG]:STS:Carrier(K) Life Full Remain:92
[17:35:04:116]7086:[DBG]:STS:Waste Toner Normal Remain:100
[17:35:04:131]7086:[DBG]:STS:Supply Normal...
[17:35:04:131]7088:[DBG]:SSC:Interface[6] remain [0]->[838]
[17:35:04:131]7088:[DBG]:STS:OPC(Y) Life Full Remain:84
[17:35:04:131]7088:[DBG]:STS:Carrier(Y) Life Full Remain:84
[17:35:04:131]7088:[DBG]:STS:Waste Toner Normal Remain:100
[17:35:04:131]7088:[DBG]:STS:Supply Normal...
[17:35:04:147]7090:[DBG]:SSC:Interface[5] remain [0]->[842]
[17:35:04:147]7090:[DBG]:STS:OPC(M) Life Full Remain:84
[17:35:04:147]7090:[DBG]:STS:Carrier(M) Life Full Remain:84
[17:35:04:163]7090:[DBG]:STS:Waste Toner Normal Remain:100
[17:35:04:163]7090:[DBG]:STS:Supply Normal...
[17:35:04:163]7092:[DBG]:SSC:Interface[4] remain [0]->[838]
[17:35:04:178]7092:[DBG]:STS:OPC(C) Life Full Remain:84
[17:35:04:178]7092:[DBG]:STS:Carrier(C) Life Full Remain:84
[17:35:04:178]7092:[DBG]:STS:Waste Toner Normal Remain:100
[17:35:04:194]7092:[DBG]:STS:all Iuchip ntf complete
[17:35:04:194]7092:[DBG]:STS:at_wakeup = 1,at_warmingup=1,at_all_iuchip=1
[17:35:04:209]7092:[DBG]:STS:Imaging Wakeup Start
[17:35:04:209]7092:[DBG]:CAL:Med Consumable Data Sync Status 1
[17:35:04:209]7092:[DBG]:CAL:Factor Calib Mode 0 Start Judge
[17:35:04:209]7092:[DBG]:CAL:Reg Get Calib Disable 0
[17:35:04:209]7092:[DBG]:CAL:Factor Calib Mode (0:0) Start Request Disable, Requesting Mode 0 State 1
[17:35:04:225]7092:[DBG]:CAL:Factor Humiture Detect Start
[17:35:04:225]7092:[DBG]:IMG:Med Wakeup Start
[17:35:04:225]7092:[DBG]:IMG:Reg Main Motor[0] Stop Time:[131000]ms.
[17:35:04:241]7092:[DBG]:IMG:Reg Wakeup[0] Cal Agitated Time:[0]ms.
[17:35:04:241]7092:[DBG]:IMG:Reg Get Motor Calc Normal Agitated Time:0 ms
[17:35:04:256]7092:[DBG]:IMG:Reg Main Motor[1] Stop Time:[131000]ms.
[17:35:04:256]7092:[DBG]:IMG:Reg Wakeup[1] Cal Agitated Time:[0]ms.
[17:35:04:272]7092:[DBG]:IMG:Reg Get Motor Calc Normal Agitated Time:0 ms
[17:35:04:272]7092:[DBG]:IMG:Reg Wakeup No Motor Need Rotate
[17:35:04:272]7092:[DBG]:IMG:Reg Wakeup Agitated Time MotorK:0 ms,YMC:0 ms
[17:35:04:272]7092:[DBG]:TONER:Log Data 0x200D
[17:35:04:272]7094:[DBG]:TONER:RunMode[2].
[17:35:04:272]7094:[DBG]:TONER:TarUpdate[2,2].
[17:35:04:303]7094:[DBG]:SSC:Interface[7] Opc Used Page [0]->[5092]
[17:35:04:303]7094:[DBG]:TONER:TargetOffset[K,-31],Life[5092],Env[6].
[17:35:04:303]7094:[DBG]:STS:Opc[K]DriveTotalLength = 0mm
[17:35:04:303]7094:[DBG]:TONER:TcSetCal[K]-As,YmcTimeOut[0],OpcAs[0:Cur=0,Pre=0],DotAs[0,0].
[17:35:04:319]7094:[DBG]:TONER:TcSetCal[K]-OpcAsJudge,OpcAs[0],Limit[23808].
[17:35:04:319]7094:[DBG]:TONER:TcSetCalc[K]-Type1[1,-308,0],OpcAsFlag[0],DotTc[0],Env[1].
[17:35:04:334]7094:[DBG]:TONER:TargetUpdate[K,823],Limit[770,1350],Offset[-31,100],TcSet[-308],ratio[100]].
[17:35:04:334]7094:[DBG]:SSC:Interface[6] Opc Used Page [0]->[9676]
[17:35:04:350]7094:[DBG]:TONER:TargetOffset[Y,-37],Life[9676],Env[6].
[17:35:04:350]7094:[DBG]:STS:Opc[Y]DriveTotalLength = 0mm
[17:35:04:350]7094:[DBG]:TONER:TcSetCal[Y]-As,YmcTimeOut[0],OpcAs[0:Cur=0,Pre=0],DotAs[0,0].
[17:35:04:350]7094:[DBG]:TONER:TcSetCal[Y]-OpcAsJudge,OpcAs[0],Limit[23808].
[17:35:04:366]7094:[DBG]:TONER:TcSetCalc[Y]-Type1[1,-330,0],OpcAsFlag[0],DotTc[0],Env[1].
[17:35:04:366]7094:[DBG]:TONER:TargetUpdate[Y,807],Limit[770,1350],Offset[-37,100],TcSet[-330],ratio[100]].
[17:35:04:381]7094:[DBG]:SSC:Interface[5] Opc Used Page [0]->[9474]
[17:35:04:381]7094:[DBG]:TONER:TargetOffset[M,100],Life[9474],Env[6].
[17:35:04:397]7094:[DBG]:STS:Opc[M]DriveTotalLength = 0mm
[17:35:04:397]7094:[DBG]:TONER:TcSetCal[M]-As,YmcTimeOut[0],OpcAs[0:Cur=0,Pre=0],DotAs[0,0].
[17:35:04:413]7094:[DBG]:TONER:TcSetCal[M]-OpcAsJudge,OpcAs[0],Limit[23808].
[17:35:04:413]7094:[DBG]:TONER:TcSetCalc[M]-Type1[1,-281,0],OpcAsFlag[0],DotTc[0],Env[1].
[17:35:04:428]7094:[DBG]:TONER:TargetUpdate[M,790],Limit[770,1350],Offset[100,100],TcSet[-281],ratio[110]].
[17:35:04:444]7094:[DBG]:SSC:Interface[4] Opc Used Page [0]->[9677]
[17:35:04:444]7094:[DBG]:TONER:TargetOffset[C,100],Life[9677],Env[6].
[17:35:04:444]7094:[DBG]:STS:Opc[C]DriveTotalLength = 0mm
[17:35:04:444]7094:[DBG]:TONER:TcSetCal[C]-As,YmcTimeOut[0],OpcAs[0:Cur=0,Pre=0],DotAs[0,0].
[17:35:04:459]7094:[DBG]:TONER:TcSetCal[C]-OpcAsJudge,OpcAs[0],Limit[23808].
[17:35:04:459]7094:[DBG]:TONER:TcSetCalc[C]-Type1[1,-240,0],OpcAsFlag[0],DotTc[0],Env[1].
[17:35:04:475]7094:[DBG]:TONER:TargetUpdate[C,770],Limit[770,1350],Offset[100,100],TcSet[-240],ratio[100]].
[17:35:04:475]7094:[DBG]:TONER:K Vcon set 9500mv.
[17:35:04:491]7096:[DBG]:TONER:Y Vcon set 10078mv.
[17:35:04:491]7098:[DBG]:TONER:M Vcon set 10380mv.
[17:35:04:491]7100:[DBG]:TONER:C Vcon set 10432mv.
[17:35:04:506]7102:[DBG]:TONER:AutoGainStartJudge[K],CmdFlag[0],Symbol[0].
[17:35:04:506]7102:[DBG]:TONER:AutoGainStartJudge[Y],CmdFlag[0],Symbol[0].
[17:35:04:506]7102:[DBG]:TONER:AutoGainStartJudge[M],CmdFlag[0],Symbol[0].
[17:35:04:506]7102:[DBG]:TONER:AutoGainStartJudge[C],CmdFlag[0],Symbol[0].
[17:35:04:522]7102:[DBG]:TONER:SensorFeConfig,FeCtrl[1,1,1,1,1,1],FeFlag[0,0,0,0].
[17:35:04:522]7102:[DBG]:TONER:SpeedM[0].
[17:35:04:522]7102:[DBG]:IMG:Channel Wakeup Prepare Finish
[17:35:04:537]7102:[DBG]:IMG:Comp Polygon Off.
[17:35:04:537]7102:[DBG]:LSU:Polygon Off 
[17:35:04:537]7102:[DBG]:IMG:Med Toner Wakeup Start Finish
[17:35:04:537]7102:[DBG]:STS:MAIN->READY  ,SUB->NONE!  
[17:35:04:553]7102:[DBG]:DEV:Warmup Finish Note For Fan
[17:35:04:553]7102:[DBG]:setmp=11,0
[17:35:04:553]7102:[DBG]:STS:imaging warmup finish
[17:35:04:569]7102:[DBG]:STS:update machine sn value = 2
[17:35:04:569]7102:[DBG]:FUS:Plotter Status To Standby
[17:35:04:569]7102:[DBG]:PLT:rcv warmup info[0]
[17:35:04:569]7102:[DBG]:CAL:Factor Calib Mode 0 Start Judge
[17:35:04:569]7102:[DBG]:CAL:Reg Get Calib Disable 0
[17:35:04:569]7102:[DBG]:CAL:Factor Calib Mode (0:0) Start Request Disable, Requesting Mode 0 State 0
[17:35:04:616]7102:[DBG]:CAL:Factor Humiture Detect Stop
[17:35:06:506]10288:[DBG]:IMG:Comp Itb Req Set State:[0]
[17:35:06:506]10306:[DBG]:IMG:Comp Itb State Set[0] Complete
[17:35:06:725]10516:[DBG]:STS:LowTempStCk,StChange[(0,3) -> (27,0)].
[17:35:13:364]17166:[DBG]:PAP:Sn[31] Value[0]
[17:35:13:364]17166:[DBG]:STS:Manual Tray Remain 100
[17:35:13:364]17166:[DBG]:CMD:Tray[1], Paper Exist[1]
[17:35:14:207]18036:[DBG]:CMD:Hand Shake received!
[17:35:14:207]18036:[DBG]:CMD:[0x51]->[0x20]
[17:35:14:207]18050:[DBG]:CMD:[0xBD]->[0x20]
[17:35:14:223]18050:[DBG]:   :[0x01]->[0x20]
[17:35:14:223]18050:[DBG]:   :[0x01]->[0x20]
[17:35:14:223]18050:[DBG]:   :[0x08]->[0x20]
[17:35:14:223]18050:[DBG]:   :[0x0A]->[0x20]
[17:35:14:238]18050:[DBG]:   :[0x01]->[0x32]
[17:35:14:238]18050:[DBG]:   :[0x02]->[0x2E]
[17:35:14:238]18050:[DBG]:   :[0x03]->[0x35]
[17:35:14:238]18050:[DBG]:   :[0x04]->[0x2E]
[17:35:14:254]18050:[DBG]:   :[0x05]->[0x31]
[17:35:14:254]18050:[DBG]:   :[0x06]->[0x2E]
[17:35:14:254]18050:[DBG]:   :[0x07]->[0x34]
[17:35:14:254]18050:[DBG]:   :[0x08]->[0x00]
[17:35:14:270]18050:[DBG]:   :[0x09]->[0x00]
[17:35:14:270]18050:[DBG]:   :[0x0A]->[0x00]
[17:35:14:270]18054:[DBG]:CMD:[0xBD]->[0x20]
[17:35:14:270]18054:[DBG]:   :[0x01]->[0x20]
[17:35:14:285]18054:[DBG]:   :[0x01]->[0x20]
[17:35:14:285]18054:[DBG]:   :[0x09]->[0x20]
[17:35:14:285]18054:[DBG]:   :[0x0A]->[0x20]
[17:35:14:285]18054:[DBG]:   :[0x01]->[0x32]
[17:35:14:301]18054:[DBG]:   :[0x02]->[0x2E]
[17:35:14:301]18054:[DBG]:   :[0x03]->[0x44]
[17:35:14:301]18054:[DBG]:   :[0x04]->[0x2E]
[17:35:14:301]18054:[DBG]:   :[0x05]->[0x31]
[17:35:14:301]18054:[DBG]:   :[0x06]->[0x2E]
[17:35:14:301]18054:[DBG]:   :[0x07]->[0x33]
[17:35:14:301]18054:[DBG]:   :[0x08]->[0x00]
[17:35:14:301]18054:[DBG]:   :[0x09]->[0x00]
[17:35:14:316]18054:[DBG]:   :[0x0A]->[0x00]
[17:35:14:316]18054:[DBG]:CMD:[0xBD]->[0x20]
[17:35:14:316]18054:[DBG]:   :[0x01]->[0x20]
[17:35:14:316]18054:[DBG]:   :[0x01]->[0x20]
[17:35:14:332]18054:[DBG]:   :[0x0A]->[0x20]
[17:35:14:332]18054:[DBG]:   :[0x0A]->[0x20]
[17:35:14:332]18054:[DBG]:   :[0x01]->[0x33]
[17:35:14:332]18054:[DBG]:   :[0x02]->[0x2E]
[17:35:14:348]18054:[DBG]:   :[0x03]->[0x30]
[17:35:14:348]18054:[DBG]:   :[0x04]->[0x2E]
[17:35:14:348]18054:[DBG]:   :[0x05]->[0x30]
[17:35:14:348]18054:[DBG]:   :[0x06]->[0x2E]
[17:35:14:348]18054:[DBG]:   :[0x07]->[0x31]
[17:35:14:348]18054:[DBG]:   :[0x08]->[0x00]
[17:35:14:348]18054:[DBG]:   :[0x09]->[0x00]
[17:35:14:348]18054:[DBG]:   :[0x0A]->[0x00]
[17:35:14:363]18060:[DBG]:CMD:[0xBD]->[0x20]
[17:35:14:363]18060:[DBG]:   :[0x01]->[0x20]
[17:35:14:363]18060:[DBG]:   :[0x01]->[0x20]
[17:35:14:363]18060:[DBG]:   :[0x0B]->[0x20]
[17:35:14:379]18060:[DBG]:   :[0x0A]->[0x20]
[17:35:14:379]18060:[DBG]:   :[0x01]->[0x33]
[17:35:14:379]18060:[DBG]:   :[0x02]->[0x2E]
[17:35:14:379]18060:[DBG]:   :[0x03]->[0x30]
[17:35:14:395]18060:[DBG]:   :[0x04]->[0x2E]
[17:35:14:395]18060:[DBG]:   :[0x05]->[0x30]
[17:35:14:395]18060:[DBG]:   :[0x06]->[0x2E]
[17:35:14:395]18060:[DBG]:   :[0x07]->[0x31]
[17:35:14:410]18060:[DBG]:   :[0x08]->[0x00]
[17:35:14:410]18060:[DBG]:   :[0x09]->[0x00]
[17:35:14:410]18060:[DBG]:   :[0x0A]->[0x00]
[17:35:14:410]18062:[DBG]:CMD:[0x8C]->[0x20]
[17:35:14:426]18062:[DBG]:   :[0x01]->[0x20]
[17:35:14:426]18062:[DBG]:   :[0x18]->[0x20]
[17:35:14:426]18062:[DBG]:   :[0x43]->[0x20]
[17:35:14:426]18062:[DBG]:   :[0x50]->[0x20]
[17:35:14:441]18062:[DBG]:   :[0x37]->[0x20]
[17:35:14:441]18062:[DBG]:   :[0x4A]->[0x20]
[17:35:14:441]18062:[DBG]:   :[0x30]->[0x20]
[17:35:14:441]18062:[DBG]:   :[0x30]->[0x20]
[17:35:14:441]18062:[DBG]:   :[0x30]->[0x20]
[17:35:14:441]18062:[DBG]:   :[0x31]->[0x20]
[17:35:14:441]18062:[DBG]:   :[0x34]->[0x20]
[17:35:14:441]18062:[DBG]:   :[0x35]->[0x20]
[17:35:14:457]18062:[DBG]:   :[0x00]->[0x20]
[17:35:14:457]18062:[DBG]:   :[0x00]->[0x20]
[17:35:14:457]18062:[DBG]:   :[0x00]->[0x20]
[17:35:14:457]18068:[DBG]:CMD:[0x00]->[0x20]
[17:35:14:473]18068:[DBG]:   :[0x00]->[0x20]
[17:35:14:473]18068:[DBG]:   :[0x00]->[0x20]
[17:35:14:473]18068:[DBG]:   :[0x00]->[0x20]
[17:35:14:473]18068:[DBG]:   :[0x00]->[0x20]
[17:35:14:488]18068:[DBG]:   :[0x00]->[0x20]
[17:35:14:488]18068:[DBG]:   :[0x00]->[0x20]
[17:35:14:488]18068:[DBG]:   :[0x00]->[0x20]
[17:35:14:488]18068:[DBG]:   :[0x00]->[0x20]
[17:35:14:504]18068:[DBG]:STS:machine serial number=CP7J000145
[17:35:14:504]18068:[DBG]:   :[0x00]->[0x20]
[17:35:14:504]18068:[ERR]:CMD:[0x00]
[17:35:14:504]18068:[ERR]:   :[0x00]->[0xA0]
[17:35:14:520]18068:[DBG]:   :[0x00]->[0xA0]
[17:35:14:520]18068:[DBG]:STS:Machine SN from DC=CP7J000145
[17:35:14:520]18068:[DBG]:STS:update machine sn value = 3
[17:35:14:520]18114:[DBG]:CMD:[0x1D]->[0x1F]
[17:35:14:520]18332:[DBG]:CMD:[0x37]->[0x19]
[17:35:14:520]18332:[DBG]:CMD:[0xCC]->[0x20]
[17:35:14:520]18332:[DBG]:   :[0x01]->[0x33]
[17:35:14:535]18332:[DBG]:   :[0x02]->[0x39]
[17:35:14:535]18332:[DBG]:   :[0x03]->[0x56]
[17:35:14:535]18332:[DBG]:   :[0x04]->[0x5B]
[17:35:14:535]18332:[DBG]:   :[0x05]->[0x0A]
[17:35:14:551]18334:[DBG]:CMD:[0xCB]->[0x20]
[17:35:14:551]18334:[DBG]:   :[0x01]->[0x00]
[17:35:14:551]18334:[DBG]:   :[0x02]->[0x00]
[17:35:14:551]18334:[DBG]:   :[0x03]->[0x00]
[17:35:14:566]18336:[DBG]:CMD:[0xCA]->[0x20]
[17:35:14:566]18336:[DBG]:   :[0x01]->[0x5C]
[17:35:14:566]18336:[DBG]:   :[0x02]->[0x54]
[17:35:14:566]18336:[DBG]:   :[0x03]->[0x54]
[17:35:14:566]18336:[DBG]:   :[0x04]->[0x54]
[17:35:14:566]18336:[DBG]:   :[0x05]->[0x5C]
[17:35:14:566]18336:[DBG]:   :[0x06]->[0x54]
[17:35:14:566]18336:[DBG]:   :[0x07]->[0x54]
[17:35:14:598]18336:[DBG]:   :[0x08]->[0x54]
[17:35:14:598]18336:[DBG]:CMD:[0x01]->[0x20]
[17:35:14:598]18338:[DBG]:CMD:[0x1C]->[0x00]
[17:35:14:598]18338:[DBG]:CMD:[0x1B]->[0x02]
[17:35:14:598]18340:[DBG]:CMD:[0xE4]->[0x00]
[17:35:14:598]18340:[DBG]:   :[0x01]->[0x0F]
[17:35:14:598]18340:[DBG]:   :[0x02]->[0x0F]
[17:35:14:598]18340:[DBG]:CMD:[0xCD]->[0x00]
[17:35:14:613]18340:[DBG]:   :[0x00]->[0x00]
[17:35:14:613]18340:[DBG]:   :[0x00]->[0x00]
[17:35:14:613]18340:[DBG]:SSC:Interface[3] Toner Used Page [0]->[7317]
[17:35:14:629]18340:[DBG]:   :[0x00]->[0x00]
[17:35:14:629]18340:[DBG]:   :[0x01]->[0x15]
[17:35:14:629]18340:[DBG]:   :[0x02]->[0x39]
[17:35:14:629]18340:[DBG]:   :[0x03]->[0x00]
[17:35:14:644]18340:[DBG]:   :[0x04]->[0x00]
[17:35:14:644]18340:[DBG]:   :[0x05]->[0x00]
[17:35:14:644]18342:[DBG]:CMD:[0xCE]->[0x00]
[17:35:14:644]18342:[DBG]:   :[0x00]->[0x00]
[17:35:14:644]18342:[DBG]:   :[0x00]->[0x00]
[17:35:14:644]18342:[DBG]:   :[0x01]->[0x00]
[17:35:14:644]18342:[DBG]:   :[0x10]->[0x00]
[17:35:14:644]18342:[DBG]:   :[0x01]->[0x43]
[17:35:14:660]18342:[DBG]:   :[0x02]->[0x54]
[17:35:14:660]18342:[DBG]:   :[0x03]->[0x4F]
[17:35:14:660]18342:[DBG]:   :[0x04]->[0x32]
[17:35:14:660]18342:[DBG]:   :[0x05]->[0x33]
[17:35:14:676]18342:[DBG]:   :[0x06]->[0x30]
[17:35:14:676]18342:[DBG]:   :[0x07]->[0x30]
[17:35:14:676]18342:[DBG]:   :[0x08]->[0x48]
[17:35:14:676]18342:[DBG]:   :[0x09]->[0x4B]
[17:35:14:691]18342:[DBG]:   :[0x0A]->[0x00]
[17:35:14:691]18342:[DBG]:   :[0x0B]->[0x00]
[17:35:14:691]18346:[DBG]:CMD:[0x0C]->[0x00]
[17:35:14:691]18346:[DBG]:   :[0x0D]->[0x00]
[17:35:14:707]18346:[DBG]:   :[0x0E]->[0x00]
[17:35:14:707]18346:[DBG]:   :[0x0F]->[0x00]
[17:35:14:707]18346:[DBG]:   :[0x10]->[0x00]
[17:35:14:707]18394:[DBG]:CMD:[0xCE]->[0x00]
[17:35:14:723]18394:[DBG]:   :[0x00]->[0x00]
[17:35:14:723]18394:[DBG]:   :[0x00]->[0x00]
[17:35:14:723]18394:[DBG]:   :[0x02]->[0x00]
[17:35:14:738]18394:[DBG]:STS:Tuchip-K get_sn_len=24 sn-ascii = 35011D055B0A7B8D
[17:35:14:738]18394:[DBG]:   :[0x18]->[0x00]
[17:35:14:738]18394:[DBG]:   :[0x01]->[0x33]
[17:35:14:738]18394:[DBG]:   :[0x02]->[0x35]
[17:35:14:738]18394:[DBG]:   :[0x03]->[0x30]
[17:35:14:738]18394:[DBG]:   :[0x04]->[0x31]
[17:35:14:738]18394:[DBG]:   :[0x05]->[0x31]
[17:35:14:738]18394:[DBG]:   :[0x06]->[0x44]
[17:35:14:754]18394:[DBG]:   :[0x07]->[0x30]
[17:35:14:754]18394:[DBG]:   :[0x08]->[0x35]
[17:35:14:754]18394:[DBG]:   :[0x09]->[0x35]
[17:35:14:754]18394:[DBG]:   :[0x0A]->[0x42]
[17:35:14:769]18394:[DBG]:   :[0x0B]->[0x30]
[17:35:14:769]18398:[DBG]:CMD:[0x0C]->[0x41]
[17:35:14:769]18398:[DBG]:   :[0x0D]->[0x37]
[17:35:14:769]18398:[DBG]:   :[0x0E]->[0x42]
[17:35:14:785]18398:[DBG]:   :[0x0F]->[0x38]
[17:35:14:785]18398:[DBG]:   :[0x10]->[0x44]
[17:35:14:785]18398:[DBG]:   :[0x11]->[0x00]
[17:35:14:785]18398:[DBG]:   :[0x12]->[0x00]
[17:35:14:801]18398:[DBG]:   :[0x13]->[0x00]
[17:35:14:801]18398:[DBG]:   :[0x14]->[0x00]
[17:35:14:801]18398:[DBG]:   :[0x15]->[0x00]
[17:35:14:801]18398:[DBG]:   :[0x16]->[0x00]
[17:35:14:816]18398:[DBG]:   :[0x17]->[0x00]
[17:35:14:816]18398:[DBG]:   :[0x18]->[0x00]
[17:35:14:816]18444:[DBG]:CMD:[0xCD]->[0x00]
[17:35:14:816]18444:[DBG]:   :[0x00]->[0x00]
[17:35:14:816]18444:[DBG]:   :[0x00]->[0x00]
[17:35:14:816]18444:[DBG]:SSC:Interface[2] Toner Used Page [0]->[5215]
[17:35:14:816]18444:[DBG]:   :[0x01]->[0x00]
[17:35:14:832]18444:[DBG]:   :[0x01]->[0x5F]
[17:35:14:832]18444:[DBG]:   :[0x02]->[0x28]
[17:35:14:832]18444:[DBG]:   :[0x03]->[0x00]
[17:35:14:832]18444:[DBG]:   :[0x04]->[0x00]
[17:35:14:848]18444:[DBG]:   :[0x05]->[0x00]
[17:35:14:848]18446:[DBG]:CMD:[0xCE]->[0x00]
[17:35:14:848]18446:[DBG]:   :[0x00]->[0x00]
[17:35:14:848]18446:[DBG]:   :[0x01]->[0x00]
[17:35:14:863]18446:[DBG]:   :[0x01]->[0x00]
[17:35:14:863]18446:[DBG]:   :[0x10]->[0x00]
[17:35:14:863]18446:[DBG]:   :[0x01]->[0x43]
[17:35:14:863]18446:[DBG]:   :[0x02]->[0x54]
[17:35:14:863]18446:[DBG]:   :[0x03]->[0x4F]
[17:35:14:863]18446:[DBG]:   :[0x04]->[0x32]
[17:35:14:863]18446:[DBG]:   :[0x05]->[0x33]
[17:35:14:863]18446:[DBG]:   :[0x06]->[0x30]
[17:35:14:894]18446:[DBG]:   :[0x07]->[0x30]
[17:35:14:894]18446:[DBG]:   :[0x08]->[0x48]
[17:35:14:894]18446:[DBG]:   :[0x09]->[0x59]
[17:35:14:894]18446:[DBG]:   :[0x0A]->[0x00]
[17:35:14:894]18446:[DBG]:   :[0x0B]->[0x00]
[17:35:14:894]18450:[DBG]:CMD:[0x0C]->[0x00]
[17:35:14:894]18450:[DBG]:   :[0x0D]->[0x00]
[17:35:14:894]18450:[DBG]:   :[0x0E]->[0x00]
[17:35:14:910]18450:[DBG]:   :[0x0F]->[0x00]
[17:35:14:910]18450:[DBG]:   :[0x10]->[0x00]
[17:35:14:910]18498:[DBG]:CMD:[0xCE]->[0x00]
[17:35:14:910]18498:[DBG]:   :[0x00]->[0x00]
[17:35:14:926]18498:[DBG]:   :[0x01]->[0x00]
[17:35:14:926]18498:[DBG]:   :[0x02]->[0x00]
[17:35:14:926]18498:[DBG]:STS:Tuchip-Y get_sn_len=24 sn-ascii = A9BC29243D3C80F9
[17:35:14:941]18498:[DBG]:   :[0x18]->[0x00]
[17:35:14:941]18498:[DBG]:   :[0x01]->[0x41]
[17:35:14:941]18498:[DBG]:   :[0x02]->[0x39]
[17:35:14:941]18498:[DBG]:   :[0x03]->[0x42]
[17:35:14:957]18498:[DBG]:   :[0x04]->[0x43]
[17:35:14:957]18498:[DBG]:   :[0x05]->[0x32]
[17:35:14:957]18498:[DBG]:   :[0x06]->[0x39]
[17:35:14:957]18498:[DBG]:   :[0x07]->[0x32]
[17:35:14:973]18498:[DBG]:   :[0x08]->[0x34]
[17:35:14:973]18498:[DBG]:   :[0x09]->[0x33]
[17:35:14:973]18498:[DBG]:   :[0x0A]->[0x44]
[17:35:14:973]18498:[DBG]:   :[0x0B]->[0x33]
[17:35:14:973]18504:[DBG]:CMD:[0x0C]->[0x43]
[17:35:14:973]18504:[DBG]:   :[0x0D]->[0x38]
[17:35:14:973]18504:[DBG]:   :[0x0E]->[0x30]
[17:35:14:973]18504:[DBG]:   :[0x0F]->[0x46]
[17:35:14:988]18504:[DBG]:   :[0x10]->[0x39]
[17:35:14:988]18504:[DBG]:   :[0x11]->[0x00]
[17:35:14:988]18504:[DBG]:   :[0x12]->[0x00]
[17:35:14:988]18504:[DBG]:   :[0x13]->[0x00]
[17:35:15:004]18504:[DBG]:   :[0x14]->[0x00]
[17:35:15:004]18504:[DBG]:   :[0x15]->[0x00]
[17:35:15:004]18504:[DBG]:   :[0x16]->[0x00]
[17:35:15:004]18504:[DBG]:   :[0x17]->[0x00]
[17:35:15:019]18504:[DBG]:   :[0x18]->[0x00]
[17:35:15:019]18576:[DBG]:CMD:[0xCD]->[0x00]
[17:35:15:019]18576:[DBG]:   :[0x00]->[0x00]
[17:35:15:019]18576:[DBG]:   :[0x00]->[0x00]
[17:35:15:035]18578:[DBG]:SSC:Interface[1] Toner Used Page [0]->[1649]
[17:35:15:035]18578:[DBG]:   :[0x02]->[0x00]
[17:35:15:035]18578:[DBG]:   :[0x01]->[0x71]
[17:35:15:035]18578:[DBG]:   :[0x02]->[0x0C]
[17:35:15:035]18578:[DBG]:   :[0x03]->[0x00]
[17:35:15:035]18578:[DBG]:   :[0x04]->[0x00]
[17:35:15:035]18578:[DBG]:   :[0x05]->[0x00]
[17:35:15:051]18584:[DBG]:CMD:[0xCE]->[0x00]
[17:35:15:051]18584:[DBG]:   :[0x00]->[0x00]
[17:35:15:051]18584:[DBG]:   :[0x02]->[0x00]
[17:35:15:051]18584:[DBG]:   :[0x01]->[0x00]
[17:35:15:066]18584:[DBG]:   :[0x10]->[0x00]
[17:35:15:066]18584:[DBG]:   :[0x01]->[0x43]
[17:35:15:066]18584:[DBG]:   :[0x02]->[0x54]
[17:35:15:066]18584:[DBG]:   :[0x03]->[0x4F]
[17:35:15:082]18584:[DBG]:   :[0x04]->[0x32]
[17:35:15:082]18584:[DBG]:   :[0x05]->[0x33]
[17:35:15:082]18584:[DBG]:   :[0x06]->[0x30]
[17:35:15:082]18584:[DBG]:   :[0x07]->[0x30]
[17:35:15:098]18584:[DBG]:   :[0x08]->[0x48]
[17:35:15:098]18584:[DBG]:   :[0x09]->[0x4D]
[17:35:15:098]18584:[DBG]:   :[0x0A]->[0x00]
[17:35:15:098]18584:[DBG]:   :[0x0B]->[0x00]
[17:35:15:113]18594:[DBG]:CMD:[0x0C]->[0x00]
[17:35:15:113]18594:[DBG]:   :[0x0D]->[0x00]
[17:35:15:113]18594:[DBG]:   :[0x0E]->[0x00]
[17:35:15:113]18594:[DBG]:   :[0x0F]->[0x00]
[17:35:15:129]18594:[DBG]:   :[0x10]->[0x00]
[17:35:15:129]18646:[DBG]:CMD:[0xCE]->[0x00]
[17:35:15:129]18646:[DBG]:   :[0x00]->[0x00]
[17:35:15:129]18646:[DBG]:   :[0x02]->[0x00]
[17:35:15:129]18646:[DBG]:   :[0x02]->[0x00]
[17:35:15:129]18646:[DBG]:STS:Tuchip-M get_sn_len=24 sn-ascii = A29CF49672636E70
[17:35:15:129]18646:[DBG]:   :[0x18]->[0x00]
[17:35:15:144]18646:[DBG]:   :[0x01]->[0x41]
[17:35:15:144]18646:[DBG]:   :[0x02]->[0x32]
[17:35:15:144]18646:[DBG]:   :[0x03]->[0x39]
[17:35:15:144]18646:[DBG]:   :[0x04]->[0x43]
[17:35:15:160]18646:[DBG]:   :[0x05]->[0x46]
[17:35:15:160]18646:[DBG]:   :[0x06]->[0x34]
[17:35:15:160]18646:[DBG]:   :[0x07]->[0x39]
[17:35:15:160]18646:[DBG]:   :[0x08]->[0x36]
[17:35:15:176]18646:[DBG]:   :[0x09]->[0x37]
[17:35:15:176]18646:[DBG]:   :[0x0A]->[0x32]
[17:35:15:176]18646:[DBG]:   :[0x0B]->[0x36]
[17:35:15:176]18650:[DBG]:CMD:[0x0C]->[0x33]
[17:35:15:191]18650:[DBG]:   :[0x0D]->[0x36]
[17:35:15:191]18650:[DBG]:   :[0x0E]->[0x45]
[17:35:15:191]18650:[DBG]:   :[0x0F]->[0x37]
[17:35:15:191]18650:[DBG]:   :[0x10]->[0x30]
[17:35:15:207]18650:[DBG]:   :[0x11]->[0x00]
[17:35:15:207]18650:[DBG]:   :[0x12]->[0x00]
[17:35:15:207]18650:[DBG]:   :[0x13]->[0x00]
[17:35:15:207]18650:[DBG]:   :[0x14]->[0x00]
[17:35:15:207]18650:[DBG]:   :[0x15]->[0x00]
[17:35:15:207]18650:[DBG]:   :[0x16]->[0x00]
[17:35:15:207]18650:[DBG]:   :[0x17]->[0x00]
[17:35:15:207]18650:[DBG]:   :[0x18]->[0x00]
[17:35:15:222]18732:[DBG]:CMD:[0xCD]->[0x00]
[17:35:15:222]18732:[DBG]:   :[0x00]->[0x00]
[17:35:15:222]18732:[DBG]:   :[0x00]->[0x00]
[17:35:15:222]18732:[DBG]:SSC:Interface[0] Toner Used Page [0]->[1081]
[17:35:15:238]18732:[DBG]:   :[0x03]->[0x00]
[17:35:15:238]18732:[DBG]:   :[0x01]->[0x39]
[17:35:15:238]18732:[DBG]:   :[0x02]->[0x08]
[17:35:15:238]18732:[DBG]:   :[0x03]->[0x00]
[17:35:15:254]18732:[DBG]:   :[0x04]->[0x00]
[17:35:15:254]18732:[DBG]:   :[0x05]->[0x00]
[17:35:15:254]18734:[DBG]:CMD:[0xCE]->[0x00]
[17:35:15:254]18734:[DBG]:   :[0x00]->[0x00]
[17:35:15:254]18734:[DBG]:   :[0x03]->[0x00]
[17:35:15:254]18734:[DBG]:   :[0x01]->[0x00]
[17:35:15:254]18734:[DBG]:   :[0x10]->[0x00]
[17:35:15:254]18734:[DBG]:   :[0x01]->[0x43]
[17:35:15:285]18734:[DBG]:   :[0x02]->[0x54]
[17:35:15:285]18734:[DBG]:   :[0x03]->[0x4F]
[17:35:15:285]18734:[DBG]:   :[0x04]->[0x32]
[17:35:15:285]18734:[DBG]:   :[0x05]->[0x33]
[17:35:15:285]18734:[DBG]:   :[0x06]->[0x30]
[17:35:15:285]18734:[DBG]:   :[0x07]->[0x30]
[17:35:15:285]18734:[DBG]:   :[0x08]->[0x48]
[17:35:15:285]18734:[DBG]:   :[0x09]->[0x43]
[17:35:15:301]18734:[DBG]:   :[0x0A]->[0x00]
[17:35:15:301]18734:[DBG]:   :[0x0B]->[0x00]
[17:35:15:301]18738:[DBG]:CMD:[0x0C]->[0x00]
[17:35:15:301]18738:[DBG]:   :[0x0D]->[0x00]
[17:35:15:316]18738:[DBG]:   :[0x0E]->[0x00]
[17:35:15:316]18738:[DBG]:   :[0x0F]->[0x00]
[17:35:15:316]18738:[DBG]:   :[0x10]->[0x00]
[17:35:15:316]18792:[DBG]:CMD:[0xCE]->[0x00]
[17:35:15:332]18792:[DBG]:   :[0x00]->[0x00]
[17:35:15:332]18792:[DBG]:   :[0x03]->[0x00]
[17:35:15:332]18792:[DBG]:   :[0x02]->[0x00]
[17:35:15:347]18792:[DBG]:STS:Tuchip-C get_sn_len=24 sn-ascii = 909F95C6FD656A08
[17:35:15:347]18792:[DBG]:   :[0x18]->[0x00]
[17:35:15:347]18792:[DBG]:   :[0x01]->[0x39]
[17:35:15:347]18792:[DBG]:   :[0x02]->[0x30]
[17:35:15:347]18792:[DBG]:   :[0x03]->[0x39]
[17:35:15:347]18792:[DBG]:   :[0x04]->[0x46]
[17:35:15:347]18792:[DBG]:   :[0x05]->[0x39]
[17:35:15:363]18792:[DBG]:   :[0x06]->[0x35]
[17:35:15:363]18794:[DBG]:   :[0x07]->[0x43]
[17:35:15:363]18794:[DBG]:   :[0x08]->[0x36]
[17:35:15:363]18794:[DBG]:   :[0x09]->[0x46]
[17:35:15:379]18794:[DBG]:   :[0x0A]->[0x44]
[17:35:15:379]18794:[DBG]:   :[0x0B]->[0x36]
[17:35:15:379]18798:[DBG]:CMD:[0x0C]->[0x35]
[17:35:15:379]18798:[DBG]:   :[0x0D]->[0x36]
[17:35:15:394]18798:[DBG]:   :[0x0E]->[0x41]
[17:35:15:394]18798:[DBG]:   :[0x0F]->[0x30]
[17:35:15:394]18798:[DBG]:   :[0x10]->[0x38]
[17:35:15:394]18798:[DBG]:   :[0x11]->[0x00]
[17:35:15:410]18798:[DBG]:   :[0x12]->[0x00]
[17:35:15:410]18798:[DBG]:   :[0x13]->[0x00]
[17:35:15:410]18798:[DBG]:   :[0x14]->[0x00]
[17:35:15:410]18798:[DBG]:   :[0x15]->[0x00]
[17:35:15:426]18798:[DBG]:   :[0x16]->[0x00]
[17:35:15:426]18798:[DBG]:   :[0x17]->[0x00]
[17:35:15:426]18798:[DBG]:   :[0x18]->[0x00]
[17:35:15:426]18870:[DBG]:CMD:[0xCD]->[0x00]
[17:35:15:441]18870:[DBG]:   :[0x01]->[0x00]
[17:35:15:441]18870:[DBG]:   :[0x00]->[0x00]
[17:35:15:441]18870:[DBG]:   :[0x00]->[0x00]
[17:35:15:441]18870:[DBG]:   :[0x01]->[0x64]
[17:35:15:441]18870:[DBG]:   :[0x02]->[0x27]
[17:35:15:441]18870:[DBG]:   :[0x03]->[0x00]
[17:35:15:441]18870:[DBG]:   :[0x04]->[0x00]
[17:35:15:441]18870:[DBG]:   :[0x05]->[0x00]
[17:35:15:457]18882:[DBG]:CMD:[0xCE]->[0x00]
[17:35:15:457]18882:[DBG]:   :[0x01]->[0x00]
[17:35:15:457]18882:[DBG]:   :[0x00]->[0x00]
[17:35:15:457]18882:[DBG]:   :[0x01]->[0x00]
[17:35:15:472]18882:[DBG]:   :[0x10]->[0x00]
[17:35:15:472]18882:[DBG]:   :[0x01]->[0x43]
[17:35:15:472]18882:[DBG]:   :[0x02]->[0x44]
[17:35:15:472]18882:[DBG]:   :[0x03]->[0x4F]
[17:35:15:488]18882:[DBG]:   :[0x04]->[0x32]
[17:35:15:488]18882:[DBG]:   :[0x05]->[0x33]
[17:35:15:488]18882:[DBG]:   :[0x06]->[0x30]
[17:35:15:488]18882:[DBG]:   :[0x07]->[0x30]
[17:35:15:504]18882:[DBG]:   :[0x08]->[0x4B]
[17:35:15:504]18882:[DBG]:   :[0x09]->[0x00]
[17:35:15:504]18882:[DBG]:   :[0x0A]->[0x00]
[17:35:15:504]18882:[DBG]:   :[0x0B]->[0x00]
[17:35:15:504]18896:[DBG]:CMD:[0x0C]->[0x00]
[17:35:15:504]18896:[DBG]:   :[0x0D]->[0x00]
[17:35:15:504]18896:[DBG]:   :[0x0E]->[0x00]
[17:35:15:504]18896:[DBG]:   :[0x0F]->[0x00]
[17:35:15:519]18896:[DBG]:   :[0x10]->[0x00]
[17:35:15:519]18956:[DBG]:CMD:[0xCE]->[0x00]
[17:35:15:519]18956:[DBG]:   :[0x01]->[0x00]
[17:35:15:519]18956:[DBG]:   :[0x00]->[0x00]
[17:35:15:535]18956:[DBG]:   :[0x02]->[0x00]
[17:35:15:535]18956:[DBG]:STS:Iuchip-K get_sn_len=24 sn-ascii = 4C3A110AC269810A
[17:35:15:535]18956:[DBG]:   :[0x18]->[0x00]
[17:35:15:551]18956:[DBG]:   :[0x01]->[0x34]
[17:35:15:551]18956:[DBG]:   :[0x02]->[0x43]
[17:35:15:551]18956:[DBG]:   :[0x03]->[0x33]
[17:35:15:551]18956:[DBG]:   :[0x04]->[0x41]
[17:35:15:551]18956:[DBG]:   :[0x05]->[0x31]
[17:35:15:551]18956:[DBG]:   :[0x06]->[0x31]
[17:35:15:551]18956:[DBG]:   :[0x07]->[0x30]
[17:35:15:551]18956:[DBG]:   :[0x08]->[0x41]
[17:35:15:566]18956:[DBG]:   :[0x09]->[0x43]
[17:35:15:566]18956:[DBG]:   :[0x0A]->[0x32]
[17:35:15:566]18956:[DBG]:   :[0x0B]->[0x36]
[17:35:15:566]18966:[DBG]:CMD:[0x0C]->[0x39]
[17:35:15:597]18966:[DBG]:   :[0x0D]->[0x38]
[17:35:15:597]18966:[DBG]:   :[0x0E]->[0x31]
[17:35:15:597]18966:[DBG]:   :[0x0F]->[0x30]
[17:35:15:597]18966:[DBG]:   :[0x10]->[0x41]
[17:35:15:597]18966:[DBG]:   :[0x11]->[0x00]
[17:35:15:597]18966:[DBG]:   :[0x12]->[0x00]
[17:35:15:597]18966:[DBG]:   :[0x13]->[0x00]
[17:35:15:597]18966:[DBG]:   :[0x14]->[0x00]
[17:35:15:613]18966:[DBG]:   :[0x15]->[0x00]
[17:35:15:613]18966:[DBG]:   :[0x16]->[0x00]
[17:35:15:613]18966:[DBG]:   :[0x17]->[0x00]
[17:35:15:613]18966:[DBG]:   :[0x18]->[0x00]
[17:35:15:629]19012:[DBG]:CMD:[0xCD]->[0x00]
[17:35:15:629]19012:[DBG]:   :[0x01]->[0x00]
[17:35:15:629]19012:[DBG]:   :[0x00]->[0x00]
[17:35:15:629]19012:[DBG]:   :[0x01]->[0x00]
[17:35:15:644]19012:[DBG]:   :[0x01]->[0x4C]
[17:35:15:644]19012:[DBG]:   :[0x02]->[0x4B]
[17:35:15:644]19012:[DBG]:   :[0x03]->[0x00]
[17:35:15:644]19012:[DBG]:   :[0x04]->[0x00]
[17:35:15:644]19012:[DBG]:   :[0x05]->[0x00]
[17:35:15:644]19014:[DBG]:CMD:[0xCE]->[0x00]
[17:35:15:644]19014:[DBG]:   :[0x01]->[0x00]
[17:35:15:644]19014:[DBG]:   :[0x01]->[0x00]
[17:35:15:660]19014:[DBG]:   :[0x01]->[0x00]
[17:35:15:660]19014:[DBG]:   :[0x10]->[0x00]
[17:35:15:660]19014:[DBG]:   :[0x01]->[0x43]
[17:35:15:660]19014:[DBG]:   :[0x02]->[0x44]
[17:35:15:675]19014:[DBG]:   :[0x03]->[0x4F]
[17:35:15:675]19014:[DBG]:   :[0x04]->[0x32]
[17:35:15:675]19014:[DBG]:   :[0x05]->[0x33]
[17:35:15:675]19014:[DBG]:   :[0x06]->[0x30]
[17:35:15:691]19014:[DBG]:   :[0x07]->[0x30]
[17:35:15:691]19014:[DBG]:   :[0x08]->[0x59]
[17:35:15:691]19014:[DBG]:   :[0x09]->[0x00]
[17:35:15:691]19014:[DBG]:   :[0x0A]->[0x00]
[17:35:15:707]19014:[DBG]:   :[0x0B]->[0x00]
[17:35:15:707]19022:[DBG]:CMD:[0x0C]->[0x00]
[17:35:15:707]19022:[DBG]:   :[0x0D]->[0x00]
[17:35:15:707]19022:[DBG]:   :[0x0E]->[0x00]
[17:35:15:722]19022:[DBG]:   :[0x0F]->[0x00]
[17:35:15:722]19022:[DBG]:   :[0x10]->[0x00]
[17:35:15:722]19066:[DBG]:CMD:[0xCE]->[0x00]
[17:35:15:722]19066:[DBG]:   :[0x01]->[0x00]
[17:35:15:722]19066:[DBG]:   :[0x01]->[0x00]
[17:35:15:722]19066:[DBG]:   :[0x02]->[0x00]
[17:35:15:722]19066:[DBG]:STS:Iuchip-Y get_sn_len=24 sn-ascii = 4D5D1931E3E13FBE
[17:35:15:738]19066:[DBG]:   :[0x18]->[0x00]
[17:35:15:738]19066:[DBG]:   :[0x01]->[0x34]
[17:35:15:738]19066:[DBG]:   :[0x02]->[0x44]
[17:35:15:738]19066:[DBG]:   :[0x03]->[0x35]
[17:35:15:754]19066:[DBG]:   :[0x04]->[0x44]
[17:35:15:754]19066:[DBG]:   :[0x05]->[0x31]
[17:35:15:754]19066:[DBG]:   :[0x06]->[0x39]
[17:35:15:754]19066:[DBG]:   :[0x07]->[0x33]
[17:35:15:769]19066:[DBG]:   :[0x08]->[0x31]
[17:35:15:769]19066:[DBG]:   :[0x09]->[0x45]
[17:35:15:769]19066:[DBG]:   :[0x0A]->[0x33]
[17:35:15:769]19066:[DBG]:   :[0x0B]->[0x45]
[17:35:15:785]19086:[DBG]:CMD:[0x0C]->[0x31]
[17:35:15:785]19086:[DBG]:   :[0x0D]->[0x33]
[17:35:15:785]19086:[DBG]:   :[0x0E]->[0x46]
[17:35:15:785]19086:[DBG]:   :[0x0F]->[0x42]
[17:35:15:800]19086:[DBG]:   :[0x10]->[0x45]
[17:35:15:800]19086:[DBG]:   :[0x11]->[0x00]
[17:35:15:800]19086:[DBG]:   :[0x12]->[0x00]
[17:35:15:800]19086:[DBG]:   :[0x13]->[0x00]
[17:35:15:800]19086:[DBG]:   :[0x14]->[0x00]
[17:35:15:800]19086:[DBG]:   :[0x15]->[0x00]
[17:35:15:800]19086:[DBG]:   :[0x16]->[0x00]
[17:35:15:800]19086:[DBG]:   :[0x17]->[0x00]
[17:35:15:816]19086:[DBG]:   :[0x18]->[0x00]
[17:35:15:816]19134:[DBG]:CMD:[0xCD]->[0x00]
[17:35:15:816]19134:[DBG]:   :[0x01]->[0x00]
[17:35:15:816]19134:[DBG]:   :[0x00]->[0x00]
[17:35:15:832]19134:[DBG]:   :[0x02]->[0x00]
[17:35:15:832]19134:[DBG]:   :[0x01]->[0x02]
[17:35:15:832]19134:[DBG]:   :[0x02]->[0x4A]
[17:35:15:832]19134:[DBG]:   :[0x03]->[0x00]
[17:35:15:847]19134:[DBG]:   :[0x04]->[0x00]
[17:35:15:847]19134:[DBG]:   :[0x05]->[0x00]
[17:35:15:847]19154:[DBG]:CMD:[0xCE]->[0x00]
[17:35:15:847]19154:[DBG]:   :[0x01]->[0x00]
[17:35:15:863]19154:[DBG]:   :[0x02]->[0x00]
[17:35:15:863]19154:[DBG]:   :[0x01]->[0x00]
[17:35:15:863]19154:[DBG]:   :[0x10]->[0x00]
[17:35:15:863]19154:[DBG]:   :[0x01]->[0x43]
[17:35:15:863]19154:[DBG]:   :[0x02]->[0x44]
[17:35:15:863]19154:[DBG]:   :[0x03]->[0x4F]
[17:35:15:863]19154:[DBG]:   :[0x04]->[0x32]
[17:35:15:863]19154:[DBG]:   :[0x05]->[0x33]
[17:35:15:879]19154:[DBG]:   :[0x06]->[0x30]
[17:35:15:879]19154:[DBG]:   :[0x07]->[0x30]
[17:35:15:879]19154:[DBG]:   :[0x08]->[0x4D]
[17:35:15:879]19154:[DBG]:   :[0x09]->[0x00]
[17:35:15:894]19154:[DBG]:   :[0x0A]->[0x00]
[17:35:15:894]19154:[DBG]:   :[0x0B]->[0x00]
[17:35:15:894]19162:[DBG]:CMD:[0x0C]->[0x00]
[17:35:15:894]19162:[DBG]:   :[0x0D]->[0x00]
[17:35:15:910]19162:[DBG]:   :[0x0E]->[0x00]
[17:35:15:910]19162:[DBG]:   :[0x0F]->[0x00]
[17:35:15:910]19162:[DBG]:   :[0x10]->[0x00]
[17:35:15:910]19218:[DBG]:CMD:[0xCE]->[0x00]
[17:35:15:925]19218:[DBG]:   :[0x01]->[0x00]
[17:35:15:925]19218:[DBG]:   :[0x02]->[0x00]
[17:35:15:925]19218:[DBG]:   :[0x02]->[0x00]
[17:35:15:941]19218:[DBG]:STS:Iuchip-M get_sn_len=24 sn-ascii = 8BB2B554792C7631
[17:35:15:941]19218:[DBG]:   :[0x18]->[0x00]
[17:35:15:941]19218:[DBG]:   :[0x01]->[0x38]
[17:35:15:941]19218:[DBG]:   :[0x02]->[0x42]
[17:35:15:941]19218:[DBG]:   :[0x03]->[0x42]
[17:35:15:941]19218:[DBG]:   :[0x04]->[0x32]
[17:35:15:941]19218:[DBG]:   :[0x05]->[0x42]
[17:35:15:941]19218:[DBG]:   :[0x06]->[0x35]
[17:35:15:957]19218:[DBG]:   :[0x07]->[0x35]
[17:35:15:957]19218:[DBG]:   :[0x08]->[0x34]
[17:35:15:957]19218:[DBG]:   :[0x09]->[0x37]
[17:35:15:957]19218:[DBG]:   :[0x0A]->[0x39]
[17:35:15:972]19218:[DBG]:   :[0x0B]->[0x32]
[17:35:15:972]19236:[DBG]:CMD:[0x0C]->[0x43]
[17:35:15:972]19236:[DBG]:   :[0x0D]->[0x37]
[17:35:15:972]19236:[DBG]:   :[0x0E]->[0x36]
[17:35:15:988]19236:[DBG]:   :[0x0F]->[0x33]
[17:35:15:988]19236:[DBG]:   :[0x10]->[0x31]
[17:35:15:988]19236:[DBG]:   :[0x11]->[0x00]
[17:35:15:988]19236:[DBG]:   :[0x12]->[0x00]
[17:35:16:004]19236:[DBG]:   :[0x13]->[0x00]
[17:35:16:004]19236:[DBG]:   :[0x14]->[0x00]
[17:35:16:004]19236:[DBG]:   :[0x15]->[0x00]
[17:35:16:004]19236:[DBG]:   :[0x16]->[0x00]
[17:35:16:019]19236:[DBG]:   :[0x17]->[0x00]
[17:35:16:019]19236:[DBG]:   :[0x18]->[0x00]
[17:35:16:019]19276:[DBG]:CMD:[0xCD]->[0x00]
[17:35:16:019]19276:[DBG]:   :[0x01]->[0x00]
[17:35:16:019]19276:[DBG]:   :[0x00]->[0x00]
[17:35:16:019]19276:[DBG]:   :[0x03]->[0x00]
[17:35:16:019]19276:[DBG]:   :[0x01]->[0x4D]
[17:35:16:019]19276:[DBG]:   :[0x02]->[0x4B]
[17:35:16:035]19276:[DBG]:   :[0x03]->[0x00]
[17:35:16:035]19276:[DBG]:   :[0x04]->[0x00]
[17:35:16:035]19276:[DBG]:   :[0x05]->[0x00]
[17:35:16:035]19298:[DBG]:CMD:[0xCE]->[0x00]
[17:35:16:050]19298:[DBG]:   :[0x01]->[0x00]
[17:35:16:050]19298:[DBG]:   :[0x03]->[0x00]
[17:35:16:050]19298:[DBG]:   :[0x01]->[0x00]
[17:35:16:050]19298:[DBG]:   :[0x10]->[0x00]
[17:35:16:066]19298:[DBG]:   :[0x01]->[0x43]
[17:35:16:066]19298:[DBG]:   :[0x02]->[0x44]
[17:35:16:066]19298:[DBG]:   :[0x03]->[0x4F]
[17:35:16:066]19298:[DBG]:   :[0x04]->[0x32]
[17:35:16:082]19298:[DBG]:   :[0x05]->[0x33]
[17:35:16:082]19298:[DBG]:   :[0x06]->[0x30]
[17:35:16:082]19298:[DBG]:   :[0x07]->[0x30]
[17:35:16:082]19298:[DBG]:   :[0x08]->[0x43]
[17:35:16:097]19298:[DBG]:   :[0x09]->[0x00]
[17:35:16:097]19298:[DBG]:   :[0x0A]->[0x00]
[17:35:16:097]19298:[DBG]:   :[0x0B]->[0x00]
[17:35:16:097]19320:[DBG]:CMD:[0x0C]->[0x00]
[17:35:16:113]19320:[DBG]:   :[0x0D]->[0x00]
[17:35:16:113]19320:[DBG]:   :[0x0E]->[0x00]
[17:35:16:113]19320:[DBG]:   :[0x0F]->[0x00]
[17:35:16:113]19320:[DBG]:   :[0x10]->[0x00]
[17:35:16:129]19366:[DBG]:CMD:[0xCE]->[0x00]
[17:35:16:129]19366:[DBG]:   :[0x01]->[0x00]
[17:35:16:129]19366:[DBG]:   :[0x03]->[0x00]
[17:35:16:129]19366:[DBG]:   :[0x02]->[0x00]
[17:35:16:129]19366:[DBG]:STS:Iuchip-C get_sn_len=24 sn-ascii = 51F0C3F1307AD768
[17:35:16:129]19366:[DBG]:   :[0x18]->[0x00]
[17:35:16:129]19366:[DBG]:   :[0x01]->[0x35]
[17:35:16:144]19366:[DBG]:   :[0x02]->[0x31]
[17:35:16:144]19366:[DBG]:   :[0x03]->[0x46]
[17:35:16:144]19366:[DBG]:   :[0x04]->[0x30]
[17:35:16:144]19366:[DBG]:   :[0x05]->[0x43]
[17:35:16:144]19366:[DBG]:   :[0x06]->[0x33]
[17:35:16:144]19366:[DBG]:   :[0x07]->[0x46]
[17:35:16:144]19366:[DBG]:   :[0x08]->[0x31]
[17:35:16:144]19368:[DBG]:   :[0x09]->[0x33]
[17:35:16:160]19368:[DBG]:   :[0x0A]->[0x30]
[17:35:16:160]19368:[DBG]:   :[0x0B]->[0x37]
[17:35:16:160]19372:[DBG]:CMD:[0x0C]->[0x41]
[17:35:16:160]19372:[DBG]:   :[0x0D]->[0x44]
[17:35:16:175]19372:[DBG]:   :[0x0E]->[0x37]
[17:35:16:175]19372:[DBG]:   :[0x0F]->[0x36]
[17:35:16:175]19372:[DBG]:   :[0x10]->[0x38]
[17:35:16:175]19372:[DBG]:   :[0x11]->[0x00]
[17:35:16:191]19372:[DBG]:   :[0x12]->[0x00]
[17:35:16:191]19372:[DBG]:   :[0x13]->[0x00]
[17:35:16:191]19372:[DBG]:   :[0x14]->[0x00]
[17:35:16:191]19372:[DBG]:   :[0x15]->[0x00]
[17:35:16:207]19372:[DBG]:   :[0x16]->[0x00]
[17:35:16:207]19372:[DBG]:   :[0x17]->[0x00]
[17:35:16:207]19372:[DBG]:   :[0x18]->[0x00]
[17:35:16:207]19426:[DBG]:CMD:[0x20]->[0x0F]
[17:35:16:238]19526:[DBG]:CMD:[0x21]->[0x02]
[17:35:16:238]19526:[DBG]:CMD:[0x22]->[0x05]
[17:35:16:238]19528:[DBG]:CMD:[0x23]->[0x01]
[17:35:16:238]19528:[DBG]:CMD:[0x25]->[0x04]
[17:35:16:238]19530:[DBG]:CMD:[0x26]->[0x2E]
[17:35:16:238]19532:[DBG]:CMD:[0x27]->[0x02]
[17:35:16:238]19532:[DBG]:CMD:[0x28]->[0x05]
[17:35:16:238]19836:[DBG]:CMD:[0x37]->[0x00]
[17:35:16:269]19838:[DBG]:CMD:[0x01]->[0x00]
[17:35:16:269]19840:[DBG]:CMD:[0x20]->[0x00]
[17:35:16:348]20148:[DBG]:CMD:[0x37]->[0x00]
[17:35:16:348]20148:[DBG]:CMD:[0x01]->[0x00]
[17:35:16:348]20150:[DBG]:CMD:[0x20]->[0x00]
[17:35:16:645]20450:[DBG]:CMD:[0x37]->[0x00]
[17:35:16:645]20452:[DBG]:CMD:[0x01]->[0x00]
[17:35:16:645]20452:[DBG]:CMD:[0x20]->[0x00]
[17:35:16:957]20754:[DBG]:CMD:[0x37]->[0x00]
[17:35:16:957]20754:[DBG]:CMD:[0x01]->[0x00]
[17:35:16:957]20756:[DBG]:CMD:[0x20]->[0x00]
[17:35:17:254]21060:[DBG]:CMD:[0x37]->[0x00]
[17:35:17:254]21060:[DBG]:CMD:[0x01]->[0x00]
[17:35:17:254]21062:[DBG]:CMD:[0x20]->[0x00]
[17:35:17:551]21362:[DBG]:CMD:[0x37]->[0x00]
[17:35:17:551]21364:[DBG]:CMD:[0x01]->[0x00]
[17:35:17:551]21364:[DBG]:CMD:[0x20]->[0x00]
[17:35:17:863]21666:[DBG]:CMD:[0x37]->[0x00]
[17:35:17:863]21666:[DBG]:CMD:[0x01]->[0x00]
[17:35:17:863]21668:[DBG]:CMD:[0x20]->[0x00]
[17:35:18:160]21968:[DBG]:CMD:[0x37]->[0x00]
[17:35:18:160]21970:[DBG]:CMD:[0x01]->[0x00]
[17:35:18:160]21970:[DBG]:CMD:[0x20]->[0x00]
[17:35:18:472]22272:[DBG]:CMD:[0x37]->[0x00]
[17:35:18:472]22272:[DBG]:CMD:[0x01]->[0x00]
[17:35:18:472]22274:[DBG]:CMD:[0x20]->[0x00]
[17:35:18:769]22576:[DBG]:CMD:[0x37]->[0x00]
[17:35:18:769]22576:[DBG]:CMD:[0x01]->[0x00]
[17:35:18:769]22578:[DBG]:CMD:[0x20]->[0x00]
[17:35:18:925]22754:[DBG]:CMD:[0xCD]->[0x00]
[17:35:18:925]22754:[DBG]:   :[0x00]->[0x00]
[17:35:18:925]22754:[DBG]:   :[0x02]->[0x00]
[17:35:18:925]22754:[DBG]:   :[0x00]->[0x00]
[17:35:18:941]22754:[DBG]:   :[0x01]->[0x18]
[17:35:18:941]22754:[DBG]:   :[0x02]->[0x75]
[17:35:18:941]22754:[DBG]:   :[0x03]->[0x00]
[17:35:18:941]22754:[DBG]:   :[0x04]->[0x00]
[17:35:18:941]22754:[DBG]:   :[0x05]->[0x00]
[17:35:18:941]22756:[DBG]:CMD:[0xCD]->[0x00]
[17:35:18:941]22756:[DBG]:   :[0x00]->[0x00]
[17:35:18:941]22756:[DBG]:   :[0x02]->[0x00]
[17:35:18:956]22756:[DBG]:   :[0x01]->[0x00]
[17:35:18:956]22756:[DBG]:   :[0x01]->[0x60]
[17:35:18:956]22756:[DBG]:   :[0x02]->[0x5D]
[17:35:18:956]22756:[DBG]:   :[0x03]->[0x00]
[17:35:18:972]22756:[DBG]:   :[0x04]->[0x00]
[17:35:18:972]22756:[DBG]:   :[0x05]->[0x00]
[17:35:18:972]22756:[DBG]:CMD:[0xCD]->[0x00]
[17:35:18:972]22756:[DBG]:   :[0x00]->[0x00]
[17:35:18:988]22756:[DBG]:   :[0x02]->[0x00]
[17:35:18:988]22756:[DBG]:   :[0x02]->[0x00]
[17:35:18:988]22756:[DBG]:   :[0x01]->[0x60]
[17:35:18:988]22756:[DBG]:   :[0x02]->[0x5D]
[17:35:19:003]22756:[DBG]:   :[0x03]->[0x00]
[17:35:19:003]22756:[DBG]:   :[0x04]->[0x00]
[17:35:19:003]22756:[DBG]:   :[0x05]->[0x00]
[17:35:19:003]22760:[DBG]:CMD:[0xCD]->[0x00]
[17:35:19:019]22760:[DBG]:   :[0x00]->[0x00]
[17:35:19:019]22760:[DBG]:   :[0x02]->[0x00]
[17:35:19:019]22760:[DBG]:   :[0x03]->[0x00]
[17:35:19:019]22760:[DBG]:   :[0x01]->[0x60]
[17:35:19:019]22760:[DBG]:   :[0x02]->[0x5D]
[17:35:19:019]22760:[DBG]:   :[0x03]->[0x00]
[17:35:19:019]22760:[DBG]:   :[0x04]->[0x00]
[17:35:19:034]22760:[:   :[0x05]->[0x00]
[17:35:19:034]22760:[DBG]:CMD:[0xCD]->[0x00]
[17:35:19:034]22760:[DBG]:   :[0x01]->[0x00]
[17:35:19:034]22760:[DBG]:   :[0x02]->[0x00]
[17:35:19:034]22760:[DBG]:   :[0x00]->[0x00]
[17:35:19:050]22760:[DBG]:   :[0x01]->[0x60]
[17:35:19:050]22760:[DBG]:   :[0x02]->[0x54]
[17:35:19:050]22760:[DBG]:   :[0x03]->[0x03]
[17:35:19:050]22760:[DBG]:   :[0x04]->[0x00]
[17:35:19:066]22760:[DBG]:   :[0x05]->[0x00]
[17:35:19:066]22762:[DBG]:CMD:[0xCD]->[0x00]
[17:35:19:066]22762:[DBG]:   :[0x01]->[0x00]
[17:35:19:066]22762:[DBG]:   :[0x02]->[0x00]
[17:35:19:081]22762:[DBG]:   :[0x01]->[0x00]
[17:35:19:081]22762:[DBG]:   :[0x01]->[0x60]
[17:35:19:081]22762:[DBG]:   :[0x02]->[0x54]
[17:35:19:081]22762:[DBG]:   :[0x03]->[0x03]
[17:35:19:097]22762:[DBG]:   :[0x04]->[0x00]
[17:35:19:097]22762:[DBG]:   :[0x05]->[0x00]
[17:35:19:097]22762:[DBG]:CMD:[0xCD]->[0x00]
[17:35:19:097]22762:[DBG]:   :[0x01]->[0x00]
[17:35:19:097]22762:[DBG]:   :[0x02]->[0x00]
[17:35:19:097]22762:[DBG]:   :[0x02]->[0x00]
[17:35:19:097]22762:[DBG]:   :[0x01]->[0x60]
[17:35:19:097]22762:[DBG]:   :[0x02]->[0x54]
[17:35:19:113]22762:[DBG]:   :[0x03]->[0x03]
[17:35:19:113]22762:[DBG]:   :[0x04]->[0x00]
[17:35:19:113]22762:[DBG]:   :[0x05]->[0x00]
[17:35:19:113]22764:[DBG]:CMD:[0xCD]->[0x00]
[17:35:19:128]22764:[DBG]:   :[0x01]->[0x00]
[17:35:19:128]22764:[DBG]:   :[0x02]->[0x00]
[17:35:19:128]22764:[DBG]:   :[0x03]->[0x00]
[17:35:19:128]22764:[DBG]:   :[0x01]->[0x60]
[17:35:19:144]22764:[DBG]:   :[0x02]->[0x54]
[17:35:19:144]22764:[DBG]:   :[0x03]->[0x03]
[17:35:19:144]22764:[DBG]:   :[0x04]->[0x00]
[17:35:19:144]22764:[DBG]:   :[0x05]->[0x00]
[17:35:19:175]22880:[DBG]:CMD:[0x37]->[0x00]
[17:35:19:175]22880:[DBG]:CMD:[0x01]->[0x00]
[17:35:19:175]22882:[DBG]:CMD:[0x20]->[0x00]
[17:35:19:378]23184:[DBG]:CMD:[0x37]->[0x00]
[17:35:19:378]23184:[DBG]:CMD:[0x01]->[0x00]
[17:35:19:378]23184:[DBG]:CMD:[0x20]->[0x00]
[17:35:19:675]23486:[DBG]:CMD:[0x37]->[0x00]
[17:35:19:675]23488:[DBG]:CMD:[0x01]->[0x00]
[17:35:19:675]23488:[DBG]:CMD:[0x20]->[0x00]
[17:35:19:988]23790:[DBG]:CMD:[0x37]->[0x00]
[17:35:19:988]23790:[DBG]:CMD:[0x01]->[0x00]
[17:35:19:988]23792:[DBG]:CMD:[0x20]->[0x00]
[17:35:20:284]24092:[DBG]:CMD:[0x37]->[0x00]
[17:35:20:284]24094:[DBG]:CMD:[0x01]->[0x00]
[17:35:20:284]24096:[DBG]:CMD:[0x20]->[0x00]
[17:35:20:597]24398:[DBG]:CMD:[0x37]->[0x00]
[17:35:20:597]24398:[DBG]:CMD:[0x01]->[0x00]
[17:35:20:597]24400:[DBG]:CMD:[0x20]->[0x00]
[17:35:20:893]24700:[DBG]:CMD:[0x37]->[0x00]
[17:35:20:893]24702:[DBG]:CMD:[0x01]->[0x00]
[17:35:20:893]24702:[DBG]:CMD:[0x20]->[0x00]
[17:35:21:190]25004:[DBG]:CMD:[0x37]->[0x00]
[17:35:21:190]25004:[DBG]:CMD:[0x01]->[0x00]
[17:35:21:190]25006:[DBG]:CMD:[0x20]->[0x00]
[17:35:21:503]25306:[DBG]:CMD:[0x37]->[0x00]
[17:35:21:503]25308:[DBG]:CMD:[0x01]->[0x00]
[17:35:21:503]25308:[DBG]:CMD:[0x20]->[0x00]
[17:35:21:815]25610:[DBG]:CMD:[0x37]->[0x00]
[17:35:21:815]25610:[DBG]:CMD:[0x01]->[0x00]
[17:35:21:815]25612:[DBG]:CMD:[0x20]->[0x00]
[17:35:22:112]25912:[DBG]:CMD:[0x37]->[0x00]
[17:35:22:112]25912:[DBG]:CMD:[0x01]->[0x00]
[17:35:22:112]25914:[DBG]:CMD:[0x20]->[0x00]
[17:35:22:409]26216:[DBG]:CMD:[0x37]->[0x00]
[17:35:22:409]26218:[DBG]:CMD:[0x01]->[0x00]
[17:35:22:409]26220:[DBG]:CMD:[0x20]->[0x00]
[17:35:22:706]26522:[DBG]:CMD:[0x37]->[0x00]
[17:35:22:706]26522:[DBG]:CMD:[0x01]->[0x00]
[17:35:22:706]26524:[DBG]:CMD:[0x20]->[0x00]
[17:35:23:018]26824:[DBG]:CMD:[0x37]->[0x00]
[17:35:23:018]26826:[DBG]:CMD:[0x01]->[0x00]
[17:35:23:018]26826:[DBG]:CMD:[0x20]->[0x00]
[17:35:23:315]27128:[DBG]:CMD:[0x37]->[0x00]
[17:35:23:315]27128:[DBG]:CMD:[0x01]->[0x00]
[17:35:23:315]27130:[DBG]:CMD:[0x20]->[0x00]
[17:35:23:627]27432:[DBG]:CMD:[0x37]->[0x00]
[17:35:23:627]27432:[DBG]:CMD:[0x01]->[0x00]
[17:35:23:627]27432:[DBG]:CMD:[0x20]->[0x00]
[17:35:23:924]27734:[DBG]:CMD:[0x37]->[0x00]
[17:35:23:924]27736:[DBG]:CMD:[0x01]->[0x00]
[17:35:23:924]27736:[DBG]:CMD:[0x20]->[0x00]
[17:35:24:221]28038:[DBG]:CMD:[0x37]->[0x00]
[17:35:24:221]28038:[DBG]:CMD:[0x01]->[0x00]
[17:35:24:221]28040:[DBG]:CMD:[0x20]->[0x00]
[17:35:24:534]28342:[DBG]:CMD:[0x37]->[0x00]
[17:35:24:534]28342:[DBG]:CMD:[0x01]->[0x00]
[17:35:24:534]28342:[DBG]:CMD:[0x20]->[0x00]
[17:35:24:830]28644:[DBG]:CMD:[0x37]->[0x00]
[17:35:24:830]28646:[DBG]:CMD:[0x01]->[0x00]
[17:35:24:830]28646:[DBG]:CMD:[0x20]->[0x00]
[17:35:25:142]28948:[DBG]:CMD:[0x37]->[0x00]
[17:35:25:142]28948:[DBG]:CMD:[0x01]->[0x00]
[17:35:25:142]28950:[DBG]:CMD:[0x20]->[0x00]
[17:35:25:439]29252:[DBG]:CMD:[0x37]->[0x00]
[17:35:25:439]29252:[DBG]:CMD:[0x01]->[0x00]
[17:35:25:439]29254:[DBG]:CMD:[0x20]->[0x00]
[17:35:25:736]29554:[DBG]:CMD:[0x37]->[0x00]
[17:35:25:736]29556:[DBG]:CMD:[0x01]->[0x00]
[17:35:25:736]29556:[DBG]:CMD:[0x20]->[0x00]
[17:35:26:049]29860:[DBG]:CMD:[0x37]->[0x00]
[17:35:26:049]29860:[DBG]:CMD:[0x01]->[0x00]
[17:35:26:049]29862:[DBG]:CMD:[0x20]->[0x00]
[17:35:26:346]30162:[DBG]:CMD:[0x37]->[0x00]
[17:35:26:346]30164:[DBG]:CMD:[0x01]->[0x00]
[17:35:26:346]30164:[DBG]:CMD:[0x20]->[0x00]
[17:35:26:658]30466:[DBG]:CMD:[0x37]->[0x00]
[17:35:26:658]30466:[DBG]:CMD:[0x01]->[0x00]
[17:35:26:658]30468:[DBG]:CMD:[0x20]->[0x00]
[17:35:26:955]30768:[DBG]:CMD:[0x37]->[0x00]
[17:35:26:955]30770:[DBG]:CMD:[0x01]->[0x00]
[17:35:26:955]30770:[DBG]:CMD:[0x20]->[0x00]
[17:35:27:251]31072:[DBG]:CMD:[0x37]->[0x00]
[17:35:27:251]31072:[DBG]:CMD:[0x01]->[0x00]
[17:35:27:251]31074:[DBG]:CMD:[0x20]->[0x00]
[17:35:27:564]31376:[DBG]:CMD:[0x37]->[0x00]
[17:35:27:564]31376:[DBG]:CMD:[0x01]->[0x00]
[17:35:27:564]31376:[DBG]:CMD:[0x20]->[0x00]
[17:35:27:861]31678:[DBG]:CMD:[0x37]->[0x00]
[17:35:27:861]31678:[DBG]:CMD:[0x01]->[0x00]
[17:35:27:861]31680:[DBG]:CMD:[0x20]->[0x00]
[17:35:28:173]31982:[DBG]:CMD:[0x37]->[0x00]
[17:35:28:173]31982:[DBG]:CMD:[0x01]->[0x00]
[17:35:28:173]31982:[DBG]:CMD:[0x20]->[0x00]
[17:35:28:470]32284:[DBG]:CMD:[0x37]->[0x00]
[17:35:28:470]32286:[DBG]:CMD:[0x01]->[0x00]
[17:35:28:470]32286:[DBG]:CMD:[0x20]->[0x00]
[17:35:28:767]32588:[DBG]:CMD:[0x37]->[0x00]
[17:35:28:767]32588:[DBG]:CMD:[0x01]->[0x00]
[17:35:28:767]32590:[DBG]:CMD:[0x20]->[0x00]
[17:35:29:079]32890:[DBG]:CMD:[0x37]->[0x00]
[17:35:29:079]32892:[DBG]:CMD:[0x01]->[0x00]
[17:35:29:079]32892:[DBG]:CMD:[0x20]->[0x00]
[17:35:29:376]33194:[DBG]:CMD:[0x37]->[0x00]
[17:35:29:376]33194:[DBG]:CMD:[0x01]->[0x00]
[17:35:29:376]33196:[DBG]:CMD:[0x20]->[0x00]
[17:35:29:673]33498:[DBG]:CMD:[0x37]->[0x00]
[17:35:29:673]33498:[DBG]:CMD:[0x01]->[0x00]
[17:35:29:673]33498:[DBG]:CMD:[0x20]->[0x00]
[17:35:29:985]33800:[DBG]:CMD:[0x37]->[0x00]
[17:35:29:985]33802:[DBG]:CMD:[0x01]->[0x00]
[17:35:29:985]33802:[DBG]:CMD:[0x20]->[0x00]
[17:35:30:282]34104:[DBG]:CMD:[0x37]->[0x00]
[17:35:30:282]34104:[DBG]:CMD:[0x01]->[0x00]
[17:35:30:282]34106:[DBG]:CMD:[0x20]->[0x00]
[17:35:30:595]34406:[DBG]:CMD:[0x37]->[0x00]
[17:35:30:595]34406:[DBG]:CMD:[0x01]->[0x00]
[17:35:30:595]34408:[DBG]:CMD:[0x20]->[0x00]
[17:35:30:891]34710:[DBG]:CMD:[0x37]->[0x00]
[17:35:30:891]34710:[DBG]:CMD:[0x01]->[0x00]
[17:35:30:891]34712:[DBG]:CMD:[0x20]->[0x00]
[17:35:31:204]35012:[DBG]:CMD:[0x37]->[0x00]
[17:35:31:204]35014:[DBG]:CMD:[0x01]->[0x00]
[17:35:31:204]35014:[DBG]:CMD:[0x20]->[0x00]
[17:35:31:501]35318:[DBG]:CMD:[0x37]->[0x00]
[17:35:31:501]35320:[DBG]:CMD:[0x01]->[0x00]
[17:35:31:501]35322:[DBG]:CMD:[0x20]->[0x00]
[17:35:31:797]35622:[DBG]:CMD:[0x37]->[0x00]
[17:35:31:797]35624:[DBG]:CMD:[0x01]->[0x00]
[17:35:31:797]35624:[DBG]:CMD:[0x20]->[0x00]
[17:35:32:110]35926:[DBG]:CMD:[0x37]->[0x00]
[17:35:32:110]35926:[DBG]:CMD:[0x01]->[0x00]
[17:35:32:110]35928:[DBG]:CMD:[0x20]->[0x00]
[17:35:32:407]36228:[DBG]:CMD:[0x37]->[0x00]
[17:35:32:407]36230:[DBG]:CMD:[0x01]->[0x00]
[17:35:32:407]36230:[DBG]:CMD:[0x20]->[0x00]
[17:35:32:719]36532:[DBG]:CMD:[0x37]->[0x00]
[17:35:32:719]36532:[DBG]:CMD:[0x01]->[0x00]
[17:35:32:719]36534:[DBG]:CMD:[0x20]->[0x00]
[17:35:33:016]36834:[DBG]:CMD:[0x37]->[0x00]
[17:35:33:016]36836:[DBG]:CMD:[0x01]->[0x00]
[17:35:33:016]36836:[DBG]:CMD:[0x20]->[0x00]
[17:35:33:313]37138:[DBG]:CMD:[0x37]->[0x00]
[17:35:33:313]37138:[DBG]:CMD:[0x01]->[0x00]
[17:35:33:313]37140:[DBG]:CMD:[0x20]->[0x00]
[17:35:33:640]37442:[DBG]:CMD:[0x37]->[0x00]
[17:35:33:640]37442:[DBG]:CMD:[0x01]->[0x00]
[17:35:33:640]37444:[DBG]:CMD:[0x20]->[0x00]
[17:35:33:922]37744:[DBG]:CMD:[0x37]->[0x00]
[17:35:33:922]37746:[DBG]:CMD:[0x01]->[0x00]
[17:35:33:922]37746:[DBG]:CMD:[0x20]->[0x00]
[17:35:34:234]38048:[DBG]:CMD:[0x37]->[0x00]
[17:35:34:234]38048:[DBG]:CMD:[0x01]->[0x00]
[17:35:34:234]38050:[DBG]:CMD:[0x20]->[0x00]
[17:35:34:531]38352:[DBG]:CMD:[0x37]->[0x00]
[17:35:34:531]38352:[DBG]:CMD:[0x01]->[0x00]
[17:35:34:531]38354:[DBG]:CMD:[0x20]->[0x00]
[17:35:34:828]38654:[DBG]:CMD:[0x37]->[0x00]
[17:35:34:828]38656:[DBG]:CMD:[0x01]->[0x00]
[17:35:34:828]38656:[DBG]:CMD:[0x20]->[0x00]
[17:35:35:140]38960:[DBG]:CMD:[0x37]->[0x00]
[17:35:35:140]38960:[DBG]:CMD:[0x01]->[0x00]
[17:35:35:140]38962:[DBG]:CMD:[0x20]->[0x00]
[17:35:35:437]39262:[DBG]:CMD:[0x37]->[0x00]
[17:35:35:437]39264:[DBG]:CMD:[0x01]->[0x00]
[17:35:35:437]39264:[DBG]:CMD:[0x20]->[0x00]
[17:35:35:750]39566:[DBG]:CMD:[0x37]->[0x00]
[17:35:35:750]39566:[DBG]:CMD:[0x01]->[0x00]
[17:35:35:750]39568:[DBG]:CMD:[0x20]->[0x00]
[17:35:36:047]39870:[DBG]:CMD:[0x37]->[0x00]
[17:35:36:047]39870:[DBG]:CMD:[0x01]->[0x00]
[17:35:36:047]39872:[DBG]:CMD:[0x20]->[0x00]
[17:35:36:344]40172:[DBG]:CMD:[0x37]->[0x00]
[17:35:36:344]40174:[DBG]:CMD:[0x01]->[0x00]
[17:35:36:344]40174:[DBG]:CMD:[0x20]->[0x00]
[17:35:36:656]40476:[DBG]:CMD:[0x37]->[0x00]
[17:35:36:656]40476:[DBG]:CMD:[0x01]->[0x00]
[17:35:36:656]40478:[DBG]:CMD:[0x20]->[0x00]
[17:35:36:953]40780:[DBG]:CMD:[0x37]->[0x00]
[17:35:36:953]40780:[DBG]:CMD:[0x01]->[0x00]
[17:35:36:953]40782:[DBG]:CMD:[0x20]->[0x00]
[17:35:37:265]41082:[DBG]:CMD:[0x37]->[0x00]
[17:35:37:265]41084:[DBG]:CMD:[0x01]->[0x00]
[17:35:37:265]41084:[DBG]:CMD:[0x20]->[0x00]
[17:35:37:562]41386:[DBG]:CMD:[0x37]->[0x00]
[17:35:37:562]41386:[DBG]:CMD:[0x01]->[0x00]
[17:35:37:562]41388:[DBG]:CMD:[0x20]->[0x00]
[17:35:37:859]41690:[DBG]:CMD:[0x37]->[0x00]
[17:35:37:859]41690:[DBG]:CMD:[0x01]->[0x00]
[17:35:37:859]41692:[DBG]:CMD:[0x20]->[0x00]
[17:35:38:172]41994:[DBG]:CMD:[0x37]->[0x00]
[17:35:38:172]41994:[DBG]:CMD:[0x01]->[0x00]
[17:35:38:172]41994:[DBG]:CMD:[0x20]->[0x00]
[17:35:38:468]42296:[DBG]:CMD:[0x37]->[0x00]
[17:35:38:468]42298:[DBG]:CMD:[0x01]->[0x00]
[17:35:38:468]42298:[DBG]:CMD:[0x20]->[0x00]
[17:35:38:781]42600:[DBG]:CMD:[0x37]->[0x00]
[17:35:38:781]42600:[DBG]:CMD:[0x01]->[0x00]
[17:35:38:781]42602:[DBG]:CMD:[0x20]->[0x00]
[17:35:39:077]42904:[DBG]:CMD:[0x37]->[0x00]
[17:35:39:077]42904:[DBG]:CMD:[0x01]->[0x00]
[17:35:39:077]42904:[DBG]:CMD:[0x20]->[0x00]
[17:35:39:390]43206:[DBG]:CMD:[0x37]->[0x00]
[17:35:39:390]43208:[DBG]:CMD:[0x01]->[0x00]
[17:35:39:390]43208:[DBG]:CMD:[0x20]->[0x00]
[17:35:39:686]43510:[DBG]:CMD:[0x37]->[0x00]
[17:35:39:686]43510:[DBG]:CMD:[0x01]->[0x00]
[17:35:39:686]43512:[DBG]:CMD:[0x20]->[0x00]
[17:35:39:999]43814:[DBG]:CMD:[0x37]->[0x00]
[17:35:39:999]43814:[DBG]:CMD:[0x01]->[0x00]
[17:35:39:999]43816:[DBG]:CMD:[0x20]->[0x00]
[17:35:40:296]44118:[DBG]:CMD:[0x37]->[0x00]
[17:35:40:296]44120:[DBG]:CMD:[0x01]->[0x00]
[17:35:40:296]44122:[DBG]:CMD:[0x20]->[0x00]
[17:35:40:593]44422:[DBG]:CMD:[0x37]->[0x00]
[17:35:40:593]44422:[DBG]:CMD:[0x01]->[0x00]
[17:35:40:593]44424:[DBG]:CMD:[0x20]->[0x00]
[17:35:40:905]44726:[DBG]:CMD:[0x37]->[0x00]
[17:35:40:905]44726:[DBG]:CMD:[0x01]->[0x00]
[17:35:40:905]44728:[DBG]:CMD:[0x20]->[0x00]
[17:35:41:202]45030:[DBG]:CMD:[0x37]->[0x00]
[17:35:41:202]45030:[DBG]:CMD:[0x01]->[0x00]
[17:35:41:202]45030:[DBG]:CMD:[0x20]->[0x00]
[17:35:41:499]45332:[DBG]:CMD:[0x37]->[0x00]
[17:35:41:499]45334:[DBG]:CMD:[0x01]->[0x00]
[17:35:41:499]45334:[DBG]:CMD:[0x20]->[0x00]
[17:35:41:811]45636:[DBG]:CMD:[0x37]->[0x00]
[17:35:41:811]45636:[DBG]:CMD:[0x01]->[0x00]
[17:35:41:811]45638:[DBG]:CMD:[0x20]->[0x00]
[17:35:42:108]45940:[DBG]:CMD:[0x37]->[0x00]
[17:35:42:108]45940:[DBG]:CMD:[0x01]->[0x00]
[17:35:42:108]45942:[DBG]:CMD:[0x20]->[0x00]
[17:35:42:421]46242:[DBG]:CMD:[0x37]->[0x00]
[17:35:42:421]46244:[DBG]:CMD:[0x01]->[0x00]
[17:35:42:421]46244:[DBG]:CMD:[0x20]->[0x00]
[17:35:42:717]46546:[DBG]:CMD:[0x37]->[0x00]
[17:35:42:717]46546:[DBG]:CMD:[0x01]->[0x00]
[17:35:42:717]46548:[DBG]:CMD:[0x20]->[0x00]
[17:35:43:014]46850:[DBG]:CMD:[0x37]->[0x00]
[17:35:43:014]46850:[DBG]:CMD:[0x01]->[0x00]
[17:35:43:014]46852:[DBG]:CMD:[0x20]->[0x00]
[17:35:43:327]47152:[DBG]:CMD:[0x37]->[0x00]
[17:35:43:327]47154:[DBG]:CMD:[0x01]->[0x00]
[17:35:43:327]47154:[DBG]:CMD:[0x20]->[0x00]
[17:35:43:623]47456:[DBG]:CMD:[0x37]->[0x00]
[17:35:43:623]47456:[DBG]:CMD:[0x01]->[0x00]
[17:35:43:623]47460:[DBG]:CMD:[0x20]->[0x00]
[17:35:43:936]47760:[DBG]:CMD:[0x37]->[0x00]
[17:35:43:936]47760:[DBG]:CMD:[0x01]->[0x00]
[17:35:43:936]47762:[DBG]:CMD:[0x20]->[0x00]
[17:35:44:233]48064:[DBG]:CMD:[0x37]->[0x00]
[17:35:44:233]48064:[DBG]:CMD:[0x01]->[0x00]
[17:35:44:233]48066:[DBG]:CMD:[0x20]->[0x00]
[17:35:44:529]48366:[DBG]:CMD:[0x37]->[0x00]
[17:35:44:529]48368:[DBG]:CMD:[0x01]->[0x00]
[17:35:44:529]48368:[DBG]:CMD:[0x20]->[0x00]
[17:35:44:842]48670:[DBG]:CMD:[0x37]->[0x00]
[17:35:44:842]48670:[DBG]:CMD:[0x01]->[0x00]
[17:35:44:842]48672:[DBG]:CMD:[0x20]->[0x00]
[17:35:45:139]48974:[DBG]:CMD:[0x37]->[0x00]
[17:35:45:139]48974:[DBG]:CMD:[0x01]->[0x00]
[17:35:45:139]48976:[DBG]:CMD:[0x20]->[0x00]
[17:35:45:451]49278:[DBG]:CMD:[0x37]->[0x00]
[17:35:45:451]49278:[DBG]:CMD:[0x01]->[0x00]
[17:35:45:451]49278:[DBG]:CMD:[0x20]->[0x00]
[17:35:45:748]49580:[DBG]:CMD:[0x37]->[0x00]
[17:35:45:748]49580:[DBG]:CMD:[0x01]->[0x00]
[17:35:45:748]49582:[DBG]:CMD:[0x20]->[0x00]
[17:35:46:045]49884:[DBG]:CMD:[0x37]->[0x00]
[17:35:46:045]49884:[DBG]:CMD:[0x01]->[0x00]
[17:35:46:045]49886:[DBG]:CMD:[0x20]->[0x00]
[17:35:46:357]50188:[DBG]:CMD:[0x37]->[0x00]
[17:35:46:357]50188:[DBG]:CMD:[0x01]->[0x00]
[17:35:46:357]50188:[DBG]:CMD:[0x20]->[0x00]
[17:35:46:654]50490:[DBG]:CMD:[0x37]->[0x00]
[17:35:46:654]50492:[DBG]:CMD:[0x01]->[0x00]
[17:35:46:654]50492:[DBG]:CMD:[0x20]->[0x00]
[17:35:46:966]50794:[DBG]:CMD:[0x37]->[0x00]
[17:35:46:966]50794:[DBG]:CMD:[0x01]->[0x00]
[17:35:46:966]50796:[DBG]:CMD:[0x20]->[0x00]
[17:35:47:263]51098:[DBG]:CMD:[0x37]->[0x00]
[17:35:47:263]51098:[DBG]:CMD:[0x01]->[0x00]
[17:35:47:263]51098:[DBG]:CMD:[0x20]->[0x00]
[17:35:47:560]51400:[DBG]:CMD:[0x37]->[0x00]
[17:35:47:560]51402:[DBG]:CMD:[0x01]->[0x00]
[17:35:47:560]51402:[DBG]:CMD:[0x20]->[0x00]
[17:35:47:872]51704:[DBG]:CMD:[0x37]->[0x00]
[17:35:47:872]51704:[DBG]:CMD:[0x01]->[0x00]
[17:35:47:872]51706:[DBG]:CMD:[0x20]->[0x00]
[17:35:48:185]52008:[DBG]:CMD:[0x37]->[0x00]
[17:35:48:185]52008:[DBG]:CMD:[0x01]->[0x00]
[17:35:48:185]52008:[DBG]:CMD:[0x20]->[0x00]
[17:35:48:482]52310:[DBG]:CMD:[0x37]->[0x00]
[17:35:48:482]52312:[DBG]:CMD:[0x01]->[0x00]
[17:35:48:482]52312:[DBG]:CMD:[0x20]->[0x00]
[17:35:48:778]52614:[DBG]:CMD:[0x37]->[0x00]
[17:35:48:778]52614:[DBG]:CMD:[0x01]->[0x00]
[17:35:48:778]52618:[DBG]:CMD:[0x20]->[0x00]
[17:35:49:091]52920:[DBG]:CMD:[0x37]->[0x00]
[17:35:49:091]52922:[DBG]:CMD:[0x01]->[0x00]
[17:35:49:091]52922:[DBG]:CMD:[0x20]->[0x00]
[17:35:49:388]53224:[DBG]:CMD:[0x37]->[0x00]
[17:35:49:388]53224:[DBG]:CMD:[0x01]->[0x00]
[17:35:49:388]53226:[DBG]:CMD:[0x20]->[0x00]
[17:35:49:684]53526:[DBG]:CMD:[0x37]->[0x00]
[17:35:49:684]53528:[DBG]:CMD:[0x01]->[0x00]
[17:35:49:684]53528:[DBG]:CMD:[0x20]->[0x00]
[17:35:49:997]53830:[DBG]:CMD:[0x37]->[0x00]
[17:35:49:997]53830:[DBG]:CMD:[0x01]->[0x00]
[17:35:49:997]53832:[DBG]:CMD:[0x20]->[0x00]
[17:35:50:294]54134:[DBG]:CMD:[0x37]->[0x00]
[17:35:50:294]54134:[DBG]:CMD:[0x01]->[0x00]
[17:35:50:294]54134:[DBG]:CMD:[0x20]->[0x00]
[17:35:50:590]54436:[DBG]:CMD:[0x37]->[0x00]
[17:35:50:590]54436:[DBG]:CMD:[0x01]->[0x00]
[17:35:50:590]54438:[DBG]:CMD:[0x20]->[0x00]
[17:35:50:903]54738:[DBG]:CMD:[0x37]->[0x00]
[17:35:50:903]54740:[DBG]:CMD:[0x01]->[0x00]
[17:35:50:903]54740:[DBG]:CMD:[0x20]->[0x00]
[17:35:51:200]55042:[DBG]:CMD:[0x37]->[0x00]
[17:35:51:200]55042:[DBG]:CMD:[0x01]->[0x00]
[17:35:51:200]55044:[DBG]:CMD:[0x20]->[0x00]
[17:35:51:512]55344:[DBG]:CMD:[0x37]->[0x00]
[17:35:51:512]55346:[DBG]:CMD:[0x01]->[0x00]
[17:35:51:512]55346:[DBG]:CMD:[0x20]->[0x00]
[17:35:51:809]55648:[DBG]:CMD:[0x37]->[0x00]
[17:35:51:809]55648:[DBG]:CMD:[0x01]->[0x00]
[17:35:51:809]55650:[DBG]:CMD:[0x20]->[0x00]
[17:35:52:106]55950:[DBG]:CMD:[0x37]->[0x00]
[17:35:52:106]55952:[DBG]:CMD:[0x01]->[0x00]
[17:35:52:106]55952:[DBG]:CMD:[0x20]->[0x00]
[17:35:52:418]56254:[DBG]:CMD:[0x37]->[0x00]
[17:35:52:418]56254:[DBG]:CMD:[0x01]->[0x00]
[17:35:52:418]56256:[DBG]:CMD:[0x20]->[0x00]
[17:35:52:715]56556:[DBG]:CMD:[0x37]->[0x00]
[17:35:52:715]56560:[DBG]:CMD:[0x01]->[0x00]
[17:35:52:715]56560:[DBG]:CMD:[0x20]->[0x00]
[17:35:53:027]56862:[DBG]:CMD:[0x37]->[0x00]
[17:35:53:027]56862:[DBG]:CMD:[0x01]->[0x00]
[17:35:53:027]56864:[DBG]:CMD:[0x20]->[0x00]
[17:35:53:324]57164:[DBG]:CMD:[0x37]->[0x00]
[17:35:53:324]57164:[DBG]:CMD:[0x01]->[0x00]
[17:35:53:324]57166:[DBG]:CMD:[0x20]->[0x00]
[17:35:53:621]57468:[DBG]:CMD:[0x37]->[0x00]
[17:35:53:621]57468:[DBG]:CMD:[0x01]->[0x00]
[17:35:53:621]57468:[DBG]:CMD:[0x20]->[0x00]
[17:35:53:933]57770:[DBG]:CMD:[0x37]->[0x00]
[17:35:53:933]57770:[DBG]:CMD:[0x01]->[0x00]
[17:35:53:933]57772:[DBG]:CMD:[0x20]->[0x00]
[17:35:54:230]58074:[DBG]:CMD:[0x37]->[0x00]
[17:35:54:230]58074:[DBG]:CMD:[0x01]->[0x00]
[17:35:54:230]58076:[DBG]:CMD:[0x20]->[0x00]
[17:35:54:527]58376:[DBG]:CMD:[0x37]->[0x00]
[17:35:54:527]58378:[DBG]:CMD:[0x01]->[0x00]
[17:35:54:527]58378:[DBG]:CMD:[0x20]->[0x00]
[17:35:54:839]58680:[DBG]:CMD:[0x37]->[0x00]
[17:35:54:839]58680:[DBG]:CMD:[0x01]->[0x00]
[17:35:54:839]58682:[DBG]:CMD:[0x20]->[0x00]
[17:35:55:136]58982:[DBG]:CMD:[0x37]->[0x00]
[17:35:55:136]58984:[DBG]:CMD:[0x01]->[0x00]
[17:35:55:136]58984:[DBG]:CMD:[0x20]->[0x00]
[17:35:55:449]59286:[DBG]:CMD:[0x37]->[0x00]
[17:35:55:449]59286:[DBG]:CMD:[0x01]->[0x00]
[17:35:55:449]59288:[DBG]:CMD:[0x20]->[0x00]
[17:35:55:746]59588:[DBG]:CMD:[0x37]->[0x00]
[17:35:55:746]59590:[DBG]:CMD:[0x01]->[0x00]
[17:35:55:746]59590:[DBG]:CMD:[0x20]->[0x00]
[17:35:56:042]59892:[DBG]:CMD:[0x37]->[0x00]
[17:35:56:042]59892:[DBG]:CMD:[0x01]->[0x00]
[17:35:56:042]59894:[DBG]:CMD:[0x20]->[0x00]
[17:35:56:355]60194:[DBG]:CMD:[0x37]->[0x00]
[17:35:56:355]60194:[DBG]:CMD:[0x01]->[0x00]
[17:35:56:355]60196:[DBG]:CMD:[0x20]->[0x00]
[17:35:56:652]60498:[DBG]:CMD:[0x37]->[0x00]
[17:35:56:652]60498:[DBG]:CMD:[0x01]->[0x00]
[17:35:56:652]60498:[DBG]:CMD:[0x20]->[0x00]
[17:35:56:948]60800:[DBG]:CMD:[0x37]->[0x00]
[17:35:56:948]60800:[DBG]:CMD:[0x01]->[0x00]
[17:35:56:948]60802:[DBG]:CMD:[0x20]->[0x00]
[17:35:57:261]61102:[DBG]:CMD:[0x37]->[0x00]
[17:35:57:261]61104:[DBG]:CMD:[0x01]->[0x00]
[17:35:57:261]61104:[DBG]:CMD:[0x20]->[0x00]
[17:35:57:558]61406:[DBG]:CMD:[0x37]->[0x00]
[17:35:57:558]61406:[DBG]:CMD:[0x01]->[0x00]
[17:35:57:558]61408:[DBG]:CMD:[0x20]->[0x00]
[17:35:57:870]61710:[DBG]:CMD:[0x37]->[0x00]
[17:35:57:870]61710:[DBG]:CMD:[0x01]->[0x00]
[17:35:57:870]61710:[DBG]:CMD:[0x20]->[0x00]
[17:35:58:167]62012:[DBG]:CMD:[0x37]->[0x00]
[17:35:58:167]62012:[DBG]:CMD:[0x01]->[0x00]
[17:35:58:167]62014:[DBG]:CMD:[0x20]->[0x00]
[17:35:58:479]62318:[DBG]:CMD:[0x37]->[0x00]
[17:35:58:479]62320:[DBG]:CMD:[0x01]->[0x00]
[17:35:58:479]62322:[DBG]:CMD:[0x20]->[0x00]
[17:35:58:776]62622:[DBG]:CMD:[0x37]->[0x00]
[17:35:58:776]62624:[DBG]:CMD:[0x01]->[0x00]
[17:35:58:776]62624:[DBG]:CMD:[0x20]->[0x00]
[17:35:59:073]62926:[DBG]:CMD:[0x37]->[0x00]
[17:35:59:073]62928:[DBG]:CMD:[0x01]->[0x00]
[17:35:59:073]62928:[DBG]:CMD:[0x20]->[0x00]
[17:35:59:385]63230:[DBG]:CMD:[0x37]->[0x00]
[17:35:59:385]63230:[DBG]:CMD:[0x01]->[0x00]
[17:35:59:385]63232:[DBG]:CMD:[0x20]->[0x00]
[17:35:59:682]63534:[DBG]:CMD:[0x37]->[0x00]
[17:35:59:682]63534:[DBG]:CMD:[0x01]->[0x00]
[17:35:59:682]63536:[DBG]:CMD:[0x20]->[0x00]
[17:35:59:994]63836:[DBG]:CMD:[0x37]->[0x00]
[17:35:59:994]63838:[DBG]:CMD:[0x01]->[0x00]
[17:35:59:994]63838:[DBG]:CMD:[0x20]->[0x00]
[17:36:00:291]64140:[DBG]:CMD:[0x37]->[0x00]
[17:36:00:291]64140:[DBG]:CMD:[0x01]->[0x00]
[17:36:00:291]64142:[DBG]:CMD:[0x20]->[0x00]
[17:36:00:588]64444:[DBG]:CMD:[0x37]->[0x00]
[17:36:00:588]64444:[DBG]:CMD:[0x01]->[0x00]
[17:36:00:588]64446:[DBG]:CMD:[0x20]->[0x00]
[17:36:00:901]64746:[DBG]:CMD:[0x37]->[0x00]
[17:36:00:901]64748:[DBG]:CMD:[0x01]->[0x00]
[17:36:00:901]64748:[DBG]:CMD:[0x20]->[0x00]
[17:36:01:197]65050:[DBG]:CMD:[0x37]->[0x00]
[17:36:01:197]65050:[DBG]:CMD:[0x01]->[0x00]
[17:36:01:197]65052:[DBG]:CMD:[0x20]->[0x00]
[17:36:01:510]65354:[DBG]:CMD:[0x37]->[0x00]
[17:36:01:510]65354:[DBG]:CMD:[0x01]->[0x00]
[17:36:01:510]65356:[DBG]:CMD:[0x20]->[0x00]
[17:36:01:807]65656:[DBG]:CMD:[0x37]->[0x00]
[17:36:01:807]65660:[DBG]:CMD:[0x01]->[0x00]
[17:36:01:807]65660:[DBG]:CMD:[0x20]->[0x00]
[17:36:02:119]65962:[DBG]:CMD:[0x37]->[0x00]
[17:36:02:119]65962:[DBG]:CMD:[0x01]->[0x00]
[17:36:02:119]65964:[DBG]:CMD:[0x20]->[0x00]
[17:36:02:416]66264:[DBG]:CMD:[0x37]->[0x00]
[17:36:02:416]66266:[DBG]:CMD:[0x01]->[0x00]
[17:36:02:416]66266:[DBG]:CMD:[0x20]->[0x00]
[17:36:02:712]66568:[DBG]:CMD:[0x37]->[0x00]
[17:36:02:712]66568:[DBG]:CMD:[0x01]->[0x00]
[17:36:02:712]66570:[DBG]:CMD:[0x20]->[0x00]
[17:36:03:025]66872:[DBG]:CMD:[0x37]->[0x00]
[17:36:03:025]66872:[DBG]:CMD:[0x01]->[0x00]
[17:36:03:025]66874:[DBG]:CMD:[0x20]->[0x00]
[17:36:03:322]67174:[DBG]:CMD:[0x37]->[0x00]
[17:36:03:322]67176:[DBG]:CMD:[0x01]->[0x00]
[17:36:03:322]67176:[DBG]:CMD:[0x20]->[0x00]
[17:36:03:634]67478:[DBG]:CMD:[0x37]->[0x00]
[17:36:03:634]67480:[DBG]:CMD:[0x01]->[0x00]
[17:36:03:634]67480:[DBG]:CMD:[0x20]->[0x00]
[17:36:03:931]67782:[DBG]:CMD:[0x37]->[0x00]
[17:36:03:931]67782:[DBG]:CMD:[0x01]->[0x00]
[17:36:03:931]67784:[DBG]:CMD:[0x20]->[0x00]
[17:36:04:228]68086:[DBG]:CMD:[0x37]->[0x00]
[17:36:04:228]68086:[DBG]:CMD:[0x01]->[0x00]
[17:36:04:228]68088:[DBG]:CMD:[0x20]->[0x00]
[17:36:04:540]68388:[DBG]:CMD:[0x37]->[0x00]
[17:36:04:540]68390:[DBG]:CMD:[0x01]->[0x00]
[17:36:04:540]68390:[DBG]:CMD:[0x20]->[0x00]
[17:36:04:837]68692:[DBG]:CMD:[0x37]->[0x00]
[17:36:04:837]68692:[DBG]:CMD:[0x01]->[0x00]
[17:36:04:837]68694:[DBG]:CMD:[0x20]->[0x00]
[17:36:05:150]68996:[DBG]:CMD:[0x37]->[0x00]
[17:36:05:150]68996:[DBG]:CMD:[0x01]->[0x00]
[17:36:05:150]68998:[DBG]:CMD:[0x20]->[0x00]
[17:36:05:446]69298:[DBG]:CMD:[0x37]->[0x00]
[17:36:05:446]69300:[DBG]:CMD:[0x01]->[0x00]
[17:36:05:446]69300:[DBG]:CMD:[0x20]->[0x00]
[17:36:05:743]69602:[DBG]:CMD:[0x37]->[0x00]
[17:36:05:743]69602:[DBG]:CMD:[0x01]->[0x00]
[17:36:05:743]69604:[DBG]:CMD:[0x20]->[0x00]
[17:36:06:056]69906:[DBG]:CMD:[0x37]->[0x00]
[17:36:06:056]69906:[DBG]:CMD:[0x01]->[0x00]
[17:36:06:056]69908:[DBG]:CMD:[0x20]->[0x00]
[17:36:06:368]70208:[DBG]:CMD:[0x37]->[0x00]
[17:36:06:368]70210:[DBG]:CMD:[0x01]->[0x00]
[17:36:06:368]70210:[DBG]:CMD:[0x20]->[0x00]
[17:36:06:665]70512:[DBG]:CMD:[0x37]->[0x00]
[17:36:06:665]70512:[DBG]:CMD:[0x01]->[0x00]
[17:36:06:665]70514:[DBG]:CMD:[0x20]->[0x00]
[17:36:06:962]70818:[DBG]:CMD:[0x37]->[0x00]
[17:36:06:962]70820:[DBG]:CMD:[0x01]->[0x00]
[17:36:06:962]70822:[DBG]:CMD:[0x20]->[0x00]
[17:36:07:274]71122:[DBG]:CMD:[0x37]->[0x00]
[17:36:07:274]71122:[DBG]:CMD:[0x01]->[0x00]
[17:36:07:274]71124:[DBG]:CMD:[0x20]->[0x00]
[17:36:07:571]71426:[DBG]:CMD:[0x37]->[0x00]
[17:36:07:571]71426:[DBG]:CMD:[0x01]->[0x00]
[17:36:07:571]71428:[DBG]:CMD:[0x20]->[0x00]
[17:36:07:868]71730:[DBG]:CMD:[0x37]->[0x00]
[17:36:07:868]71730:[DBG]:CMD:[0x01]->[0x00]
[17:36:07:868]71732:[DBG]:CMD:[0x20]->[0x00]
[17:36:08:180]72032:[DBG]:CMD:[0x37]->[0x00]
[17:36:08:180]72034:[DBG]:CMD:[0x01]->[0x00]
[17:36:08:180]72034:[DBG]:CMD:[0x20]->[0x00]
[17:36:08:477]72336:[DBG]:CMD:[0x37]->[0x00]
[17:36:08:477]72336:[DBG]:CMD:[0x01]->[0x00]
[17:36:08:477]72338:[DBG]:CMD:[0x20]->[0x00]
[17:36:08:789]72638:[DBG]:CMD:[0x37]->[0x00]
[17:36:08:789]72640:[DBG]:CMD:[0x01]->[0x00]
[17:36:08:789]72640:[DBG]:CMD:[0x20]->[0x00]
[17:36:09:086]72942:[DBG]:CMD:[0x37]->[0x00]
[17:36:09:086]72942:[DBG]:CMD:[0x01]->[0x00]
[17:36:09:086]72944:[DBG]:CMD:[0x20]->[0x00]
[17:36:09:383]73246:[DBG]:CMD:[0x37]->[0x00]
[17:36:09:383]73246:[DBG]:CMD:[0x01]->[0x00]
[17:36:09:383]73248:[DBG]:CMD:[0x20]->[0x00]
[17:36:09:695]73548:[DBG]:CMD:[0x37]->[0x00]
[17:36:09:695]73550:[DBG]:CMD:[0x01]->[0x00]
[17:36:09:695]73550:[DBG]:CMD:[0x20]->[0x00]
[17:36:09:992]73852:[DBG]:CMD:[0x37]->[0x00]
[17:36:09:992]73852:[DBG]:CMD:[0x01]->[0x00]
[17:36:09:992]73854:[DBG]:CMD:[0x20]->[0x00]
[17:36:10:305]74154:[DBG]:CMD:[0x37]->[0x00]
[17:36:10:305]74156:[DBG]:CMD:[0x01]->[0x00]
[17:36:10:305]74156:[DBG]:CMD:[0x20]->[0x00]
[17:36:10:601]74460:[DBG]:CMD:[0x37]->[0x00]
[17:36:10:601]74460:[DBG]:CMD:[0x01]->[0x00]
[17:36:10:601]74460:[DBG]:CMD:[0x20]->[0x00]
[17:36:10:898]74762:[DBG]:CMD:[0x37]->[0x00]
[17:36:10:898]74764:[DBG]:CMD:[0x01]->[0x00]
[17:36:10:898]74764:[DBG]:CMD:[0x20]->[0x00]
[17:36:11:211]75066:[DBG]:CMD:[0x37]->[0x00]
[17:36:11:211]75066:[DBG]:CMD:[0x01]->[0x00]
[17:36:11:211]75068:[DBG]:CMD:[0x20]->[0x00]
[17:36:11:507]75368:[DBG]:CMD:[0x37]->[0x00]
[17:36:11:507]75370:[DBG]:CMD:[0x01]->[0x00]
[17:36:11:507]75370:[DBG]:CMD:[0x20]->[0x00]
[17:36:11:804]75672:[DBG]:CMD:[0x37]->[0x00]
[17:36:11:804]75672:[DBG]:CMD:[0x01]->[0x00]
[17:36:11:804]75674:[DBG]:CMD:[0x20]->[0x00]
[17:36:12:117]75974:[DBG]:CMD:[0x37]->[0x00]
[17:36:12:117]75974:[DBG]:CMD:[0x01]->[0x00]
[17:36:12:117]75976:[DBG]:CMD:[0x20]->[0x00]
[17:36:12:413]76278:[DBG]:CMD:[0x37]->[0x00]
[17:36:12:413]76278:[DBG]:CMD:[0x01]->[0x00]
[17:36:12:413]76278:[DBG]:CMD:[0x20]->[0x00]
[17:36:12:726]76580:[DBG]:CMD:[0x37]->[0x00]
[17:36:12:726]76580:[DBG]:CMD:[0x01]->[0x00]
[17:36:12:726]76582:[DBG]:CMD:[0x20]->[0x00]
[17:36:13:023]76882:[DBG]:CMD:[0x37]->[0x00]
[17:36:13:023]76884:[DBG]:CMD:[0x01]->[0x00]
[17:36:13:023]76884:[DBG]:CMD:[0x20]->[0x00]
[17:36:13:320]77186:[DBG]:CMD:[0x37]->[0x00]
[17:36:13:320]77186:[DBG]:CMD:[0x01]->[0x00]
[17:36:13:320]77188:[DBG]:CMD:[0x20]->[0x00]
[17:36:13:632]77488:[DBG]:CMD:[0x37]->[0x00]
[17:36:13:632]77488:[DBG]:CMD:[0x01]->[0x00]
[17:36:13:632]77490:[DBG]:CMD:[0x20]->[0x00]
[17:36:13:929]77792:[DBG]:CMD:[0x37]->[0x00]
[17:36:13:929]77792:[DBG]:CMD:[0x01]->[0x00]
[17:36:13:929]77794:[DBG]:CMD:[0x20]->[0x00]
[17:36:14:226]78096:[DBG]:CMD:[0x37]->[0x00]
[17:36:14:226]78096:[DBG]:CMD:[0x01]->[0x00]
[17:36:14:226]78096:[DBG]:CMD:[0x20]->[0x00]
[17:36:14:538]78398:[DBG]:CMD:[0x37]->[0x00]
[17:36:14:538]78400:[DBG]:CMD:[0x01]->[0x00]
[17:36:14:538]78400:[DBG]:CMD:[0x20]->[0x00]
[17:36:14:834]78702:[DBG]:CMD:[0x37]->[0x00]
[17:36:14:834]78702:[DBG]:CMD:[0x01]->[0x00]
[17:36:14:834]78704:[DBG]:CMD:[0x20]->[0x00]
[17:36:15:147]79006:[DBG]:CMD:[0x37]->[0x00]
[17:36:15:147]79006:[DBG]:CMD:[0x01]->[0x00]
[17:36:15:147]79006:[DBG]:CMD:[0x20]->[0x00]
[17:36:15:460]79308:[DBG]:CMD:[0x37]->[0x00]
[17:36:15:460]79310:[DBG]:CMD:[0x01]->[0x00]
[17:36:15:460]79310:[DBG]:CMD:[0x20]->[0x00]
[17:36:15:756]79612:[DBG]:CMD:[0x37]->[0x00]
[17:36:15:756]79612:[DBG]:CMD:[0x01]->[0x00]
[17:36:15:756]79614:[DBG]:CMD:[0x20]->[0x00]
[17:36:16:053]79918:[DBG]:CMD:[0x37]->[0x00]
[17:36:16:053]79920:[DBG]:CMD:[0x01]->[0x00]
[17:36:16:053]79922:[DBG]:CMD:[0x20]->[0x00]
[17:36:16:366]80222:[DBG]:CMD:[0x37]->[0x00]
[17:36:16:366]80224:[DBG]:CMD:[0x01]->[0x00]
[17:36:16:366]80224:[DBG]:CMD:[0x20]->[0x00]
[17:36:16:662]80526:[DBG]:CMD:[0x37]->[0x00]
[17:36:16:662]80526:[DBG]:CMD:[0x01]->[0x00]
[17:36:16:662]80528:[DBG]:CMD:[0x20]->[0x00]
[17:36:16:959]80830:[DBG]:CMD:[0x37]->[0x00]
[17:36:16:959]80830:[DBG]:CMD:[0x01]->[0x00]
[17:36:16:959]80830:[DBG]:CMD:[0x20]->[0x00]
[17:36:17:272]81132:[DBG]:CMD:[0x37]->[0x00]
[17:36:17:272]81134:[DBG]:CMD:[0x01]->[0x00]
[17:36:17:272]81134:[DBG]:CMD:[0x20]->[0x00]
[17:36:17:568]81436:[DBG]:CMD:[0x37]->[0x00]
[17:36:17:568]81436:[DBG]:CMD:[0x01]->[0x00]
[17:36:17:568]81438:[DBG]:CMD:[0x20]->[0x00]
[17:36:17:881]81740:[DBG]:CMD:[0x37]->[0x00]
[17:36:17:881]81740:[DBG]:CMD:[0x01]->[0x00]
[17:36:17:881]81742:[DBG]:CMD:[0x20]->[0x00]
[17:36:18:178]82042:[DBG]:CMD:[0x37]->[0x00]
[17:36:18:178]82044:[DBG]:CMD:[0x01]->[0x00]
[17:36:18:178]82044:[DBG]:CMD:[0x20]->[0x00]
[17:36:18:475]82346:[DBG]:CMD:[0x37]->[0x00]
[17:36:18:475]82346:[DBG]:CMD:[0x01]->[0x00]
[17:36:18:475]82348:[DBG]:CMD:[0x20]->[0x00]
[17:36:18:787]82650:[DBG]:CMD:[0x37]->[0x00]
[17:36:18:787]82650:[DBG]:CMD:[0x01]->[0x00]
[17:36:18:787]82652:[DBG]:CMD:[0x20]->[0x00]
[17:36:19:084]82952:[DBG]:CMD:[0x37]->[0x00]
[17:36:19:084]82954:[DBG]:CMD:[0x01]->[0x00]
[17:36:19:084]82954:[DBG]:CMD:[0x20]->[0x00]
[17:36:19:396]83256:[DBG]:CMD:[0x37]->[0x00]
[17:36:19:396]83256:[DBG]:CMD:[0x01]->[0x00]
[17:36:19:396]83260:[DBG]:CMD:[0x20]->[0x00]
[17:36:19:693]83560:[DBG]:CMD:[0x37]->[0x00]
[17:36:19:693]83562:[DBG]:CMD:[0x01]->[0x00]
[17:36:19:693]83562:[DBG]:CMD:[0x20]->[0x00]
[17:36:19:990]83864:[DBG]:CMD:[0x37]->[0x00]
[17:36:19:990]83864:[DBG]:CMD:[0x01]->[0x00]
[17:36:19:990]83866:[DBG]:CMD:[0x20]->[0x00]
[17:36:20:302]84166:[DBG]:CMD:[0x37]->[0x00]
[17:36:20:302]84168:[DBG]:CMD:[0x01]->[0x00]
[17:36:20:302]84168:[DBG]:CMD:[0x20]->[0x00]
[17:36:20:599]84472:[DBG]:CMD:[0x37]->[0x00]
[17:36:20:599]84472:[DBG]:CMD:[0x01]->[0x00]
[17:36:20:599]84474:[DBG]:CMD:[0x20]->[0x00]
[17:36:20:911]84774:[DBG]:CMD:[0x37]->[0x00]
[17:36:20:911]84776:[DBG]:CMD:[0x01]->[0x00]
[17:36:20:911]84776:[DBG]:CMD:[0x20]->[0x00]
[17:36:21:208]85078:[DBG]:CMD:[0x37]->[0x00]
[17:36:21:208]85078:[DBG]:CMD:[0x01]->[0x00]
[17:36:21:208]85080:[DBG]:CMD:[0x20]->[0x00]
[17:36:21:505]85380:[DBG]:CMD:[0x37]->[0x00]
[17:36:21:505]85382:[DBG]:CMD:[0x01]->[0x00]
[17:36:21:505]85382:[DBG]:CMD:[0x20]->[0x00]
[17:36:21:818]85684:[DBG]:CMD:[0x37]->[0x00]
[17:36:21:818]85684:[DBG]:CMD:[0x01]->[0x00]
[17:36:21:818]85684:[DBG]:CMD:[0x20]->[0x00]
[17:36:22:114]85986:[DBG]:CMD:[0x37]->[0x00]
[17:36:22:114]85986:[DBG]:CMD:[0x01]->[0x00]
[17:36:22:114]85988:[DBG]:CMD:[0x20]->[0x00]
[17:36:22:427]86288:[DBG]:CMD:[0x37]->[0x00]
[17:36:22:427]86290:[DBG]:CMD:[0x01]->[0x00]
[17:36:22:427]86290:[DBG]:CMD:[0x20]->[0x00]
[17:36:22:723]86592:[DBG]:CMD:[0x37]->[0x00]
[17:36:22:723]86592:[DBG]:CMD:[0x01]->[0x00]
[17:36:22:723]86594:[DBG]:CMD:[0x20]->[0x00]
[17:36:23:020]86896:[DBG]:CMD:[0x37]->[0x00]
[17:36:23:020]86896:[DBG]:CMD:[0x01]->[0x00]
[17:36:23:020]86896:[DBG]:CMD:[0x20]->[0x00]
[17:36:23:333]87198:[DBG]:CMD:[0x37]->[0x00]
[17:36:23:333]87200:[DBG]:CMD:[0x01]->[0x00]
[17:36:23:333]87200:[DBG]:CMD:[0x20]->[0x00]
[17:36:23:630]87502:[DBG]:CMD:[0x37]->[0x00]
[17:36:23:630]87502:[DBG]:CMD:[0x01]->[0x00]
[17:36:23:630]87504:[DBG]:CMD:[0x20]->[0x00]
[17:36:23:926]87804:[DBG]:CMD:[0x37]->[0x00]
[17:36:23:926]87806:[DBG]:CMD:[0x01]->[0x00]
[17:36:23:926]87806:[DBG]:CMD:[0x20]->[0x00]
[17:36:24:238]88108:[DBG]:CMD:[0x37]->[0x00]
[17:36:24:238]88108:[DBG]:CMD:[0x01]->[0x00]
[17:36:24:238]88110:[DBG]:CMD:[0x20]->[0x00]
[17:36:24:551]88410:[DBG]:CMD:[0x37]->[0x00]
[17:36:24:551]88412:[DBG]:CMD:[0x01]->[0x00]
[17:36:24:551]88412:[DBG]:CMD:[0x20]->[0x00]
[17:36:24:848]88714:[DBG]:CMD:[0x37]->[0x00]
[17:36:24:848]88714:[DBG]:CMD:[0x01]->[0x00]
[17:36:24:848]88716:[DBG]:CMD:[0x20]->[0x00]
[17:36:25:145]89018:[DBG]:CMD:[0x37]->[0x00]
[17:36:25:145]89020:[DBG]:CMD:[0x01]->[0x00]
[17:36:25:145]89022:[DBG]:CMD:[0x20]->[0x00]
[17:36:25:457]89322:[DBG]:CMD:[0x37]->[0x00]
[17:36:25:457]89322:[DBG]:CMD:[0x01]->[0x00]
[17:36:25:457]89324:[DBG]:CMD:[0x20]->[0x00]
[17:36:25:754]89626:[DBG]:CMD:[0x37]->[0x00]
[17:36:25:754]89626:[DBG]:CMD:[0x01]->[0x00]
[17:36:25:754]89628:[DBG]:CMD:[0x20]->[0x00]
[17:36:26:051]89928:[DBG]:CMD:[0x37]->[0x00]
[17:36:26:051]89930:[DBG]:CMD:[0x01]->[0x00]
[17:36:26:051]89930:[DBG]:CMD:[0x20]->[0x00]
[17:36:26:363]90232:[DBG]:CMD:[0x37]->[0x00]
[17:36:26:363]90232:[DBG]:CMD:[0x01]->[0x00]
[17:36:26:363]90234:[DBG]:CMD:[0x20]->[0x00]
[17:36:26:660]90534:[DBG]:CMD:[0x37]->[0x00]
[17:36:26:660]90534:[DBG]:CMD:[0x01]->[0x00]
[17:36:26:660]90536:[DBG]:CMD:[0x20]->[0x00]
[17:36:26:957]90838:[DBG]:CMD:[0x37]->[0x00]
[17:36:26:957]90838:[DBG]:CMD:[0x01]->[0x00]
[17:36:26:957]90838:[DBG]:CMD:[0x20]->[0x00]
[17:36:27:269]91140:[DBG]:CMD:[0x37]->[0x00]
[17:36:27:269]91140:[DBG]:CMD:[0x01]->[0x00]
[17:36:27:269]91142:[DBG]:CMD:[0x20]->[0x00]
[17:36:27:566]91444:[DBG]:CMD:[0x37]->[0x00]
[17:36:27:566]91444:[DBG]:CMD:[0x01]->[0x00]
[17:36:27:566]91444:[DBG]:CMD:[0x20]->[0x00]
[17:36:27:879]91746:[DBG]:CMD:[0x37]->[0x00]
[17:36:27:879]91746:[DBG]:CMD:[0x01]->[0x00]
[17:36:27:879]91748:[DBG]:CMD:[0x20]->[0x00]
[17:36:28:175]92048:[DBG]:CMD:[0x37]->[0x00]
[17:36:28:175]92050:[DBG]:CMD:[0x01]->[0x00]
[17:36:28:175]92050:[DBG]:CMD:[0x20]->[0x00]
[17:36:28:472]92352:[DBG]:CMD:[0x37]->[0x00]
[17:36:28:472]92352:[DBG]:CMD:[0x01]->[0x00]
[17:36:28:472]92354:[DBG]:CMD:[0x20]->[0x00]
[17:36:28:785]92654:[DBG]:CMD:[0x37]->[0x00]
[17:36:28:785]92656:[DBG]:CMD:[0x01]->[0x00]
[17:36:28:785]92656:[DBG]:CMD:[0x20]->[0x00]
[17:36:29:081]92960:[DBG]:CMD:[0x37]->[0x00]
[17:36:29:081]92960:[DBG]:CMD:[0x01]->[0x00]
[17:36:29:081]92960:[DBG]:CMD:[0x20]->[0x00]
[17:36:29:378]93262:[DBG]:CMD:[0x37]->[0x00]
[17:36:29:378]93264:[DBG]:CMD:[0x01]->[0x00]
[17:36:29:378]93264:[DBG]:CMD:[0x20]->[0x00]
[17:36:29:690]93566:[DBG]:CMD:[0x37]->[0x00]
[17:36:29:690]93566:[DBG]:CMD:[0x01]->[0x00]
[17:36:29:690]93568:[DBG]:CMD:[0x20]->[0x00]
[17:36:29:987]93868:[DBG]:CMD:[0x37]->[0x00]
[17:36:29:987]93870:[DBG]:CMD:[0x01]->[0x00]
[17:36:29:987]93870:[DBG]:CMD:[0x20]->[0x00]
[17:36:30:300]94172:[DBG]:CMD:[0x37]->[0x00]
[17:36:30:300]94172:[DBG]:CMD:[0x01]->[0x00]
[17:36:30:300]94174:[DBG]:CMD:[0x20]->[0x00]
[17:36:30:597]94474:[DBG]:CMD:[0x37]->[0x00]
[17:36:30:597]94476:[DBG]:CMD:[0x01]->[0x00]
[17:36:30:597]94476:[DBG]:CMD:[0x20]->[0x00]
[17:36:30:893]94778:[DBG]:CMD:[0x37]->[0x00]
[17:36:30:893]94778:[DBG]:CMD:[0x01]->[0x00]
[17:36:30:893]94780:[DBG]:CMD:[0x20]->[0x00]
[17:36:31:206]95080:[DBG]:CMD:[0x37]->[0x00]
[17:36:31:206]95082:[DBG]:CMD:[0x01]->[0x00]
[17:36:31:206]95082:[DBG]:CMD:[0x20]->[0x00]
[17:36:31:503]95384:[DBG]:CMD:[0x37]->[0x00]
[17:36:31:503]95384:[DBG]:CMD:[0x01]->[0x00]
[17:36:31:503]95386:[DBG]:CMD:[0x20]->[0x00]
[17:36:31:815]95686:[DBG]:CMD:[0x37]->[0x00]
[17:36:31:815]95688:[DBG]:CMD:[0x01]->[0x00]
[17:36:31:815]95688:[DBG]:CMD:[0x20]->[0x00]
[17:36:32:112]95990:[DBG]:CMD:[0x37]->[0x00]
[17:36:32:112]95990:[DBG]:CMD:[0x01]->[0x00]
[17:36:32:112]95992:[DBG]:CMD:[0x20]->[0x00]
[17:36:32:409]96292:[DBG]:CMD:[0x37]->[0x00]
[17:36:32:409]96294:[DBG]:CMD:[0x01]->[0x00]
[17:36:32:409]96294:[DBG]:CMD:[0x20]->[0x00]
[17:36:32:721]96596:[DBG]:CMD:[0x37]->[0x00]
[17:36:32:721]96596:[DBG]:CMD:[0x01]->[0x00]
[17:36:32:721]96598:[DBG]:CMD:[0x20]->[0x00]
[17:36:33:018]96898:[DBG]:CMD:[0x37]->[0x00]
[17:36:33:018]96900:[DBG]:CMD:[0x01]->[0x00]
[17:36:33:018]96900:[DBG]:CMD:[0x20]->[0x00]
[17:36:33:315]97202:[DBG]:CMD:[0x37]->[0x00]
[17:36:33:315]97202:[DBG]:CMD:[0x01]->[0x00]
[17:36:33:315]97202:[DBG]:CMD:[0x20]->[0x00]
[17:36:33:627]97504:[DBG]:CMD:[0x37]->[0x00]
[17:36:33:627]97506:[DBG]:CMD:[0x01]->[0x00]
[17:36:33:627]97506:[DBG]:CMD:[0x20]->[0x00]
[17:36:33:940]97808:[DBG]:CMD:[0x37]->[0x00]
[17:36:33:940]97808:[DBG]:CMD:[0x01]->[0x00]
[17:36:33:940]97810:[DBG]:CMD:[0x20]->[0x00]
[17:36:34:236]98110:[DBG]:CMD:[0x37]->[0x00]
[17:36:34:236]98112:[DBG]:CMD:[0x01]->[0x00]
[17:36:34:236]98112:[DBG]:CMD:[0x20]->[0x00]
[17:36:34:533]98414:[DBG]:CMD:[0x37]->[0x00]
[17:36:34:533]98414:[DBG]:CMD:[0x01]->[0x00]
[17:36:34:533]98418:[DBG]:CMD:[0x20]->[0x00]
[17:36:34:846]98720:[DBG]:CMD:[0x37]->[0x00]
[17:36:34:846]98722:[DBG]:CMD:[0x01]->[0x00]
[17:36:34:846]98722:[DBG]:CMD:[0x20]->[0x00]
[17:36:35:143]99024:[DBG]:CMD:[0x37]->[0x00]
[17:36:35:143]99024:[DBG]:CMD:[0x01]->[0x00]
[17:36:35:143]99026:[DBG]:CMD:[0x20]->[0x00]
[17:36:35:439]99328:[DBG]:CMD:[0x37]->[0x00]
[17:36:35:439]99328:[DBG]:CMD:[0x01]->[0x00]
[17:36:35:439]99330:[DBG]:CMD:[0x20]->[0x00]
[17:36:35:752]99630:[DBG]:CMD:[0x37]->[0x00]
[17:36:35:752]99632:[DBG]:CMD:[0x01]->[0x00]
[17:36:35:752]99632:[DBG]:CMD:[0x20]->[0x00]
[17:36:36:049]99934:[DBG]:CMD:[0x37]->[0x00]
[17:36:36:049]99934:[DBG]:CMD:[0x01]->[0x00]
[17:36:36:049]99936:[DBG]:CMD:[0x20]->[0x00]
[17:36:36:361]100238:[DBG]:CMD:[0x37]->[0x00]
[17:36:36:361]100238:[DBG]:CMD:[0x01]->[0x00]
[17:36:36:361]100240:[DBG]:CMD:[0x20]->[0x00]
[17:36:36:658]100540:[DBG]:CMD:[0x37]->[0x00]
[17:36:36:658]100542:[DBG]:CMD:[0x01]->[0x00]
[17:36:36:658]100542:[DBG]:CMD:[0x20]->[0x00]
[17:36:36:955]100844:[DBG]:CMD:[0x37]->[0x00]
[17:36:36:955]100844:[DBG]:CMD:[0x01]->[0x00]
[17:36:36:955]100846:[DBG]:CMD:[0x20]->[0x00]
[17:36:37:267]101148:[DBG]:CMD:[0x37]->[0x00]
[17:36:37:267]101148:[DBG]:CMD:[0x01]->[0x00]
[17:36:37:267]101150:[DBG]:CMD:[0x20]->[0x00]
[17:36:37:564]101450:[DBG]:CMD:[0x37]->[0x00]
[17:36:37:564]101452:[DBG]:CMD:[0x01]->[0x00]
[17:36:37:564]101452:[DBG]:CMD:[0x20]->[0x00]
[17:36:37:876]101754:[DBG]:CMD:[0x37]->[0x00]
[17:36:37:876]101754:[DBG]:CMD:[0x01]->[0x00]
[17:36:37:876]101756:[DBG]:CMD:[0x20]->[0x00]
[17:36:38:173]102060:[DBG]:CMD:[0x37]->[0x00]
[17:36:38:173]102060:[DBG]:CMD:[0x01]->[0x00]
[17:36:38:173]102060:[DBG]:CMD:[0x20]->[0x00]
[17:36:38:470]102362:[DBG]:CMD:[0x37]->[0x00]
[17:36:38:470]102364:[DBG]:CMD:[0x01]->[0x00]
[17:36:38:470]102364:[DBG]:CMD:[0x20]->[0x00]
[17:36:38:782]102666:[DBG]:CMD:[0x37]->[0x00]
[17:36:38:782]102666:[DBG]:CMD:[0x01]->[0x00]
[17:36:38:782]102668:[DBG]:CMD:[0x20]->[0x00]
[17:36:39:079]102968:[DBG]:CMD:[0x37]->[0x00]
[17:36:39:079]102968:[DBG]:CMD:[0x01]->[0x00]
[17:36:39:079]102970:[DBG]:CMD:[0x20]->[0x00]
[17:36:39:392]103272:[DBG]:CMD:[0x37]->[0x00]
[17:36:39:392]103272:[DBG]:CMD:[0x01]->[0x00]
[17:36:39:392]103274:[DBG]:CMD:[0x20]->[0x00]
[17:36:39:688]103574:[DBG]:CMD:[0x37]->[0x00]
[17:36:39:688]103576:[DBG]:CMD:[0x01]->[0x00]
[17:36:39:688]103576:[DBG]:CMD:[0x20]->[0x00]
[17:36:39:985]103878:[DBG]:CMD:[0x37]->[0x00]
[17:36:39:985]103878:[DBG]:CMD:[0x01]->[0x00]
[17:36:39:985]103880:[DBG]:CMD:[0x20]->[0x00]
[17:36:40:298]104182:[DBG]:CMD:[0x37]->[0x00]
[17:36:40:298]104182:[DBG]:CMD:[0x01]->[0x00]
[17:36:40:298]104182:[DBG]:CMD:[0x20]->[0x00]
[17:36:40:594]104484:[DBG]:CMD:[0x37]->[0x00]
[17:36:40:594]104484:[DBG]:CMD:[0x01]->[0x00]
[17:36:40:594]104486:[DBG]:CMD:[0x20]->[0x00]
[17:36:40:891]104786:[DBG]:CMD:[0x37]->[0x00]
[17:36:40:891]104788:[DBG]:CMD:[0x01]->[0x00]
[17:36:40:891]104788:[DBG]:CMD:[0x20]->[0x00]
[17:36:41:204]105090:[DBG]:CMD:[0x37]->[0x00]
[17:36:41:204]105090:[DBG]:CMD:[0x01]->[0x00]
[17:36:41:204]105092:[DBG]:CMD:[0x20]->[0x00]
[17:36:41:500]105394:[DBG]:CMD:[0x37]->[0x00]
[17:36:41:500]105394:[DBG]:CMD:[0x01]->[0x00]
[17:36:41:500]105394:[DBG]:CMD:[0x20]->[0x00]
[17:36:41:813]105696:[DBG]:CMD:[0x37]->[0x00]
[17:36:41:813]105696:[DBG]:CMD:[0x01]->[0x00]
[17:36:41:813]105698:[DBG]:CMD:[0x20]->[0x00]
[17:36:42:110]106000:[DBG]:CMD:[0x37]->[0x00]
[17:36:42:110]106000:[DBG]:CMD:[0x01]->[0x00]
[17:36:42:110]106002:[DBG]:CMD:[0x20]->[0x00]
[17:36:42:406]106302:[DBG]:CMD:[0x37]->[0x00]
[17:36:42:406]106304:[DBG]:CMD:[0x01]->[0x00]
[17:36:42:406]106304:[DBG]:CMD:[0x20]->[0x00]
[17:36:42:719]106606:[DBG]:CMD:[0x37]->[0x00]
[17:36:42:719]106606:[DBG]:CMD:[0x01]->[0x00]
[17:36:42:719]106608:[DBG]:CMD:[0x20]->[0x00]
[17:36:43:031]106910:[DBG]:CMD:[0x37]->[0x00]
[17:36:43:031]106910:[DBG]:CMD:[0x01]->[0x00]
[17:36:43:031]106912:[DBG]:CMD:[0x20]->[0x00]
[17:36:43:328]107212:[DBG]:CMD:[0x37]->[0x00]
[17:36:43:328]107214:[DBG]:CMD:[0x01]->[0x00]
[17:36:43:328]107214:[DBG]:CMD:[0x20]->[0x00]
[17:36:43:625]107518:[DBG]:CMD:[0x37]->[0x00]
[17:36:43:625]107520:[DBG]:CMD:[0x01]->[0x00]
[17:36:43:625]107522:[DBG]:CMD:[0x20]->[0x00]
[17:36:43:937]107822:[DBG]:CMD:[0x37]->[0x00]
[17:36:43:937]107824:[DBG]:CMD:[0x01]->[0x00]
[17:36:43:937]107824:[DBG]:CMD:[0x20]->[0x00]
[17:36:44:234]108126:[DBG]:CMD:[0x37]->[0x00]
[17:36:44:234]108126:[DBG]:CMD:[0x01]->[0x00]
[17:36:44:234]108128:[DBG]:CMD:[0x20]->[0x00]
[17:36:44:531]108430:[DBG]:CMD:[0x37]->[0x00]
[17:36:44:531]108430:[DBG]:CMD:[0x01]->[0x00]
[17:36:44:531]108432:[DBG]:CMD:[0x20]->[0x00]
[17:36:44:843]108732:[DBG]:CMD:[0x37]->[0x00]
[17:36:44:843]108734:[DBG]:CMD:[0x01]->[0x00]
[17:36:44:843]108734:[DBG]:CMD:[0x20]->[0x00]
[17:36:45:140]109036:[DBG]:CMD:[0x37]->[0x00]
[17:36:45:140]109036:[DBG]:CMD:[0x01]->[0x00]
[17:36:45:140]109038:[DBG]:CMD:[0x20]->[0x00]
[17:36:45:453]109340:[DBG]:CMD:[0x37]->[0x00]
[17:36:45:453]109340:[DBG]:CMD:[0x01]->[0x00]
[17:36:45:453]109342:[DBG]:CMD:[0x20]->[0x00]
[17:36:45:749]109642:[DBG]:CMD:[0x37]->[0x00]
[17:36:45:749]109644:[DBG]:CMD:[0x01]->[0x00]
[17:36:45:749]109644:[DBG]:CMD:[0x20]->[0x00]
[17:36:46:046]109946:[DBG]:CMD:[0x37]->[0x00]
[17:36:46:046]109946:[DBG]:CMD:[0x01]->[0x00]
[17:36:46:046]109948:[DBG]:CMD:[0x20]->[0x00]
[17:36:46:359]110250:[DBG]:CMD:[0x37]->[0x00]
[17:36:46:359]110250:[DBG]:CMD:[0x01]->[0x00]
[17:36:46:359]110252:[DBG]:CMD:[0x20]->[0x00]
[17:36:46:655]110552:[DBG]:CMD:[0x37]->[0x00]
[17:36:46:655]110554:[DBG]:CMD:[0x01]->[0x00]
[17:36:46:655]110554:[DBG]:CMD:[0x20]->[0x00]
[17:36:46:968]110856:[DBG]:CMD:[0x37]->[0x00]
[17:36:46:968]110856:[DBG]:CMD:[0x01]->[0x00]
[17:36:46:968]110860:[DBG]:CMD:[0x20]->[0x00]
[17:36:47:264]111160:[DBG]:CMD:[0x37]->[0x00]
[17:36:47:264]111160:[DBG]:CMD:[0x01]->[0x00]
[17:36:47:264]111162:[DBG]:CMD:[0x20]->[0x00]
[17:36:47:561]111464:[DBG]:CMD:[0x37]->[0x00]
[17:36:47:561]111464:[DBG]:CMD:[0x01]->[0x00]
[17:36:47:561]111466:[DBG]:CMD:[0x20]->[0x00]
[17:36:47:874]111768:[DBG]:CMD:[0x37]->[0x00]
[17:36:47:874]111768:[DBG]:CMD:[0x01]->[0x00]
[17:36:47:874]111768:[DBG]:CMD:[0x20]->[0x00]
[17:36:48:171]112070:[DBG]:CMD:[0x37]->[0x00]
[17:36:48:171]112070:[DBG]:CMD:[0x01]->[0x00]
[17:36:48:171]112072:[DBG]:CMD:[0x20]->[0x00]
[17:36:48:483]112374:[DBG]:CMD:[0x37]->[0x00]
[17:36:48:483]112374:[DBG]:CMD:[0x01]->[0x00]
[17:36:48:483]112376:[DBG]:CMD:[0x20]->[0x00]
[17:36:48:780]112678:[DBG]:CMD:[0x37]->[0x00]
[17:36:48:780]112678:[DBG]:CMD:[0x01]->[0x00]
[17:36:48:780]112678:[DBG]:CMD:[0x20]->[0x00]
[17:36:49:077]112980:[DBG]:CMD:[0x37]->[0x00]
[17:36:49:077]112982:[DBG]:CMD:[0x01]->[0x00]
[17:36:49:077]112982:[DBG]:CMD:[0x20]->[0x00]
[17:36:49:389]113284:[DBG]:CMD:[0x37]->[0x00]
[17:36:49:389]113284:[DBG]:CMD:[0x01]->[0x00]
[17:36:49:389]113286:[DBG]:CMD:[0x20]->[0x00]
[17:36:49:686]113588:[DBG]:CMD:[0x37]->[0x00]
[17:36:49:686]113588:[DBG]:CMD:[0x01]->[0x00]
[17:36:49:686]113590:[DBG]:CMD:[0x20]->[0x00]
[17:36:49:998]113890:[DBG]:CMD:[0x37]->[0x00]
[17:36:49:998]113892:[DBG]:CMD:[0x01]->[0x00]
[17:36:49:998]113892:[DBG]:CMD:[0x20]->[0x00]
[17:36:50:295]114194:[DBG]:CMD:[0x37]->[0x00]
[17:36:50:295]114194:[DBG]:CMD:[0x01]->[0x00]
[17:36:50:295]114196:[DBG]:CMD:[0x20]->[0x00]
[17:36:50:592]114498:[DBG]:CMD:[0x37]->[0x00]
[17:36:50:592]114498:[DBG]:CMD:[0x01]->[0x00]
[17:36:50:592]114500:[DBG]:CMD:[0x20]->[0x00]
[17:36:50:904]114802:[DBG]:CMD:[0x37]->[0x00]
[17:36:50:904]114802:[DBG]:CMD:[0x01]->[0x00]
[17:36:50:904]114802:[DBG]:CMD:[0x20]->[0x00]
[17:36:51:201]115104:[DBG]:CMD:[0x37]->[0x00]
[17:36:51:201]115104:[DBG]:CMD:[0x01]->[0x00]
[17:36:51:201]115106:[DBG]:CMD:[0x20]->[0x00]
[17:36:51:513]115408:[DBG]:CMD:[0x37]->[0x00]
[17:36:51:513]115408:[DBG]:CMD:[0x01]->[0x00]
[17:36:51:513]115408:[DBG]:CMD:[0x20]->[0x00]
[17:36:51:826]115710:[DBG]:CMD:[0x37]->[0x00]
[17:36:51:826]115712:[DBG]:CMD:[0x01]->[0x00]
[17:36:51:826]115712:[DBG]:CMD:[0x20]->[0x00]
[17:36:52:123]116014:[DBG]:CMD:[0x37]->[0x00]
[17:36:52:123]116014:[DBG]:CMD:[0x01]->[0x00]
[17:36:52:123]116018:[DBG]:CMD:[0x20]->[0x00]
[17:36:52:420]116320:[DBG]:CMD:[0x37]->[0x00]
[17:36:52:420]116322:[DBG]:CMD:[0x01]->[0x00]
[17:36:52:420]116322:[DBG]:CMD:[0x20]->[0x00]
[17:36:52:717]116624:[DBG]:CMD:[0x37]->[0x00]
[17:36:52:717]116624:[DBG]:CMD:[0x01]->[0x00]
[17:36:52:717]116626:[DBG]:CMD:[0x20]->[0x00]
[17:36:53:029]116926:[DBG]:CMD:[0x37]->[0x00]
[17:36:53:029]116928:[DBG]:CMD:[0x01]->[0x00]
[17:36:53:029]116928:[DBG]:CMD:[0x20]->[0x00]
[17:36:53:326]117230:[DBG]:CMD:[0x37]->[0x00]
[17:36:53:326]117230:[DBG]:CMD:[0x01]->[0x00]
[17:36:53:326]117232:[DBG]:CMD:[0x20]->[0x00]
[17:36:53:638]117534:[DBG]:CMD:[0x37]->[0x00]
[17:36:53:638]117534:[DBG]:CMD:[0x01]->[0x00]
[17:36:53:638]117536:[DBG]:CMD:[0x20]->[0x00]
[17:36:53:935]117838:[DBG]:CMD:[0x37]->[0x00]
[17:36:53:935]117838:[DBG]:CMD:[0x01]->[0x00]
[17:36:53:935]117838:[DBG]:CMD:[0x20]->[0x00]
[17:36:54:232]118140:[DBG]:CMD:[0x37]->[0x00]
[17:36:54:232]118142:[DBG]:CMD:[0x01]->[0x00]
[17:36:54:232]118142:[DBG]:CMD:[0x20]->[0x00]
[17:36:54:544]118444:[DBG]:CMD:[0x37]->[0x00]
[17:36:54:544]118444:[DBG]:CMD:[0x01]->[0x00]
[17:36:54:544]118446:[DBG]:CMD:[0x20]->[0x00]
[17:36:54:841]118748:[DBG]:CMD:[0x37]->[0x00]
[17:36:54:841]118748:[DBG]:CMD:[0x01]->[0x00]
[17:36:54:841]118750:[DBG]:CMD:[0x20]->[0x00]
[17:36:55:153]119050:[DBG]:CMD:[0x37]->[0x00]
[17:36:55:153]119052:[DBG]:CMD:[0x01]->[0x00]
[17:36:55:153]119052:[DBG]:CMD:[0x20]->[0x00]
[17:36:55:450]119354:[DBG]:CMD:[0x37]->[0x00]
[17:36:55:450]119354:[DBG]:CMD:[0x01]->[0x00]
[17:36:55:450]119356:[DBG]:CMD:[0x20]->[0x00]
[17:36:55:763]119660:[DBG]:CMD:[0x37]->[0x00]
[17:36:55:763]119660:[DBG]:CMD:[0x01]->[0x00]
[17:36:55:763]119660:[DBG]:CMD:[0x20]->[0x00]
[17:36:56:060]119962:[DBG]:CMD:[0x37]->[0x00]
[17:36:56:060]119964:[DBG]:CMD:[0x01]->[0x00]
[17:36:56:060]119964:[DBG]:CMD:[0x20]->[0x00]
[17:36:56:357]120266:[DBG]:CMD:[0x37]->[0x00]
[17:36:56:357]120266:[DBG]:CMD:[0x01]->[0x00]
[17:36:56:357]120268:[DBG]:CMD:[0x20]->[0x00]
[17:36:56:669]120568:[DBG]:CMD:[0x37]->[0x00]
[17:36:56:669]120568:[DBG]:CMD:[0x01]->[0x00]
[17:36:56:669]120570:[DBG]:CMD:[0x20]->[0x00]
[17:36:56:966]120870:[DBG]:CMD:[0x37]->[0x00]
[17:36:56:966]120872:[DBG]:CMD:[0x01]->[0x00]
[17:36:56:966]120872:[DBG]:CMD:[0x20]->[0x00]
[17:36:57:263]121174:[DBG]:CMD:[0x37]->[0x00]
[17:36:57:263]121174:[DBG]:CMD:[0x01]->[0x00]
[17:36:57:263]121176:[DBG]:CMD:[0x20]->[0x00]
[17:36:57:575]121476:[DBG]:CMD:[0x37]->[0x00]
[17:36:57:575]121478:[DBG]:CMD:[0x01]->[0x00]
[17:36:57:575]121478:[DBG]:CMD:[0x20]->[0x00]
[17:36:57:872]121780:[DBG]:CMD:[0x37]->[0x00]
[17:36:57:872]121780:[DBG]:CMD:[0x01]->[0x00]
[17:36:57:872]121782:[DBG]:CMD:[0x20]->[0x00]
[17:36:58:184]122082:[DBG]:CMD:[0x37]->[0x00]
[17:36:58:184]122082:[DBG]:CMD:[0x01]->[0x00]
[17:36:58:184]122084:[DBG]:CMD:[0x20]->[0x00]
[17:36:58:481]122386:[DBG]:CMD:[0x37]->[0x00]
[17:36:58:481]122386:[DBG]:CMD:[0x01]->[0x00]
[17:36:58:481]122388:[DBG]:CMD:[0x20]->[0x00]
[17:36:58:622]122534:[DBG]:STS:ENV_Outer Finish
[17:36:58:622]122534:[DBG]:STS:ENV_Inner Finish
[17:36:58:778]122688:[DBG]:CMD:[0x37]->[0x00]
[17:36:58:778]122688:[DBG]:CMD:[0x01]->[0x00]
[17:36:58:778]122690:[DBG]:CMD:[0x20]->[0x00]
[17:36:59:090]122992:[DBG]:CMD:[0x37]->[0x00]
[17:36:59:090]122992:[DBG]:CMD:[0x01]->[0x00]
[17:36:59:090]122994:[DBG]:CMD:[0x20]->[0x00]
[17:36:59:387]123296:[DBG]:CMD:[0x37]->[0x00]
[17:36:59:387]123296:[DBG]:CMD:[0x01]->[0x00]
[17:36:59:387]123296:[DBG]:CMD:[0x20]->[0x00]
[17:36:59:684]123598:[DBG]:CMD:[0x37]->[0x00]
[17:36:59:684]123600:[DBG]:CMD:[0x01]->[0x00]
[17:36:59:684]123600:[DBG]:CMD:[0x20]->[0x00]
[17:36:59:996]123902:[DBG]:CMD:[0x37]->[0x00]
[17:36:59:996]123902:[DBG]:CMD:[0x01]->[0x00]
[17:36:59:996]123904:[DBG]:CMD:[0x20]->[0x00]
[17:37:00:293]124206:[DBG]:CMD:[0x37]->[0x00]
[17:37:00:293]124206:[DBG]:CMD:[0x01]->[0x00]
[17:37:00:293]124206:[DBG]:CMD:[0x20]->[0x00]
[17:37:00:590]124508:[DBG]:CMD:[0x37]->[0x00]
[17:37:00:590]124510:[DBG]:CMD:[0x01]->[0x00]
[17:37:00:590]124510:[DBG]:CMD:[0x20]->[0x00]
[17:37:00:621]124534:[DBG]:IIC:TEMP ID 0:0x0054,0x0068,0x002C,0x009A,
[17:37:00:621]124534:[DBG]:IIC:TEMP ID 4:0x0064,0x006A,0x0034,0x0092,
[17:37:00:918]124812:[DBG]:CMD:[0x37]->[0x00]
[17:37:00:918]124812:[DBG]:CMD:[0x01]->[0x00]
[17:37:00:918]124814:[DBG]:CMD:[0x20]->[0x00]
[17:37:01:215]125118:[DBG]:CMD:[0x37]->[0x00]
[17:37:01:215]125120:[DBG]:CMD:[0x01]->[0x00]
[17:37:01:215]125122:[DBG]:CMD:[0x20]->[0x00]
[17:37:01:512]125422:[DBG]:CMD:[0x37]->[0x00]
[17:37:01:512]125424:[DBG]:CMD:[0x01]->[0x00]
[17:37:01:512]125424:[DBG]:CMD:[0x20]->[0x00]
[17:37:01:824]125726:[DBG]:CMD:[0x37]->[0x00]
[17:37:01:824]125726:[DBG]:CMD:[0x01]->[0x00]
[17:37:01:824]125728:[DBG]:CMD:[0x20]->[0x00]
[17:37:02:121]126030:[DBG]:CMD:[0x37]->[0x00]
[17:37:02:121]126030:[DBG]:CMD:[0x01]->[0x00]
[17:37:02:121]126032:[DBG]:CMD:[0x20]->[0x00]
[17:37:02:417]126332:[DBG]:CMD:[0x37]->[0x00]
[17:37:02:417]126334:[DBG]:CMD:[0x01]->[0x00]
[17:37:02:417]126334:[DBG]:CMD:[0x20]->[0x00]
[17:37:02:621]126534:[DBG]:IIC:TEMP ID 0:0x0047,0x0068,0x001F,0x009A,
[17:37:02:621]126534:[DBG]:IIC:TEMP ID 4:0x0069,0x006A,0x003D,0x0092,
[17:37:02:730]126636:[DBG]:CMD:[0x37]->[0x00]
[17:37:02:730]126636:[DBG]:CMD:[0x01]->[0x00]
[17:37:02:730]126638:[DBG]:CMD:[0x20]->[0x00]
[17:37:03:027]126940:[DBG]:CMD:[0x37]->[0x00]
[17:37:03:027]126940:[DBG]:CMD:[0x01]->[0x00]
[17:37:03:027]126942:[DBG]:CMD:[0x20]->[0x00]
[17:37:03:339]127242:[DBG]:CMD:[0x37]->[0x00]
[17:37:03:339]127244:[DBG]:CMD:[0x01]->[0x00]
[17:37:03:339]127244:[DBG]:CMD:[0x20]->[0x00]
[17:37:03:636]127546:[DBG]:CMD:[0x37]->[0x00]
[17:37:03:636]127546:[DBG]:CMD:[0x01]->[0x00]
[17:37:03:636]127548:[DBG]:CMD:[0x20]->[0x00]
[17:37:03:933]127850:[DBG]:CMD:[0x37]->[0x00]
[17:37:03:933]127850:[DBG]:CMD:[0x01]->[0x00]
[17:37:03:933]127852:[DBG]:CMD:[0x20]->[0x00]
[17:37:04:245]128152:[DBG]:CMD:[0x37]->[0x00]
[17:37:04:245]128154:[DBG]:CMD:[0x01]->[0x00]
[17:37:04:245]128154:[DBG]:CMD:[0x20]->[0x00]
[17:37:04:543]128456:[DBG]:CMD:[0x37]->[0x00]
[17:37:04:543]128456:[DBG]:CMD:[0x01]->[0x00]
[17:37:04:543]128460:[DBG]:CMD:[0x20]->[0x00]
[17:37:04:621]128534:[DBG]:IIC:TEMP ID 0:0x0058,0x0068,0x0018,0x009A,
[17:37:04:621]128534:[DBG]:IIC:TEMP ID 4:0x0064,0x006A,0x002A,0x0092,
[17:37:04:846]128760:[DBG]:CMD:[0x37]->[0x00]
[17:37:04:846]128762:[DBG]:CMD:[0x01]->[0x00]
[17:37:04:846]128762:[DBG]:CMD:[0x20]->[0x00]
[17:37:05:146]129064:[DBG]:CMD:[0x37]->[0x00]
[17:37:05:146]129064:[DBG]:CMD:[0x01]->[0x00]
[17:37:05:146]129066:[DBG]:CMD:[0x20]->[0x00]
[17:37:05:460]129368:[DBG]:CMD:[0x37]->[0x00]
[17:37:05:460]129368:[DBG]:CMD:[0x01]->[0x00]
[17:37:05:460]129370:[DBG]:CMD:[0x20]->[0x00]
[17:37:05:757]129670:[DBG]:CMD:[0x37]->[0x00]
[17:37:05:757]129672:[DBG]:CMD:[0x01]->[0x00]
[17:37:05:757]129672:[DBG]:CMD:[0x20]->[0x00]
[17:37:06:054]129974:[DBG]:CMD:[0x37]->[0x00]
[17:37:06:054]129974:[DBG]:CMD:[0x01]->[0x00]
[17:37:06:054]129976:[DBG]:CMD:[0x20]->[0x00]
[17:37:06:355]130278:[DBG]:CMD:[0x37]->[0x00]
[17:37:06:355]130278:[DBG]:CMD:[0x01]->[0x00]
[17:37:06:355]130280:[DBG]:CMD:[0x20]->[0x00]
[17:37:06:620]130534:[DBG]:IIC:TEMP ID 0:0x0059,0x0068,0x001F,0x009A,
[17:37:06:620]130534:[DBG]:IIC:TEMP ID 4:0x0069,0x006A,0x002F,0x0092,
[17:37:06:667]130580:[DBG]:CMD:[0x37]->[0x00]
[17:37:06:667]130582:[DBG]:CMD:[0x01]->[0x00]
[17:37:06:667]130582:[DBG]:CMD:[0x20]->[0x00]
[17:37:06:964]130884:[DBG]:CMD:[0x37]->[0x00]
[17:37:06:964]130884:[DBG]:CMD:[0x01]->[0x00]
[17:37:06:964]130886:[DBG]:CMD:[0x20]->[0x00]
[17:37:07:277]131188:[DBG]:CMD:[0x37]->[0x00]
[17:37:07:277]131188:[DBG]:CMD:[0x01]->[0x00]
[17:37:07:277]131190:[DBG]:CMD:[0x20]->[0x00]
[17:37:07:576]131490:[DBG]:CMD:[0x37]->[0x00]
[17:37:07:576]131492:[DBG]:CMD:[0x01]->[0x00]
[17:37:07:576]131492:[DBG]:CMD:[0x20]->[0x00]
[17:37:07:873]131794:[DBG]:CMD:[0x37]->[0x00]
[17:37:07:873]131794:[DBG]:CMD:[0x01]->[0x00]
[17:37:07:873]131796:[DBG]:CMD:[0x20]->[0x00]
[17:37:08:186]132098:[DBG]:CMD:[0x37]->[0x00]
[17:37:08:186]132098:[DBG]:CMD:[0x01]->[0x00]
[17:37:08:186]132100:[DBG]:CMD:[0x20]->[0x00]
[17:37:08:483]132400:[DBG]:CMD:[0x37]->[0x00]
[17:37:08:483]132402:[DBG]:CMD:[0x01]->[0x00]
[17:37:08:483]132402:[DBG]:CMD:[0x20]->[0x00]
[17:37:08:624]132534:[DBG]:IIC:TEMP ID 0:0x005C,0x0068,0x0022,0x009A,
[17:37:08:624]132534:[DBG]:IIC:TEMP ID 4:0x006A,0x006A,0x002C,0x0092,
[17:37:08:780]132704:[DBG]:CMD:[0x37]->[0x00]
[17:37:08:780]132704:[DBG]:CMD:[0x01]->[0x00]
[17:37:08:780]132706:[DBG]:CMD:[0x20]->[0x00]
[17:37:09:093]133008:[DBG]:CMD:[0x37]->[0x00]
[17:37:09:093]133008:[DBG]:CMD:[0x01]->[0x00]
[17:37:09:093]133010:[DBG]:CMD:[0x20]->[0x00]
[17:37:09:408]133310:[DBG]:CMD:[0x37]->[0x00]
[17:37:09:408]133312:[DBG]:CMD:[0x01]->[0x00]
[17:37:09:408]133312:[DBG]:CMD:[0x20]->[0x00]
[17:37:09:705]133614:[DBG]:CMD:[0x37]->[0x00]
[17:37:09:705]133614:[DBG]:CMD:[0x01]->[0x00]
[17:37:09:705]133618:[DBG]:CMD:[0x20]->[0x00]
[17:37:10:002]133920:[DBG]:CMD:[0x37]->[0x00]
[17:37:10:002]133922:[DBG]:CMD:[0x01]->[0x00]
[17:37:10:002]133922:[DBG]:CMD:[0x20]->[0x00]
[17:37:10:299]134224:[DBG]:CMD:[0x37]->[0x00]
[17:37:10:299]134224:[DBG]:CMD:[0x01]->[0x00]
[17:37:10:299]134226:[DBG]:CMD:[0x20]->[0x00]
[17:37:10:581]134528:[DBG]:CMD:[0x37]->[0x00]
[17:37:10:581]134528:[DBG]:CMD:[0x01]->[0x00]
[17:37:10:581]134528:[DBG]:CMD:[0x20]->[0x00]
[17:37:10:613]134534:[DBG]:IIC:TEMP ID 0:0x006B,0x0068,0x000D,0x009A,
[17:37:10:613]134534:[DBG]:IIC:TEMP ID 4:0x0069,0x006A,0x002F,0x0092,
[17:37:10:910]134830:[DBG]:CMD:[0x37]->[0x00]
[17:37:10:910]134832:[DBG]:CMD:[0x01]->[0x00]
[17:37:10:910]134832:[DBG]:CMD:[0x20]->[0x00]
[17:37:11:207]135134:[DBG]:CMD:[0x37]->[0x00]
[17:37:11:207]135134:[DBG]:CMD:[0x01]->[0x00]
[17:37:11:207]135136:[DBG]:CMD:[0x20]->[0x00]
[17:37:11:519]135436:[DBG]:CMD:[0x37]->[0x00]
[17:37:11:519]135438:[DBG]:CMD:[0x01]->[0x00]
[17:37:11:519]135438:[DBG]:CMD:[0x20]->[0x00]
[17:37:11:816]135740:[DBG]:CMD:[0x37]->[0x00]
[17:37:11:816]135740:[DBG]:CMD:[0x01]->[0x00]
[17:37:11:816]135742:[DBG]:CMD:[0x20]->[0x00]
[17:37:12:128]136042:[DBG]:CMD:[0x37]->[0x00]
[17:37:12:128]136042:[DBG]:CMD:[0x01]->[0x00]
[17:37:12:128]136044:[DBG]:CMD:[0x20]->[0x00]
[17:37:12:425]136346:[DBG]:CMD:[0x37]->[0x00]
[17:37:12:425]136346:[DBG]:CMD:[0x01]->[0x00]
[17:37:12:425]136346:[DBG]:CMD:[0x20]->[0x00]
[17:37:12:612]136534:[DBG]:IIC:TEMP ID 0:0x004E,0x0068,0x001C,0x009A,
[17:37:12:612]136534:[DBG]:IIC:TEMP ID 4:0x006A,0x006A,0x0034,0x0092,
[17:37:12:738]136648:[DBG]:CMD:[0x37]->[0x00]
[17:37:12:738]136650:[DBG]:CMD:[0x01]->[0x00]
[17:37:12:738]136650:[DBG]:CMD:[0x20]->[0x00]
[17:37:13:034]136952:[DBG]:CMD:[0x37]->[0x00]
[17:37:13:034]136952:[DBG]:CMD:[0x01]->[0x00]
[17:37:13:034]136954:[DBG]:CMD:[0x20]->[0x00]
[17:37:13:331]137254:[DBG]:CMD:[0x37]->[0x00]
[17:37:13:331]137254:[DBG]:CMD:[0x01]->[0x00]
[17:37:13:331]137256:[DBG]:CMD:[0x20]->[0x00]
[17:37:13:643]137556:[DBG]:CMD:[0x37]->[0x00]
[17:37:13:643]137560:[DBG]:CMD:[0x01]->[0x00]
[17:37:13:643]137560:[DBG]:CMD:[0x20]->[0x00]
[17:37:13:940]137862:[DBG]:CMD:[0x37]->[0x00]
[17:37:13:940]137862:[DBG]:CMD:[0x01]->[0x00]
[17:37:13:940]137864:[DBG]:CMD:[0x20]->[0x00]
[17:37:14:237]138164:[DBG]:CMD:[0x37]->[0x00]
[17:37:14:237]138164:[DBG]:CMD:[0x01]->[0x00]
[17:37:14:237]138166:[DBG]:CMD:[0x20]->[0x00]
[17:37:14:550]138468:[DBG]:CMD:[0x37]->[0x00]
[17:37:14:550]138468:[DBG]:CMD:[0x01]->[0x00]
[17:37:14:550]138468:[DBG]:CMD:[0x20]->[0x00]
[17:37:14:612]138534:[DBG]:IIC:TEMP ID 0:0x005D,0x0068,0x0013,0x009A,
[17:37:14:612]138534:[DBG]:IIC:TEMP ID 4:0x0065,0x006A,0x0035,0x0092,
[17:37:14:846]138770:[DBG]:CMD:[0x37]->[0x00]
[17:37:14:846]138772:[DBG]:CMD:[0x01]->[0x00]
[17:37:14:846]138772:[DBG]:CMD:[0x20]->[0x00]
[17:37:15:143]139074:[DBG]:CMD:[0x37]->[0x00]
[17:37:15:143]139074:[DBG]:CMD:[0x01]->[0x00]
[17:37:15:143]139076:[DBG]:CMD:[0x20]->[0x00]
[17:37:15:456]139376:[DBG]:CMD:[0x37]->[0x00]
[17:37:15:456]139376:[DBG]:CMD:[0x01]->[0x00]
[17:37:15:456]139378:[DBG]:CMD:[0x20]->[0x00]
[17:37:15:753]139680:[DBG]:CMD:[0x37]->[0x00]
[17:37:15:753]139680:[DBG]:CMD:[0x01]->[0x00]
[17:37:15:753]139680:[DBG]:CMD:[0x20]->[0x00]
[17:37:16:056]139982:[DBG]:CMD:[0x37]->[0x00]
[17:37:16:056]139982:[DBG]:CMD:[0x01]->[0x00]
[17:37:16:056]139984:[DBG]:CMD:[0x20]->[0x00]
[17:37:16:368]140286:[DBG]:CMD:[0x37]->[0x00]
[17:37:16:368]140286:[DBG]:CMD:[0x01]->[0x00]
[17:37:16:368]140286:[DBG]:CMD:[0x20]->[0x00]
[17:37:16:618]140534:[DBG]:IIC:TEMP ID 0:0x004C,0x0068,0x0018,0x009A,
[17:37:16:618]140534:[DBG]:IIC:TEMP ID 4:0x006A,0x006A,0x002E,0x0092,
[17:37:16:665]140588:[DBG]:CMD:[0x37]->[0x00]
[17:37:16:665]140588:[DBG]:CMD:[0x01]->[0x00]
[17:37:16:665]140590:[DBG]:CMD:[0x20]->[0x00]
[17:37:16:964]140890:[DBG]:CMD:[0x37]->[0x00]
[17:37:16:964]140892:[DBG]:CMD:[0x01]->[0x00]
[17:37:16:964]140892:[DBG]:CMD:[0x20]->[0x00]
[17:37:17:261]141194:[DBG]:CMD:[0x37]->[0x00]
[17:37:17:261]141194:[DBG]:CMD:[0x01]->[0x00]
[17:37:17:261]141196:[DBG]:CMD:[0x20]->[0x00]
[17:37:17:574]141498:[DBG]:CMD:[0x37]->[0x00]
[17:37:17:574]141498:[DBG]:CMD:[0x01]->[0x00]
[17:37:17:574]141498:[DBG]:CMD:[0x20]->[0x00]
[17:37:17:871]141800:[DBG]:CMD:[0x37]->[0x00]
[17:37:17:871]141800:[DBG]:CMD:[0x01]->[0x00]
[17:37:17:871]141802:[DBG]:CMD:[0x20]->[0x00]
[17:37:18:183]142104:[DBG]:CMD:[0x37]->[0x00]
[17:37:18:183]142104:[DBG]:CMD:[0x01]->[0x00]
[17:37:18:183]142104:[DBG]:CMD:[0x20]->[0x00]
[17:37:18:495]142406:[DBG]:CMD:[0x37]->[0x00]
[17:37:18:495]142408:[DBG]:CMD:[0x01]->[0x00]
[17:37:18:495]142408:[DBG]:CMD:[0x20]->[0x00]
[17:37:18:605]142534:[DBG]:IIC:TEMP ID 0:0x004F,0x0068,0x0019,0x009A,
[17:37:18:605]142534:[DBG]:IIC:TEMP ID 4:0x006B,0x006A,0x001F,0x0092,
[17:37:18:792]142710:[DBG]:CMD:[0x37]->[0x00]
[17:37:18:792]142710:[DBG]:CMD:[0x01]->[0x00]
[17:37:18:792]142712:[DBG]:CMD:[0x20]->[0x00]
[17:37:19:089]143012:[DBG]:CMD:[0x37]->[0x00]
[17:37:19:089]143014:[DBG]:CMD:[0x01]->[0x00]
[17:37:19:089]143014:[DBG]:CMD:[0x20]->[0x00]
[17:37:19:401]143318:[DBG]:CMD:[0x37]->[0x00]
[17:37:19:401]143320:[DBG]:CMD:[0x01]->[0x00]
[17:37:19:401]143322:[DBG]:CMD:[0x20]->[0x00]
[17:37:19:698]143622:[DBG]:CMD:[0x37]->[0x00]
[17:37:19:698]143622:[DBG]:CMD:[0x01]->[0x00]
[17:37:19:698]143624:[DBG]:CMD:[0x20]->[0x00]
[17:37:19:995]143926:[DBG]:CMD:[0x37]->[0x00]
[17:37:19:995]143926:[DBG]:CMD:[0x01]->[0x00]
[17:37:19:995]143928:[DBG]:CMD:[0x20]->[0x00]
[17:37:20:307]144228:[DBG]:CMD:[0x37]->[0x00]
[17:37:20:307]144230:[DBG]:CMD:[0x01]->[0x00]
[17:37:20:307]144230:[DBG]:CMD:[0x20]->[0x00]
[17:37:20:573]144532:[DBG]:CMD:[0x37]->[0x00]
[17:37:20:573]144532:[DBG]:CMD:[0x01]->[0x00]
[17:37:20:573]144534:[DBG]:IIC:TEMP ID 0:0x0060,0x0068,0x001A,0x009A,
[17:37:20:620]144534:[DBG]:IIC:TEMP ID 4:0x006A,0x006A,0x002C,0x0092,
[17:37:20:620]144534:[DBG]:CMD:[0x20]->[0x00]
[17:37:20:901]144836:[DBG]:CMD:[0x37]->[0x00]
[17:37:20:901]144836:[DBG]:CMD:[0x01]->[0x00]
[17:37:20:901]144838:[DBG]:CMD:[0x20]->[0x00]
[17:37:21:214]145138:[DBG]:CMD:[0x37]->[0x00]
[17:37:21:214]145138:[DBG]:CMD:[0x01]->[0x00]
[17:37:21:214]145140:[DBG]:CMD:[0x20]->[0x00]
[17:37:21:510]145440:[DBG]:CMD:[0x37]->[0x00]
[17:37:21:510]145442:[DBG]:CMD:[0x01]->[0x00]
[17:37:21:510]145442:[DBG]:CMD:[0x20]->[0x00]
[17:37:21:823]145744:[DBG]:CMD:[0x37]->[0x00]
[17:37:21:823]145744:[DBG]:CMD:[0x01]->[0x00]
[17:37:21:823]145746:[DBG]:CMD:[0x20]->[0x00]
[17:37:22:120]146048:[DBG]:CMD:[0x37]->[0x00]
[17:37:22:120]146048:[DBG]:CMD:[0x01]->[0x00]
[17:37:22:120]146050:[DBG]:CMD:[0x20]->[0x00]
[17:37:22:416]146350:[DBG]:CMD:[0x37]->[0x00]
[17:37:22:416]146352:[DBG]:CMD:[0x01]->[0x00]
[17:37:22:416]146352:[DBG]:CMD:[0x20]->[0x00]
[17:37:22:604]146534:[DBG]:IIC:TEMP ID 0:0x0055,0x0068,0x000B,0x009A,
[17:37:22:604]146534:[DBG]:IIC:TEMP ID 4:0x006B,0x006A,0x003B,0x0092,
[17:37:22:729]146654:[DBG]:CMD:[0x37]->[0x00]
[17:37:22:729]146654:[DBG]:CMD:[0x01]->[0x00]
[17:37:22:729]146654:[DBG]:CMD:[0x20]->[0x00]
[17:37:23:026]146956:[DBG]:CMD:[0x37]->[0x00]
[17:37:23:026]146956:[DBG]:CMD:[0x01]->[0x00]
[17:37:23:026]146960:[DBG]:CMD:[0x20]->[0x00]
[17:37:23:322]147260:[DBG]:CMD:[0x37]->[0x00]
[17:37:23:322]147260:[DBG]:CMD:[0x01]->[0x00]
[17:37:23:322]147262:[DBG]:CMD:[0x20]->[0x00]
[17:37:23:635]147564:[DBG]:CMD:[0x37]->[0x00]
[17:37:23:635]147564:[DBG]:CMD:[0x01]->[0x00]
[17:37:23:635]147564:[DBG]:CMD:[0x20]->[0x00]
[17:37:23:931]147866:[DBG]:CMD:[0x37]->[0x00]
[17:37:23:931]147866:[DBG]:CMD:[0x01]->[0x00]
[17:37:23:931]147868:[DBG]:CMD:[0x20]->[0x00]
[17:37:24:244]148168:[DBG]:CMD:[0x37]->[0x00]
[17:37:24:244]148170:[DBG]:CMD:[0x01]->[0x00]
[17:37:24:244]148170:[DBG]:CMD:[0x20]->[0x00]
[17:37:24:540]148472:[DBG]:CMD:[0x37]->[0x00]
[17:37:24:540]148472:[DBG]:CMD:[0x01]->[0x00]
[17:37:24:540]148474:[DBG]:CMD:[0x20]->[0x00]
[17:37:24:603]148534:[DBG]:IIC:TEMP ID 0:0x0052,0x0068,0x0000,0x009A,
[17:37:24:603]148534:[DBG]:IIC:TEMP ID 4:0x006A,0x006A,0x0042,0x0092,
[17:37:24:838]148774:[DBG]:CMD:[0x37]->[0x00]
[17:37:24:838]148776:[DBG]:CMD:[0x01]->[0x00]
[17:37:24:838]148776:[DBG]:CMD:[0x20]->[0x00]
[17:37:25:150]149078:[DBG]:CMD:[0x37]->[0x00]
[17:37:25:150]149078:[DBG]:CMD:[0x01]->[0x00]
[17:37:25:150]149080:[DBG]:CMD:[0x20]->[0x00]
[17:37:25:447]149380:[DBG]:CMD:[0x37]->[0x00]
[17:37:25:447]149380:[DBG]:CMD:[0x01]->[0x00]
[17:37:25:447]149382:[DBG]:CMD:[0x20]->[0x00]
[17:37:25:744]149682:[DBG]:CMD:[0x37]->[0x00]
[17:37:25:744]149684:[DBG]:CMD:[0x01]->[0x00]
[17:37:25:744]149684:[DBG]:CMD:[0x20]->[0x00]
[17:37:26:056]149986:[DBG]:CMD:[0x37]->[0x00]
[17:37:26:056]149986:[DBG]:CMD:[0x01]->[0x00]
[17:37:26:056]149988:[DBG]:CMD:[0x20]->[0x00]
[17:37:26:353]150288:[DBG]:CMD:[0x37]->[0x00]
[17:37:26:353]150290:[DBG]:CMD:[0x01]->[0x00]
[17:37:26:353]150290:[DBG]:CMD:[0x20]->[0x00]
[17:37:26:603]150534:[DBG]:IIC:TEMP ID 0:0x0051,0x0068,0x000B,0x009A,
[17:37:26:603]150534:[DBG]:IIC:TEMP ID 4:0x006D,0x006A,0x0029,0x0092,
[17:37:26:650]150592:[DBG]:CMD:[0x37]->[0x00]
[17:37:26:650]150592:[DBG]:CMD:[0x01]->[0x00]
[17:37:26:650]150594:[DBG]:CMD:[0x20]->[0x00]
[17:37:26:962]150894:[DBG]:CMD:[0x37]->[0x00]
[17:37:26:962]150896:[DBG]:CMD:[0x01]->[0x00]
[17:37:26:962]150896:[DBG]:CMD:[0x20]->[0x00]
[17:37:27:259]151198:[DBG]:CMD:[0x37]->[0x00]
[17:37:27:259]151198:[DBG]:CMD:[0x01]->[0x00]
[17:37:27:259]151200:[DBG]:CMD:[0x20]->[0x00]
[17:37:27:571]151500:[DBG]:CMD:[0x37]->[0x00]
[17:37:27:571]151500:[DBG]:CMD:[0x01]->[0x00]
[17:37:27:571]151502:[DBG]:CMD:[0x20]->[0x00]
[17:37:27:868]151804:[DBG]:CMD:[0x37]->[0x00]
[17:37:27:868]151804:[DBG]:CMD:[0x01]->[0x00]
[17:37:27:868]151804:[DBG]:CMD:[0x20]->[0x00]
[17:37:28:181]152106:[DBG]:CMD:[0x37]->[0x00]
[17:37:28:181]152106:[DBG]:CMD:[0x01]->[0x00]
[17:37:28:181]152108:[DBG]:CMD:[0x20]->[0x00]
[17:37:28:477]152408:[DBG]:CMD:[0x37]->[0x00]
[17:37:28:477]152410:[DBG]:CMD:[0x01]->[0x00]
[17:37:28:477]152410:[DBG]:CMD:[0x20]->[0x00]
[17:37:28:602]152534:[DBG]:IIC:TEMP ID 0:0x0050,0x0068,0x000A,0x009A,
[17:37:28:602]152534:[DBG]:IIC:TEMP ID 4:0x006C,0x006A,0x001C,0x0092,
[17:37:28:790]152712:[DBG]:CMD:[0x37]->[0x00]
[17:37:28:790]152712:[DBG]:CMD:[0x01]->[0x00]
[17:37:28:790]152714:[DBG]:CMD:[0x20]->[0x00]
[17:37:29:087]153014:[DBG]:CMD:[0x37]->[0x00]
[17:37:29:087]153016:[DBG]:CMD:[0x01]->[0x00]
[17:37:29:087]153018:[DBG]:CMD:[0x20]->[0x00]
[17:37:29:383]153320:[DBG]:CMD:[0x37]->[0x00]
[17:37:29:383]153322:[DBG]:CMD:[0x01]->[0x00]
[17:37:29:383]153322:[DBG]:CMD:[0x20]->[0x00]
[17:37:29:680]153624:[DBG]:CMD:[0x37]->[0x00]
[17:37:29:680]153624:[DBG]:CMD:[0x01]->[0x00]
[17:37:29:680]153626:[DBG]:CMD:[0x20]->[0x00]
[17:37:29:993]153926:[DBG]:CMD:[0x37]->[0x00]
[17:37:29:993]153928:[DBG]:CMD:[0x01]->[0x00]
[17:37:29:993]153928:[DBG]:CMD:[0x20]->[0x00]
[17:37:30:289]154230:[DBG]:CMD:[0x37]->[0x00]
[17:37:30:289]154230:[DBG]:CMD:[0x01]->[0x00]
[17:37:30:289]154232:[DBG]:CMD:[0x20]->[0x00]
[17:37:30:570]154534:[DBG]:IIC:TEMP ID 0:0x005F,0x0068,0x0003,0x009A,
[17:37:30:570]154534:[DBG]:IIC:TEMP ID 4:0x0069,0x006A,0x001D,0x0092,
[17:37:30:602]154534:[DBG]:CMD:[0x37]->[0x00]
[17:37:30:602]154534:[DBG]:CMD:[0x01]->[0x00]
[17:37:30:602]154536:[DBG]:CMD:[0x20]->[0x00]
[17:37:30:899]154838:[DBG]:CMD:[0x37]->[0x00]
[17:37:30:899]154838:[DBG]:CMD:[0x01]->[0x00]
[17:37:30:899]154840:[DBG]:CMD:[0x20]->[0x00]
[17:37:31:195]155140:[DBG]:CMD:[0x37]->[0x00]
[17:37:31:195]155142:[DBG]:CMD:[0x01]->[0x00]
[17:37:31:195]155142:[DBG]:CMD:[0x20]->[0x00]
[17:37:31:508]155444:[DBG]:CMD:[0x37]->[0x00]
[17:37:31:508]155444:[DBG]:CMD:[0x01]->[0x00]
[17:37:31:508]155446:[DBG]:CMD:[0x20]->[0x00]
[17:37:31:805]155746:[DBG]:CMD:[0x37]->[0x00]
[17:37:31:805]155746:[DBG]:CMD:[0x01]->[0x00]
[17:37:31:805]155748:[DBG]:CMD:[0x20]->[0x00]
[17:37:32:117]156048:[DBG]:CMD:[0x37]->[0x00]
[17:37:32:117]156050:[DBG]:CMD:[0x01]->[0x00]
[17:37:32:117]156050:[DBG]:CMD:[0x20]->[0x00]
[17:37:32:414]156352:[DBG]:CMD:[0x37]->[0x00]
[17:37:32:414]156352:[DBG]:CMD:[0x01]->[0x00]
[17:37:32:414]156354:[DBG]:CMD:[0x20]->[0x00]
[17:37:32:601]156534:[DBG]:IIC:TEMP ID 0:0x005C,0x0068,0x00EA,0x0099,
[17:37:32:601]156534:[DBG]:IIC:TEMP ID 4:0x006A,0x006A,0x0020,0x0092,
[17:37:32:711]156656:[DBG]:CMD:[0x37]->[0x00]
[17:37:32:711]156656:[DBG]:CMD:[0x01]->[0x00]
[17:37:32:711]156656:[DBG]:CMD:[0x20]->[0x00]
[17:37:33:023]156960:[DBG]:CMD:[0x37]->[0x00]
[17:37:33:023]156960:[DBG]:CMD:[0x01]->[0x00]
[17:37:33:023]156960:[DBG]:CMD:[0x20]->[0x00]
[17:37:33:320]157262:[DBG]:CMD:[0x37]->[0x00]
[17:37:33:320]157264:[DBG]:CMD:[0x01]->[0x00]
[17:37:33:320]157264:[DBG]:CMD:[0x20]->[0x00]
[17:37:33:617]157566:[DBG]:CMD:[0x37]->[0x00]
[17:37:33:617]157566:[DBG]:CMD:[0x01]->[0x00]
[17:37:33:617]157568:[DBG]:CMD:[0x20]->[0x00]
[17:37:33:929]157870:[DBG]:CMD:[0x37]->[0x00]
[17:37:33:929]157870:[DBG]:CMD:[0x01]->[0x00]
[17:37:33:929]157870:[DBG]:CMD:[0x20]->[0x00]
[17:37:34:226]158172:[DBG]:CMD:[0x37]->[0x00]
[17:37:34:226]158174:[DBG]:CMD:[0x01]->[0x00]
[17:37:34:226]158174:[DBG]:CMD:[0x20]->[0x00]
[17:37:34:539]158476:[DBG]:CMD:[0x37]->[0x00]
[17:37:34:539]158476:[DBG]:CMD:[0x01]->[0x00]
[17:37:34:539]158478:[DBG]:CMD:[0x20]->[0x00]
[17:37:34:585]158534:[DBG]:IIC:TEMP ID 0:0x005F,0x0068,0x00F7,0x0099,
[17:37:34:585]158534:[DBG]:IIC:TEMP ID 4:0x006D,0x006A,0x001F,0x0092,
[17:37:34:835]158780:[DBG]:CMD:[0x37]->[0x00]
[17:37:34:835]158780:[DBG]:CMD:[0x01]->[0x00]
[17:37:34:835]158780:[DBG]:CMD:[0x20]->[0x00]
[17:37:35:132]159082:[DBG]:CMD:[0x37]->[0x00]
[17:37:35:132]159084:[DBG]:CMD:[0x01]->[0x00]
[17:37:35:132]159084:[DBG]:CMD:[0x20]->[0x00]
[17:37:35:445]159386:[DBG]:CMD:[0x37]->[0x00]
[17:37:35:445]159386:[DBG]:CMD:[0x01]->[0x00]
[17:37:35:445]159388:[DBG]:CMD:[0x20]->[0x00]
[17:37:35:741]159690:[DBG]:CMD:[0x37]->[0x00]
[17:37:35:741]159690:[DBG]:CMD:[0x01]->[0x00]
[17:37:35:741]159690:[DBG]:CMD:[0x20]->[0x00]
[17:37:36:054]159992:[DBG]:CMD:[0x37]->[0x00]
[17:37:36:054]159994:[DBG]:CMD:[0x01]->[0x00]
[17:37:36:054]159994:[DBG]:CMD:[0x20]->[0x00]
[17:37:36:351]160296:[DBG]:CMD:[0x37]->[0x00]
[17:37:36:351]160296:[DBG]:CMD:[0x01]->[0x00]
[17:37:36:351]160298:[DBG]:CMD:[0x20]->[0x00]
[17:37:36:585]160534:[DBG]:IIC:TEMP ID 0:0x0058,0x0068,0x00FA,0x0099,
[17:37:36:585]160534:[DBG]:IIC:TEMP ID 4:0x006C,0x006A,0x0020,0x0092,
[17:37:36:647]160600:[DBG]:CMD:[0x37]->[0x00]
[17:37:36:647]160600:[DBG]:CMD:[0x01]->[0x00]
[17:37:36:647]160602:[DBG]:CMD:[0x20]->[0x00]
[17:37:36:960]160902:[DBG]:CMD:[0x37]->[0x00]
[17:37:36:960]160904:[DBG]:CMD:[0x01]->[0x00]
[17:37:36:960]160904:[DBG]:CMD:[0x20]->[0x00]
[17:37:37:272]161206:[DBG]:CMD:[0x37]->[0x00]
[17:37:37:272]161206:[DBG]:CMD:[0x01]->[0x00]
[17:37:37:272]161208:[DBG]:CMD:[0x20]->[0x00]
[17:37:37:569]161510:[DBG]:CMD:[0x37]->[0x00]
[17:37:37:569]161510:[DBG]:CMD:[0x01]->[0x00]
[17:37:37:569]161512:[DBG]:CMD:[0x20]->[0x00]
[17:37:37:881]161812:[DBG]:CMD:[0x37]->[0x00]
[17:37:37:881]161814:[DBG]:CMD:[0x01]->[0x00]
[17:37:37:881]161814:[DBG]:CMD:[0x20]->[0x00]
[17:37:38:178]162118:[DBG]:CMD:[0x37]->[0x00]
[17:37:38:178]162120:[DBG]:CMD:[0x01]->[0x00]
[17:37:38:178]162122:[DBG]:CMD:[0x20]->[0x00]
[17:37:38:475]162422:[DBG]:CMD:[0x37]->[0x00]
[17:37:38:475]162422:[DBG]:CMD:[0x01]->[0x00]
[17:37:38:475]162424:[DBG]:CMD:[0x20]->[0x00]
[17:37:38:584]162534:[DBG]:IIC:TEMP ID 0:0x0061,0x0068,0x0003,0x009A,
[17:37:38:584]162534:[DBG]:IIC:TEMP ID 4:0x0069,0x006A,0x0025,0x0092,
[17:37:38:772]162726:[DBG]:CMD:[0x37]->[0x00]
[17:37:38:772]162726:[DBG]:CMD:[0x01]->[0x00]
[17:37:38:772]162728:[DBG]:CMD:[0x20]->[0x00]
[17:37:39:084]163030:[DBG]:CMD:[0x37]->[0x00]
[17:37:39:084]163030:[DBG]:CMD:[0x01]->[0x00]
[17:37:39:084]163030:[DBG]:CMD:[0x20]->[0x00]
[17:37:39:381]163332:[DBG]:CMD:[0x37]->[0x00]
[17:37:39:381]163334:[DBG]:CMD:[0x01]->[0x00]
[17:37:39:381]163334:[DBG]:CMD:[0x20]->[0x00]
[17:37:39:693]163636:[DBG]:CMD:[0x37]->[0x00]
[17:37:39:693]163636:[DBG]:CMD:[0x01]->[0x00]
[17:37:39:693]163638:[DBG]:CMD:[0x20]->[0x00]
[17:37:39:990]163940:[DBG]:CMD:[0x37]->[0x00]
[17:37:39:990]163940:[DBG]:CMD:[0x01]->[0x00]
[17:37:39:990]163940:[DBG]:CMD:[0x20]->[0x00]
[17:37:40:287]164242:[DBG]:CMD:[0x37]->[0x00]
[17:37:40:287]164244:[DBG]:CMD:[0x01]->[0x00]
[17:37:40:287]164244:[DBG]:CMD:[0x20]->[0x00]
[17:37:40:553]164534:[DBG]:IIC:TEMP ID 0:0x0048,0x0068,0x00F8,0x0099,
[17:37:40:553]164534:[DBG]:IIC:TEMP ID 4:0x006A,0x006A,0x0026,0x0092,
[17:37:40:600]164546:[DBG]:CMD:[0x37]->[0x00]
[17:37:40:600]164546:[DBG]:CMD:[0x01]->[0x00]
[17:37:40:600]164548:[DBG]:CMD:[0x20]->[0x00]
[17:37:40:896]164850:[DBG]:CMD:[0x37]->[0x00]
[17:37:40:896]164850:[DBG]:CMD:[0x01]->[0x00]
[17:37:40:896]164850:[DBG]:CMD:[0x20]->[0x00]
[17:37:41:208]165152:[DBG]:CMD:[0x37]->[0x00]
[17:37:41:208]165154:[DBG]:CMD:[0x01]->[0x00]
[17:37:41:208]165154:[DBG]:CMD:[0x20]->[0x00]
[17:37:41:506]165456:[DBG]:CMD:[0x37]->[0x00]
[17:37:41:506]165456:[DBG]:CMD:[0x01]->[0x00]
[17:37:41:506]165460:[DBG]:CMD:[0x20]->[0x00]
[17:37:41:818]165760:[DBG]:CMD:[0x37]->[0x00]
[17:37:41:818]165760:[DBG]:CMD:[0x01]->[0x00]
[17:37:41:818]165762:[DBG]:CMD:[0x20]->[0x00]
[17:37:42:115]166064:[DBG]:CMD:[0x37]->[0x00]
[17:37:42:115]166064:[DBG]:CMD:[0x01]->[0x00]
[17:37:42:115]166066:[DBG]:CMD:[0x20]->[0x00]
[17:37:42:412]166368:[DBG]:CMD:[0x37]->[0x00]
[17:37:42:412]166368:[DBG]:CMD:[0x01]->[0x00]
[17:37:42:412]166368:[DBG]:CMD:[0x20]->[0x00]
[17:37:42:583]166534:[DBG]:IIC:TEMP ID 0:0x0051,0x0068,0x00E3,0x0099,
[17:37:42:583]166534:[DBG]:IIC:TEMP ID 4:0x0073,0x006A,0x0021,0x0092,
[17:37:42:724]166670:[DBG]:CMD:[0x37]->[0x00]
[17:37:42:724]166672:[DBG]:CMD:[0x01]->[0x00]
[17:37:42:724]166672:[DBG]:CMD:[0x20]->[0x00]
[17:37:43:021]166974:[DBG]:CMD:[0x37]->[0x00]
[17:37:43:021]166974:[DBG]:CMD:[0x01]->[0x00]
[17:37:43:021]166976:[DBG]:CMD:[0x20]->[0x00]
[17:37:43:333]167278:[DBG]:CMD:[0x37]->[0x00]
[17:37:43:333]167278:[DBG]:CMD:[0x01]->[0x00]
[17:37:43:333]167278:[DBG]:CMD:[0x20]->[0x00]
[17:37:43:630]167580:[DBG]:CMD:[0x37]->[0x00]
[17:37:43:630]167582:[DBG]:CMD:[0x01]->[0x00]
[17:37:43:630]167582:[DBG]:CMD:[0x20]->[0x00]
[17:37:43:927]167884:[DBG]:CMD:[0x37]->[0x00]
[17:37:43:927]167884:[DBG]:CMD:[0x01]->[0x00]
[17:37:43:927]167886:[DBG]:CMD:[0x20]->[0x00]
[17:37:44:239]168188:[DBG]:CMD:[0x37]->[0x00]
[17:37:44:239]168188:[DBG]:CMD:[0x01]->[0x00]
[17:37:44:239]168188:[DBG]:CMD:[0x20]->[0x00]
[17:37:44:536]168490:[DBG]:CMD:[0x37]->[0x00]
[17:37:44:536]168492:[DBG]:CMD:[0x01]->[0x00]
[17:37:44:536]168492:[DBG]:CMD:[0x20]->[0x00]
[17:37:44:583]168534:[DBG]:IIC:TEMP ID 0:0x004C,0x0068,0x00E0,0x0099,
[17:37:44:583]168534:[DBG]:IIC:TEMP ID 4:0x006A,0x006A,0x001A,0x0092,
[17:37:44:833]168794:[DBG]:CMD:[0x37]->[0x00]
[17:37:44:833]168794:[DBG]:CMD:[0x01]->[0x00]
[17:37:44:833]168796:[DBG]:CMD:[0x20]->[0x00]
[17:37:45:145]169096:[DBG]:CMD:[0x37]->[0x00]
[17:37:45:145]169098:[DBG]:CMD:[0x01]->[0x00]
[17:37:45:145]169098:[DBG]:CMD:[0x20]->[0x00]
[17:37:45:442]169400:[DBG]:CMD:[0x37]->[0x00]
[17:37:45:442]169400:[DBG]:CMD:[0x01]->[0x00]
[17:37:45:442]169402:[DBG]:CMD:[0x20]->[0x00]
[17:37:45:754]169702:[DBG]:CMD:[0x37]->[0x00]
[17:37:45:754]169702:[DBG]:CMD:[0x01]->[0x00]
[17:37:45:754]169704:[DBG]:CMD:[0x20]->[0x00]
[17:37:46:051]170006:[DBG]:CMD:[0x37]->[0x00]
[17:37:46:051]170006:[DBG]:CMD:[0x01]->[0x00]
[17:37:46:051]170006:[DBG]:CMD:[0x20]->[0x00]
[17:37:46:364]170308:[DBG]:CMD:[0x37]->[0x00]
[17:37:46:364]170308:[DBG]:CMD:[0x01]->[0x00]
[17:37:46:364]170310:[DBG]:CMD:[0x20]->[0x00]
[17:37:46:583]170534:[DBG]:IIC:TEMP ID 0:0x005F,0x0068,0x00D9,0x0099,
[17:37:46:583]170534:[DBG]:IIC:TEMP ID 4:0x0069,0x006A,0x002B,0x0092,
[17:37:46:661]170610:[DBG]:CMD:[0x37]->[0x00]
[17:37:46:661]170612:[DBG]:CMD:[0x01]->[0x00]
[17:37:46:661]170612:[DBG]:CMD:[0x20]->[0x00]
[17:37:46:973]170914:[DBG]:CMD:[0x37]->[0x00]
[17:37:46:973]170914:[DBG]:CMD:[0x01]->[0x00]
[17:37:46:973]170918:[DBG]:CMD:[0x20]->[0x00]
[17:37:47:270]171220:[DBG]:CMD:[0x37]->[0x00]
[17:37:47:270]171222:[DBG]:CMD:[0x01]->[0x00]
[17:37:47:270]171222:[DBG]:CMD:[0x20]->[0x00]
[17:37:47:567]171524:[DBG]:CMD:[0x37]->[0x00]
[17:37:47:567]171524:[DBG]:CMD:[0x01]->[0x00]
[17:37:47:567]171524:[DBG]:CMD:[0x20]->[0x00]
[17:37:47:863]171826:[DBG]:CMD:[0x37]->[0x00]
[17:37:47:863]171828:[DBG]:CMD:[0x01]->[0x00]
[17:37:47:863]171828:[DBG]:CMD:[0x20]->[0x00]
[17:37:48:176]172130:[DBG]:CMD:[0x37]->[0x00]
[17:37:48:176]172130:[DBG]:CMD:[0x01]->[0x00]
[17:37:48:176]172132:[DBG]:CMD:[0x20]->[0x00]
[17:37:48:473]172432:[DBG]:CMD:[0x37]->[0x00]
[17:37:48:473]172434:[DBG]:CMD:[0x01]->[0x00]
[17:37:48:473]172434:[DBG]:CMD:[0x20]->[0x00]
[17:37:48:582]172534:[DBG]:IIC:TEMP ID 0:0x0050,0x0068,0x00F6,0x0099,
[17:37:48:582]172534:[DBG]:IIC:TEMP ID 4:0x006C,0x006A,0x001E,0x0092,
[17:37:48:785]172736:[DBG]:CMD:[0x37]->[0x00]
[17:37:48:785]172736:[DBG]:CMD:[0x01]->[0x00]
[17:37:48:785]172738:[DBG]:CMD:[0x20]->[0x00]
[17:37:49:082]173040:[DBG]:CMD:[0x37]->[0x00]
[17:37:49:082]173040:[DBG]:CMD:[0x01]->[0x00]
[17:37:49:082]173042:[DBG]:CMD:[0x20]->[0x00]
[17:37:49:379]173342:[DBG]:CMD:[0x37]->[0x00]
[17:37:49:379]173342:[DBG]:CMD:[0x01]->[0x00]
[17:37:49:379]173344:[DBG]:CMD:[0x20]->[0x00]
[17:37:49:691]173646:[DBG]:CMD:[0x37]->[0x00]
[17:37:49:691]173646:[DBG]:CMD:[0x01]->[0x00]
[17:37:49:691]173646:[DBG]:CMD:[0x20]->[0x00]
[17:37:49:988]173948:[DBG]:CMD:[0x37]->[0x00]
[17:37:49:988]173948:[DBG]:CMD:[0x01]->[0x00]
[17:37:49:988]173950:[DBG]:CMD:[0x20]->[0x00]
[17:37:50:300]174252:[DBG]:CMD:[0x37]->[0x00]
[17:37:50:300]174252:[DBG]:CMD:[0x01]->[0x00]
[17:37:50:300]174254:[DBG]:CMD:[0x20]->[0x00]
[17:37:50:566]174534:[DBG]:IIC:TEMP ID 0:0x005B,0x0068,0x00F3,0x0099,
[17:37:50:566]174534:[DBG]:IIC:TEMP ID 4:0x006D,0x006A,0x0025,0x0092,
[17:37:50:597]174556:[DBG]:CMD:[0x37]->[0x00]
[17:37:50:597]174556:[DBG]:CMD:[0x01]->[0x00]
[17:37:50:597]174556:[DBG]:CMD:[0x20]->[0x00]
[17:37:50:894]174860:[DBG]:CMD:[0x37]->[0x00]
[17:37:50:894]174860:[DBG]:CMD:[0x01]->[0x00]
[17:37:50:894]174860:[DBG]:CMD:[0x20]->[0x00]
[17:37:51:206]175162:[DBG]:CMD:[0x37]->[0x00]
[17:37:51:206]175164:[DBG]:CMD:[0x01]->[0x00]
[17:37:51:206]175164:[DBG]:CMD:[0x20]->[0x00]
[17:37:51:503]175466:[DBG]:CMD:[0x37]->[0x00]
[17:37:51:503]175466:[DBG]:CMD:[0x01]->[0x00]
[17:37:51:503]175468:[DBG]:CMD:[0x20]->[0x00]
[17:37:51:815]175768:[DBG]:CMD:[0x37]->[0x00]
[17:37:51:815]175770:[DBG]:CMD:[0x01]->[0x00]
[17:37:51:815]175770:[DBG]:CMD:[0x20]->[0x00]
[17:37:52:113]176072:[DBG]:CMD:[0x37]->[0x00]
[17:37:52:113]176072:[DBG]:CMD:[0x01]->[0x00]
[17:37:52:113]176074:[DBG]:CMD:[0x20]->[0x00]
[17:37:52:409]176374:[DBG]:CMD:[0x37]->[0x00]
[17:37:52:409]176376:[DBG]:CMD:[0x01]->[0x00]
[17:37:52:409]176376:[DBG]:CMD:[0x20]->[0x00]
[17:37:52:581]176534:[DBG]:IIC:TEMP ID 0:0x0064,0x0068,0x00E0,0x0099,
[17:37:52:581]176534:[DBG]:IIC:TEMP ID 4:0x006C,0x006A,0x001E,0x0092,
[17:37:52:722]176678:[DBG]:CMD:[0x37]->[0x00]
[17:37:52:722]176678:[DBG]:CMD:[0x01]->[0x00]
[17:37:52:722]176680:[DBG]:CMD:[0x20]->[0x00]
[17:37:53:019]176982:[DBG]:CMD:[0x37]->[0x00]
[17:37:53:019]176982:[DBG]:CMD:[0x01]->[0x00]
[17:37:53:019]176982:[DBG]:CMD:[0x20]->[0x00]
[17:37:53:331]177284:[DBG]:CMD:[0x37]->[0x00]
[17:37:53:331]177286:[DBG]:CMD:[0x01]->[0x00]
[17:37:53:331]177286:[DBG]:CMD:[0x20]->[0x00]
[17:37:53:628]177588:[DBG]:CMD:[0x37]->[0x00]
[17:37:53:628]177588:[DBG]:CMD:[0x01]->[0x00]
[17:37:53:628]177590:[DBG]:CMD:[0x20]->[0x00]
[17:37:53:925]177892:[DBG]:CMD:[0x37]->[0x00]
[17:37:53:925]177892:[DBG]:CMD:[0x01]->[0x00]
[17:37:53:925]177894:[DBG]:CMD:[0x20]->[0x00]
[17:37:54:237]178194:[DBG]:CMD:[0x37]->[0x00]
[17:37:54:237]178194:[DBG]:CMD:[0x01]->[0x00]
[17:37:54:237]178196:[DBG]:CMD:[0x20]->[0x00]
[17:37:54:534]178496:[DBG]:CMD:[0x37]->[0x00]
[17:37:54:534]178498:[DBG]:CMD:[0x01]->[0x00]
[17:37:54:534]178498:[DBG]:CMD:[0x20]->[0x00]
[17:37:54:565]178534:[DBG]:IIC:TEMP ID 0:0x0073,0x0068,0x00D9,0x0099,
[17:37:54:565]178534:[DBG]:IIC:TEMP ID 4:0x006D,0x006A,0x002F,0x0092,
[17:37:54:831]178800:[DBG]:CMD:[0x37]->[0x00]
[17:37:54:831]178800:[DBG]:CMD:[0x01]->[0x00]
[17:37:54:831]178802:[DBG]:CMD:[0x20]->[0x00]
[17:37:55:143]179104:[DBG]:CMD:[0x37]->[0x00]
[17:37:55:143]179104:[DBG]:CMD:[0x01]->[0x00]
[17:37:55:143]179104:[DBG]:CMD:[0x20]->[0x00]
[17:37:55:455]179406:[DBG]:CMD:[0x37]->[0x00]
[17:37:55:455]179406:[DBG]:CMD:[0x01]->[0x00]
[17:37:55:455]179408:[DBG]:CMD:[0x20]->[0x00]
[17:37:55:752]179708:[DBG]:CMD:[0x37]->[0x00]
[17:37:55:752]179710:[DBG]:CMD:[0x01]->[0x00]
[17:37:55:752]179710:[DBG]:CMD:[0x20]->[0x00]
[17:37:56:049]180012:[DBG]:CMD:[0x37]->[0x00]
[17:37:56:049]180012:[DBG]:CMD:[0x01]->[0x00]
[17:37:56:049]180014:[DBG]:CMD:[0x20]->[0x00]
[17:37:56:362]180314:[DBG]:CMD:[0x37]->[0x00]
[17:37:56:362]180316:[DBG]:CMD:[0x01]->[0x00]
[17:37:56:362]180318:[DBG]:CMD:[0x20]->[0x00]
[17:37:56:565]180534:[DBG]:IIC:TEMP ID 0:0x0042,0x0068,0x00F2,0x0099,
[17:37:56:565]180534:[DBG]:IIC:TEMP ID 4:0x006C,0x006A,0x0022,0x0092,
[17:37:56:658]180620:[DBG]:CMD:[0x37]->[0x00]
[17:37:56:658]180622:[DBG]:CMD:[0x01]->[0x00]
[17:37:56:658]180622:[DBG]:CMD:[0x20]->[0x00]
[17:37:56:955]180924:[DBG]:CMD:[0x37]->[0x00]
[17:37:56:955]180924:[DBG]:CMD:[0x01]->[0x00]
[17:37:56:955]180926:[DBG]:CMD:[0x20]->[0x00]
[17:37:57:268]181226:[DBG]:CMD:[0x37]->[0x00]
[17:37:57:268]181228:[DBG]:CMD:[0x01]->[0x00]
[17:37:57:268]181228:[DBG]:CMD:[0x20]->[0x00]
[17:37:57:564]181530:[DBG]:CMD:[0x37]->[0x00]
[17:37:57:564]181530:[DBG]:CMD:[0x01]->[0x00]
[17:37:57:564]181532:[DBG]:CMD:[0x20]->[0x00]
[17:37:57:861]181834:[DBG]:CMD:[0x37]->[0x00]
[17:37:57:861]181834:[DBG]:CMD:[0x01]->[0x00]
[17:37:57:861]181836:[DBG]:CMD:[0x20]->[0x00]
[17:37:58:174]182136:[DBG]:CMD:[0x37]->[0x00]
[17:37:58:174]182138:[DBG]:CMD:[0x01]->[0x00]
[17:37:58:174]182138:[DBG]:CMD:[0x20]->[0x00]
[17:37:58:470]182440:[DBG]:CMD:[0x37]->[0x00]
[17:37:58:470]182440:[DBG]:CMD:[0x01]->[0x00]
[17:37:58:470]182442:[DBG]:CMD:[0x20]->[0x00]
[17:37:58:564]182534:[DBG]:IIC:TEMP ID 0:0x0047,0x0068,0x00EB,0x0099,
[17:37:58:564]182534:[DBG]:IIC:TEMP ID 4:0x006D,0x006A,0x001D,0x0092,
[17:37:58:783]182744:[DBG]:CMD:[0x37]->[0x00]
[17:37:58:783]182744:[DBG]:CMD:[0x01]->[0x00]
[17:37:58:783]182746:[DBG]:CMD:[0x20]->[0x00]
[17:37:59:080]183046:[DBG]:CMD:[0x37]->[0x00]
[17:37:59:080]183048:[DBG]:CMD:[0x01]->[0x00]
[17:37:59:080]183048:[DBG]:CMD:[0x20]->[0x00]
[17:37:59:392]183350:[DBG]:CMD:[0x37]->[0x00]
[17:37:59:392]183350:[DBG]:CMD:[0x01]->[0x00]
[17:37:59:392]183352:[DBG]:CMD:[0x20]->[0x00]
[17:37:59:689]183654:[DBG]:CMD:[0x37]->[0x00]
[17:37:59:689]183654:[DBG]:CMD:[0x01]->[0x00]
[17:37:59:689]183656:[DBG]:CMD:[0x20]->[0x00]
[17:37:59:986]183956:[DBG]:CMD:[0x37]->[0x00]
[17:37:59:986]183960:[DBG]:CMD:[0x01]->[0x00]
[17:37:59:986]183960:[DBG]:CMD:[0x20]->[0x00]
[17:38:00:298]184262:[DBG]:CMD:[0x37]->[0x00]
[17:38:00:298]184262:[DBG]:CMD:[0x01]->[0x00]
[17:38:00:298]184264:[DBG]:CMD:[0x20]->[0x00]
[17:38:00:564]184534:[DBG]:IIC:TEMP ID 0:0x004A,0x0068,0x00EE,0x0099,
[17:38:00:564]184534:[DBG]:IIC:TEMP ID 4:0x0070,0x006A,0x00FE,0x0091,
[17:38:00:595]184564:[DBG]:CMD:[0x37]->[0x00]
[17:38:00:595]184566:[DBG]:CMD:[0x01]->[0x00]
[17:38:00:595]184566:[DBG]:CMD:[0x20]->[0x00]
[17:38:00:891]184868:[DBG]:CMD:[0x37]->[0x00]
[17:38:00:891]184868:[DBG]:CMD:[0x01]->[0x00]
[17:38:00:891]184870:[DBG]:CMD:[0x20]->[0x00]
[17:38:01:204]185172:[DBG]:CMD:[0x37]->[0x00]
[17:38:01:204]185172:[DBG]:CMD:[0x01]->[0x00]
[17:38:01:204]185174:[DBG]:CMD:[0x20]->[0x00]
[17:38:01:501]185474:[DBG]:CMD:[0x37]->[0x00]
[17:38:01:501]185476:[DBG]:CMD:[0x01]->[0x00]
[17:38:01:501]185476:[DBG]:CMD:[0x20]->[0x00]
[17:38:01:813]185778:[DBG]:CMD:[0x37]->[0x00]
[17:38:01:813]185778:[DBG]:CMD:[0x01]->[0x00]
[17:38:01:813]185780:[DBG]:CMD:[0x20]->[0x00]
[17:38:02:110]186082:[DBG]:CMD:[0x37]->[0x00]
[17:38:02:110]186082:[DBG]:CMD:[0x01]->[0x00]
[17:38:02:110]186084:[DBG]:CMD:[0x20]->[0x00]
[17:38:02:407]186384:[DBG]:CMD:[0x37]->[0x00]
[17:38:02:407]186386:[DBG]:CMD:[0x01]->[0x00]
[17:38:02:407]186386:[DBG]:CMD:[0x20]->[0x00]
[17:38:02:563]186534:[DBG]:IIC:TEMP ID 0:0x005D,0x0068,0x0005,0x009A,
[17:38:02:563]186534:[DBG]:IIC:TEMP ID 4:0x006D,0x006A,0x001B,0x0092,
[17:38:02:719]186688:[DBG]:CMD:[0x37]->[0x00]
[17:38:02:719]186688:[DBG]:CMD:[0x01]->[0x00]
[17:38:02:719]186690:[DBG]:CMD:[0x20]->[0x00]
[17:38:03:016]186992:[DBG]:CMD:[0x37]->[0x00]
[17:38:03:016]186992:[DBG]:CMD:[0x01]->[0x00]
[17:38:03:016]186994:[DBG]:CMD:[0x20]->[0x00]
[17:38:03:329]187296:[DBG]:CMD:[0x37]->[0x00]
[17:38:03:329]187296:[DBG]:CMD:[0x01]->[0x00]
[17:38:03:329]187296:[DBG]:CMD:[0x20]->[0x00]
[17:38:03:625]187598:[DBG]:CMD:[0x37]->[0x00]
[17:38:03:625]187598:[DBG]:CMD:[0x01]->[0x00]
[17:38:03:625]187600:[DBG]:CMD:[0x20]->[0x00]
[17:38:03:922]187902:[DBG]:CMD:[0x37]->[0x00]
[17:38:03:922]187902:[DBG]:CMD:[0x01]->[0x00]
[17:38:03:922]187904:[DBG]:CMD:[0x20]->[0x00]
[17:38:04:235]188206:[DBG]:CMD:[0x37]->[0x00]
[17:38:04:235]188206:[DBG]:CMD:[0x01]->[0x00]
[17:38:04:235]188206:[DBG]:CMD:[0x20]->[0x00]
[17:38:04:531]188508:[DBG]:CMD:[0x37]->[0x00]
[17:38:04:531]188508:[DBG]:CMD:[0x01]->[0x00]
[17:38:04:531]188510:[DBG]:CMD:[0x20]->[0x00]
[17:38:04:563]188534:[DBG]:IIC:TEMP ID 0:0x0064,0x0068,0x0002,0x009A,
[17:38:04:563]188534:[DBG]:IIC:TEMP ID 4:0x006A,0x006A,0x0002,0x0092,
[17:38:04:844]188812:[DBG]:CMD:[0x37]->[0x00]
[17:38:04:844]188812:[DBG]:CMD:[0x01]->[0x00]
[17:38:04:844]188814:[DBG]:CMD:[0x20]->[0x00]
[17:38:05:156]189118:[DBG]:CMD:[0x37]->[0x00]
[17:38:05:156]189120:[DBG]:CMD:[0x01]->[0x00]
[17:38:05:156]189122:[DBG]:CMD:[0x20]->[0x00]
[17:38:05:453]189422:[DBG]:CMD:[0x37]->[0x00]
[17:38:05:453]189424:[DBG]:CMD:[0x01]->[0x00]
[17:38:05:453]189424:[DBG]:CMD:[0x20]->[0x00]
[17:38:05:750]189726:[DBG]:CMD:[0x37]->[0x00]
[17:38:05:750]189726:[DBG]:CMD:[0x01]->[0x00]
[17:38:05:750]189728:[DBG]:CMD:[0x20]->[0x00]
[17:38:06:062]190030:[DBG]:CMD:[0x37]->[0x00]
[17:38:06:062]190030:[DBG]:CMD:[0x01]->[0x00]
[17:38:06:062]190032:[DBG]:CMD:[0x20]->[0x00]
[17:38:06:359]190332:[DBG]:CMD:[0x37]->[0x00]
[17:38:06:359]190334:[DBG]:CMD:[0x01]->[0x00]
[17:38:06:359]190334:[DBG]:CMD:[0x20]->[0x00]
[17:38:06:562]190534:[DBG]:IIC:TEMP ID 0:0x004F,0x0068,0x0001,0x009A,
[17:38:06:562]190534:[DBG]:IIC:TEMP ID 4:0x006D,0x006A,0x000F,0x0092,
[17:38:06:656]190636:[DBG]:CMD:[0x37]->[0x00]
[17:38:06:656]190636:[DBG]:CMD:[0x01]->[0x00]
[17:38:06:656]190638:[DBG]:CMD:[0x20]->[0x00]
[17:38:06:968]190940:[DBG]:CMD:[0x37]->[0x00]
[17:38:06:968]190940:[DBG]:CMD:[0x01]->[0x00]
[17:38:06:968]190942:[DBG]:CMD:[0x20]->[0x00]
[17:38:07:265]191242:[DBG]:CMD:[0x37]->[0x00]
[17:38:07:265]191244:[DBG]:CMD:[0x01]->[0x00]
[17:38:07:265]191244:[DBG]:CMD:[0x20]->[0x00]
[17:38:07:578]191546:[DBG]:CMD:[0x37]->[0x00]
[17:38:07:578]191546:[DBG]:CMD:[0x01]->[0x00]
[17:38:07:578]191548:[DBG]:CMD:[0x20]->[0x00]
[17:38:07:874]191850:[DBG]:CMD:[0x37]->[0x00]
[17:38:07:874]191850:[DBG]:CMD:[0x01]->[0x00]
[17:38:07:874]191852:[DBG]:CMD:[0x20]->[0x00]
[17:38:08:171]192152:[DBG]:CMD:[0x37]->[0x00]
[17:38:08:171]192154:[DBG]:CMD:[0x01]->[0x00]
[17:38:08:171]192154:[DBG]:CMD:[0x20]->[0x00]
[17:38:08:483]192456:[DBG]:CMD:[0x37]->[0x00]
[17:38:08:483]192456:[DBG]:CMD:[0x01]->[0x00]
[17:38:08:483]192460:[DBG]:CMD:[0x20]->[0x00]
[17:38:08:561]192534:[DBG]:IIC:TEMP ID 0:0x0044,0x0068,0x0010,0x009A,
[17:38:08:561]192534:[DBG]:IIC:TEMP ID 4:0x0072,0x006A,0x0006,0x0092,
[17:38:08:780]192760:[DBG]:CMD:[0x37]->[0x00]
[17:38:08:780]192760:[DBG]:CMD:[0x01]->[0x00]
[17:38:08:780]192762:[DBG]:CMD:[0x20]->[0x00]
[17:38:09:093]193064:[DBG]:CMD:[0x37]->[0x00]
[17:38:09:093]193064:[DBG]:CMD:[0x01]->[0x00]
[17:38:09:093]193066:[DBG]:CMD:[0x20]->[0x00]
[17:38:09:389]193366:[DBG]:CMD:[0x37]->[0x00]
[17:38:09:389]193368:[DBG]:CMD:[0x01]->[0x00]
[17:38:09:389]193368:[DBG]:CMD:[0x20]->[0x00]
[17:38:09:686]193670:[DBG]:CMD:[0x37]->[0x00]
[17:38:09:686]193670:[DBG]:CMD:[0x01]->[0x00]
[17:38:09:686]193672:[DBG]:CMD:[0x20]->[0x00]
[17:38:09:999]193974:[DBG]:CMD:[0x37]->[0x00]
[17:38:09:999]193974:[DBG]:CMD:[0x01]->[0x00]
[17:38:09:999]193976:[DBG]:CMD:[0x20]->[0x00]
[17:38:10:296]194276:[DBG]:CMD:[0x37]->[0x00]
[17:38:10:296]194278:[DBG]:CMD:[0x01]->[0x00]
[17:38:10:296]194278:[DBG]:CMD:[0x20]->[0x00]
[17:38:10:561]194534:[DBG]:IIC:TEMP ID 0:0x004F,0x0068,0x000B,0x009A,
[17:38:10:561]194534:[DBG]:IIC:TEMP ID 4:0x006D,0x006A,0x000B,0x0092,
[17:38:10:608]194580:[DBG]:CMD:[0x37]->[0x00]
[17:38:10:608]194580:[DBG]:CMD:[0x01]->[0x00]
[17:38:10:608]194582:[DBG]:CMD:[0x20]->[0x00]
[17:38:10:905]194884:[DBG]:CMD:[0x37]->[0x00]
[17:38:10:905]194884:[DBG]:CMD:[0x01]->[0x00]
[17:38:10:905]194886:[DBG]:CMD:[0x20]->[0x00]
[17:38:11:201]195188:[DBG]:CMD:[0x37]->[0x00]
[17:38:11:201]195188:[DBG]:CMD:[0x01]->[0x00]
[17:38:11:201]195188:[DBG]:CMD:[0x20]->[0x00]
[17:38:11:514]195490:[DBG]:CMD:[0x37]->[0x00]
[17:38:11:514]195492:[DBG]:CMD:[0x01]->[0x00]
[17:38:11:514]195492:[DBG]:CMD:[0x20]->[0x00]
[17:38:11:811]195794:[DBG]:CMD:[0x37]->[0x00]
[17:38:11:811]195794:[DBG]:CMD:[0x01]->[0x00]
[17:38:11:811]195796:[DBG]:CMD:[0x20]->[0x00]
[17:38:12:123]196098:[DBG]:CMD:[0x37]->[0x00]
[17:38:12:123]196098:[DBG]:CMD:[0x01]->[0x00]
[17:38:12:123]196100:[DBG]:CMD:[0x20]->[0x00]
[17:38:12:420]196400:[DBG]:CMD:[0x37]->[0x00]
[17:38:12:420]196402:[DBG]:CMD:[0x01]->[0x00]
[17:38:12:420]196402:[DBG]:CMD:[0x20]->[0x00]
[17:38:12:561]196534:[DBG]:IIC:TEMP ID 0:0x004A,0x0068,0x0004,0x009A,
[17:38:12:561]196534:[DBG]:IIC:TEMP ID 4:0x0070,0x006A,0x0000,0x0092,
[17:38:12:717]196704:[DBG]:CMD:[0x37]->[0x00]
[17:38:12:717]196704:[DBG]:CMD:[0x01]->[0x00]
[17:38:12:717]196706:[DBG]:CMD:[0x20]->[0x00]
[17:38:13:029]197008:[DBG]:CMD:[0x37]->[0x00]
[17:38:13:029]197008:[DBG]:CMD:[0x01]->[0x00]
[17:38:13:029]197010:[DBG]:CMD:[0x20]->[0x00]
[17:38:13:342]197310:[DBG]:CMD:[0x37]->[0x00]
[17:38:13:342]197312:[DBG]:CMD:[0x01]->[0x00]
[17:38:13:342]197312:[DBG]:CMD:[0x20]->[0x00]
[17:38:13:639]197614:[DBG]:CMD:[0x37]->[0x00]
[17:38:13:639]197614:[DBG]:CMD:[0x01]->[0x00]
[17:38:13:639]197618:[DBG]:CMD:[0x20]->[0x00]
[17:38:13:935]197920:[DBG]:CMD:[0x37]->[0x00]
[17:38:13:935]197922:[DBG]:CMD:[0x01]->[0x00]
[17:38:13:935]197922:[DBG]:CMD:[0x20]->[0x00]
[17:38:14:248]198224:[DBG]:CMD:[0x37]->[0x00]
[17:38:14:248]198224:[DBG]:CMD:[0x01]->[0x00]
[17:38:14:248]198226:[DBG]:CMD:[0x20]->[0x00]
[17:38:14:513]198526:[DBG]:CMD:[0x37]->[0x00]
[17:38:14:513]198528:[DBG]:CMD:[0x01]->[0x00]
[17:38:14:513]198528:[DBG]:CMD:[0x20]->[0x00]
[17:38:14:560]198534:[DBG]:IIC:TEMP ID 0:0x005D,0x0068,0x00F5,0x0099,
[17:38:14:560]198534:[DBG]:IIC:TEMP ID 4:0x006B,0x006A,0x00F7,0x0091,
[17:38:14:841]198830:[DBG]:CMD:[0x37]->[0x00]
[17:38:14:841]198830:[DBG]:CMD:[0x01]->[0x00]
[17:38:14:841]198832:[DBG]:CMD:[0x20]->[0x00]
[17:38:15:154]199134:[DBG]:CMD:[0x37]->[0x00]
[17:38:15:154]199134:[DBG]:CMD:[0x01]->[0x00]
[17:38:15:154]199136:[DBG]:CMD:[0x20]->[0x00]
[17:38:15:450]199438:[DBG]:CMD:[0x37]->[0x00]
[17:38:15:450]199438:[DBG]:CMD:[0x01]->[0x00]
[17:38:15:450]199438:[DBG]:CMD:[0x20]->[0x00]
[17:38:15:763]199740:[DBG]:CMD:[0x37]->[0x00]
[17:38:15:763]199742:[DBG]:CMD:[0x01]->[0x00]
[17:38:15:763]199742:[DBG]:CMD:[0x20]->[0x00]
[17:38:16:060]200044:[DBG]:CMD:[0x37]->[0x00]
[17:38:16:060]200044:[DBG]:CMD:[0x01]->[0x00]
[17:38:16:060]200046:[DBG]:CMD:[0x20]->[0x00]
[17:38:16:357]200348:[DBG]:CMD:[0x37]->[0x00]
[17:38:16:357]200348:[DBG]:CMD:[0x01]->[0x00]
[17:38:16:357]200350:[DBG]:CMD:[0x20]->[0x00]
[17:38:16:544]200534:[DBG]:IIC:TEMP ID 0:0x006C,0x0068,0x00E6,0x0099,
[17:38:16:544]200534:[DBG]:IIC:TEMP ID 4:0x006C,0x006A,0x000A,0x0092,
[17:38:16:669]200650:[DBG]:CMD:[0x37]->[0x00]
[17:38:16:669]200652:[DBG]:CMD:[0x01]->[0x00]
[17:38:16:669]200652:[DBG]:CMD:[0x20]->[0x00]
[17:38:16:966]200954:[DBG]:CMD:[0x37]->[0x00]
[17:38:16:966]200954:[DBG]:CMD:[0x01]->[0x00]
[17:38:16:966]200956:[DBG]:CMD:[0x20]->[0x00]
[17:38:17:278]201260:[DBG]:CMD:[0x37]->[0x00]
[17:38:17:278]201260:[DBG]:CMD:[0x01]->[0x00]
[17:38:17:278]201262:[DBG]:CMD:[0x20]->[0x00]
[17:38:17:575]201562:[DBG]:CMD:[0x37]->[0x00]
[17:38:17:575]201564:[DBG]:CMD:[0x01]->[0x00]
[17:38:17:575]201564:[DBG]:CMD:[0x20]->[0x00]
[17:38:17:888]201866:[DBG]:CMD:[0x37]->[0x00]
[17:38:17:888]201866:[DBG]:CMD:[0x01]->[0x00]
[17:38:17:888]201868:[DBG]:CMD:[0x20]->[0x00]
[17:38:18:184]202170:[DBG]:CMD:[0x37]->[0x00]
[17:38:18:184]202170:[DBG]:CMD:[0x01]->[0x00]
[17:38:18:184]202172:[DBG]:CMD:[0x20]->[0x00]
[17:38:18:481]202472:[DBG]:CMD:[0x37]->[0x00]
[17:38:18:481]202474:[DBG]:CMD:[0x01]->[0x00]
[17:38:18:481]202474:[DBG]:CMD:[0x20]->[0x00]
[17:38:18:544]202534:[DBG]:IIC:TEMP ID 0:0x005D,0x0068,0x00E7,0x0099,
[17:38:18:544]202534:[DBG]:IIC:TEMP ID 4:0x006F,0x006A,0x0019,0x0092,
[17:38:18:793]202776:[DBG]:CMD:[0x37]->[0x00]
[17:38:18:793]202776:[DBG]:CMD:[0x01]->[0x00]
[17:38:18:793]202778:[DBG]:CMD:[0x20]->[0x00]
[17:38:19:090]203080:[DBG]:CMD:[0x37]->[0x00]
[17:38:19:090]203080:[DBG]:CMD:[0x01]->[0x00]
[17:38:19:090]203082:[DBG]:CMD:[0x20]->[0x00]
[17:38:19:403]203384:[DBG]:CMD:[0x37]->[0x00]
[17:38:19:403]203384:[DBG]:CMD:[0x01]->[0x00]
[17:38:19:403]203384:[DBG]:CMD:[0x20]->[0x00]
[17:38:19:700]203686:[DBG]:CMD:[0x37]->[0x00]
[17:38:19:700]203686:[DBG]:CMD:[0x01]->[0x00]
[17:38:19:700]203688:[DBG]:CMD:[0x20]->[0x00]
[17:38:19:997]203990:[DBG]:CMD:[0x37]->[0x00]
[17:38:19:997]203990:[DBG]:CMD:[0x01]->[0x00]
[17:38:19:997]203992:[DBG]:CMD:[0x20]->[0x00]
[17:38:20:309]204294:[DBG]:CMD:[0x37]->[0x00]
[17:38:20:309]204294:[DBG]:CMD:[0x01]->[0x00]
[17:38:20:309]204296:[DBG]:CMD:[0x20]->[0x00]
[17:38:20:543]204534:[DBG]:IIC:TEMP ID 0:0x0052,0x0068,0x00F8,0x0099,
[17:38:20:543]204534:[DBG]:IIC:TEMP ID 4:0x006A,0x006A,0x0006,0x0092,
[17:38:20:606]204596:[DBG]:CMD:[0x37]->[0x00]
[17:38:20:606]204596:[DBG]:CMD:[0x01]->[0x00]
[17:38:20:606]204598:[DBG]:CMD:[0x20]->[0x00]
[17:38:20:903]204900:[DBG]:CMD:[0x37]->[0x00]
[17:38:20:903]204900:[DBG]:CMD:[0x01]->[0x00]
[17:38:20:903]204902:[DBG]:CMD:[0x20]->[0x00]
[17:38:21:215]205202:[DBG]:CMD:[0x37]->[0x00]
[17:38:21:215]205204:[DBG]:CMD:[0x01]->[0x00]
[17:38:21:215]205204:[DBG]:CMD:[0x20]->[0x00]
[17:38:21:527]205506:[DBG]:CMD:[0x37]->[0x00]
[17:38:21:527]205506:[DBG]:CMD:[0x01]->[0x00]
[17:38:21:527]205508:[DBG]:CMD:[0x20]->[0x00]
[17:38:21:824]205810:[DBG]:CMD:[0x37]->[0x00]
[17:38:21:824]205810:[DBG]:CMD:[0x01]->[0x00]
[17:38:21:824]205812:[DBG]:CMD:[0x20]->[0x00]
[17:38:22:137]206112:[DBG]:CMD:[0x37]->[0x00]
[17:38:22:137]206114:[DBG]:CMD:[0x01]->[0x00]
[17:38:22:137]206114:[DBG]:CMD:[0x20]->[0x00]
[17:38:22:433]206418:[DBG]:CMD:[0x37]->[0x00]
[17:38:22:433]206420:[DBG]:CMD:[0x01]->[0x00]
[17:38:22:433]206422:[DBG]:CMD:[0x20]->[0x00]
[17:38:22:543]206534:[DBG]:IIC:TEMP ID 0:0x0047,0x0068,0x0011,0x009A,
[17:38:22:543]206534:[DBG]:IIC:TEMP ID 4:0x0073,0x006A,0x0007,0x0092,
[17:38:22:730]206722:[DBG]:CMD:[0x37]->[0x00]
[17:38:22:730]206724:[DBG]:CMD:[0x01]->[0x00]
[17:38:22:730]206724:[DBG]:CMD:[0x20]->[0x00]
[17:38:23:027]207026:[DBG]:CMD:[0x37]->[0x00]
[17:38:23:027]207026:[DBG]:CMD:[0x01]->[0x00]
[17:38:23:027]207028:[DBG]:CMD:[0x20]->[0x00]
[17:38:23:339]207330:[DBG]:CMD:[0x37]->[0x00]
[17:38:23:339]207330:[DBG]:CMD:[0x01]->[0x00]
[17:38:23:339]207332:[DBG]:CMD:[0x20]->[0x00]
[17:38:23:636]207632:[DBG]:CMD:[0x37]->[0x00]
[17:38:23:636]207634:[DBG]:CMD:[0x01]->[0x00]
[17:38:23:636]207634:[DBG]:CMD:[0x20]->[0x00]
[17:38:23:949]207936:[DBG]:CMD:[0x37]->[0x00]
[17:38:23:949]207936:[DBG]:CMD:[0x01]->[0x00]
[17:38:23:949]207938:[DBG]:CMD:[0x20]->[0x00]
[17:38:24:246]208240:[DBG]:CMD:[0x37]->[0x00]
[17:38:24:246]208240:[DBG]:CMD:[0x01]->[0x00]
[17:38:24:246]208242:[DBG]:CMD:[0x20]->[0x00]
[17:38:24:511]208534:[DBG]:IIC:TEMP ID 0:0x004A,0x0068,0x00FE,0x0099,
[17:38:24:511]208534:[DBG]:IIC:TEMP ID 4:0x0070,0x006A,0x0012,0x0092,
[17:38:24:558]208542:[DBG]:CMD:[0x37]->[0x00]
[17:38:24:558]208544:[DBG]:CMD:[0x01]->[0x00]
[17:38:24:558]208544:[DBG]:CMD:[0x20]->[0x00]
[17:38:24:855]208846:[DBG]:CMD:[0x37]->[0x00]
[17:38:24:855]208846:[DBG]:CMD:[0x01]->[0x00]
[17:38:24:855]208848:[DBG]:CMD:[0x20]->[0x00]
[17:38:25:151]209150:[DBG]:CMD:[0x37]->[0x00]
[17:38:25:151]209150:[DBG]:CMD:[0x01]->[0x00]
[17:38:25:151]209152:[DBG]:CMD:[0x20]->[0x00]
[17:38:25:464]209452:[DBG]:CMD:[0x37]->[0x00]
[17:38:25:464]209454:[DBG]:CMD:[0x01]->[0x00]
[17:38:25:464]209454:[DBG]:CMD:[0x20]->[0x00]
[17:38:25:761]209756:[DBG]:CMD:[0x37]->[0x00]
[17:38:25:761]209756:[DBG]:CMD:[0x01]->[0x00]
[17:38:25:761]209760:[DBG]:CMD:[0x20]->[0x00]
[17:38:26:073]210060:[DBG]:CMD:[0x37]->[0x00]
[17:38:26:073]210060:[DBG]:CMD:[0x01]->[0x00]
[17:38:26:073]210062:[DBG]:CMD:[0x20]->[0x00]
[17:38:26:370]210364:[DBG]:CMD:[0x37]->[0x00]
[17:38:26:370]210364:[DBG]:CMD:[0x01]->[0x00]
[17:38:26:370]210366:[DBG]:CMD:[0x20]->[0x00]
[17:38:26:542]210534:[DBG]:IIC:TEMP ID 0:0x0063,0x0068,0x00FB,0x0099,
[17:38:26:542]210534:[DBG]:IIC:TEMP ID 4:0x0073,0x006A,0x003F,0x0092,
[17:38:26:667]210666:[DBG]:CMD:[0x37]->[0x00]
[17:38:26:667]210668:[DBG]:CMD:[0x01]->[0x00]
[17:38:26:667]210668:[DBG]:CMD:[0x20]->[0x00]
[17:38:26:979]210970:[DBG]:CMD:[0x37]->[0x00]
[17:38:26:979]210970:[DBG]:CMD:[0x01]->[0x00]
[17:38:26:979]210972:[DBG]:CMD:[0x20]->[0x00]
[17:38:27:276]211274:[DBG]:CMD:[0x37]->[0x00]
[17:38:27:276]211274:[DBG]:CMD:[0x01]->[0x00]
[17:38:27:276]211276:[DBG]:CMD:[0x20]->[0x00]
[17:38:27:589]211578:[DBG]:CMD:[0x37]->[0x00]
[17:38:27:589]211578:[DBG]:CMD:[0x01]->[0x00]
[17:38:27:589]211578:[DBG]:CMD:[0x20]->[0x00]
[17:38:27:885]211880:[DBG]:CMD:[0x37]->[0x00]
[17:38:27:885]211882:[DBG]:CMD:[0x01]->[0x00]
[17:38:27:885]211882:[DBG]:CMD:[0x20]->[0x00]
[17:38:28:182]212184:[DBG]:CMD:[0x37]->[0x00]
[17:38:28:182]212184:[DBG]:CMD:[0x01]->[0x00]
[17:38:28:182]212186:[DBG]:CMD:[0x20]->[0x00]
[17:38:28:495]212488:[DBG]:CMD:[0x37]->[0x00]
[17:38:28:495]212488:[DBG]:CMD:[0x01]->[0x00]
[17:38:28:495]212490:[DBG]:CMD:[0x20]->[0x00]
[17:38:28:541]212534:[DBG]:IIC:TEMP ID 0:0x006A,0x0068,0x00EC,0x0099,
[17:38:28:541]212534:[DBG]:IIC:TEMP ID 4:0x0074,0x006A,0x0018,0x0092,
[17:38:28:791]212790:[DBG]:CMD:[0x37]->[0x00]
[17:38:28:791]212792:[DBG]:CMD:[0x01]->[0x00]
[17:38:28:791]212794:[DBG]:CMD:[0x20]->[0x00]
[17:38:29:104]213094:[DBG]:CMD:[0x37]->[0x00]
[17:38:29:104]213096:[DBG]:CMD:[0x01]->[0x00]
[17:38:29:104]213096:[DBG]:CMD:[0x20]->[0x00]
[17:38:29:401]213398:[DBG]:CMD:[0x37]->[0x00]
[17:38:29:401]213398:[DBG]:CMD:[0x01]->[0x00]
[17:38:29:401]213400:[DBG]:CMD:[0x20]->[0x00]
[17:38:29:697]213702:[DBG]:CMD:[0x37]->[0x00]
[17:38:29:697]213702:[DBG]:CMD:[0x01]->[0x00]
[17:38:29:697]213704:[DBG]:CMD:[0x20]->[0x00]
[17:38:30:009]214004:[DBG]:CMD:[0x37]->[0x00]
[17:38:30:009]214006:[DBG]:CMD:[0x01]->[0x00]
[17:38:30:009]214006:[DBG]:CMD:[0x20]->[0x00]
[17:38:30:322]214308:[DBG]:CMD:[0x37]->[0x00]
[17:38:30:322]214308:[DBG]:CMD:[0x01]->[0x00]
[17:38:30:322]214310:[DBG]:CMD:[0x20]->[0x00]
[17:38:30:541]214534:[DBG]:IIC:TEMP ID 0:0x0063,0x0068,0x000B,0x009A,
[17:38:30:541]214534:[DBG]:IIC:TEMP ID 4:0x0071,0x006A,0x002F,0x0092,
[17:38:30:619]214612:[DBG]:CMD:[0x37]->[0x00]
[17:38:30:619]214612:[DBG]:CMD:[0x01]->[0x00]
[17:38:30:619]214614:[DBG]:CMD:[0x20]->[0x00]
[17:38:30:916]214914:[DBG]:CMD:[0x37]->[0x00]
[17:38:30:916]214918:[DBG]:CMD:[0x01]->[0x00]
[17:38:30:916]214920:[DBG]:CMD:[0x20]->[0x00]
[17:38:31:228]215222:[DBG]:CMD:[0x37]->[0x00]
[17:38:31:228]215222:[DBG]:CMD:[0x01]->[0x00]
[17:38:31:228]215222:[DBG]:CMD:[0x20]->[0x00]
[17:38:31:525]215524:[DBG]:CMD:[0x37]->[0x00]
[17:38:31:525]215526:[DBG]:CMD:[0x01]->[0x00]
[17:38:31:525]215526:[DBG]:CMD:[0x20]->[0x00]
[17:38:31:822]215828:[DBG]:CMD:[0x37]->[0x00]
[17:38:31:822]215828:[DBG]:CMD:[0x01]->[0x00]
[17:38:31:822]215830:[DBG]:CMD:[0x20]->[0x00]
[17:38:32:134]216132:[DBG]:CMD:[0x37]->[0x00]
[17:38:32:134]216132:[DBG]:CMD:[0x01]->[0x00]
[17:38:32:134]216134:[DBG]:CMD:[0x20]->[0x00]
[17:38:32:431]216434:[DBG]:CMD:[0x37]->[0x00]
[17:38:32:431]216436:[DBG]:CMD:[0x01]->[0x00]
[17:38:32:431]216436:[DBG]:CMD:[0x20]->[0x00]
[17:38:32:540]216534:[DBG]:IIC:TEMP ID 0:0x0050,0x0068,0x0004,0x009A,
[17:38:32:540]216534:[DBG]:IIC:TEMP ID 4:0x0072,0x006A,0x0012,0x0092,
[17:38:32:743]216738:[DBG]:CMD:[0x37]->[0x00]
[17:38:32:743]216738:[DBG]:CMD:[0x01]->[0x00]
[17:38:32:743]216740:[DBG]:CMD:[0x20]->[0x00]
[17:38:33:040]217040:[DBG]:CMD:[0x37]->[0x00]
[17:38:33:040]217040:[DBG]:CMD:[0x01]->[0x00]
[17:38:33:040]217042:[DBG]:CMD:[0x20]->[0x00]
[17:38:33:337]217344:[DBG]:CMD:[0x37]->[0x00]
[17:38:33:337]217344:[DBG]:CMD:[0x01]->[0x00]
[17:38:33:337]217346:[DBG]:CMD:[0x20]->[0x00]
[17:38:33:649]217648:[DBG]:CMD:[0x37]->[0x00]
[17:38:33:649]217648:[DBG]:CMD:[0x01]->[0x00]
[17:38:33:649]217650:[DBG]:CMD:[0x20]->[0x00]
[17:38:33:946]217950:[DBG]:CMD:[0x37]->[0x00]
[17:38:33:946]217952:[DBG]:CMD:[0x01]->[0x00]
[17:38:33:946]217952:[DBG]:CMD:[0x20]->[0x00]
[17:38:34:259]218254:[DBG]:CMD:[0x37]->[0x00]
[17:38:34:259]218254:[DBG]:CMD:[0x01]->[0x00]
[17:38:34:259]218256:[DBG]:CMD:[0x20]->[0x00]
[17:38:34:524]218534:[DBG]:IIC:TEMP ID 0:0x0045,0x0068,0x000D,0x009A,
[17:38:34:524]218534:[DBG]:IIC:TEMP ID 4:0x0071,0x006A,0x001B,0x0092,
[17:38:34:556]218556:[DBG]:CMD:[0x37]->[0x00]
[17:38:34:556]218556:[DBG]:CMD:[0x01]->[0x00]
[17:38:34:556]218560:[DBG]:CMD:[0x20]->[0x00]
[17:38:34:852]218860:[DBG]:CMD:[0x37]->[0x00]
[17:38:34:852]218860:[DBG]:CMD:[0x01]->[0x00]
[17:38:34:852]218862:[DBG]:CMD:[0x20]->[0x00]
[17:38:35:165]219164:[DBG]:CMD:[0x37]->[0x00]
[17:38:35:165]219164:[DBG]:CMD:[0x01]->[0x00]
[17:38:35:165]219164:[DBG]:CMD:[0x20]->[0x00]
[17:38:35:462]219466:[DBG]:CMD:[0x37]->[0x00]
[17:38:35:462]219468:[DBG]:CMD:[0x01]->[0x00]
[17:38:35:462]219468:[DBG]:CMD:[0x20]->[0x00]
[17:38:35:758]219770:[DBG]:CMD:[0x37]->[0x00]
[17:38:35:758]219770:[DBG]:CMD:[0x01]->[0x00]
[17:38:35:758]219772:[DBG]:CMD:[0x20]->[0x00]
[17:38:36:071]220072:[DBG]:CMD:[0x37]->[0x00]
[17:38:36:071]220072:[DBG]:CMD:[0x01]->[0x00]
[17:38:36:071]220074:[DBG]:CMD:[0x20]->[0x00]
[17:38:36:368]220374:[DBG]:CMD:[0x37]->[0x00]
[17:38:36:368]220376:[DBG]:CMD:[0x01]->[0x00]
[17:38:36:368]220376:[DBG]:CMD:[0x20]->[0x00]
[17:38:36:524]220534:[DBG]:IIC:TEMP ID 0:0x005A,0x0068,0x0024,0x009A,
[17:38:36:524]220534:[DBG]:IIC:TEMP ID 4:0x0072,0x006A,0x0020,0x0092,
[17:38:36:680]220678:[DBG]:CMD:[0x37]->[0x00]
[17:38:36:680]220678:[DBG]:CMD:[0x01]->[0x00]
[17:38:36:680]220680:[DBG]:CMD:[0x20]->[0x00]
[17:38:36:977]220982:[DBG]:CMD:[0x37]->[0x00]
[17:38:36:977]220982:[DBG]:CMD:[0x01]->[0x00]
[17:38:36:977]220982:[DBG]:CMD:[0x20]->[0x00]
[17:38:37:273]221284:[DBG]:CMD:[0x37]->[0x00]
[17:38:37:273]221284:[DBG]:CMD:[0x01]->[0x00]
[17:38:37:273]221286:[DBG]:CMD:[0x20]->[0x00]
[17:38:37:586]221586:[DBG]:CMD:[0x37]->[0x00]
[17:38:37:586]221588:[DBG]:CMD:[0x01]->[0x00]
[17:38:37:586]221588:[DBG]:CMD:[0x20]->[0x00]
[17:38:37:883]221890:[DBG]:CMD:[0x37]->[0x00]
[17:38:37:883]221890:[DBG]:CMD:[0x01]->[0x00]
[17:38:37:883]221892:[DBG]:CMD:[0x20]->[0x00]
[17:38:38:180]222192:[DBG]:CMD:[0x37]->[0x00]
[17:38:38:180]222194:[DBG]:CMD:[0x01]->[0x00]
[17:38:38:180]222194:[DBG]:CMD:[0x20]->[0x00]
[17:38:38:492]222496:[DBG]:CMD:[0x37]->[0x00]
[17:38:38:492]222496:[DBG]:CMD:[0x01]->[0x00]
[17:38:38:492]222498:[DBG]:CMD:[0x20]->[0x00]
[17:38:38:523]222534:[DBG]:IIC:TEMP ID 0:0x004B,0x0068,0x002F,0x009A,
[17:38:38:523]222534:[DBG]:IIC:TEMP ID 4:0x0071,0x006A,0x0027,0x0092,
[17:38:38:789]222798:[DBG]:CMD:[0x37]->[0x00]
[17:38:38:789]222800:[DBG]:CMD:[0x01]->[0x00]
[17:38:38:789]222800:[DBG]:CMD:[0x20]->[0x00]
[17:38:39:101]223102:[DBG]:CMD:[0x37]->[0x00]
[17:38:39:101]223102:[DBG]:CMD:[0x01]->[0x00]
[17:38:39:101]223104:[DBG]:CMD:[0x20]->[0x00]
[17:38:39:398]223404:[DBG]:CMD:[0x37]->[0x00]
[17:38:39:398]223404:[DBG]:CMD:[0x01]->[0x00]
[17:38:39:398]223406:[DBG]:CMD:[0x20]->[0x00]
[17:38:39:710]223708:[DBG]:CMD:[0x37]->[0x00]
[17:38:39:710]223708:[DBG]:CMD:[0x01]->[0x00]
[17:38:39:710]223710:[DBG]:CMD:[0x20]->[0x00]
[17:38:40:007]224010:[DBG]:CMD:[0x37]->[0x00]
[17:38:40:007]224012:[DBG]:CMD:[0x01]->[0x00]
[17:38:40:007]224012:[DBG]:CMD:[0x20]->[0x00]
[17:38:40:320]224314:[DBG]:CMD:[0x37]->[0x00]
[17:38:40:320]224314:[DBG]:CMD:[0x01]->[0x00]
[17:38:40:320]224318:[DBG]:CMD:[0x20]->[0x00]
[17:38:40:523]224534:[DBG]:IIC:TEMP ID 0:0x005C,0x0068,0x0018,0x009A,
[17:38:40:523]224534:[DBG]:IIC:TEMP ID 4:0x0074,0x006A,0x0010,0x0092,
[17:38:40:617]224620:[DBG]:CMD:[0x37]->[0x00]
[17:38:40:617]224622:[DBG]:CMD:[0x01]->[0x00]
[17:38:40:617]224622:[DBG]:CMD:[0x20]->[0x00]
[17:38:40:913]224924:[DBG]:CMD:[0x37]->[0x00]
[17:38:40:913]224924:[DBG]:CMD:[0x01]->[0x00]
[17:38:40:913]224926:[DBG]:CMD:[0x20]->[0x00]
[17:38:41:210]225226:[DBG]:CMD:[0x37]->[0x00]
[17:38:41:210]225226:[DBG]:CMD:[0x01]->[0x00]
[17:38:41:210]225228:[DBG]:CMD:[0x20]->[0x00]
[17:38:41:523]225530:[DBG]:CMD:[0x37]->[0x00]
[17:38:41:523]225530:[DBG]:CMD:[0x01]->[0x00]
[17:38:41:523]225530:[DBG]:CMD:[0x20]->[0x00]
[17:38:41:820]225832:[DBG]:CMD:[0x37]->[0x00]
[17:38:41:820]225832:[DBG]:CMD:[0x01]->[0x00]
[17:38:41:820]225834:[DBG]:CMD:[0x20]->[0x00]
[17:38:42:116]226134:[DBG]:CMD:[0x37]->[0x00]
[17:38:42:116]226136:[DBG]:CMD:[0x01]->[0x00]
[17:38:42:116]226136:[DBG]:CMD:[0x20]->[0x00]
[17:38:42:429]226438:[DBG]:CMD:[0x37]->[0x00]
[17:38:42:429]226438:[DBG]:CMD:[0x01]->[0x00]
[17:38:42:429]226440:[DBG]:CMD:[0x20]->[0x00]
[17:38:42:522]226534:[DBG]:IIC:TEMP ID 0:0x0057,0x0068,0x002D,0x009A,
[17:38:42:522]226534:[DBG]:IIC:TEMP ID 4:0x0073,0x006A,0x0021,0x0092,
[17:38:42:726]226740:[DBG]:CMD:[0x37]->[0x00]
[17:38:42:726]226742:[DBG]:CMD:[0x01]->[0x00]
[17:38:42:726]226742:[DBG]:CMD:[0x20]->[0x00]
[17:38:43:038]227044:[DBG]:CMD:[0x37]->[0x00]
[17:38:43:038]227044:[DBG]:CMD:[0x01]->[0x00]
[17:38:43:038]227046:[DBG]:CMD:[0x20]->[0x00]
[17:38:43:335]227348:[DBG]:CMD:[0x37]->[0x00]
[17:38:43:335]227348:[DBG]:CMD:[0x01]->[0x00]
[17:38:43:335]227350:[DBG]:CMD:[0x20]->[0x00]
[17:38:43:647]227650:[DBG]:CMD:[0x37]->[0x00]
[17:38:43:647]227652:[DBG]:CMD:[0x01]->[0x00]
[17:38:43:647]227652:[DBG]:CMD:[0x20]->[0x00]
[17:38:43:944]227954:[DBG]:CMD:[0x37]->[0x00]
[17:38:43:944]227954:[DBG]:CMD:[0x01]->[0x00]
[17:38:43:944]227956:[DBG]:CMD:[0x20]->[0x00]
[17:38:44:241]228256:[DBG]:CMD:[0x37]->[0x00]
[17:38:44:241]228260:[DBG]:CMD:[0x01]->[0x00]
[17:38:44:241]228260:[DBG]:CMD:[0x20]->[0x00]
[17:38:44:506]228534:[DBG]:IIC:TEMP ID 0:0x006E,0x0068,0x0026,0x009A,
[17:38:44:506]228534:[DBG]:IIC:TEMP ID 4:0x0072,0x006A,0x0038,0x0092,
[17:38:44:553]228562:[DBG]:CMD:[0x37]->[0x00]
[17:38:44:553]228562:[DBG]:CMD:[0x01]->[0x00]
[17:38:44:553]228564:[DBG]:CMD:[0x20]->[0x00]
[17:38:44:850]228864:[DBG]:CMD:[0x37]->[0x00]
[17:38:44:850]228864:[DBG]:CMD:[0x01]->[0x00]
[17:38:44:850]228866:[DBG]:CMD:[0x20]->[0x00]
[17:38:45:147]229168:[DBG]:CMD:[0x37]->[0x00]
[17:38:45:147]229168:[DBG]:CMD:[0x01]->[0x00]
[17:38:45:147]229168:[DBG]:CMD:[0x20]->[0x00]
[17:38:45:459]229470:[DBG]:CMD:[0x37]->[0x00]
[17:38:45:459]229472:[DBG]:CMD:[0x01]->[0x00]
[17:38:45:459]229472:[DBG]:CMD:[0x20]->[0x00]
[17:38:45:756]229774:[DBG]:CMD:[0x37]->[0x00]
[17:38:45:756]229774:[DBG]:CMD:[0x01]->[0x00]
[17:38:45:756]229776:[DBG]:CMD:[0x20]->[0x00]
[17:38:46:068]230076:[DBG]:CMD:[0x37]->[0x00]
[17:38:46:068]230076:[DBG]:CMD:[0x01]->[0x00]
[17:38:46:068]230078:[DBG]:CMD:[0x20]->[0x00]
[17:38:46:365]230380:[DBG]:CMD:[0x37]->[0x00]
[17:38:46:365]230380:[DBG]:CMD:[0x01]->[0x00]
[17:38:46:365]230382:[DBG]:CMD:[0x20]->[0x00]
[17:38:46:521]230534:[DBG]:IIC:TEMP ID 0:0x0053,0x0068,0x0045,0x009A,
[17:38:46:521]230534:[DBG]:IIC:TEMP ID 4:0x0077,0x006A,0x0023,0x0092,
[17:38:46:662]230682:[DBG]:CMD:[0x37]->[0x00]
[17:38:46:662]230684:[DBG]:CMD:[0x01]->[0x00]
[17:38:46:662]230684:[DBG]:CMD:[0x20]->[0x00]
[17:38:46:974]230986:[DBG]:CMD:[0x37]->[0x00]
[17:38:46:974]230986:[DBG]:CMD:[0x01]->[0x00]
[17:38:46:974]230988:[DBG]:CMD:[0x20]->[0x00]
[17:38:47:271]231290:[DBG]:CMD:[0x37]->[0x00]
[17:38:47:271]231290:[DBG]:CMD:[0x01]->[0x00]
[17:38:47:271]231290:[DBG]:CMD:[0x20]->[0x00]
[17:38:47:568]231592:[DBG]:CMD:[0x37]->[0x00]
[17:38:47:568]231594:[DBG]:CMD:[0x01]->[0x00]
[17:38:47:568]231594:[DBG]:CMD:[0x20]->[0x00]
[17:38:47:881]231896:[DBG]:CMD:[0x37]->[0x00]
[17:38:47:881]231896:[DBG]:CMD:[0x01]->[0x00]
[17:38:47:881]231898:[DBG]:CMD:[0x20]->[0x00]
[17:38:48:177]232198:[DBG]:CMD:[0x37]->[0x00]
[17:38:48:177]232200:[DBG]:CMD:[0x01]->[0x00]
[17:38:48:177]232200:[DBG]:CMD:[0x20]->[0x00]
[17:38:48:474]232502:[DBG]:CMD:[0x37]->[0x00]
[17:38:48:474]232502:[DBG]:CMD:[0x01]->[0x00]
[17:38:48:474]232504:[DBG]:CMD:[0x20]->[0x00]
[17:38:48:521]232534:[DBG]:IIC:TEMP ID 0:0x0058,0x0068,0x0042,0x009A,
[17:38:48:521]232534:[DBG]:IIC:TEMP ID 4:0x0074,0x006A,0x002C,0x0092,
[17:38:48:787]232804:[DBG]:CMD:[0x37]->[0x00]
[17:38:48:787]232806:[DBG]:CMD:[0x01]->[0x00]
[17:38:48:787]232806:[DBG]:CMD:[0x20]->[0x00]
[17:38:49:099]233108:[DBG]:CMD:[0x37]->[0x00]
[17:38:49:099]233108:[DBG]:CMD:[0x01]->[0x00]
[17:38:49:099]233110:[DBG]:CMD:[0x20]->[0x00]
[17:38:49:396]233412:[DBG]:CMD:[0x37]->[0x00]
[17:38:49:396]233412:[DBG]:CMD:[0x01]->[0x00]
[17:38:49:396]233412:[DBG]:CMD:[0x20]->[0x00]
[17:38:49:708]233714:[DBG]:CMD:[0x37]->[0x00]
[17:38:49:708]233714:[DBG]:CMD:[0x01]->[0x00]
[17:38:49:708]233718:[DBG]:CMD:[0x20]->[0x00]
[17:38:50:005]234020:[DBG]:CMD:[0x37]->[0x00]
[17:38:50:005]234022:[DBG]:CMD:[0x01]->[0x00]
[17:38:50:005]234022:[DBG]:CMD:[0x20]->[0x00]
[17:38:50:302]234324:[DBG]:CMD:[0x37]->[0x00]
[17:38:50:302]234324:[DBG]:CMD:[0x01]->[0x00]
[17:38:50:302]234326:[DBG]:CMD:[0x20]->[0x00]
[17:38:50:521]234534:[DBG]:IIC:TEMP ID 0:0x0063,0x0068,0x003D,0x009A,
[17:38:50:521]234534:[DBG]:IIC:TEMP ID 4:0x007B,0x006A,0x0033,0x0092,
[17:38:50:614]234626:[DBG]:CMD:[0x37]->[0x00]
[17:38:50:614]234626:[DBG]:CMD:[0x01]->[0x00]
[17:38:50:614]234628:[DBG]:CMD:[0x20]->[0x00]
[17:38:50:911]234930:[DBG]:CMD:[0x37]->[0x00]
[17:38:50:911]234930:[DBG]:CMD:[0x01]->[0x00]
[17:38:50:911]234932:[DBG]:CMD:[0x20]->[0x00]
[17:38:51:208]235234:[DBG]:CMD:[0x37]->[0x00]
[17:38:51:208]235234:[DBG]:CMD:[0x01]->[0x00]
[17:38:51:208]235234:[DBG]:CMD:[0x20]->[0x00]
[17:38:51:520]235536:[DBG]:CMD:[0x37]->[0x00]
[17:38:51:520]235536:[DBG]:CMD:[0x01]->[0x00]
[17:38:51:520]235538:[DBG]:CMD:[0x20]->[0x00]
[17:38:51:817]235840:[DBG]:CMD:[0x37]->[0x00]
[17:38:51:817]235840:[DBG]:CMD:[0x01]->[0x00]
[17:38:51:817]235840:[DBG]:CMD:[0x20]->[0x00]
[17:38:52:114]236142:[DBG]:CMD:[0x37]->[0x00]
[17:38:52:114]236142:[DBG]:CMD:[0x01]->[0x00]
[17:38:52:114]236144:[DBG]:CMD:[0x20]->[0x00]
[17:38:52:426]236444:[DBG]:CMD:[0x37]->[0x00]
[17:38:52:426]236446:[DBG]:CMD:[0x01]->[0x00]
[17:38:52:426]236446:[DBG]:CMD:[0x20]->[0x00]
[17:38:52:520]236534:[DBG]:IIC:TEMP ID 0:0x005A,0x0068,0x0046,0x009A,
[17:38:52:520]236534:[DBG]:IIC:TEMP ID 4:0x0074,0x006A,0x003A,0x0092,
[17:38:52:723]236748:[DBG]:CMD:[0x37]->[0x00]
[17:38:52:723]236748:[DBG]:CMD:[0x01]->[0x00]
[17:38:52:723]236750:[DBG]:CMD:[0x20]->[0x00]
[17:38:53:036]237050:[DBG]:CMD:[0x37]->[0x00]
[17:38:53:036]237052:[DBG]:CMD:[0x01]->[0x00]
[17:38:53:036]237052:[DBG]:CMD:[0x20]->[0x00]
[17:38:53:332]237354:[DBG]:CMD:[0x37]->[0x00]
[17:38:53:332]237354:[DBG]:CMD:[0x01]->[0x00]
[17:38:53:332]237356:[DBG]:CMD:[0x20]->[0x00]
[17:38:53:629]237656:[DBG]:CMD:[0x37]->[0x00]
[17:38:53:629]237656:[DBG]:CMD:[0x01]->[0x00]
[17:38:53:629]237660:[DBG]:CMD:[0x20]->[0x00]
[17:38:53:942]237960:[DBG]:CMD:[0x37]->[0x00]
[17:38:53:942]237960:[DBG]:CMD:[0x01]->[0x00]
[17:38:53:942]237962:[DBG]:CMD:[0x20]->[0x00]
[17:38:54:239]238262:[DBG]:CMD:[0x37]->[0x00]
[17:38:54:239]238264:[DBG]:CMD:[0x01]->[0x00]
[17:38:54:239]238264:[DBG]:CMD:[0x20]->[0x00]
[17:38:54:504]238534:[DBG]:IIC:TEMP ID 0:0x0047,0x0068,0x003D,0x009A,
[17:38:54:504]238534:[DBG]:IIC:TEMP ID 4:0x0077,0x006A,0x003F,0x0092,
[17:38:54:535]238566:[DBG]:CMD:[0x37]->[0x00]
[17:38:54:535]238566:[DBG]:CMD:[0x01]->[0x00]
[17:38:54:535]238568:[DBG]:CMD:[0x20]->[0x00]
[17:38:54:848]238868:[DBG]:CMD:[0x37]->[0x00]
[17:38:54:848]238870:[DBG]:CMD:[0x01]->[0x00]
[17:38:54:848]238870:[DBG]:CMD:[0x20]->[0x00]
[17:38:55:145]239172:[DBG]:CMD:[0x37]->[0x00]
[17:38:55:145]239172:[DBG]:CMD:[0x01]->[0x00]
[17:38:55:145]239174:[DBG]:CMD:[0x20]->[0x00]
[17:38:55:457]239474:[DBG]:CMD:[0x37]->[0x00]
[17:38:55:457]239474:[DBG]:CMD:[0x01]->[0x00]
[17:38:55:457]239476:[DBG]:CMD:[0x20]->[0x00]
[17:38:55:753]239778:[DBG]:CMD:[0x37]->[0x00]
[17:38:55:753]239778:[DBG]:CMD:[0x01]->[0x00]
[17:38:55:753]239778:[DBG]:CMD:[0x20]->[0x00]
[17:38:56:051]240080:[DBG]:CMD:[0x37]->[0x00]
[17:38:56:051]240080:[DBG]:CMD:[0x01]->[0x00]
[17:38:56:051]240082:[DBG]:CMD:[0x20]->[0x00]
[17:38:56:363]240384:[DBG]:CMD:[0x37]->[0x00]
[17:38:56:363]240384:[DBG]:CMD:[0x01]->[0x00]
[17:38:56:363]240386:[DBG]:CMD:[0x20]->[0x00]
[17:38:56:504]240534:[DBG]:IIC:TEMP ID 0:0x0068,0x0068,0x0040,0x009A,
[17:38:56:504]240534:[DBG]:IIC:TEMP ID 4:0x0076,0x006A,0x0048,0x0092,
[17:38:56:660]240688:[DBG]:CMD:[0x37]->[0x00]
[17:38:56:660]240688:[DBG]:CMD:[0x01]->[0x00]
[17:38:56:660]240688:[DBG]:CMD:[0x20]->[0x00]
[17:38:56:972]240990:[DBG]:CMD:[0x37]->[0x00]
[17:38:56:972]240992:[DBG]:CMD:[0x01]->[0x00]
[17:38:56:972]240992:[DBG]:CMD:[0x20]->[0x00]
[17:38:57:269]241294:[DBG]:CMD:[0x37]->[0x00]
[17:38:57:269]241294:[DBG]:CMD:[0x01]->[0x00]
[17:38:57:269]241296:[DBG]:CMD:[0x20]->[0x00]
[17:38:57:566]241596:[DBG]:CMD:[0x37]->[0x00]
[17:38:57:566]241596:[DBG]:CMD:[0x01]->[0x00]
[17:38:57:566]241598:[DBG]:CMD:[0x20]->[0x00]
[17:38:57:878]241898:[DBG]:CMD:[0x37]->[0x00]
[17:38:57:878]241900:[DBG]:CMD:[0x01]->[0x00]
[17:38:57:878]241900:[DBG]:CMD:[0x20]->[0x00]
[17:38:58:175]242202:[DBG]:CMD:[0x37]->[0x00]
[17:38:58:175]242202:[DBG]:CMD:[0x01]->[0x00]
[17:38:58:175]242204:[DBG]:CMD:[0x20]->[0x00]
[17:38:58:472]242504:[DBG]:CMD:[0x37]->[0x00]
[17:38:58:472]242506:[DBG]:CMD:[0x01]->[0x00]
[17:38:58:472]242506:[DBG]:CMD:[0x20]->[0x00]
[17:38:58:503]242534:[DBG]:IIC:TEMP ID 0:0x0069,0x0068,0x003D,0x009A,
[17:38:58:503]242534:[DBG]:IIC:TEMP ID 4:0x0079,0x006A,0x0049,0x0092,
[17:38:58:784]242808:[DBG]:CMD:[0x37]->[0x00]
[17:38:58:784]242808:[DBG]:CMD:[0x01]->[0x00]
[17:38:58:784]242810:[DBG]:CMD:[0x20]->[0x00]
[17:38:59:097]243110:[DBG]:CMD:[0x37]->[0x00]
[17:38:59:097]243112:[DBG]:CMD:[0x01]->[0x00]
[17:38:59:097]243112:[DBG]:CMD:[0x20]->[0x00]
[17:38:59:393]243414:[DBG]:CMD:[0x37]->[0x00]
[17:38:59:393]243414:[DBG]:CMD:[0x01]->[0x00]
[17:38:59:393]243418:[DBG]:CMD:[0x20]->[0x00]
[17:38:59:690]243720:[DBG]:CMD:[0x37]->[0x00]
[17:38:59:690]243722:[DBG]:CMD:[0x01]->[0x00]
[17:38:59:690]243722:[DBG]:CMD:[0x20]->[0x00]
[17:39:00:003]244024:[DBG]:CMD:[0x37]->[0x00]
[17:39:00:003]244024:[DBG]:CMD:[0x01]->[0x00]
[17:39:00:003]244026:[DBG]:CMD:[0x20]->[0x00]
[17:39:00:300]244326:[DBG]:CMD:[0x37]->[0x00]
[17:39:00:300]244326:[DBG]:CMD:[0x01]->[0x00]
[17:39:00:300]244328:[DBG]:CMD:[0x20]->[0x00]
[17:39:00:503]244534:[DBG]:IIC:TEMP ID 0:0x006C,0x0068,0x003C,0x009A,
[17:39:00:503]244534:[DBG]:IIC:TEMP ID 4:0x0076,0x006A,0x0052,0x0092,
[17:39:00:596]244630:[DBG]:CMD:[0x37]->[0x00]
[17:39:00:596]244630:[DBG]:CMD:[0x01]->[0x00]
[17:39:00:596]244632:[DBG]:CMD:[0x20]->[0x00]
[17:39:00:909]244934:[DBG]:CMD:[0x37]->[0x00]
[17:39:00:909]244934:[DBG]:CMD:[0x01]->[0x00]
[17:39:00:909]244934:[DBG]:CMD:[0x20]->[0x00]
[17:39:01:206]245236:[DBG]:CMD:[0x37]->[0x00]
[17:39:01:206]245238:[DBG]:CMD:[0x01]->[0x00]
[17:39:01:206]245238:[DBG]:CMD:[0x20]->[0x00]
[17:39:01:502]245540:[DBG]:CMD:[0x37]->[0x00]
[17:39:01:502]245540:[DBG]:CMD:[0x01]->[0x00]
[17:39:01:502]245542:[DBG]:CMD:[0x20]->[0x00]
[17:39:01:815]245842:[DBG]:CMD:[0x37]->[0x00]
[17:39:01:815]245844:[DBG]:CMD:[0x01]->[0x00]
[17:39:01:815]245844:[DBG]:CMD:[0x20]->[0x00]
[17:39:02:112]246146:[DBG]:CMD:[0x37]->[0x00]
[17:39:02:112]246146:[DBG]:CMD:[0x01]->[0x00]
[17:39:02:112]246148:[DBG]:CMD:[0x20]->[0x00]
[17:39:02:424]246448:[DBG]:CMD:[0x37]->[0x00]
[17:39:02:424]246450:[DBG]:CMD:[0x01]->[0x00]
[17:39:02:424]246450:[DBG]:CMD:[0x20]->[0x00]
[17:39:02:502]246534:[DBG]:IIC:TEMP ID 0:0x0071,0x0068,0x0023,0x009A,
[17:39:02:502]246534:[DBG]:IIC:TEMP ID 4:0x0079,0x006A,0x004B,0x0092,
[17:39:02:721]246752:[DBG]:CMD:[0x37]->[0x00]
[17:39:02:721]246752:[DBG]:CMD:[0x01]->[0x00]
[17:39:02:721]246754:[DBG]:CMD:[0x20]->[0x00]
[17:39:03:017]247054:[DBG]:CMD:[0x37]->[0x00]
[17:39:03:017]247056:[DBG]:CMD:[0x01]->[0x00]
[17:39:03:017]247056:[DBG]:CMD:[0x20]->[0x00]
[17:39:03:330]247360:[DBG]:CMD:[0x37]->[0x00]
[17:39:03:330]247360:[DBG]:CMD:[0x01]->[0x00]
[17:39:03:330]247360:[DBG]:CMD:[0x20]->[0x00]
[17:39:03:627]247662:[DBG]:CMD:[0x37]->[0x00]
[17:39:03:627]247664:[DBG]:CMD:[0x01]->[0x00]
[17:39:03:627]247664:[DBG]:CMD:[0x20]->[0x00]
[17:39:03:939]247966:[DBG]:CMD:[0x37]->[0x00]
[17:39:03:939]247966:[DBG]:CMD:[0x01]->[0x00]
[17:39:03:939]247968:[DBG]:CMD:[0x20]->[0x00]
[17:39:04:236]248268:[DBG]:CMD:[0x37]->[0x00]
[17:39:04:236]248270:[DBG]:CMD:[0x01]->[0x00]
[17:39:04:236]248270:[DBG]:CMD:[0x20]->[0x00]
[17:39:04:501]248534:[DBG]:IIC:TEMP ID 0:0x0052,0x0068,0x0032,0x009A,
[17:39:04:501]248534:[DBG]:IIC:TEMP ID 4:0x0076,0x006A,0x004C,0x0092,
[17:39:04:533]248572:[DBG]:CMD:[0x37]->[0x00]
[17:39:04:533]248572:[DBG]:CMD:[0x01]->[0x00]
[17:39:04:533]248574:[DBG]:CMD:[0x20]->[0x00]
[17:39:04:845]248874:[DBG]:CMD:[0x37]->[0x00]
[17:39:04:845]248876:[DBG]:CMD:[0x01]->[0x00]
[17:39:04:845]248876:[DBG]:CMD:[0x20]->[0x00]
[17:39:05:142]249178:[DBG]:CMD:[0x37]->[0x00]
[17:39:05:142]249178:[DBG]:CMD:[0x01]->[0x00]
[17:39:05:142]249180:[DBG]:CMD:[0x20]->[0x00]
[17:39:05:455]249482:[DBG]:CMD:[0x37]->[0x00]
[17:39:05:455]249482:[DBG]:CMD:[0x01]->[0x00]
[17:39:05:455]249484:[DBG]:CMD:[0x20]->[0x00]
[17:39:05:751]249784:[DBG]:CMD:[0x37]->[0x00]
[17:39:05:751]249786:[DBG]:CMD:[0x01]->[0x00]
[17:39:05:751]249786:[DBG]:CMD:[0x20]->[0x00]
[17:39:06:048]250088:[DBG]:CMD:[0x37]->[0x00]
[17:39:06:048]250088:[DBG]:CMD:[0x01]->[0x00]
[17:39:06:048]250090:[DBG]:CMD:[0x20]->[0x00]
[17:39:06:361]250390:[DBG]:CMD:[0x37]->[0x00]
[17:39:06:361]250390:[DBG]:CMD:[0x01]->[0x00]
[17:39:06:361]250392:[DBG]:CMD:[0x20]->[0x00]
[17:39:06:501]250534:[DBG]:IIC:TEMP ID 0:0x0053,0x0068,0x0029,0x009A,
[17:39:06:501]250534:[DBG]:IIC:TEMP ID 4:0x0079,0x006A,0x0045,0x0092,
[17:39:06:657]250694:[DBG]:CMD:[0x37]->[0x00]
[17:39:06:657]250694:[DBG]:CMD:[0x01]->[0x00]
[17:39:06:657]250696:[DBG]:CMD:[0x20]->[0x00]
[17:39:06:954]250998:[DBG]:CMD:[0x37]->[0x00]
[17:39:06:954]250998:[DBG]:CMD:[0x01]->[0x00]
[17:39:06:954]250998:[DBG]:CMD:[0x20]->[0x00]
[17:39:07:267]251300:[DBG]:CMD:[0x37]->[0x00]
[17:39:07:267]251302:[DBG]:CMD:[0x01]->[0x00]
[17:39:07:267]251302:[DBG]:CMD:[0x20]->[0x00]
[17:39:07:563]251604:[DBG]:CMD:[0x37]->[0x00]
[17:39:07:563]251604:[DBG]:CMD:[0x01]->[0x00]
[17:39:07:563]251606:[DBG]:CMD:[0x20]->[0x00]
[17:39:07:876]251906:[DBG]:CMD:[0x37]->[0x00]
[17:39:07:876]251906:[DBG]:CMD:[0x01]->[0x00]
[17:39:07:876]251908:[DBG]:CMD:[0x20]->[0x00]
[17:39:08:173]252208:[DBG]:CMD:[0x37]->[0x00]
[17:39:08:173]252210:[DBG]:CMD:[0x01]->[0x00]
[17:39:08:173]252210:[DBG]:CMD:[0x20]->[0x00]
[17:39:08:454]252512:[DBG]:CMD:[0x37]->[0x00]
[17:39:08:454]252512:[DBG]:CMD:[0x01]->[0x00]
[17:39:08:454]252514:[DBG]:CMD:[0x20]->[0x00]
[17:39:08:501]252534:[DBG]:IIC:TEMP ID 0:0x0054,0x0068,0x0026,0x009A,
[17:39:08:501]252534:[DBG]:IIC:TEMP ID 4:0x0078,0x006A,0x006E,0x0092,
[17:39:08:782]252818:[DBG]:CMD:[0x37]->[0x00]
[17:39:08:782]252820:[DBG]:CMD:[0x01]->[0x00]
[17:39:08:782]252822:[DBG]:CMD:[0x20]->[0x00]
[17:39:09:079]253122:[DBG]:CMD:[0x37]->[0x00]
[17:39:09:079]253122:[DBG]:CMD:[0x01]->[0x00]
[17:39:09:079]253124:[DBG]:CMD:[0x20]->[0x00]
[17:39:09:391]253426:[DBG]:CMD:[0x37]->[0x00]
[17:39:09:391]253426:[DBG]:CMD:[0x01]->[0x00]
[17:39:09:391]253428:[DBG]:CMD:[0x20]->[0x00]
[17:39:09:688]253728:[DBG]:CMD:[0x37]->[0x00]
[17:39:09:688]253728:[DBG]:CMD:[0x01]->[0x00]
[17:39:09:688]253730:[DBG]:CMD:[0x20]->[0x00]
[17:39:09:985]254032:[DBG]:CMD:[0x37]->[0x00]
[17:39:09:985]254032:[DBG]:CMD:[0x01]->[0x00]
[17:39:09:985]254032:[DBG]:CMD:[0x20]->[0x00]
[17:39:10:297]254334:[DBG]:CMD:[0x37]->[0x00]
[17:39:10:297]254336:[DBG]:CMD:[0x01]->[0x00]
[17:39:10:297]254336:[DBG]:CMD:[0x20]->[0x00]
[17:39:10:500]254534:[DBG]:IIC:TEMP ID 0:0x0057,0x0068,0x001F,0x009A,
[17:39:10:500]254534:[DBG]:IIC:TEMP ID 4:0x007B,0x006A,0x004D,0x0092,
[17:39:10:594]254638:[DBG]:CMD:[0x37]->[0x00]
[17:39:10:594]254638:[DBG]:CMD:[0x01]->[0x00]
[17:39:10:594]254640:[DBG]:CMD:[0x20]->[0x00]
[17:39:10:906]254940:[DBG]:CMD:[0x37]->[0x00]
[17:39:10:906]254940:[DBG]:CMD:[0x01]->[0x00]
[17:39:10:906]254942:[DBG]:CMD:[0x20]->[0x00]
[17:39:11:203]255244:[DBG]:CMD:[0x37]->[0x00]
[17:39:11:203]255244:[DBG]:CMD:[0x01]->[0x00]
[17:39:11:203]255244:[DBG]:CMD:[0x20]->[0x00]
[17:39:11:500]255546:[DBG]:CMD:[0x37]->[0x00]
[17:39:11:500]255546:[DBG]:CMD:[0x01]->[0x00]
[17:39:11:500]255548:[DBG]:CMD:[0x20]->[0x00]
[17:39:11:813]255848:[DBG]:CMD:[0x37]->[0x00]
[17:39:11:813]255850:[DBG]:CMD:[0x01]->[0x00]
[17:39:11:813]255850:[DBG]:CMD:[0x20]->[0x00]
[17:39:12:109]256152:[DBG]:CMD:[0x37]->[0x00]
[17:39:12:109]256152:[DBG]:CMD:[0x01]->[0x00]
[17:39:12:109]256154:[DBG]:CMD:[0x20]->[0x00]
[17:39:12:422]256454:[DBG]:CMD:[0x37]->[0x00]
[17:39:12:422]256456:[DBG]:CMD:[0x01]->[0x00]
[17:39:12:422]256456:[DBG]:CMD:[0x20]->[0x00]
[17:39:12:500]256534:[DBG]:IIC:TEMP ID 0:0x0064,0x0068,0x0002,0x009A,
[17:39:12:500]256534:[DBG]:IIC:TEMP ID 4:0x0078,0x006A,0x0058,0x0092,
[17:39:12:719]256760:[DBG]:CMD:[0x37]->[0x00]
[17:39:12:719]256760:[DBG]:CMD:[0x01]->[0x00]
[17:39:12:719]256760:[DBG]:CMD:[0x20]->[0x00]
[17:39:13:015]257062:[DBG]:CMD:[0x37]->[0x00]
[17:39:13:015]257064:[DBG]:CMD:[0x01]->[0x00]
[17:39:13:015]257064:[DBG]:CMD:[0x20]->[0x00]
[17:39:13:328]257366:[DBG]:CMD:[0x37]->[0x00]
[17:39:13:328]257366:[DBG]:CMD:[0x01]->[0x00]
[17:39:13:328]257368:[DBG]:CMD:[0x20]->[0x00]
[17:39:13:625]257668:[DBG]:CMD:[0x37]->[0x00]
[17:39:13:625]257668:[DBG]:CMD:[0x01]->[0x00]
[17:39:13:625]257670:[DBG]:CMD:[0x20]->[0x00]
[17:39:13:921]257970:[DBG]:CMD:[0x37]->[0x00]
[17:39:13:921]257972:[DBG]:CMD:[0x01]->[0x00]
[17:39:13:921]257972:[DBG]:CMD:[0x20]->[0x00]
[17:39:14:234]258274:[DBG]:CMD:[0x37]->[0x00]
[17:39:14:234]258274:[DBG]:CMD:[0x01]->[0x00]
[17:39:14:234]258276:[DBG]:CMD:[0x20]->[0x00]
[17:39:14:499]258534:[DBG]:IIC:TEMP ID 0:0x0051,0x0068,0x000B,0x009A,
[17:39:14:499]258534:[DBG]:IIC:TEMP ID 4:0x0079,0x006A,0x0041,0x0092,
[17:39:14:530]258576:[DBG]:CMD:[0x37]->[0x00]
[17:39:14:530]258578:[DBG]:CMD:[0x01]->[0x00]
[17:39:14:530]258578:[DBG]:CMD:[0x20]->[0x00]
[17:39:14:843]258880:[DBG]:CMD:[0x37]->[0x00]
[17:39:14:843]258880:[DBG]:CMD:[0x01]->[0x00]
[17:39:14:843]258882:[DBG]:CMD:[0x20]->[0x00]
[17:39:15:140]259182:[DBG]:CMD:[0x37]->[0x00]
[17:39:15:140]259182:[DBG]:CMD:[0x01]->[0x00]
[17:39:15:140]259184:[DBG]:CMD:[0x20]->[0x00]
[17:39:15:437]259486:[DBG]:CMD:[0x37]->[0x00]
[17:39:15:437]259486:[DBG]:CMD:[0x01]->[0x00]
[17:39:15:437]259486:[DBG]:CMD:[0x20]->[0x00]
[17:39:15:749]259788:[DBG]:CMD:[0x37]->[0x00]
[17:39:15:749]259788:[DBG]:CMD:[0x01]->[0x00]
[17:39:15:749]259790:[DBG]:CMD:[0x20]->[0x00]
[17:39:16:046]260092:[DBG]:CMD:[0x37]->[0x00]
[17:39:16:046]260092:[DBG]:CMD:[0x01]->[0x00]
[17:39:16:046]260094:[DBG]:CMD:[0x20]->[0x00]
[17:39:16:343]260394:[DBG]:CMD:[0x37]->[0x00]
[17:39:16:343]260396:[DBG]:CMD:[0x01]->[0x00]
[17:39:16:343]260396:[DBG]:CMD:[0x20]->[0x00]
[17:39:16:483]260534:[DBG]:IIC:TEMP ID 0:0x004C,0x0068,0x00F2,0x0099,
[17:39:16:483]260534:[DBG]:IIC:TEMP ID 4:0x0078,0x006A,0x0040,0x0092,
[17:39:16:655]260698:[DBG]:CMD:[0x37]->[0x00]
[17:39:16:655]260698:[DBG]:CMD:[0x01]->[0x00]
[17:39:16:655]260698:[DBG]:CMD:[0x20]->[0x00]
[17:39:16:952]261000:[DBG]:CMD:[0x37]->[0x00]
[17:39:16:952]261000:[DBG]:CMD:[0x01]->[0x00]
[17:39:16:952]261002:[DBG]:CMD:[0x20]->[0x00]
[17:39:17:264]261304:[DBG]:CMD:[0x37]->[0x00]
[17:39:17:264]261304:[DBG]:CMD:[0x01]->[0x00]
[17:39:17:264]261304:[DBG]:CMD:[0x20]->[0x00]
[17:39:17:561]261606:[DBG]:CMD:[0x37]->[0x00]
[17:39:17:561]261606:[DBG]:CMD:[0x01]->[0x00]
[17:39:17:561]261608:[DBG]:CMD:[0x20]->[0x00]
[17:39:17:873]261908:[DBG]:CMD:[0x37]->[0x00]
[17:39:17:873]261910:[DBG]:CMD:[0x01]->[0x00]
[17:39:17:873]261910:[DBG]:CMD:[0x20]->[0x00]
[17:39:18:170]262212:[DBG]:CMD:[0x37]->[0x00]
[17:39:18:170]262212:[DBG]:CMD:[0x01]->[0x00]
[17:39:18:170]262214:[DBG]:CMD:[0x20]->[0x00]
[17:39:18:451]262514:[DBG]:CMD:[0x37]->[0x00]
[17:39:18:451]262516:[DBG]:CMD:[0x01]->[0x00]
[17:39:18:451]262518:[DBG]:CMD:[0x20]->[0x00]
[17:39:18:483]262534:[DBG]:IIC:TEMP ID 0:0x0059,0x0068,0x00F9,0x0099,
[17:39:18:483]262534:[DBG]:IIC:TEMP ID 4:0x007B,0x006A,0x004D,0x0092,
[17:39:18:780]262820:[DBG]:CMD:[0x37]->[0x00]
[17:39:18:780]262822:[DBG]:CMD:[0x01]->[0x00]
[17:39:18:780]262822:[DBG]:CMD:[0x20]->[0x00]
[17:39:19:076]263124:[DBG]:CMD:[0x37]->[0x00]
[17:39:19:076]263124:[DBG]:CMD:[0x01]->[0x00]
[17:39:19:076]263126:[DBG]:CMD:[0x20]->[0x00]
[17:39:19:373]263426:[DBG]:CMD:[0x37]->[0x00]
[17:39:19:373]263426:[DBG]:CMD:[0x01]->[0x00]
[17:39:19:373]263428:[DBG]:CMD:[0x20]->[0x00]
[17:39:19:686]263730:[DBG]:CMD:[0x37]->[0x00]
[17:39:19:686]263730:[DBG]:CMD:[0x01]->[0x00]
[17:39:19:686]263732:[DBG]:CMD:[0x20]->[0x00]
[17:39:19:982]264032:[DBG]:CMD:[0x37]->[0x00]
[17:39:19:982]264032:[DBG]:CMD:[0x01]->[0x00]
[17:39:19:982]264034:[DBG]:CMD:[0x20]->[0x00]
[17:39:20:279]264334:[DBG]:CMD:[0x37]->[0x00]
[17:39:20:279]264336:[DBG]:CMD:[0x01]->[0x00]
[17:39:20:279]264336:[DBG]:CMD:[0x20]->[0x00]
[17:39:20:482]264534:[DBG]:IIC:TEMP ID 0:0x0064,0x0068,0x00E8,0x0099,
[17:39:20:482]264534:[DBG]:IIC:TEMP ID 4:0x0078,0x006A,0x004E,0x0092,
[17:39:20:592]264638:[DBG]:CMD:[0x37]->[0x00]
[17:39:20:592]264638:[DBG]:CMD:[0x01]->[0x00]
[17:39:20:592]264640:[DBG]:CMD:[0x20]->[0x00]
[17:39:20:888]264940:[DBG]:CMD:[0x37]->[0x00]
[17:39:20:888]264942:[DBG]:CMD:[0x01]->[0x00]
[17:39:20:888]264942:[DBG]:CMD:[0x20]->[0x00]
[17:39:21:201]265244:[DBG]:CMD:[0x37]->[0x00]
[17:39:21:201]265244:[DBG]:CMD:[0x01]->[0x00]
[17:39:21:201]265246:[DBG]:CMD:[0x20]->[0x00]
[17:39:21:497]265546:[DBG]:CMD:[0x37]->[0x00]
[17:39:21:497]265546:[DBG]:CMD:[0x01]->[0x00]
[17:39:21:497]265548:[DBG]:CMD:[0x20]->[0x00]
[17:39:21:794]265848:[DBG]:CMD:[0x37]->[0x00]
[17:39:21:794]265850:[DBG]:CMD:[0x01]->[0x00]
[17:39:21:794]265850:[DBG]:CMD:[0x20]->[0x00]
[17:39:22:107]266152:[DBG]:CMD:[0x37]->[0x00]
[17:39:22:107]266152:[DBG]:CMD:[0x01]->[0x00]
[17:39:22:107]266154:[DBG]:CMD:[0x20]->[0x00]
[17:39:22:404]266456:[DBG]:CMD:[0x37]->[0x00]
[17:39:22:404]266456:[DBG]:CMD:[0x01]->[0x00]
[17:39:22:404]266456:[DBG]:CMD:[0x20]->[0x00]
[17:39:22:482]266534:[DBG]:IIC:TEMP ID 0:0x004F,0x0068,0x00ED,0x0099,
[17:39:22:482]266534:[DBG]:IIC:TEMP ID 4:0x007B,0x006A,0x005F,0x0092,
[17:39:22:701]266760:[DBG]:CMD:[0x37]->[0x00]
[17:39:22:701]266760:[DBG]:CMD:[0x01]->[0x00]
[17:39:22:701]266760:[DBG]:CMD:[0x20]->[0x00]
[17:39:23:013]267062:[DBG]:CMD:[0x37]->[0x00]
[17:39:23:013]267064:[DBG]:CMD:[0x01]->[0x00]
[17:39:23:013]267064:[DBG]:CMD:[0x20]->[0x00]
[17:39:23:310]267366:[DBG]:CMD:[0x37]->[0x00]
[17:39:23:310]267366:[DBG]:CMD:[0x01]->[0x00]
[17:39:23:310]267368:[DBG]:CMD:[0x20]->[0x00]
[17:39:23:622]267668:[DBG]:CMD:[0x37]->[0x00]
[17:39:23:622]267670:[DBG]:CMD:[0x01]->[0x00]
[17:39:23:622]267670:[DBG]:CMD:[0x20]->[0x00]
[17:39:23:919]267972:[DBG]:CMD:[0x37]->[0x00]
[17:39:23:919]267972:[DBG]:CMD:[0x01]->[0x00]
[17:39:23:919]267974:[DBG]:CMD:[0x20]->[0x00]
[17:39:24:216]268274:[DBG]:CMD:[0x37]->[0x00]
[17:39:24:216]268274:[DBG]:CMD:[0x01]->[0x00]
[17:39:24:216]268276:[DBG]:CMD:[0x20]->[0x00]
[17:39:24:481]268534:[DBG]:IIC:TEMP ID 0:0x005C,0x0068,0x00CE,0x0099,
[17:39:24:481]268534:[DBG]:IIC:TEMP ID 4:0x007E,0x006A,0x004C,0x0092,
[17:39:24:528]268578:[DBG]:CMD:[0x37]->[0x00]
[17:39:24:528]268578:[DBG]:CMD:[0x01]->[0x00]
[17:39:24:528]268580:[DBG]:CMD:[0x20]->[0x00]
[17:39:24:825]268880:[DBG]:CMD:[0x37]->[0x00]
[17:39:24:825]268882:[DBG]:CMD:[0x01]->[0x00]
[17:39:24:825]268882:[DBG]:CMD:[0x20]->[0x00]
[17:39:25:137]269184:[DBG]:CMD:[0x37]->[0x00]
[17:39:25:137]269184:[DBG]:CMD:[0x01]->[0x00]
[17:39:25:137]269186:[DBG]:CMD:[0x20]->[0x00]
[17:39:25:434]269486:[DBG]:CMD:[0x37]->[0x00]
[17:39:25:434]269488:[DBG]:CMD:[0x01]->[0x00]
[17:39:25:434]269488:[DBG]:CMD:[0x20]->[0x00]
[17:39:25:731]269790:[DBG]:CMD:[0x37]->[0x00]
[17:39:25:731]269790:[DBG]:CMD:[0x01]->[0x00]
[17:39:25:731]269792:[DBG]:CMD:[0x20]->[0x00]
[17:39:26:043]270094:[DBG]:CMD:[0x37]->[0x00]
[17:39:26:043]270094:[DBG]:CMD:[0x01]->[0x00]
[17:39:26:043]270094:[DBG]:CMD:[0x20]->[0x00]
[17:39:26:340]270396:[DBG]:CMD:[0x37]->[0x00]
[17:39:26:340]270398:[DBG]:CMD:[0x01]->[0x00]
[17:39:26:340]270398:[DBG]:CMD:[0x20]->[0x00]
[17:39:26:481]270534:[DBG]:IIC:TEMP ID 0:0x005B,0x0068,0x00C9,0x0099,
[17:39:26:481]270534:[DBG]:IIC:TEMP ID 4:0x0079,0x006A,0x0049,0x0092,
[17:39:26:637]270700:[DBG]:CMD:[0x37]->[0x00]
[17:39:26:637]270700:[DBG]:CMD:[0x01]->[0x00]
[17:39:26:637]270702:[DBG]:CMD:[0x20]->[0x00]
[17:39:26:950]271002:[DBG]:CMD:[0x37]->[0x00]
[17:39:26:950]271004:[DBG]:CMD:[0x01]->[0x00]
[17:39:26:950]271004:[DBG]:CMD:[0x20]->[0x00]
[17:39:27:262]271306:[DBG]:CMD:[0x37]->[0x00]
[17:39:27:262]271306:[DBG]:CMD:[0x01]->[0x00]
[17:39:27:262]271308:[DBG]:CMD:[0x20]->[0x00]
[17:39:27:559]271608:[DBG]:CMD:[0x37]->[0x00]
[17:39:27:559]271610:[DBG]:CMD:[0x01]->[0x00]
[17:39:27:559]271610:[DBG]:CMD:[0x20]->[0x00]
[17:39:27:856]271912:[DBG]:CMD:[0x37]->[0x00]
[17:39:27:856]271912:[DBG]:CMD:[0x01]->[0x00]
[17:39:27:856]271914:[DBG]:CMD:[0x20]->[0x00]
[17:39:28:168]272218:[DBG]:CMD:[0x37]->[0x00]
[17:39:28:168]272220:[DBG]:CMD:[0x01]->[0x00]
[17:39:28:168]272222:[DBG]:CMD:[0x20]->[0x00]
[17:39:28:433]272522:[DBG]:CMD:[0x37]->[0x00]
[17:39:28:433]272524:[DBG]:CMD:[0x01]->[0x00]
[17:39:28:433]272524:[DBG]:CMD:[0x20]->[0x00]
[17:39:28:480]272534:[DBG]:IIC:TEMP ID 0:0x006C,0x0068,0x00D2,0x0099,
[17:39:28:480]272534:[DBG]:IIC:TEMP ID 4:0x007C,0x006A,0x004E,0x0092,
[17:39:28:761]272826:[DBG]:CMD:[0x37]->[0x00]
[17:39:28:761]272826:[DBG]:CMD:[0x01]->[0x00]
[17:39:28:761]272828:[DBG]:CMD:[0x20]->[0x00]
[17:39:29:074]273128:[DBG]:CMD:[0x37]->[0x00]
[17:39:29:074]273130:[DBG]:CMD:[0x01]->[0x00]
[17:39:29:074]273130:[DBG]:CMD:[0x20]->[0x00]
[17:39:29:371]273432:[DBG]:CMD:[0x37]->[0x00]
[17:39:29:371]273432:[DBG]:CMD:[0x01]->[0x00]
[17:39:29:371]273434:[DBG]:CMD:[0x20]->[0x00]
[17:39:29:683]273736:[DBG]:CMD:[0x37]->[0x00]
[17:39:29:683]273736:[DBG]:CMD:[0x01]->[0x00]
[17:39:29:683]273738:[DBG]:CMD:[0x20]->[0x00]
[17:39:29:980]274038:[DBG]:CMD:[0x37]->[0x00]
[17:39:29:980]274040:[DBG]:CMD:[0x01]->[0x00]
[17:39:29:980]274040:[DBG]:CMD:[0x20]->[0x00]
[17:39:30:277]274342:[DBG]:CMD:[0x37]->[0x00]
[17:39:30:277]274342:[DBG]:CMD:[0x01]->[0x00]
[17:39:30:277]274344:[DBG]:CMD:[0x20]->[0x00]
[17:39:30:480]274534:[DBG]:IIC:TEMP ID 0:0x006B,0x0068,0x00C9,0x0099,
[17:39:30:480]274534:[DBG]:IIC:TEMP ID 4:0x007B,0x006A,0x004D,0x0092,
[17:39:30:589]274646:[DBG]:CMD:[0x37]->[0x00]
[17:39:30:589]274646:[DBG]:CMD:[0x01]->[0x00]
[17:39:30:589]274648:[DBG]:CMD:[0x20]->[0x00]
[17:39:30:886]274948:[DBG]:CMD:[0x37]->[0x00]
[17:39:30:886]274950:[DBG]:CMD:[0x01]->[0x00]
[17:39:30:886]274950:[DBG]:CMD:[0x20]->[0x00]
[17:39:31:199]275252:[DBG]:CMD:[0x37]->[0x00]
[17:39:31:199]275252:[DBG]:CMD:[0x01]->[0x00]
[17:39:31:199]275254:[DBG]:CMD:[0x20]->[0x00]
[17:39:31:495]275556:[DBG]:CMD:[0x37]->[0x00]
[17:39:31:495]275556:[DBG]:CMD:[0x01]->[0x00]
[17:39:31:495]275560:[DBG]:CMD:[0x20]->[0x00]
[17:39:31:792]275860:[DBG]:CMD:[0x37]->[0x00]
[17:39:31:792]275860:[DBG]:CMD:[0x01]->[0x00]
[17:39:31:792]275862:[DBG]:CMD:[0x20]->[0x00]
[17:39:32:104]276164:[DBG]:CMD:[0x37]->[0x00]
[17:39:32:104]276164:[DBG]:CMD:[0x01]->[0x00]
[17:39:32:104]276166:[DBG]:CMD:[0x20]->[0x00]
[17:39:32:402]276466:[DBG]:CMD:[0x37]->[0x00]
[17:39:32:402]276468:[DBG]:CMD:[0x01]->[0x00]
[17:39:32:402]276468:[DBG]:CMD:[0x20]->[0x00]
[17:39:32:480]276534:[DBG]:IIC:TEMP ID 0:0x005C,0x0068,0x00D2,0x0099,
[17:39:32:480]276534:[DBG]:IIC:TEMP ID 4:0x0082,0x006A,0x0034,0x0092,
[17:39:32:714]276770:[DBG]:CMD:[0x37]->[0x00]
[17:39:32:714]276770:[DBG]:CMD:[0x01]->[0x00]
[17:39:32:714]276772:[DBG]:CMD:[0x20]->[0x00]
[17:39:33:011]277074:[DBG]:CMD:[0x37]->[0x00]
[17:39:33:011]277074:[DBG]:CMD:[0x01]->[0x00]
[17:39:33:011]277074:[DBG]:CMD:[0x20]->[0x00]
[17:39:33:308]277376:[DBG]:CMD:[0x37]->[0x00]
[17:39:33:308]277378:[DBG]:CMD:[0x01]->[0x00]
[17:39:33:308]277378:[DBG]:CMD:[0x20]->[0x00]
[17:39:33:620]277680:[DBG]:CMD:[0x37]->[0x00]
[17:39:33:620]277680:[DBG]:CMD:[0x01]->[0x00]
[17:39:33:620]277680:[DBG]:CMD:[0x20]->[0x00]
[17:39:33:917]277982:[DBG]:CMD:[0x37]->[0x00]
[17:39:33:917]277984:[DBG]:CMD:[0x01]->[0x00]
[17:39:33:917]277984:[DBG]:CMD:[0x20]->[0x00]
[17:39:34:229]278286:[DBG]:CMD:[0x37]->[0x00]
[17:39:34:229]278286:[DBG]:CMD:[0x01]->[0x00]
[17:39:34:229]278288:[DBG]:CMD:[0x20]->[0x00]
[17:39:34:479]278534:[DBG]:IIC:TEMP ID 0:0x0063,0x0068,0x00CD,0x0099,
[17:39:34:479]278534:[DBG]:IIC:TEMP ID 4:0x0079,0x006A,0x0037,0x0092,
[17:39:34:526]278588:[DBG]:CMD:[0x37]->[0x00]
[17:39:34:526]278590:[DBG]:CMD:[0x01]->[0x00]
[17:39:34:526]278590:[DBG]:CMD:[0x20]->[0x00]
[17:39:34:823]278892:[DBG]:CMD:[0x37]->[0x00]
[17:39:34:823]278892:[DBG]:CMD:[0x01]->[0x00]
[17:39:34:823]278894:[DBG]:CMD:[0x20]->[0x00]
[17:39:35:135]279196:[DBG]:CMD:[0x37]->[0x00]
[17:39:35:135]279196:[DBG]:CMD:[0x01]->[0x00]
[17:39:35:135]279196:[DBG]:CMD:[0x20]->[0x00]
[17:39:35:432]279498:[DBG]:CMD:[0x37]->[0x00]
[17:39:35:432]279500:[DBG]:CMD:[0x01]->[0x00]
[17:39:35:432]279500:[DBG]:CMD:[0x20]->[0x00]
[17:39:35:729]279802:[DBG]:CMD:[0x37]->[0x00]
[17:39:35:729]279802:[DBG]:CMD:[0x01]->[0x00]
[17:39:35:729]279804:[DBG]:CMD:[0x20]->[0x00]
[17:39:36:041]280104:[DBG]:CMD:[0x37]->[0x00]
[17:39:36:041]280104:[DBG]:CMD:[0x01]->[0x00]
[17:39:36:041]280106:[DBG]:CMD:[0x20]->[0x00]
[17:39:36:354]280408:[DBG]:CMD:[0x37]->[0x00]
[17:39:36:354]280408:[DBG]:CMD:[0x01]->[0x00]
[17:39:36:354]280408:[DBG]:CMD:[0x20]->[0x00]
[17:39:36:463]280534:[DBG]:IIC:TEMP ID 0:0x005E,0x0068,0x00BE,0x0099,
[17:39:36:463]280534:[DBG]:IIC:TEMP ID 4:0x007E,0x006A,0x0030,0x0092,
[17:39:36:651]280710:[DBG]:CMD:[0x37]->[0x00]
[17:39:36:651]280710:[DBG]:CMD:[0x01]->[0x00]
[17:39:36:651]280712:[DBG]:CMD:[0x20]->[0x00]
[17:39:36:963]281014:[DBG]:CMD:[0x37]->[0x00]
[17:39:36:963]281014:[DBG]:CMD:[0x01]->[0x00]
[17:39:36:963]281018:[DBG]:CMD:[0x20]->[0x00]
[17:39:37:260]281320:[DBG]:CMD:[0x37]->[0x00]
[17:39:37:260]281322:[DBG]:CMD:[0x01]->[0x00]
[17:39:37:260]281322:[DBG]:CMD:[0x20]->[0x00]
[17:39:37:556]281624:[DBG]:CMD:[0x37]->[0x00]
[17:39:37:556]281624:[DBG]:CMD:[0x01]->[0x00]
[17:39:37:556]281626:[DBG]:CMD:[0x20]->[0x00]
[17:39:37:854]281928:[DBG]:CMD:[0x37]->[0x00]
[17:39:37:854]281928:[DBG]:CMD:[0x01]->[0x00]
[17:39:37:854]281928:[DBG]:CMD:[0x20]->[0x00]
[17:39:38:166]282230:[DBG]:CMD:[0x37]->[0x00]
[17:39:38:166]282232:[DBG]:CMD:[0x01]->[0x00]
[17:39:38:166]282232:[DBG]:CMD:[0x20]->[0x00]
[17:39:38:432]282534:[DBG]:IIC:TEMP ID 0:0x0069,0x0068,0x00CB,0x0099,
[17:39:38:432]282534:[DBG]:IIC:TEMP ID 4:0x007F,0x006A,0x0035,0x0092,
[17:39:38:478]282534:[DBG]:CMD:[0x37]->[0x00]
[17:39:38:478]282534:[DBG]:CMD:[0x01]->[0x00]
[17:39:38:478]282536:[DBG]:CMD:[0x20]->[0x00]
[17:39:38:775]282838:[DBG]:CMD:[0x37]->[0x00]
[17:39:38:775]282838:[DBG]:CMD:[0x01]->[0x00]
[17:39:38:775]282840:[DBG]:CMD:[0x20]->[0x00]
[17:39:39:072]283142:[DBG]:CMD:[0x37]->[0x00]
[17:39:39:072]283142:[DBG]:CMD:[0x01]->[0x00]
[17:39:39:072]283142:[DBG]:CMD:[0x20]->[0x00]
[17:39:39:369]283444:[DBG]:CMD:[0x37]->[0x00]
[17:39:39:369]283444:[DBG]:CMD:[0x01]->[0x00]
[17:39:39:369]283446:[DBG]:CMD:[0x20]->[0x00]
[17:39:39:681]283748:[DBG]:CMD:[0x37]->[0x00]
[17:39:39:681]283748:[DBG]:CMD:[0x01]->[0x00]
[17:39:39:681]283750:[DBG]:CMD:[0x20]->[0x00]
[17:39:39:978]284052:[DBG]:CMD:[0x37]->[0x00]
[17:39:39:978]284052:[DBG]:CMD:[0x01]->[0x00]
[17:39:39:978]284052:[DBG]:CMD:[0x20]->[0x00]
[17:39:40:291]284354:[DBG]:CMD:[0x37]->[0x00]
[17:39:40:291]284356:[DBG]:CMD:[0x01]->[0x00]
[17:39:40:291]284356:[DBG]:CMD:[0x20]->[0x00]
[17:39:40:462]284534:[DBG]:IIC:TEMP ID 0:0x006A,0x0068,0x00CE,0x0099,
[17:39:40:462]284534:[DBG]:IIC:TEMP ID 4:0x007C,0x006A,0x0042,0x0092,
[17:39:40:587]284660:[DBG]:CMD:[0x37]->[0x00]
[17:39:40:587]284660:[DBG]:CMD:[0x01]->[0x00]
[17:39:40:587]284662:[DBG]:CMD:[0x20]->[0x00]
[17:39:40:900]284962:[DBG]:CMD:[0x37]->[0x00]
[17:39:40:900]284964:[DBG]:CMD:[0x01]->[0x00]
[17:39:40:900]284964:[DBG]:CMD:[0x20]->[0x00]
[17:39:41:197]285266:[DBG]:CMD:[0x37]->[0x00]
[17:39:41:197]285266:[DBG]:CMD:[0x01]->[0x00]
[17:39:41:197]285268:[DBG]:CMD:[0x20]->[0x00]
[17:39:41:493]285570:[DBG]:CMD:[0x37]->[0x00]
[17:39:41:493]285570:[DBG]:CMD:[0x01]->[0x00]
[17:39:41:493]285572:[DBG]:CMD:[0x20]->[0x00]
[17:39:41:806]285872:[DBG]:CMD:[0x37]->[0x00]
[17:39:41:806]285874:[DBG]:CMD:[0x01]->[0x00]
[17:39:41:806]285874:[DBG]:CMD:[0x20]->[0x00]
[17:39:42:103]286176:[DBG]:CMD:[0x37]->[0x00]
[17:39:42:103]286176:[DBG]:CMD:[0x01]->[0x00]
[17:39:42:103]286178:[DBG]:CMD:[0x20]->[0x00]
[17:39:42:415]286480:[DBG]:CMD:[0x37]->[0x00]
[17:39:42:415]286480:[DBG]:CMD:[0x01]->[0x00]
[17:39:42:415]286482:[DBG]:CMD:[0x20]->[0x00]
[17:39:42:462]286534:[DBG]:IIC:TEMP ID 0:0x0067,0x0068,0x00C5,0x0099,
[17:39:42:462]286534:[DBG]:IIC:TEMP ID 4:0x0083,0x006A,0x0031,0x0092,
[17:39:42:712]286784:[DBG]:CMD:[0x37]->[0x00]
[17:39:42:712]286784:[DBG]:CMD:[0x01]->[0x00]
[17:39:42:712]286784:[DBG]:CMD:[0x20]->[0x00]
[17:39:43:009]287086:[DBG]:CMD:[0x37]->[0x00]
[17:39:43:009]287086:[DBG]:CMD:[0x01]->[0x00]
[17:39:43:009]287088:[DBG]:CMD:[0x20]->[0x00]
[17:39:43:321]287390:[DBG]:CMD:[0x37]->[0x00]
[17:39:43:321]287390:[DBG]:CMD:[0x01]->[0x00]
[17:39:43:321]287392:[DBG]:CMD:[0x20]->[0x00]
[17:39:43:618]287694:[DBG]:CMD:[0x37]->[0x00]
[17:39:43:618]287694:[DBG]:CMD:[0x01]->[0x00]
[17:39:43:618]287694:[DBG]:CMD:[0x20]->[0x00]
[17:39:43:930]287996:[DBG]:CMD:[0x37]->[0x00]
[17:39:43:930]287998:[DBG]:CMD:[0x01]->[0x00]
[17:39:43:930]287998:[DBG]:CMD:[0x20]->[0x00]
[17:39:44:227]288300:[DBG]:CMD:[0x37]->[0x00]
[17:39:44:227]288300:[DBG]:CMD:[0x01]->[0x00]
[17:39:44:227]288302:[DBG]:CMD:[0x20]->[0x00]
[17:39:44:461]288534:[DBG]:IIC:TEMP ID 0:0x005C,0x0068,0x00D4,0x0099,
[17:39:44:461]288534:[DBG]:IIC:TEMP ID 4:0x007C,0x006A,0x0026,0x0092,
[17:39:44:524]288604:[DBG]:CMD:[0x37]->[0x00]
[17:39:44:524]288604:[DBG]:CMD:[0x01]->[0x00]
[17:39:44:524]288606:[DBG]:CMD:[0x20]->[0x00]
[17:39:44:836]288906:[DBG]:CMD:[0x37]->[0x00]
[17:39:44:836]288908:[DBG]:CMD:[0x01]->[0x00]
[17:39:44:836]288908:[DBG]:CMD:[0x20]->[0x00]
[17:39:45:149]289210:[DBG]:CMD:[0x37]->[0x00]
[17:39:45:149]289210:[DBG]:CMD:[0x01]->[0x00]
[17:39:45:149]289212:[DBG]:CMD:[0x20]->[0x00]
[17:39:45:446]289514:[DBG]:CMD:[0x37]->[0x00]
[17:39:45:446]289514:[DBG]:CMD:[0x01]->[0x00]
[17:39:45:446]289518:[DBG]:CMD:[0x20]->[0x00]
[17:39:45:742]289820:[DBG]:CMD:[0x37]->[0x00]
[17:39:45:742]289822:[DBG]:CMD:[0x01]->[0x00]
[17:39:45:742]289822:[DBG]:CMD:[0x20]->[0x00]
[17:39:46:055]290124:[DBG]:CMD:[0x37]->[0x00]
[17:39:46:055]290124:[DBG]:CMD:[0x01]->[0x00]
[17:39:46:055]290126:[DBG]:CMD:[0x20]->[0x00]
[17:39:46:352]290428:[DBG]:CMD:[0x37]->[0x00]
[17:39:46:352]290428:[DBG]:CMD:[0x01]->[0x00]
[17:39:46:352]290428:[DBG]:CMD:[0x20]->[0x00]
[17:39:46:461]290534:[DBG]:IIC:TEMP ID 0:0x0061,0x0068,0x00B9,0x0099,
[17:39:46:461]290534:[DBG]:IIC:TEMP ID 4:0x007F,0x006A,0x001D,0x0092,
[17:39:46:648]290730:[DBG]:CMD:[0x37]->[0x00]
[17:39:46:648]290730:[DBG]:CMD:[0x01]->[0x00]
[17:39:46:648]290732:[DBG]:CMD:[0x20]->[0x00]
[17:39:46:961]291034:[DBG]:CMD:[0x37]->[0x00]
[17:39:46:961]291034:[DBG]:CMD:[0x01]->[0x00]
[17:39:46:961]291036:[DBG]:CMD:[0x20]->[0x00]
[17:39:47:257]291338:[DBG]:CMD:[0x37]->[0x00]
[17:39:47:257]291338:[DBG]:CMD:[0x01]->[0x00]
[17:39:47:257]291338:[DBG]:CMD:[0x20]->[0x00]
[17:39:47:570]291640:[DBG]:CMD:[0x37]->[0x00]
[17:39:47:570]291642:[DBG]:CMD:[0x01]->[0x00]
[17:39:47:570]291642:[DBG]:CMD:[0x20]->[0x00]
[17:39:47:867]291944:[DBG]:CMD:[0x37]->[0x00]
[17:39:47:867]291944:[DBG]:CMD:[0x01]->[0x00]
[17:39:47:867]291946:[DBG]:CMD:[0x20]->[0x00]
[17:39:48:164]292248:[DBG]:CMD:[0x37]->[0x00]
[17:39:48:164]292248:[DBG]:CMD:[0x01]->[0x00]
[17:39:48:164]292250:[DBG]:CMD:[0x20]->[0x00]
[17:39:48:429]292534:[DBG]:IIC:TEMP ID 0:0x005C,0x0068,0x00D4,0x0099,
[17:39:48:429]292534:[DBG]:IIC:TEMP ID 4:0x0080,0x006A,0x0032,0x0092,
[17:39:48:476]292550:[DBG]:CMD:[0x37]->[0x00]
[17:39:48:476]292552:[DBG]:CMD:[0x01]->[0x00]
[17:39:48:476]292552:[DBG]:CMD:[0x20]->[0x00]
[17:39:48:773]292854:[DBG]:CMD:[0x37]->[0x00]
[17:39:48:773]292854:[DBG]:CMD:[0x01]->[0x00]
[17:39:48:773]292856:[DBG]:CMD:[0x20]->[0x00]
[17:39:49:085]293160:[DBG]:CMD:[0x37]->[0x00]
[17:39:49:085]293160:[DBG]:CMD:[0x01]->[0x00]
[17:39:49:085]293160:[DBG]:CMD:[0x20]->[0x00]
[17:39:49:382]293462:[DBG]:CMD:[0x37]->[0x00]
[17:39:49:382]293464:[DBG]:CMD:[0x01]->[0x00]
[17:39:49:382]293464:[DBG]:CMD:[0x20]->[0x00]
[17:39:49:695]293766:[DBG]:CMD:[0x37]->[0x00]
[17:39:49:695]293766:[DBG]:CMD:[0x01]->[0x00]
[17:39:49:695]293768:[DBG]:CMD:[0x20]->[0x00]
[17:39:49:991]294070:[DBG]:CMD:[0x37]->[0x00]
[17:39:49:991]294070:[DBG]:CMD:[0x01]->[0x00]
[17:39:49:991]294072:[DBG]:CMD:[0x20]->[0x00]
[17:39:50:288]294372:[DBG]:CMD:[0x37]->[0x00]
[17:39:50:288]294374:[DBG]:CMD:[0x01]->[0x00]
[17:39:50:288]294374:[DBG]:CMD:[0x20]->[0x00]
[17:39:50:460]294534:[DBG]:IIC:TEMP ID 0:0x0061,0x0068,0x00C1,0x0099,
[17:39:50:460]294534:[DBG]:IIC:TEMP ID 4:0x0081,0x006A,0x0021,0x0092,
[17:39:50:601]294676:[DBG]:CMD:[0x37]->[0x00]
[17:39:50:601]294676:[DBG]:CMD:[0x01]->[0x00]
[17:39:50:601]294678:[DBG]:CMD:[0x20]->[0x00]
[17:39:50:897]294980:[DBG]:CMD:[0x37]->[0x00]
[17:39:50:897]294980:[DBG]:CMD:[0x01]->[0x00]
[17:39:50:897]294982:[DBG]:CMD:[0x20]->[0x00]
[17:39:51:210]295282:[DBG]:CMD:[0x37]->[0x00]
[17:39:51:210]295284:[DBG]:CMD:[0x01]->[0x00]
[17:39:51:210]295284:[DBG]:CMD:[0x20]->[0x00]
[17:39:51:507]295586:[DBG]:CMD:[0x37]->[0x00]
[17:39:51:507]295586:[DBG]:CMD:[0x01]->[0x00]
[17:39:51:507]295588:[DBG]:CMD:[0x20]->[0x00]
[17:39:51:803]295890:[DBG]:CMD:[0x37]->[0x00]
[17:39:51:803]295890:[DBG]:CMD:[0x01]->[0x00]
[17:39:51:803]295892:[DBG]:CMD:[0x20]->[0x00]
[17:39:52:116]296192:[DBG]:CMD:[0x37]->[0x00]
[17:39:52:116]296194:[DBG]:CMD:[0x01]->[0x00]
[17:39:52:116]296194:[DBG]:CMD:[0x20]->[0x00]
[17:39:52:413]296496:[DBG]:CMD:[0x37]->[0x00]
[17:39:52:413]296496:[DBG]:CMD:[0x01]->[0x00]
[17:39:52:413]296498:[DBG]:CMD:[0x20]->[0x00]
[17:39:52:460]296534:[DBG]:IIC:TEMP ID 0:0x0052,0x0068,0x00D8,0x0099,
[17:39:52:460]296534:[DBG]:IIC:TEMP ID 4:0x007E,0x006A,0x0034,0x0092,
[17:39:52:725]296800:[DBG]:CMD:[0x37]->[0x00]
[17:39:52:725]296800:[DBG]:CMD:[0x01]->[0x00]
[17:39:52:725]296802:[DBG]:CMD:[0x20]->[0x00]
[17:39:53:022]297102:[DBG]:CMD:[0x37]->[0x00]
[17:39:53:022]297104:[DBG]:CMD:[0x01]->[0x00]
[17:39:53:022]297104:[DBG]:CMD:[0x20]->[0x00]
[17:39:53:334]297406:[DBG]:CMD:[0x37]->[0x00]
[17:39:53:334]297406:[DBG]:CMD:[0x01]->[0x00]
[17:39:53:334]297408:[DBG]:CMD:[0x20]->[0x00]
[17:39:53:631]297710:[DBG]:CMD:[0x37]->[0x00]
[17:39:53:631]297710:[DBG]:CMD:[0x01]->[0x00]
[17:39:53:631]297712:[DBG]:CMD:[0x20]->[0x00]
[17:39:53:943]298014:[DBG]:CMD:[0x37]->[0x00]
[17:39:53:943]298014:[DBG]:CMD:[0x01]->[0x00]
[17:39:53:943]298014:[DBG]:CMD:[0x20]->[0x00]
[17:39:54:240]298318:[DBG]:CMD:[0x37]->[0x00]
[17:39:54:240]298320:[DBG]:CMD:[0x01]->[0x00]
[17:39:54:240]298322:[DBG]:CMD:[0x20]->[0x00]
[17:39:54:459]298534:[DBG]:IIC:TEMP ID 0:0x0059,0x0068,0x00E1,0x0099,
[17:39:54:459]298534:[DBG]:IIC:TEMP ID 4:0x0085,0x006A,0x0031,0x0092,
[17:39:54:537]298622:[DBG]:CMD:[0x37]->[0x00]
[17:39:54:537]298624:[DBG]:CMD:[0x01]->[0x00]
[17:39:54:537]298624:[DBG]:CMD:[0x20]->[0x00]
[17:39:54:849]298926:[DBG]:CMD:[0x37]->[0x00]
[17:39:54:849]298926:[DBG]:CMD:[0x01]->[0x00]
[17:39:54:849]298928:[DBG]:CMD:[0x20]->[0x00]
[17:39:55:146]299230:[DBG]:CMD:[0x37]->[0x00]
[17:39:55:146]299230:[DBG]:CMD:[0x01]->[0x00]
[17:39:55:146]299232:[DBG]:CMD:[0x20]->[0x00]
[17:39:55:443]299532:[DBG]:CMD:[0x37]->[0x00]
[17:39:55:443]299534:[DBG]:CMD:[0x01]->[0x00]
[17:39:55:443]299534:[DBG]:CMD:[0x20]->[0x00]
[17:39:55:756]299836:[DBG]:CMD:[0x37]->[0x00]
[17:39:55:756]299836:[DBG]:CMD:[0x01]->[0x00]
[17:39:55:756]299838:[DBG]:CMD:[0x20]->[0x00]
[17:39:56:052]300140:[DBG]:CMD:[0x37]->[0x00]
[17:39:56:052]300140:[DBG]:CMD:[0x01]->[0x00]
[17:39:56:052]300142:[DBG]:CMD:[0x20]->[0x00]
[17:39:56:365]300444:[DBG]:CMD:[0x37]->[0x00]
[17:39:56:365]300444:[DBG]:CMD:[0x01]->[0x00]
[17:39:56:365]300444:[DBG]:CMD:[0x20]->[0x00]
[17:39:56:443]300534:[DBG]:IIC:TEMP ID 0:0x005E,0x0068,0x00E6,0x0099,
[17:39:56:443]300534:[DBG]:IIC:TEMP ID 4:0x0080,0x006A,0x002C,0x0092,
[17:39:56:662]300746:[DBG]:CMD:[0x37]->[0x00]
[17:39:56:662]300748:[DBG]:CMD:[0x01]->[0x00]
[17:39:56:662]300748:[DBG]:CMD:[0x20]->[0x00]
[17:39:56:959]301050:[DBG]:CMD:[0x37]->[0x00]
[17:39:56:959]301050:[DBG]:CMD:[0x01]->[0x00]
[17:39:56:959]301052:[DBG]:CMD:[0x20]->[0x00]
[17:39:57:271]301352:[DBG]:CMD:[0x37]->[0x00]
[17:39:57:271]301354:[DBG]:CMD:[0x01]->[0x00]
[17:39:57:271]301354:[DBG]:CMD:[0x20]->[0x00]
[17:39:57:568]301656:[DBG]:CMD:[0x37]->[0x00]
[17:39:57:568]301656:[DBG]:CMD:[0x01]->[0x00]
[17:39:57:568]301660:[DBG]:CMD:[0x20]->[0x00]
[17:39:57:880]301960:[DBG]:CMD:[0x37]->[0x00]
[17:39:57:880]301960:[DBG]:CMD:[0x01]->[0x00]
[17:39:57:880]301962:[DBG]:CMD:[0x20]->[0x00]
[17:39:58:177]302262:[DBG]:CMD:[0x37]->[0x00]
[17:39:58:177]302264:[DBG]:CMD:[0x01]->[0x00]
[17:39:58:177]302264:[DBG]:CMD:[0x20]->[0x00]
[17:39:58:442]302534:[DBG]:IIC:TEMP ID 0:0x0065,0x0068,0x00E5,0x0099,
[17:39:58:442]302534:[DBG]:IIC:TEMP ID 4:0x007F,0x006A,0x002B,0x0092,
[17:39:58:474]302566:[DBG]:CMD:[0x37]->[0x00]
[17:39:58:474]302566:[DBG]:CMD:[0x01]->[0x00]
[17:39:58:474]302568:[DBG]:CMD:[0x20]->[0x00]
[17:39:58:786]302868:[DBG]:CMD:[0x37]->[0x00]
[17:39:58:786]302870:[DBG]:CMD:[0x01]->[0x00]
[17:39:58:786]302870:[DBG]:CMD:[0x20]->[0x00]
[17:39:59:083]303172:[DBG]:CMD:[0x37]->[0x00]
[17:39:59:083]303172:[DBG]:CMD:[0x01]->[0x00]
[17:39:59:083]303174:[DBG]:CMD:[0x20]->[0x00]
[17:39:59:380]303474:[DBG]:CMD:[0x37]->[0x00]
[17:39:59:380]303474:[DBG]:CMD:[0x01]->[0x00]
[17:39:59:380]303476:[DBG]:CMD:[0x20]->[0x00]
[17:39:59:692]303778:[DBG]:CMD:[0x37]->[0x00]
[17:39:59:692]303778:[DBG]:CMD:[0x01]->[0x00]
[17:39:59:692]303780:[DBG]:CMD:[0x20]->[0x00]
[17:39:59:989]304080:[DBG]:CMD:[0x37]->[0x00]
[17:39:59:989]304082:[DBG]:CMD:[0x01]->[0x00]
[17:39:59:989]304082:[DBG]:CMD:[0x20]->[0x00]
[17:40:00:301]304384:[DBG]:CMD:[0x37]->[0x00]
[17:40:00:301]304384:[DBG]:CMD:[0x01]->[0x00]
[17:40:00:301]304386:[DBG]:CMD:[0x20]->[0x00]
[17:40:00:442]304534:[DBG]:IIC:TEMP ID 0:0x0066,0x0068,0x00C2,0x0099,
[17:40:00:442]304534:[DBG]:IIC:TEMP ID 4:0x0086,0x006A,0x0030,0x0092,
[17:40:00:598]304686:[DBG]:CMD:[0x37]->[0x00]
[17:40:00:598]304686:[DBG]:CMD:[0x01]->[0x00]
[17:40:00:598]304688:[DBG]:CMD:[0x20]->[0x00]
[17:40:00:895]304990:[DBG]:CMD:[0x37]->[0x00]
[17:40:00:895]304990:[DBG]:CMD:[0x01]->[0x00]
[17:40:00:895]304992:[DBG]:CMD:[0x20]->[0x00]
[17:40:01:208]305292:[DBG]:CMD:[0x37]->[0x00]
[17:40:01:208]305294:[DBG]:CMD:[0x01]->[0x00]
[17:40:01:208]305294:[DBG]:CMD:[0x20]->[0x00]
[17:40:01:504]305596:[DBG]:CMD:[0x37]->[0x00]
[17:40:01:504]305596:[DBG]:CMD:[0x01]->[0x00]
[17:40:01:504]305598:[DBG]:CMD:[0x20]->[0x00]
[17:40:01:801]305900:[DBG]:CMD:[0x37]->[0x00]
[17:40:01:801]305900:[DBG]:CMD:[0x01]->[0x00]
[17:40:01:801]305902:[DBG]:CMD:[0x20]->[0x00]
[17:40:02:113]306202:[DBG]:CMD:[0x37]->[0x00]
[17:40:02:113]306204:[DBG]:CMD:[0x01]->[0x00]
[17:40:02:113]306204:[DBG]:CMD:[0x20]->[0x00]
[17:40:02:410]306506:[DBG]:CMD:[0x37]->[0x00]
[17:40:02:410]306506:[DBG]:CMD:[0x01]->[0x00]
[17:40:02:410]306508:[DBG]:CMD:[0x20]->[0x00]
[17:40:02:441]306534:[DBG]:IIC:TEMP ID 0:0x005F,0x0068,0x00CF,0x0099,
[17:40:02:441]306534:[DBG]:IIC:TEMP ID 4:0x007F,0x006A,0x0033,0x0092,
[17:40:02:723]306810:[DBG]:CMD:[0x37]->[0x00]
[17:40:02:723]306810:[DBG]:CMD:[0x01]->[0x00]
[17:40:02:723]306812:[DBG]:CMD:[0x20]->[0x00]
[17:40:03:035]307112:[DBG]:CMD:[0x37]->[0x00]
[17:40:03:035]307114:[DBG]:CMD:[0x01]->[0x00]
[17:40:03:035]307114:[DBG]:CMD:[0x20]->[0x00]
[17:40:03:332]307418:[DBG]:CMD:[0x37]->[0x00]
[17:40:03:332]307420:[DBG]:CMD:[0x01]->[0x00]
[17:40:03:332]307422:[DBG]:CMD:[0x20]->[0x00]
[17:40:03:629]307722:[DBG]:CMD:[0x37]->[0x00]
[17:40:03:629]307724:[DBG]:CMD:[0x01]->[0x00]
[17:40:03:629]307724:[DBG]:CMD:[0x20]->[0x00]
[17:40:03:926]308026:[DBG]:CMD:[0x37]->[0x00]
[17:40:03:926]308026:[DBG]:CMD:[0x01]->[0x00]
[17:40:03:926]308028:[DBG]:CMD:[0x20]->[0x00]
[17:40:04:238]308330:[DBG]:CMD:[0x37]->[0x00]
[17:40:04:238]308330:[DBG]:CMD:[0x01]->[0x00]
[17:40:04:238]308330:[DBG]:CMD:[0x20]->[0x00]
[17:40:04:441]308534:[DBG]:IIC:TEMP ID 0:0x0052,0x0068,0x00C6,0x0099,
[17:40:04:441]308534:[DBG]:IIC:TEMP ID 4:0x0084,0x006A,0x004A,0x0092,
[17:40:04:534]308632:[DBG]:CMD:[0x37]->[0x00]
[17:40:04:534]308634:[DBG]:CMD:[0x01]->[0x00]
[17:40:04:534]308634:[DBG]:CMD:[0x20]->[0x00]
[17:40:04:847]308936:[DBG]:CMD:[0x37]->[0x00]
[17:40:04:847]308936:[DBG]:CMD:[0x01]->[0x00]
[17:40:04:847]308938:[DBG]:CMD:[0x20]->[0x00]
[17:40:05:144]309240:[DBG]:CMD:[0x37]->[0x00]
[17:40:05:144]309240:[DBG]:CMD:[0x01]->[0x00]
[17:40:05:144]309242:[DBG]:CMD:[0x20]->[0x00]
[17:40:05:441]309542:[DBG]:CMD:[0x37]->[0x00]
[17:40:05:441]309544:[DBG]:CMD:[0x01]->[0x00]
[17:40:05:441]309544:[DBG]:CMD:[0x20]->[0x00]
[17:40:05:753]309846:[DBG]:CMD:[0x37]->[0x00]
[17:40:05:753]309846:[DBG]:CMD:[0x01]->[0x00]
[17:40:05:753]309848:[DBG]:CMD:[0x20]->[0x00]
[17:40:06:050]310150:[DBG]:CMD:[0x37]->[0x00]
[17:40:06:050]310150:[DBG]:CMD:[0x01]->[0x00]
[17:40:06:050]310152:[DBG]:CMD:[0x20]->[0x00]
[17:40:06:362]310452:[DBG]:CMD:[0x37]->[0x00]
[17:40:06:362]310454:[DBG]:CMD:[0x01]->[0x00]
[17:40:06:362]310454:[DBG]:CMD:[0x20]->[0x00]
[17:40:06:441]310534:[DBG]:IIC:TEMP ID 0:0x0075,0x0068,0x00C7,0x0099,
[17:40:06:441]310534:[DBG]:IIC:TEMP ID 4:0x0083,0x006A,0x0051,0x0092,
[17:40:06:659]310756:[DBG]:CMD:[0x37]->[0x00]
[17:40:06:659]310756:[DBG]:CMD:[0x01]->[0x00]
[17:40:06:659]310760:[DBG]:CMD:[0x20]->[0x00]
[17:40:06:972]311060:[DBG]:CMD:[0x37]->[0x00]
[17:40:06:972]311062:[DBG]:CMD:[0x01]->[0x00]
[17:40:06:972]311062:[DBG]:CMD:[0x20]->[0x00]
[17:40:07:269]311364:[DBG]:CMD:[0x37]->[0x00]
[17:40:07:269]311364:[DBG]:CMD:[0x01]->[0x00]
[17:40:07:269]311366:[DBG]:CMD:[0x20]->[0x00]
[17:40:07:565]311668:[DBG]:CMD:[0x37]->[0x00]
[17:40:07:565]311668:[DBG]:CMD:[0x01]->[0x00]
[17:40:07:565]311668:[DBG]:CMD:[0x20]->[0x00]
[17:40:07:878]311970:[DBG]:CMD:[0x37]->[0x00]
[17:40:07:878]311972:[DBG]:CMD:[0x01]->[0x00]
[17:40:07:878]311972:[DBG]:CMD:[0x20]->[0x00]
[17:40:08:175]312274:[DBG]:CMD:[0x37]->[0x00]
[17:40:08:175]312274:[DBG]:CMD:[0x01]->[0x00]
[17:40:08:175]312276:[DBG]:CMD:[0x20]->[0x00]
[17:40:08:440]312534:[DBG]:IIC:TEMP ID 0:0x006C,0x0068,0x00D4,0x0099,
[17:40:08:440]312534:[DBG]:IIC:TEMP ID 4:0x0080,0x006A,0x0044,0x0092,
[17:40:08:471]312578:[DBG]:CMD:[0x37]->[0x00]
[17:40:08:471]312578:[DBG]:CMD:[0x01]->[0x00]
[17:40:08:471]312580:[DBG]:CMD:[0x20]->[0x00]
[17:40:08:784]312880:[DBG]:CMD:[0x37]->[0x00]
[17:40:08:784]312882:[DBG]:CMD:[0x01]->[0x00]
[17:40:08:784]312882:[DBG]:CMD:[0x20]->[0x00]
[17:40:09:081]313184:[DBG]:CMD:[0x37]->[0x00]
[17:40:09:081]313184:[DBG]:CMD:[0x01]->[0x00]
[17:40:09:081]313186:[DBG]:CMD:[0x20]->[0x00]
[17:40:09:393]313488:[DBG]:CMD:[0x37]->[0x00]
[17:40:09:393]313488:[DBG]:CMD:[0x01]->[0x00]
[17:40:09:393]313490:[DBG]:CMD:[0x20]->[0x00]
[17:40:09:690]313790:[DBG]:CMD:[0x37]->[0x00]
[17:40:09:690]313792:[DBG]:CMD:[0x01]->[0x00]
[17:40:09:690]313792:[DBG]:CMD:[0x20]->[0x00]
[17:40:09:987]314094:[DBG]:CMD:[0x37]->[0x00]
[17:40:09:987]314094:[DBG]:CMD:[0x01]->[0x00]
[17:40:09:987]314096:[DBG]:CMD:[0x20]->[0x00]
[17:40:10:299]314398:[DBG]:CMD:[0x37]->[0x00]
[17:40:10:299]314398:[DBG]:CMD:[0x01]->[0x00]
[17:40:10:299]314400:[DBG]:CMD:[0x20]->[0x00]
[17:40:10:440]314534:[DBG]:IIC:TEMP ID 0:0x0067,0x0068,0x00C7,0x0099,
[17:40:10:440]314534:[DBG]:IIC:TEMP ID 4:0x0083,0x006A,0x004F,0x0092,
[17:40:10:596]314700:[DBG]:CMD:[0x37]->[0x00]
[17:40:10:596]314702:[DBG]:CMD:[0x01]->[0x00]
[17:40:10:596]314702:[DBG]:CMD:[0x20]->[0x00]
[17:40:10:908]315004:[DBG]:CMD:[0x37]->[0x00]
[17:40:10:908]315004:[DBG]:CMD:[0x01]->[0x00]
[17:40:10:908]315006:[DBG]:CMD:[0x20]->[0x00]
[17:40:11:221]315308:[DBG]:CMD:[0x37]->[0x00]
[17:40:11:221]315308:[DBG]:CMD:[0x01]->[0x00]
[17:40:11:221]315310:[DBG]:CMD:[0x20]->[0x00]
[17:40:11:518]315610:[DBG]:CMD:[0x37]->[0x00]
[17:40:11:518]315612:[DBG]:CMD:[0x01]->[0x00]
[17:40:11:518]315612:[DBG]:CMD:[0x20]->[0x00]
[17:40:11:814]315914:[DBG]:CMD:[0x37]->[0x00]
[17:40:11:814]315914:[DBG]:CMD:[0x01]->[0x00]
[17:40:11:814]315918:[DBG]:CMD:[0x20]->[0x00]
[17:40:12:127]316220:[DBG]:CMD:[0x37]->[0x00]
[17:40:12:127]316222:[DBG]:CMD:[0x01]->[0x00]
[17:40:12:127]316222:[DBG]:CMD:[0x20]->[0x00]
[17:40:12:392]316524:[DBG]:CMD:[0x37]->[0x00]
[17:40:12:392]316524:[DBG]:CMD:[0x01]->[0x00]
[17:40:12:392]316526:[DBG]:CMD:[0x20]->[0x00]
[17:40:12:439]316534:[DBG]:IIC:TEMP ID 0:0x006C,0x0068,0x00D6,0x0099,
[17:40:12:439]316534:[DBG]:IIC:TEMP ID 4:0x0082,0x006A,0x0038,0x0092,
[17:40:12:720]316828:[DBG]:CMD:[0x37]->[0x00]
[17:40:12:720]316828:[DBG]:CMD:[0x01]->[0x00]
[17:40:12:720]316830:[DBG]:CMD:[0x20]->[0x00]
[17:40:13:033]317130:[DBG]:CMD:[0x37]->[0x00]
[17:40:13:033]317132:[DBG]:CMD:[0x01]->[0x00]
[17:40:13:033]317132:[DBG]:CMD:[0x20]->[0x00]
[17:40:13:329]317434:[DBG]:CMD:[0x37]->[0x00]
[17:40:13:329]317434:[DBG]:CMD:[0x01]->[0x00]
[17:40:13:329]317436:[DBG]:CMD:[0x20]->[0x00]
[17:40:13:626]317738:[DBG]:CMD:[0x37]->[0x00]
[17:40:13:626]317738:[DBG]:CMD:[0x01]->[0x00]
[17:40:13:626]317740:[DBG]:CMD:[0x20]->[0x00]
[17:40:13:939]318040:[DBG]:CMD:[0x37]->[0x00]
[17:40:13:939]318042:[DBG]:CMD:[0x01]->[0x00]
[17:40:13:939]318042:[DBG]:CMD:[0x20]->[0x00]
[17:40:14:236]318344:[DBG]:CMD:[0x37]->[0x00]
[17:40:14:236]318344:[DBG]:CMD:[0x01]->[0x00]
[17:40:14:236]318346:[DBG]:CMD:[0x20]->[0x00]
[17:40:14:438]318534:[DBG]:IIC:TEMP ID 0:0x005D,0x0068,0x00CD,0x0099,
[17:40:14:438]318534:[DBG]:IIC:TEMP ID 4:0x0087,0x006A,0x002D,0x0092,
[17:40:14:548]318648:[DBG]:CMD:[0x37]->[0x00]
[17:40:14:548]318648:[DBG]:CMD:[0x01]->[0x00]
[17:40:14:548]318650:[DBG]:CMD:[0x20]->[0x00]
[17:40:14:845]318950:[DBG]:CMD:[0x37]->[0x00]
[17:40:14:845]318952:[DBG]:CMD:[0x01]->[0x00]
[17:40:14:845]318952:[DBG]:CMD:[0x20]->[0x00]
[17:40:15:157]319254:[DBG]:CMD:[0x37]->[0x00]
[17:40:15:157]319254:[DBG]:CMD:[0x01]->[0x00]
[17:40:15:157]319256:[DBG]:CMD:[0x20]->[0x00]
[17:40:15:454]319560:[DBG]:CMD:[0x37]->[0x00]
[17:40:15:454]319560:[DBG]:CMD:[0x01]->[0x00]
[17:40:15:454]319562:[DBG]:CMD:[0x20]->[0x00]
[17:40:15:751]319862:[DBG]:CMD:[0x37]->[0x00]
[17:40:15:751]319864:[DBG]:CMD:[0x01]->[0x00]
[17:40:15:751]319864:[DBG]:CMD:[0x20]->[0x00]
[17:40:16:063]320166:[DBG]:CMD:[0x37]->[0x00]
[17:40:16:063]320166:[DBG]:CMD:[0x01]->[0x00]
[17:40:16:063]320168:[DBG]:CMD:[0x20]->[0x00]
[17:40:16:360]320470:[DBG]:CMD:[0x37]->[0x00]
[17:40:16:360]320470:[DBG]:CMD:[0x01]->[0x00]
[17:40:16:360]320472:[DBG]:CMD:[0x20]->[0x00]
[17:40:16:423]320534:[DBG]:IIC:TEMP ID 0:0x006C,0x0068,0x00D6,0x0099,
[17:40:16:423]320534:[DBG]:IIC:TEMP ID 4:0x0086,0x006A,0x003A,0x0092,
[17:40:16:673]320772:[DBG]:CMD:[0x37]->[0x00]
[17:40:16:673]320774:[DBG]:CMD:[0x01]->[0x00]
[17:40:16:673]320774:[DBG]:CMD:[0x20]->[0x00]
[17:40:16:969]321076:[DBG]:CMD:[0x37]->[0x00]
[17:40:16:969]321076:[DBG]:CMD:[0x01]->[0x00]
[17:40:16:969]321078:[DBG]:CMD:[0x20]->[0x00]
[17:40:17:266]321380:[DBG]:CMD:[0x37]->[0x00]
[17:40:17:266]321380:[DBG]:CMD:[0x01]->[0x00]
[17:40:17:266]321382:[DBG]:CMD:[0x20]->[0x00]
[17:40:17:579]321682:[DBG]:CMD:[0x37]->[0x00]
[17:40:17:579]321684:[DBG]:CMD:[0x01]->[0x00]
[17:40:17:579]321684:[DBG]:CMD:[0x20]->[0x00]
[17:40:17:875]321986:[DBG]:CMD:[0x37]->[0x00]
[17:40:17:875]321986:[DBG]:CMD:[0x01]->[0x00]
[17:40:17:875]321988:[DBG]:CMD:[0x20]->[0x00]
[17:40:18:188]322290:[DBG]:CMD:[0x37]->[0x00]
[17:40:18:188]322290:[DBG]:CMD:[0x01]->[0x00]
[17:40:18:188]322292:[DBG]:CMD:[0x20]->[0x00]
[17:40:18:422]322534:[DBG]:IIC:TEMP ID 0:0x0063,0x0068,0x00D1,0x0099,
[17:40:18:422]322534:[DBG]:IIC:TEMP ID 4:0x0085,0x006A,0x0041,0x0092,
[17:40:18:485]322594:[DBG]:CMD:[0x37]->[0x00]
[17:40:18:485]322594:[DBG]:CMD:[0x01]->[0x00]
[17:40:18:485]322594:[DBG]:CMD:[0x20]->[0x00]
[17:40:18:782]322896:[DBG]:CMD:[0x37]->[0x00]
[17:40:18:782]322896:[DBG]:CMD:[0x01]->[0x00]
[17:40:18:782]322898:[DBG]:CMD:[0x20]->[0x00]
[17:40:19:094]323200:[DBG]:CMD:[0x37]->[0x00]
[17:40:19:094]323200:[DBG]:CMD:[0x01]->[0x00]
[17:40:19:094]323202:[DBG]:CMD:[0x20]->[0x00]
[17:40:19:391]323504:[DBG]:CMD:[0x37]->[0x00]
[17:40:19:391]323504:[DBG]:CMD:[0x01]->[0x00]
[17:40:19:391]323504:[DBG]:CMD:[0x20]->[0x00]
[17:40:19:703]323806:[DBG]:CMD:[0x37]->[0x00]
[17:40:19:703]323808:[DBG]:CMD:[0x01]->[0x00]
[17:40:19:703]323808:[DBG]:CMD:[0x20]->[0x00]
[17:40:20:000]324110:[DBG]:CMD:[0x37]->[0x00]
[17:40:20:000]324110:[DBG]:CMD:[0x01]->[0x00]
[17:40:20:000]324112:[DBG]:CMD:[0x20]->[0x00]
[17:40:20:312]324414:[DBG]:CMD:[0x37]->[0x00]
[17:40:20:312]324414:[DBG]:CMD:[0x01]->[0x00]
[17:40:20:312]324414:[DBG]:CMD:[0x20]->[0x00]
[17:40:20:422]324534:[DBG]:IIC:TEMP ID 0:0x0054,0x0068,0x00E6,0x0099,
[17:40:20:422]324534:[DBG]:IIC:TEMP ID 4:0x0086,0x006A,0x004A,0x0092,
[17:40:20:609]324718:[DBG]:CMD:[0x37]->[0x00]
[17:40:20:609]324720:[DBG]:CMD:[0x01]->[0x00]
[17:40:20:609]324722:[DBG]:CMD:[0x20]->[0x00]
[17:40:20:906]325022:[DBG]:CMD:[0x37]->[0x00]
[17:40:20:906]325022:[DBG]:CMD:[0x01]->[0x00]
[17:40:20:906]325024:[DBG]:CMD:[0x20]->[0x00]
[17:40:21:218]325326:[DBG]:CMD:[0x37]->[0x00]
[17:40:21:218]325326:[DBG]:CMD:[0x01]->[0x00]
[17:40:21:218]325328:[DBG]:CMD:[0x20]->[0x00]
[17:40:21:515]325628:[DBG]:CMD:[0x37]->[0x00]
[17:40:21:515]325630:[DBG]:CMD:[0x01]->[0x00]
[17:40:21:515]325630:[DBG]:CMD:[0x20]->[0x00]
[17:40:21:828]325932:[DBG]:CMD:[0x37]->[0x00]
[17:40:21:828]325932:[DBG]:CMD:[0x01]->[0x00]
[17:40:21:828]325934:[DBG]:CMD:[0x20]->[0x00]
[17:40:22:124]326236:[DBG]:CMD:[0x37]->[0x00]
[17:40:22:124]326238:[DBG]:CMD:[0x01]->[0x00]
[17:40:22:124]326238:[DBG]:CMD:[0x20]->[0x00]
[17:40:22:390]326534:[DBG]:IIC:TEMP ID 0:0x0067,0x0068,0x00DF,0x0099,
[17:40:22:390]326534:[DBG]:IIC:TEMP ID 4:0x0087,0x006A,0x0039,0x0092,
[17:40:22:437]326540:[DBG]:CMD:[0x37]->[0x00]
[17:40:22:437]326540:[DBG]:CMD:[0x01]->[0x00]
[17:40:22:437]326542:[DBG]:CMD:[0x20]->[0x00]
[17:40:22:734]326844:[DBG]:CMD:[0x37]->[0x00]
[17:40:22:734]326844:[DBG]:CMD:[0x01]->[0x00]
[17:40:22:734]326844:[DBG]:CMD:[0x20]->[0x00]
[17:40:23:031]327146:[DBG]:CMD:[0x37]->[0x00]
[17:40:23:031]327146:[DBG]:CMD:[0x01]->[0x00]
[17:40:23:031]327148:[DBG]:CMD:[0x20]->[0x00]
[17:40:23:343]327450:[DBG]:CMD:[0x37]->[0x00]
[17:40:23:343]327450:[DBG]:CMD:[0x01]->[0x00]
[17:40:23:343]327452:[DBG]:CMD:[0x20]->[0x00]
[17:40:23:640]327752:[DBG]:CMD:[0x37]->[0x00]
[17:40:23:640]327754:[DBG]:CMD:[0x01]->[0x00]
[17:40:23:640]327754:[DBG]:CMD:[0x20]->[0x00]
[17:40:23:952]328056:[DBG]:CMD:[0x37]->[0x00]
[17:40:23:952]328056:[DBG]:CMD:[0x01]->[0x00]
[17:40:23:952]328060:[DBG]:CMD:[0x20]->[0x00]
[17:40:24:249]328360:[DBG]:CMD:[0x37]->[0x00]
[17:40:24:249]328360:[DBG]:CMD:[0x01]->[0x00]
[17:40:24:249]328362:[DBG]:CMD:[0x20]->[0x00]
[17:40:24:421]328534:[DBG]:IIC:TEMP ID 0:0x005A,0x0068,0x00C8,0x0099,
[17:40:24:421]328534:[DBG]:IIC:TEMP ID 4:0x0086,0x006A,0x002C,0x0092,
[17:40:24:546]328664:[DBG]:CMD:[0x37]->[0x00]
[17:40:24:546]328664:[DBG]:CMD:[0x01]->[0x00]
[17:40:24:546]328666:[DBG]:CMD:[0x20]->[0x00]
[17:40:24:858]328966:[DBG]:CMD:[0x37]->[0x00]
[17:40:24:858]328968:[DBG]:CMD:[0x01]->[0x00]
[17:40:24:858]328968:[DBG]:CMD:[0x20]->[0x00]
[17:40:25:155]329270:[DBG]:CMD:[0x37]->[0x00]
[17:40:25:155]329270:[DBG]:CMD:[0x01]->[0x00]
[17:40:25:155]329272:[DBG]:CMD:[0x20]->[0x00]
[17:40:25:452]329574:[DBG]:CMD:[0x37]->[0x00]
[17:40:25:452]329574:[DBG]:CMD:[0x01]->[0x00]
[17:40:25:452]329576:[DBG]:CMD:[0x20]->[0x00]
[17:40:25:764]329876:[DBG]:CMD:[0x37]->[0x00]
[17:40:25:764]329878:[DBG]:CMD:[0x01]->[0x00]
[17:40:25:764]329878:[DBG]:CMD:[0x20]->[0x00]
[17:40:26:061]330180:[DBG]:CMD:[0x37]->[0x00]
[17:40:26:061]330180:[DBG]:CMD:[0x01]->[0x00]
[17:40:26:061]330182:[DBG]:CMD:[0x20]->[0x00]
[17:40:26:373]330484:[DBG]:CMD:[0x37]->[0x00]
[17:40:26:373]330484:[DBG]:CMD:[0x01]->[0x00]
[17:40:26:373]330486:[DBG]:CMD:[0x20]->[0x00]
[17:40:26:420]330534:[DBG]:IIC:TEMP ID 0:0x005B,0x0068,0x00D1,0x0099,
[17:40:26:420]330534:[DBG]:IIC:TEMP ID 4:0x0089,0x006A,0x004B,0x0092,
[17:40:26:670]330786:[DBG]:CMD:[0x37]->[0x00]
[17:40:26:670]330788:[DBG]:CMD:[0x01]->[0x00]
[17:40:26:670]330788:[DBG]:CMD:[0x20]->[0x00]
[17:40:26:967]331090:[DBG]:CMD:[0x37]->[0x00]
[17:40:26:967]331090:[DBG]:CMD:[0x01]->[0x00]
[17:40:26:967]331092:[DBG]:CMD:[0x20]->[0x00]
[17:40:27:280]331394:[DBG]:CMD:[0x37]->[0x00]
[17:40:27:280]331394:[DBG]:CMD:[0x01]->[0x00]
[17:40:27:280]331396:[DBG]:CMD:[0x20]->[0x00]
[17:40:27:576]331696:[DBG]:CMD:[0x37]->[0x00]
[17:40:27:576]331696:[DBG]:CMD:[0x01]->[0x00]
[17:40:27:576]331698:[DBG]:CMD:[0x20]->[0x00]
[17:40:27:888]332000:[DBG]:CMD:[0x37]->[0x00]
[17:40:27:888]332000:[DBG]:CMD:[0x01]->[0x00]
[17:40:27:888]332002:[DBG]:CMD:[0x20]->[0x00]
[17:40:28:186]332304:[DBG]:CMD:[0x37]->[0x00]
[17:40:28:186]332304:[DBG]:CMD:[0x01]->[0x00]
[17:40:28:186]332306:[DBG]:CMD:[0x20]->[0x00]
[17:40:28:420]332534:[DBG]:IIC:TEMP ID 0:0x005A,0x0068,0x00D0,0x0099,
[17:40:28:420]332534:[DBG]:IIC:TEMP ID 4:0x0086,0x006A,0x003C,0x0092,
[17:40:28:498]332606:[DBG]:CMD:[0x37]->[0x00]
[17:40:28:498]332608:[DBG]:CMD:[0x01]->[0x00]
[17:40:28:498]332608:[DBG]:CMD:[0x20]->[0x00]
[17:40:28:795]332910:[DBG]:CMD:[0x37]->[0x00]
[17:40:28:795]332910:[DBG]:CMD:[0x01]->[0x00]
[17:40:28:795]332912:[DBG]:CMD:[0x20]->[0x00]
[17:40:29:107]333214:[DBG]:CMD:[0x37]->[0x00]
[17:40:29:107]333214:[DBG]:CMD:[0x01]->[0x00]
[17:40:29:107]333218:[DBG]:CMD:[0x20]->[0x00]
[17:40:29:404]333520:[DBG]:CMD:[0x37]->[0x00]
[17:40:29:404]333522:[DBG]:CMD:[0x01]->[0x00]
[17:40:29:404]333522:[DBG]:CMD:[0x20]->[0x00]
[17:40:29:701]333824:[DBG]:CMD:[0x37]->[0x00]
[17:40:29:701]333824:[DBG]:CMD:[0x01]->[0x00]
[17:40:29:701]333826:[DBG]:CMD:[0x20]->[0x00]
[17:40:30:013]334128:[DBG]:CMD:[0x37]->[0x00]
[17:40:30:013]334128:[DBG]:CMD:[0x01]->[0x00]
[17:40:30:013]334128:[DBG]:CMD:[0x20]->[0x00]
[17:40:30:310]334430:[DBG]:CMD:[0x37]->[0x00]
[17:40:30:310]334432:[DBG]:CMD:[0x01]->[0x00]
[17:40:30:310]334432:[DBG]:CMD:[0x20]->[0x00]
[17:40:30:419]334534:[DBG]:IIC:TEMP ID 0:0x0065,0x0068,0x00C3,0x0099,
[17:40:30:419]334534:[DBG]:IIC:TEMP ID 4:0x0087,0x006A,0x0025,0x0092,
[17:40:30:607]334734:[DBG]:CMD:[0x37]->[0x00]
[17:40:30:607]334734:[DBG]:CMD:[0x01]->[0x00]
[17:40:30:607]334736:[DBG]:CMD:[0x20]->[0x00]
[17:40:30:919]335038:[DBG]:CMD:[0x37]->[0x00]
[17:40:30:919]335038:[DBG]:CMD:[0x01]->[0x00]
[17:40:30:919]335040:[DBG]:CMD:[0x20]->[0x00]
[17:40:31:216]335340:[DBG]:CMD:[0x37]->[0x00]
[17:40:31:216]335342:[DBG]:CMD:[0x01]->[0x00]
[17:40:31:216]335342:[DBG]:CMD:[0x20]->[0x00]
[17:40:31:529]335644:[DBG]:CMD:[0x37]->[0x00]
[17:40:31:529]335644:[DBG]:CMD:[0x01]->[0x00]
[17:40:31:529]335646:[DBG]:CMD:[0x20]->[0x00]
[17:40:31:825]335948:[DBG]:CMD:[0x37]->[0x00]
[17:40:31:825]335948:[DBG]:CMD:[0x01]->[0x00]
[17:40:31:825]335950:[DBG]:CMD:[0x20]->[0x00]
[17:40:32:137]336250:[DBG]:CMD:[0x37]->[0x00]
[17:40:32:137]336252:[DBG]:CMD:[0x01]->[0x00]
[17:40:32:137]336252:[DBG]:CMD:[0x20]->[0x00]
[17:40:32:387]336534:[DBG]:IIC:TEMP ID 0:0x0052,0x0068,0x00C8,0x0099,
[17:40:32:387]336534:[DBG]:IIC:TEMP ID 4:0x0088,0x006A,0x0022,0x0092,
[17:40:32:435]336554:[DBG]:CMD:[0x37]->[0x00]
[17:40:32:435]336554:[DBG]:CMD:[0x01]->[0x00]
[17:40:32:435]336556:[DBG]:CMD:[0x20]->[0x00]
[17:40:32:731]336860:[DBG]:CMD:[0x37]->[0x00]
[17:40:32:731]336860:[DBG]:CMD:[0x01]->[0x00]
[17:40:32:731]336862:[DBG]:CMD:[0x20]->[0x00]
[17:40:33:044]337162:[DBG]:CMD:[0x37]->[0x00]
[17:40:33:044]337164:[DBG]:CMD:[0x01]->[0x00]
[17:40:33:044]337164:[DBG]:CMD:[0x20]->[0x00]
[17:40:33:341]337466:[DBG]:CMD:[0x37]->[0x00]
[17:40:33:341]337466:[DBG]:CMD:[0x01]->[0x00]
[17:40:33:341]337468:[DBG]:CMD:[0x20]->[0x00]
[17:40:33:653]337768:[DBG]:CMD:[0x37]->[0x00]
[17:40:33:653]337770:[DBG]:CMD:[0x01]->[0x00]
[17:40:33:653]337770:[DBG]:CMD:[0x20]->[0x00]
[17:40:33:950]338072:[DBG]:CMD:[0x37]->[0x00]
[17:40:33:950]338072:[DBG]:CMD:[0x01]->[0x00]
[17:40:33:950]338074:[DBG]:CMD:[0x20]->[0x00]
[17:40:34:246]338374:[DBG]:CMD:[0x37]->[0x00]
[17:40:34:246]338374:[DBG]:CMD:[0x01]->[0x00]
[17:40:34:246]338376:[DBG]:CMD:[0x20]->[0x00]
[17:40:34:418]338534:[DBG]:IIC:TEMP ID 0:0x0057,0x0068,0x00C3,0x0099,
[17:40:34:418]338534:[DBG]:IIC:TEMP ID 4:0x0089,0x006A,0x002B,0x0092,
[17:40:34:559]338676:[DBG]:CMD:[0x37]->[0x00]
[17:40:34:559]338678:[DBG]:CMD:[0x01]->[0x00]
[17:40:34:559]338678:[DBG]:CMD:[0x20]->[0x00]
[17:40:34:856]338980:[DBG]:CMD:[0x37]->[0x00]
[17:40:34:856]338980:[DBG]:CMD:[0x01]->[0x00]
[17:40:34:856]338982:[DBG]:CMD:[0x20]->[0x00]
[17:40:35:152]339282:[DBG]:CMD:[0x37]->[0x00]
[17:40:35:152]339284:[DBG]:CMD:[0x01]->[0x00]
[17:40:35:152]339284:[DBG]:CMD:[0x20]->[0x00]
[17:40:35:465]339586:[DBG]:CMD:[0x37]->[0x00]
[17:40:35:465]339586:[DBG]:CMD:[0x01]->[0x00]
[17:40:35:465]339588:[DBG]:CMD:[0x20]->[0x00]
[17:40:35:762]339890:[DBG]:CMD:[0x37]->[0x00]
[17:40:35:762]339890:[DBG]:CMD:[0x01]->[0x00]
[17:40:35:762]339892:[DBG]:CMD:[0x20]->[0x00]
[17:40:36:059]340192:[DBG]:CMD:[0x37]->[0x00]
[17:40:36:059]340192:[DBG]:CMD:[0x01]->[0x00]
[17:40:36:059]340194:[DBG]:CMD:[0x20]->[0x00]
[17:40:36:371]340494:[DBG]:CMD:[0x37]->[0x00]
[17:40:36:371]340496:[DBG]:CMD:[0x01]->[0x00]
[17:40:36:371]340496:[DBG]:CMD:[0x20]->[0x00]
[17:40:36:402]340534:[DBG]:IIC:TEMP ID 0:0x006A,0x0068,0x00B2,0x0099,
[17:40:36:402]340534:[DBG]:IIC:TEMP ID 4:0x0088,0x006A,0x002A,0x0092,
[17:40:36:668]340798:[DBG]:CMD:[0x37]->[0x00]
[17:40:36:668]340798:[DBG]:CMD:[0x01]->[0x00]
[17:40:36:668]340800:[DBG]:CMD:[0x20]->[0x00]
[17:40:36:980]341102:[DBG]:CMD:[0x37]->[0x00]
[17:40:36:980]341102:[DBG]:CMD:[0x01]->[0x00]
[17:40:36:980]341104:[DBG]:CMD:[0x20]->[0x00]
[17:40:37:277]341404:[DBG]:CMD:[0x37]->[0x00]
[17:40:37:277]341406:[DBG]:CMD:[0x01]->[0x00]
[17:40:37:277]341406:[DBG]:CMD:[0x20]->[0x00]
[17:40:37:590]341708:[DBG]:CMD:[0x37]->[0x00]
[17:40:37:590]341708:[DBG]:CMD:[0x01]->[0x00]
[17:40:37:590]341710:[DBG]:CMD:[0x20]->[0x00]
[17:40:37:886]342010:[DBG]:CMD:[0x37]->[0x00]
[17:40:37:886]342012:[DBG]:CMD:[0x01]->[0x00]
[17:40:37:886]342012:[DBG]:CMD:[0x20]->[0x00]
[17:40:38:199]342314:[DBG]:CMD:[0x37]->[0x00]
[17:40:38:199]342314:[DBG]:CMD:[0x01]->[0x00]
[17:40:38:199]342318:[DBG]:CMD:[0x20]->[0x00]
[17:40:38:402]342534:[DBG]:IIC:TEMP ID 0:0x0063,0x0068,0x009D,0x0099,
[17:40:38:402]342534:[DBG]:IIC:TEMP ID 4:0x0089,0x006A,0x0027,0x0092,
[17:40:38:496]342620:[DBG]:CMD:[0x37]->[0x00]
[17:40:38:496]342622:[DBG]:CMD:[0x01]->[0x00]
[17:40:38:496]342622:[DBG]:CMD:[0x20]->[0x00]
[17:40:38:792]342924:[DBG]:CMD:[0x37]->[0x00]
[17:40:38:792]342924:[DBG]:CMD:[0x01]->[0x00]
[17:40:38:792]342926:[DBG]:CMD:[0x20]->[0x00]
[17:40:39:105]343226:[DBG]:CMD:[0x37]->[0x00]
[17:40:39:105]343226:[DBG]:CMD:[0x01]->[0x00]
[17:40:39:105]343228:[DBG]:CMD:[0x20]->[0x00]
[17:40:39:402]343530:[DBG]:CMD:[0x37]->[0x00]
[17:40:39:402]343530:[DBG]:CMD:[0x01]->[0x00]
[17:40:39:402]343532:[DBG]:CMD:[0x20]->[0x00]
[17:40:39:698]343832:[DBG]:CMD:[0x37]->[0x00]
[17:40:39:698]343834:[DBG]:CMD:[0x01]->[0x00]
[17:40:39:698]343834:[DBG]:CMD:[0x20]->[0x00]
[17:40:40:011]344136:[DBG]:CMD:[0x37]->[0x00]
[17:40:40:011]344136:[DBG]:CMD:[0x01]->[0x00]
[17:40:40:011]344138:[DBG]:CMD:[0x20]->[0x00]
[17:40:40:308]344438:[DBG]:CMD:[0x37]->[0x00]
[17:40:40:308]344440:[DBG]:CMD:[0x01]->[0x00]
[17:40:40:308]344440:[DBG]:CMD:[0x20]->[0x00]
[17:40:40:401]344534:[DBG]:IIC:TEMP ID 0:0x004E,0x0068,0x00BC,0x0099,
[17:40:40:401]344534:[DBG]:IIC:TEMP ID 4:0x008A,0x006A,0x0020,0x0092,
[17:40:40:605]344742:[DBG]:CMD:[0x37]->[0x00]
[17:40:40:605]344742:[DBG]:CMD:[0x01]->[0x00]
[17:40:40:605]344744:[DBG]:CMD:[0x20]->[0x00]
[17:40:40:917]345044:[DBG]:CMD:[0x37]->[0x00]
[17:40:40:917]345046:[DBG]:CMD:[0x01]->[0x00]
[17:40:40:917]345046:[DBG]:CMD:[0x20]->[0x00]
[17:40:41:214]345348:[DBG]:CMD:[0x37]->[0x00]
[17:40:41:214]345348:[DBG]:CMD:[0x01]->[0x00]
[17:40:41:214]345350:[DBG]:CMD:[0x20]->[0x00]
[17:40:41:526]345650:[DBG]:CMD:[0x37]->[0x00]
[17:40:41:526]345652:[DBG]:CMD:[0x01]->[0x00]
[17:40:41:526]345652:[DBG]:CMD:[0x20]->[0x00]
[17:40:41:823]345954:[DBG]:CMD:[0x37]->[0x00]
[17:40:41:823]345954:[DBG]:CMD:[0x01]->[0x00]
[17:40:41:823]345956:[DBG]:CMD:[0x20]->[0x00]
[17:40:42:120]346256:[DBG]:CMD:[0x37]->[0x00]
[17:40:42:120]346260:[DBG]:CMD:[0x01]->[0x00]
[17:40:42:120]346260:[DBG]:CMD:[0x20]->[0x00]
[17:40:42:385]346534:[DBG]:IIC:TEMP ID 0:0x0069,0x0068,0x00AD,0x0099,
[17:40:42:385]346534:[DBG]:IIC:TEMP ID 4:0x008B,0x006A,0x0017,0x0092,
[17:40:42:432]346562:[DBG]:CMD:[0x37]->[0x00]
[17:40:42:432]346562:[DBG]:CMD:[0x01]->[0x00]
[17:40:42:432]346564:[DBG]:CMD:[0x20]->[0x00]
[17:40:42:729]346864:[DBG]:CMD:[0x37]->[0x00]
[17:40:42:729]346866:[DBG]:CMD:[0x01]->[0x00]
[17:40:42:729]346866:[DBG]:CMD:[0x20]->[0x00]
[17:40:43:041]347168:[DBG]:CMD:[0x37]->[0x00]
[17:40:43:041]347168:[DBG]:CMD:[0x01]->[0x00]
[17:40:43:041]347170:[DBG]:CMD:[0x20]->[0x00]
[17:40:43:338]347470:[DBG]:CMD:[0x37]->[0x00]
[17:40:43:338]347472:[DBG]:CMD:[0x01]->[0x00]
[17:40:43:338]347472:[DBG]:CMD:[0x20]->[0x00]
[17:40:43:635]347774:[DBG]:CMD:[0x37]->[0x00]
[17:40:43:635]347774:[DBG]:CMD:[0x01]->[0x00]
[17:40:43:635]347776:[DBG]:CMD:[0x20]->[0x00]
[17:40:43:947]348076:[DBG]:CMD:[0x37]->[0x00]
[17:40:43:947]348076:[DBG]:CMD:[0x01]->[0x00]
[17:40:43:947]348078:[DBG]:CMD:[0x20]->[0x00]
[17:40:44:244]348380:[DBG]:CMD:[0x37]->[0x00]
[17:40:44:244]348380:[DBG]:CMD:[0x01]->[0x00]
[17:40:44:244]348380:[DBG]:CMD:[0x20]->[0x00]
[17:40:44:400]348534:[DBG]:IIC:TEMP ID 0:0x005C,0x0068,0x00A4,0x0099,
[17:40:44:400]348534:[DBG]:IIC:TEMP ID 4:0x008A,0x006A,0x001A,0x0092,
[17:40:44:541]348682:[DBG]:CMD:[0x37]->[0x00]
[17:40:44:541]348684:[DBG]:CMD:[0x01]->[0x00]
[17:40:44:541]348684:[DBG]:CMD:[0x20]->[0x00]
[17:40:44:853]348986:[DBG]:CMD:[0x37]->[0x00]
[17:40:44:853]348986:[DBG]:CMD:[0x01]->[0x00]
[17:40:44:853]348988:[DBG]:CMD:[0x20]->[0x00]
[17:40:45:150]349288:[DBG]:CMD:[0x37]->[0x00]
[17:40:45:150]349288:[DBG]:CMD:[0x01]->[0x00]
[17:40:45:150]349290:[DBG]:CMD:[0x20]->[0x00]
[17:40:45:463]349592:[DBG]:CMD:[0x37]->[0x00]
[17:40:45:463]349592:[DBG]:CMD:[0x01]->[0x00]
[17:40:45:463]349594:[DBG]:CMD:[0x20]->[0x00]
[17:40:45:760]349894:[DBG]:CMD:[0x37]->[0x00]
[17:40:45:760]349896:[DBG]:CMD:[0x01]->[0x00]
[17:40:45:760]349896:[DBG]:CMD:[0x20]->[0x00]
[17:40:46:056]350198:[DBG]:CMD:[0x37]->[0x00]
[17:40:46:056]350198:[DBG]:CMD:[0x01]->[0x00]
[17:40:46:056]350200:[DBG]:CMD:[0x20]->[0x00]
[17:40:46:368]350500:[DBG]:CMD:[0x37]->[0x00]
[17:40:46:368]350502:[DBG]:CMD:[0x01]->[0x00]
[17:40:46:368]350502:[DBG]:CMD:[0x20]->[0x00]
[17:40:46:400]350534:[DBG]:IIC:TEMP ID 0:0x005D,0x0068,0x00AF,0x0099,
[17:40:46:400]350534:[DBG]:IIC:TEMP ID 4:0x008B,0x006A,0x0001,0x0092,
[17:40:46:666]350804:[DBG]:CMD:[0x37]->[0x00]
[17:40:46:666]350804:[DBG]:CMD:[0x01]->[0x00]
[17:40:46:666]350806:[DBG]:CMD:[0x20]->[0x00]
[17:40:46:978]351106:[DBG]:CMD:[0x37]->[0x00]
[17:40:46:978]351106:[DBG]:CMD:[0x01]->[0x00]
[17:40:46:978]351108:[DBG]:CMD:[0x20]->[0x00]
[17:40:47:275]351410:[DBG]:CMD:[0x37]->[0x00]
[17:40:47:275]351410:[DBG]:CMD:[0x01]->[0x00]
[17:40:47:275]351412:[DBG]:CMD:[0x20]->[0x00]
[17:40:47:587]351714:[DBG]:CMD:[0x37]->[0x00]
[17:40:47:587]351714:[DBG]:CMD:[0x01]->[0x00]
[17:40:47:587]351714:[DBG]:CMD:[0x20]->[0x00]
[17:40:47:884]352018:[DBG]:CMD:[0x37]->[0x00]
[17:40:47:884]352020:[DBG]:CMD:[0x01]->[0x00]
[17:40:47:884]352022:[DBG]:CMD:[0x20]->[0x00]
[17:40:48:181]352322:[DBG]:CMD:[0x37]->[0x00]
[17:40:48:181]352324:[DBG]:CMD:[0x01]->[0x00]
[17:40:48:181]352324:[DBG]:CMD:[0x20]->[0x00]
[17:40:48:400]352534:[DBG]:IIC:TEMP ID 0:0x0064,0x0068,0x00A6,0x0099,
[17:40:48:400]352534:[DBG]:IIC:TEMP ID 4:0x0088,0x006A,0x0016,0x0092,
[17:40:48:493]352626:[DBG]:CMD:[0x37]->[0x00]
[17:40:48:493]352626:[DBG]:CMD:[0x01]->[0x00]
[17:40:48:493]352628:[DBG]:CMD:[0x20]->[0x00]
[17:40:48:790]352928:[DBG]:CMD:[0x37]->[0x00]
[17:40:48:790]352930:[DBG]:CMD:[0x01]->[0x00]
[17:40:48:790]352930:[DBG]:CMD:[0x20]->[0x00]
[17:40:49:087]353232:[DBG]:CMD:[0x37]->[0x00]
[17:40:49:087]353232:[DBG]:CMD:[0x01]->[0x00]
[17:40:49:087]353234:[DBG]:CMD:[0x20]->[0x00]
[17:40:49:399]353534:[DBG]:CMD:[0x37]->[0x00]
[17:40:49:399]353536:[DBG]:CMD:[0x01]->[0x00]
[17:40:49:399]353536:[DBG]:CMD:[0x20]->[0x00]
[17:40:49:696]353838:[DBG]:CMD:[0x37]->[0x00]
[17:40:49:696]353838:[DBG]:CMD:[0x01]->[0x00]
[17:40:49:696]353840:[DBG]:CMD:[0x20]->[0x00]
[17:40:49:993]354140:[DBG]:CMD:[0x37]->[0x00]
[17:40:49:993]354140:[DBG]:CMD:[0x01]->[0x00]
[17:40:49:993]354142:[DBG]:CMD:[0x20]->[0x00]
[17:40:50:305]354444:[DBG]:CMD:[0x37]->[0x00]
[17:40:50:305]354444:[DBG]:CMD:[0x01]->[0x00]
[17:40:50:305]354446:[DBG]:CMD:[0x20]->[0x00]
[17:40:50:399]354534:[DBG]:IIC:TEMP ID 0:0x0067,0x0068,0x0099,0x0099,
[17:40:50:399]354534:[DBG]:IIC:TEMP ID 4:0x008D,0x006A,0x0007,0x0092,
[17:40:50:602]354746:[DBG]:CMD:[0x37]->[0x00]
[17:40:50:602]354748:[DBG]:CMD:[0x01]->[0x00]
[17:40:50:602]354748:[DBG]:CMD:[0x20]->[0x00]
[17:40:50:915]355050:[DBG]:CMD:[0x37]->[0x00]
[17:40:50:915]355050:[DBG]:CMD:[0x01]->[0x00]
[17:40:50:915]355052:[DBG]:CMD:[0x20]->[0x00]
[17:40:51:211]355354:[DBG]:CMD:[0x37]->[0x00]
[17:40:51:211]355354:[DBG]:CMD:[0x01]->[0x00]
[17:40:51:211]355354:[DBG]:CMD:[0x20]->[0x00]
[17:40:51:524]355656:[DBG]:CMD:[0x37]->[0x00]
[17:40:51:524]355656:[DBG]:CMD:[0x01]->[0x00]
[17:40:51:524]355660:[DBG]:CMD:[0x20]->[0x00]
[17:40:51:821]355960:[DBG]:CMD:[0x37]->[0x00]
[17:40:51:821]355962:[DBG]:CMD:[0x01]->[0x00]
[17:40:51:821]355962:[DBG]:CMD:[0x20]->[0x00]
[17:40:52:117]356264:[DBG]:CMD:[0x37]->[0x00]
[17:40:52:117]356264:[DBG]:CMD:[0x01]->[0x00]
[17:40:52:117]356266:[DBG]:CMD:[0x20]->[0x00]
[17:40:52:383]356534:[DBG]:IIC:TEMP ID 0:0x0064,0x0068,0x00B6,0x0099,
[17:40:52:383]356534:[DBG]:IIC:TEMP ID 4:0x008C,0x006A,0x0002,0x0092,
[17:40:52:430]3565DBG]:CMD:[0x37]->[0x00]
[17:40:52:430]356568:[DBG]:CMD:[0x01]->[0x00]
[17:40:52:430]356568:[DBG]:CMD:[0x20]->[0x00]
[17:40:52:727]356870:[DBG]:CMD:[0x37]->[0x00]
[17:40:52:727]356870:[DBG]:CMD:[0x01]->[0x00]
[17:40:52:727]356872:[DBG]:CMD:[0x20]->[0x00]
[17:40:53:023]357172:[DBG]:CMD:[0x37]->[0x00]
[17:40:53:023]357174:[DBG]:CMD:[0x01]->[0x00]
[17:40:53:023]357174:[DBG]:CMD:[0x20]->[0x00]
[17:40:53:336]357476:[DBG]:CMD:[0x37]->[0x00]
[17:40:53:336]357476:[DBG]:CMD:[0x01]->[0x00]
[17:40:53:336]357478:[DBG]:CMD:[0x20]->[0x00]
[17:40:53:633]357780:[DBG]:CMD:[0x37]->[0x00]
[17:40:53:633]357780:[DBG]:CMD:[0x01]->[0x00]
[17:40:53:633]357782:[DBG]:CMD:[0x20]->[0x00]
[17:40:53:945]358082:[DBG]:CMD:[0x37]->[0x00]
[17:40:53:945]358084:[DBG]:CMD:[0x01]->[0x00]
[17:40:53:945]358084:[DBG]:CMD:[0x20]->[0x00]
[17:40:54:242]358386:[DBG]:CMD:[0x37]->[0x00]
[17:40:54:242]358386:[DBG]:CMD:[0x01]->[0x00]
[17:40:54:242]358388:[DBG]:CMD:[0x20]->[0x00]
[17:40:54:398]358534:[DBG]:IIC:TEMP ID 0:0x006D,0x0068,0x00C1,0x0099,
[17:40:54:398]358534:[DBG]:IIC:TEMP ID 4:0x008F,0x006A,0x00FF,0x0091,
[17:40:54:539]358690:[DBG]:CMD:[0x37]->[0x00]
[17:40:54:539]358690:[DBG]:CMD:[0x01]->[0x00]
[17:40:54:539]358692:[DBG]:CMD:[0x20]->[0x00]
[17:40:54:851]358994:[DBG]:CMD:[0x37]->[0x00]
[17:40:54:851]358994:[DBG]:CMD:[0x01]->[0x00]
[17:40:54:851]358994:[DBG]:CMD:[0x20]->[0x00]
[17:40:55:148]359296:[DBG]:CMD:[0x37]->[0x00]
[17:40:55:148]359296:[DBG]:CMD:[0x01]->[0x00]
[17:40:55:148]359298:[DBG]:CMD:[0x20]->[0x00]
[17:40:55:460]359598:[DBG]:CMD:[0x37]->[0x00]
[17:40:55:460]359600:[DBG]:CMD:[0x01]->[0x00]
[17:40:55:460]359600:[DBG]:CMD:[0x20]->[0x00]
[17:40:55:757]359902:[DBG]:CMD:[0x37]->[0x00]
[17:40:55:757]359902:[DBG]:CMD:[0x01]->[0x00]
[17:40:55:757]359904:[DBG]:CMD:[0x20]->[0x00]
[17:40:56:054]360204:[DBG]:CMD:[0x37]->[0x00]
[17:40:56:054]360204:[DBG]:CMD:[0x01]->[0x00]
[17:40:56:054]360206:[DBG]:CMD:[0x20]->[0x00]
[17:40:56:351]360508:[DBG]:CMD:[0x37]->[0x00]
[17:40:56:351]360508:[DBG]:CMD:[0x01]->[0x00]
[17:40:56:351]360510:[DBG]:CMD:[0x20]->[0x00]
[17:40:56:382]360534:[DBG]:IIC:TEMP ID 0:0x005C,0x0068,0x00C6,0x0099,
[17:40:56:382]360534:[DBG]:IIC:TEMP ID 4:0x008C,0x006A,0x00EA,0x0091,
[17:40:56:679]360810:[DBG]:CMD:[0x37]->[0x00]
[17:40:56:679]360812:[DBG]:CMD:[0x01]->[0x00]
[17:40:56:679]360812:[DBG]:CMD:[0x20]->[0x00]
[17:40:56:976]361114:[DBG]:CMD:[0x37]->[0x00]
[17:40:56:976]361114:[DBG]:CMD:[0x01]->[0x00]
[17:40:56:976]361118:[DBG]:CMD:[0x20]->[0x00]
[17:40:57:272]361420:[DBG]:CMD:[0x37]->[0x00]
[17:40:57:272]361422:[DBG]:CMD:[0x01]->[0x00]
[17:40:57:272]361422:[DBG]:CMD:[0x20]->[0x00]
[17:40:57:569]361724:[DBG]:CMD:[0x37]->[0x00]
[17:40:57:569]361724:[DBG]:CMD:[0x01]->[0x00]
[17:40:57:569]361726:[DBG]:CMD:[0x20]->[0x00]
[17:40:57:882]362026:[DBG]:CMD:[0x37]->[0x00]
[17:40:57:882]362028:[DBG]:CMD:[0x01]->[0x00]
[17:40:57:882]362028:[DBG]:CMD:[0x20]->[0x00]
[17:40:58:179]362330:[DBG]:CMD:[0x37]->[0x00]
[17:40:58:179]362330:[DBG]:CMD:[0x01]->[0x00]
[17:40:58:179]362332:[DBG]:CMD:[0x20]->[0x00]
[17:40:58:382]362534:[DBG]:IIC:TEMP ID 0:0x0057,0x0068,0x00C1,0x0099,
[17:40:58:382]362534:[DBG]:IIC:TEMP ID 4:0x008D,0x006A,0x00F7,0x0091,
[17:40:58:491]362632:[DBG]:CMD:[0x37]->[0x00]
[17:40:58:491]362632:[DBG]:CMD:[0x01]->[0x00]
[17:40:58:491]362634:[DBG]:CMD:[0x20]->[0x00]
[17:40:58:788]362934:[DBG]:CMD:[0x37]->[0x00]
[17:40:58:788]362936:[DBG]:CMD:[0x01]->[0x00]
[17:40:58:788]362936:[DBG]:CMD:[0x20]->[0x00]
[17:40:59:085]363238:[DBG]:CMD:[0x37]->[0x00]
[17:40:59:085]363238:[DBG]:CMD:[0x01]->[0x00]
[17:40:59:085]363240:[DBG]:CMD:[0x20]->[0x00]
[17:40:59:397]363540:[DBG]:CMD:[0x37]->[0x00]
[17:40:59:397]363542:[DBG]:CMD:[0x01]->[0x00]
[17:40:59:397]363542:[DBG]:CMD:[0x20]->[0x00]
[17:40:59:694]363844:[DBG]:CMD:[0x37]->[0x00]
[17:40:59:694]363844:[DBG]:CMD:[0x01]->[0x00]
[17:40:59:694]363846:[DBG]:CMD:[0x20]->[0x00]
[17:40:59:990]364146:[DBG]:CMD:[0x37]->[0x00]
[17:40:59:990]364146:[DBG]:CMD:[0x01]->[0x00]
[17:40:59:990]364148:[DBG]:CMD:[0x20]->[0x00]
[17:41:00:303]364450:[DBG]:CMD:[0x37]->[0x00]
[17:41:00:303]364450:[DBG]:CMD:[0x01]->[0x00]
[17:41:00:303]364450:[DBG]:CMD:[0x20]->[0x00]
[17:41:00:381]364534:[DBG]:IIC:TEMP ID 0:0x0068,0x0068,0x00BA,0x0099,
[17:41:00:381]364534:[DBG]:IIC:TEMP ID 4:0x008C,0x006A,0x00EA,0x0091,
[17:41:00:600]364752:[DBG]:CMD:[0x37]->[0x00]
[17:41:00:600]364752:[DBG]:CMD:[0x01]->[0x00]
[17:41:00:600]364754:[DBG]:CMD:[0x20]->[0x00]
[17:41:00:912]365056:[DBG]:CMD:[0x37]->[0x00]
[17:41:00:912]365056:[DBG]:CMD:[0x01]->[0x00]
[17:41:00:912]365060:[DBG]:CMD:[0x20]->[0x00]
[17:41:01:209]365360:[DBG]:CMD:[0x37]->[0x00]
[17:41:01:209]365360:[DBG]:CMD:[0x01]->[0x00]
[17:41:01:209]365362:[DBG]:CMD:[0x20]->[0x00]
[17:41:01:506]365664:[DBG]:CMD:[0x37]->[0x00]
[17:41:01:506]365664:[DBG]:CMD:[0x01]->[0x00]
[17:41:01:506]365666:[DBG]:CMD:[0x20]->[0x00]
[17:41:01:818]365966:[DBG]:CMD:[0x37]->[0x00]
[17:41:01:818]365968:[DBG]:CMD:[0x01]->[0x00]
[17:41:01:818]365968:[DBG]:CMD:[0x20]->[0x00]
[17:41:02:115]366270:[DBG]:CMD:[0x37]->[0x00]
[17:41:02:115]366270:[DBG]:CMD:[0x01]->[0x00]
[17:41:02:115]366272:[DBG]:CMD:[0x20]->[0x00]
[17:41:02:381]366534:[DBG]:IIC:TEMP ID 0:0x0059,0x0068,0x00C1,0x0099,
[17:41:02:381]366534:[DBG]:IIC:TEMP ID 4:0x008B,0x006A,0x00EB,0x0091,
[17:41:02:427]366572:[DBG]:CMD:[0x37]->[0x00]
[17:41:02:427]366574:[DBG]:CMD:[0x01]->[0x00]
[17:41:02:427]366574:[DBG]:CMD:[0x20]->[0x00]
[17:41:02:724]366876:[DBG]:CMD:[0x37]->[0x00]
[17:41:02:724]366876:[DBG]:CMD:[0x01]->[0x00]
[17:41:02:724]366878:[DBG]:CMD:[0x20]->[0x00]
[17:41:03:021]367178:[DBG]:CMD:[0x37]->[0x00]
[17:41:03:021]367180:[DBG]:CMD:[0x01]->[0x00]
[17:41:03:021]367180:[DBG]:CMD:[0x20]->[0x00]
[17:41:03:334]367482:[DBG]:CMD:[0x37]->[0x00]
[17:41:03:334]367482:[DBG]:CMD:[0x01]->[0x00]
[17:41:03:334]367484:[DBG]:CMD:[0x20]->[0x00]
[17:41:03:630]367784:[DBG]:CMD:[0x37]->[0x00]
[17:41:03:630]367786:[DBG]:CMD:[0x01]->[0x00]
[17:41:03:630]367786:[DBG]:CMD:[0x20]->[0x00]
[17:41:03:927]368088:[DBG]:CMD:[0x37]->[0x00]
[17:41:03:927]368088:[DBG]:CMD:[0x01]->[0x00]
[17:41:03:927]368090:[DBG]:CMD:[0x20]->[0x00]
[17:41:04:240]368390:[DBG]:CMD:[0x37]->[0x00]
[17:41:04:240]368390:[DBG]:CMD:[0x01]->[0x00]
[17:41:04:240]368392:[DBG]:CMD:[0x20]->[0x00]
[17:41:04:380]368534:[DBG]:IIC:TEMP ID 0:0x0078,0x0068,0x00D0,0x0099,
[17:41:04:380]368534:[DBG]:IIC:TEMP ID 4:0x0092,0x006A,0x00DA,0x0091,
[17:41:04:536]368694:[DBG]:CMD:[0x37]->[0x00]
[17:41:04:536]368694:[DBG]:CMD:[0x01]->[0x00]
[17:41:04:536]368694:[DBG]:CMD:[0x20]->[0x00]
[17:41:04:833]368996:[DBG]:CMD:[0x37]->[0x00]
[17:41:04:833]368996:[DBG]:CMD:[0x01]->[0x00]
[17:41:04:833]368998:[DBG]:CMD:[0x20]->[0x00]
[17:41:05:146]369298:[DBG]:CMD:[0x37]->[0x00]
[17:41:05:146]369300:[DBG]:CMD:[0x01]->[0x00]
[17:41:05:146]369300:[DBG]:CMD:[0x20]->[0x00]
[17:41:05:442]369602:[DBG]:CMD:[0x37]->[0x00]
[17:41:05:442]369602:[DBG]:CMD:[0x01]->[0x00]
[17:41:05:442]369604:[DBG]:CMD:[0x20]->[0x00]
[17:41:05:755]369906:[DBG]:CMD:[0x37]->[0x00]
[17:41:05:755]369906:[DBG]:CMD:[0x01]->[0x00]
[17:41:05:755]369908:[DBG]:CMD:[0x20]->[0x00]
[17:41:06:067]370208:[DBG]:CMD:[0x37]->[0x00]
[17:41:06:067]370208:[DBG]:CMD:[0x01]->[0x00]
[17:41:06:067]370210:[DBG]:CMD:[0x20]->[0x00]
[17:41:06:348]370512:[DBG]:CMD:[0x37]->[0x00]
[17:41:06:348]370512:[DBG]:CMD:[0x01]->[0x00]
[17:41:06:348]370512:[DBG]:CMD:[0x20]->[0x00]
[17:41:06:380]370534:[DBG]:IIC:TEMP ID 0:0x006F,0x0068,0x00B9,0x0099,
[17:41:06:380]370534:[DBG]:IIC:TEMP ID 4:0x0091,0x006A,0x00DD,0x0091,
[17:41:06:661]370814:[DBG]:CMD:[0x37]->[0x00]
[17:41:06:661]370814:[DBG]:CMD:[0x01]->[0x00]
[17:41:06:661]370818:[DBG]:CMD:[0x20]->[0x00]
[17:41:06:973]371120:[DBG]:CMD:[0x37]->[0x00]
[17:41:06:973]371122:[DBG]:CMD:[0x01]->[0x00]
[17:41:06:973]371122:[DBG]:CMD:[0x20]->[0x00]
[17:41:07:270]371424:[DBG]:CMD:[0x37]->[0x00]
[17:41:07:270]371424:[DBG]:CMD:[0x01]->[0x00]
[17:41:07:270]371426:[DBG]:CMD:[0x20]->[0x00]
[17:41:07:567]371726:[DBG]:CMD:[0x37]->[0x00]
[17:41:07:567]371728:[DBG]:CMD:[0x01]->[0x00]
[17:41:07:567]371728:[DBG]:CMD:[0x20]->[0x00]
[17:41:07:879]372030:[DBG]:CMD:[0x37]->[0x00]
[17:41:07:879]372030:[DBG]:CMD:[0x01]->[0x00]
[17:41:07:879]372032:[DBG]:CMD:[0x20]->[0x00]
[17:41:08:176]372332:[DBG]:CMD:[0x37]->[0x00]
[17:41:08:176]372334:[DBG]:CMD:[0x01]->[0x00]
[17:41:08:176]372334:[DBG]:CMD:[0x20]->[0x00]
[17:41:08:379]372534:[DBG]:IIC:TEMP ID 0:0x005C,0x0068,0x00A4,0x0099,
[17:41:08:379]372534:[DBG]:IIC:TEMP ID 4:0x008A,0x006A,0x00E0,0x0091,
[17:41:08:473]372636:[DBG]:CMD:[0x37]->[0x00]
[17:41:08:473]372636:[DBG]:CMD:[0x01]->[0x00]
[17:41:08:473]372638:[DBG]:CMD:[0x20]->[0x00]
[17:41:08:785]372938:[DBG]:CMD:[0x37]->[0x00]
[17:41:08:785]372940:[DBG]:CMD:[0x01]->[0x00]
[17:41:08:785]372940:[DBG]:CMD:[0x20]->[0x00]
[17:41:09:082]373242:[DBG]:CMD:[0x37]->[0x00]
[17:41:09:082]373242:[DBG]:CMD:[0x01]->[0x00]
[17:41:09:082]373244:[DBG]:CMD:[0x20]->[0x00]
[17:41:09:379]373546:[DBG]:CMD:[0x37]->[0x00]
[17:41:09:379]373546:[DBG]:CMD:[0x01]->[0x00]
[17:41:09:379]373548:[DBG]:CMD:[0x20]->[0x00]
[17:41:09:691]373848:[DBG]:CMD:[0x37]->[0x00]
[17:41:09:691]373850:[DBG]:CMD:[0x01]->[0x00]
[17:41:09:691]373850:[DBG]:CMD:[0x20]->[0x00]
[17:41:09:988]374152:[DBG]:CMD:[0x37]->[0x00]
[17:41:09:988]374152:[DBG]:CMD:[0x01]->[0x00]
[17:41:09:988]374154:[DBG]:CMD:[0x20]->[0x00]
[17:41:10:301]374454:[DBG]:CMD:[0x37]->[0x00]
[17:41:10:301]374454:[DBG]:CMD:[0x01]->[0x00]
[17:41:10:301]374456:[DBG]:CMD:[0x20]->[0x00]
[17:41:10:379]374534:[DBG]:IIC:TEMP ID 0:0x007B,0x0068,0x00A3,0x0099,
[17:41:10:379]374534:[DBG]:IIC:TEMP ID 4:0x0095,0x006A,0x00CF,0x0091,
[17:41:10:597]374756:[DBG]:CMD:[0x37]->[0x00]
[17:41:10:597]374760:[DBG]:CMD:[0x01]->[0x00]
[17:41:10:597]374762:[DBG]:CMD:[0x20]->[0x00]
[17:41:10:910]375062:[DBG]:CMD:[0x37]->[0x00]
[17:41:10:910]375064:[DBG]:CMD:[0x01]->[0x00]
[17:41:10:910]375064:[DBG]:CMD:[0x20]->[0x00]
[17:41:11:207]375366:[DBG]:CMD:[0x37]->[0x00]
[17:41:11:207]375366:[DBG]:CMD:[0x01]->[0x00]
[17:41:11:207]375368:[DBG]:CMD:[0x20]->[0x00]
[17:41:11:503]375668:[DBG]:CMD:[0x37]->[0x00]
[17:41:11:503]375668:[DBG]:CMD:[0x01]->[0x00]
[17:41:11:503]375670:[DBG]:CMD:[0x20]->[0x00]
[17:41:11:816]375972:[DBG]:CMD:[0x37]->[0x00]
[17:41:11:816]375972:[DBG]:CMD:[0x01]->[0x00]
[17:41:11:816]375974:[DBG]:CMD:[0x20]->[0x00]
[17:41:12:113]376274:[DBG]:CMD:[0x37]->[0x00]
[17:41:12:113]376276:[DBG]:CMD:[0x01]->[0x00]
[17:41:12:113]376276:[DBG]:CMD:[0x20]->[0x00]
[17:41:12:378]376534:[DBG]:IIC:TEMP ID 0:0x006E,0x0068,0x00C8,0x0099,
[17:41:12:378]376534:[DBG]:IIC:TEMP ID 4:0x008E,0x006A,0x00CE,0x0091,
[17:41:12:409]376578:[DBG]:CMD:[0x37]->[0x00]
[17:41:12:409]376578:[DBG]:CMD:[0x01]->[0x00]
[17:41:12:409]376580:[DBG]:CMD:[0x20]->[0x00]
[17:41:12:722]376880:[DBG]:CMD:[0x37]->[0x00]
[17:41:12:722]376880:[DBG]:CMD:[0x01]->[0x00]
[17:41:12:722]376882:[DBG]:CMD:[0x20]->[0x00]
[17:41:13:019]377184:[DBG]:CMD:[0x37]->[0x00]
[17:41:13:019]377184:[DBG]:CMD:[0x01]->[0x00]
[17:41:13:019]377186:[DBG]:CMD:[0x20]->[0x00]
[17:41:13:331]377486:[DBG]:CMD:[0x37]->[0x00]
[17:41:13:331]377488:[DBG]:CMD:[0x01]->[0x00]
[17:41:13:331]377488:[DBG]:CMD:[0x20]->[0x00]
[17:41:13:628]377790:[DBG]:CMD:[0x37]->[0x00]
[17:41:13:628]377790:[DBG]:CMD:[0x01]->[0x00]
[17:41:13:628]377792:[DBG]:CMD:[0x20]->[0x00]
[17:41:13:925]378094:[DBG]:CMD:[0x37]->[0x00]
[17:41:13:925]378094:[DBG]:CMD:[0x01]->[0x00]
[17:41:13:925]378094:[DBG]:CMD:[0x20]->[0x00]
[17:41:14:237]378396:[DBG]:CMD:[0x37]->[0x00]
[17:41:14:237]378396:[DBG]:CMD:[0x01]->[0x00]
[17:41:14:237]378398:[DBG]:CMD:[0x20]->[0x00]
[17:41:14:378]378534:[DBG]:IIC:TEMP ID 0:0x006B,0x0068,0x00D3,0x0099,
[17:41:14:378]378534:[DBG]:IIC:TEMP ID 4:0x0093,0x006A,0x00C1,0x0091,
[17:41:14:534]378698:[DBG]:CMD:[0x37]->[0x00]
[17:41:14:534]378700:[DBG]:CMD:[0x01]->[0x00]
[17:41:14:534]378700:[DBG]:CMD:[0x20]->[0x00]
[17:41:14:831]379002:[DBG]:CMD:[0x37]->[0x00]
[17:41:14:831]379002:[DBG]:CMD:[0x01]->[0x00]
[17:41:14:831]379004:[DBG]:CMD:[0x20]->[0x00]
[17:41:15:143]379304:[DBG]:CMD:[0x37]->[0x00]
[17:41:15:143]379306:[DBG]:CMD:[0x01]->[0x00]
[17:41:15:143]379306:[DBG]:CMD:[0x20]->[0x00]
[17:41:15:455]379608:[DBG]:CMD:[0x37]->[0x00]
[17:41:15:455]379608:[DBG]:CMD:[0x01]->[0x00]
[17:41:15:455]379610:[DBG]:CMD:[0x20]->[0x00]
[17:41:15:752]379910:[DBG]:CMD:[0x37]->[0x00]
[17:41:15:752]379912:[DBG]:CMD:[0x01]->[0x00]
[17:41:15:752]379912:[DBG]:CMD:[0x20]->[0x00]
[17:41:16:049]380214:[DBG]:CMD:[0x37]->[0x00]
[17:41:16:049]380214:[DBG]:CMD:[0x01]->[0x00]
[17:41:16:049]380218:[DBG]:CMD:[0x20]->[0x00]
[17:41:16:330]380520:[DBG]:CMD:[0x37]->[0x00]
[17:41:16:330]380522:[DBG]:CMD:[0x01]->[0x00]
[17:41:16:330]380522:[DBG]:CMD:[0x20]->[0x00]
[17:41:16:362]380534:[DBG]:IIC:TEMP ID 0:0x005C,0x0068,0x00D4,0x0099,
[17:41:16:362]380534:[DBG]:IIC:TEMP ID 4:0x0090,0x006A,0x00C6,0x0091,
[17:41:16:659]380824:[DBG]:CMD:[0x37]->[0x00]
[17:41:16:659]380824:[DBG]:CMD:[0x01]->[0x00]
[17:41:16:659]380826:[DBG]:CMD:[0x20]->[0x00]
[17:41:16:955]381126:[DBG]:CMD:[0x37]->[0x00]
[17:41:16:955]381126:[DBG]:CMD:[0x01]->[0x00]
[17:41:16:955]381128:[DBG]:CMD:[0x20]->[0x00]
[17:41:17:268]381430:[DBG]:CMD:[0x37]->[0x00]
[17:41:17:268]381430:[DBG]:CMD:[0x01]->[0x00]
[17:41:17:268]381430:[DBG]:CMD:[0x20]->[0x00]
[17:41:17:565]381732:[DBG]:CMD:[0x37]->[0x00]
[17:41:17:565]381734:[DBG]:CMD:[0x01]->[0x00]
[17:41:17:565]381734:[DBG]:CMD:[0x20]->[0x00]
[17:41:17:861]382036:[DBG]:CMD:[0x37]->[0x00]
[17:41:17:861]382036:[DBG]:CMD:[0x01]->[0x00]
[17:41:17:861]382038:[DBG]:CMD:[0x20]->[0x00]
[17:41:18:174]382340:[DBG]:CMD:[0x37]->[0x00]
[17:41:18:174]382340:[DBG]:CMD:[0x01]->[0x00]
[17:41:18:174]382340:[DBG]:CMD:[0x20]->[0x00]
[17:41:18:361]382534:[DBG]:IIC:TEMP ID 0:0x0071,0x0068,0x00C7,0x0099,
[17:41:18:361]382534:[DBG]:IIC:TEMP ID 4:0x0091,0x006A,0x00C1,0x0091,
[17:41:18:471]382642:[DBG]:CMD:[0x37]->[0x00]
[17:41:18:471]382644:[DBG]:CMD:[0x01]->[0x00]
[17:41:18:471]382644:[DBG]:CMD:[0x20]->[0x00]
[17:41:18:783]382946:[DBG]:CMD:[0x37]->[0x00]
[17:41:18:783]382946:[DBG]:CMD:[0x01]->[0x00]
[17:41:18:783]382948:[DBG]:CMD:[0x20]->[0x00]
[17:41:19:080]383248:[DBG]:CMD:[0x37]->[0x00]
[17:41:19:080]383250:[DBG]:CMD:[0x01]->[0x00]
[17:41:19:080]383250:[DBG]:CMD:[0x20]->[0x00]
[17:41:19:392]383552:[DBG]:CMD:[0x37]->[0x00]
[17:41:19:392]383552:[DBG]:CMD:[0x01]->[0x00]
[17:41:19:392]383554:[DBG]:CMD:[0x20]->[0x00]
[17:41:19:689]383856:[DBG]:CMD:[0x37]->[0x00]
[17:41:19:689]383856:[DBG]:CMD:[0x01]->[0x00]
[17:41:19:689]383860:[DBG]:CMD:[0x20]->[0x00]
[17:41:19:986]384160:[DBG]:CMD:[0x37]->[0x00]
[17:41:19:986]384160:[DBG]:CMD:[0x01]->[0x00]
[17:41:19:986]384162:[DBG]:CMD:[0x20]->[0x00]
[17:41:20:298]384464:[DBG]:CMD:[0x37]->[0x00]
[17:41:20:298]384464:[DBG]:CMD:[0x01]->[0x00]
[17:41:20:298]384466:[DBG]:CMD:[0x20]->[0x00]
[17:41:20:361]384534:[DBG]:IIC:TEMP ID 0:0x0074,0x0068,0x00BC,0x0099,
[17:41:20:361]384534:[DBG]:IIC:TEMP ID 4:0x008E,0x006A,0x00BE,0x0091,
[17:41:20:595]384766:[DBG]:CMD:[0x37]->[0x00]
[17:41:20:595]384768:[DBG]:CMD:[0x01]->[0x00]
[17:41:20:595]384768:[DBG]:CMD:[0x20]->[0x00]
[17:41:20:892]385070:[DBG]:CMD:[0x37]->[0x00]
[17:41:20:892]385070:[DBG]:CMD:[0x01]->[0x00]
[17:41:20:892]385072:[DBG]:CMD:[0x20]->[0x00]
[17:41:21:204]385374:[DBG]:CMD:[0x37]->[0x00]
[17:41:21:204]385374:[DBG]:CMD:[0x01]->[0x00]
[17:41:21:204]385376:[DBG]:CMD:[0x20]->[0x00]
[17:41:21:501]385676:[DBG]:CMD:[0x37]->[0x00]
[17:41:21:501]385678:[DBG]:CMD:[0x01]->[0x00]
[17:41:21:501]385678:[DBG]:CMD:[0x20]->[0x00]
[17:41:21:814]385980:[DBG]:CMD:[0x37]->[0x00]
[17:41:21:814]385980:[DBG]:CMD:[0x01]->[0x00]
[17:41:21:814]385982:[DBG]:CMD:[0x20]->[0x00]
[17:41:22:110]386284:[DBG]:CMD:[0x37]->[0x00]
[17:41:22:110]386284:[DBG]:CMD:[0x01]->[0x00]
[17:41:22:110]386286:[DBG]:CMD:[0x20]->[0x00]
[17:41:22:360]386534:[DBG]:IIC:TEMP ID 0:0x0057,0x0068,0x00CF,0x0099,
[17:41:22:360]386534:[DBG]:IIC:TEMP ID 4:0x0093,0x006A,0x00C7,0x0091,
[17:41:22:423]386588:[DBG]:CMD:[0x37]->[0x00]
[17:41:22:423]386588:[DBG]:CMD:[0x01]->[0x00]
[17:41:22:423]386588:[DBG]:CMD:[0x20]->[0x00]
[17:41:22:720]386890:[DBG]:CMD:[0x37]->[0x00]
[17:41:22:720]386890:[DBG]:CMD:[0x01]->[0x00]
[17:41:22:720]386892:[DBG]:CMD:[0x20]->[0x00]
[17:41:23:016]387194:[DBG]:CMD:[0x37]->[0x00]
[17:41:23:016]387194:[DBG]:CMD:[0x01]->[0x00]
[17:41:23:016]387196:[DBG]:CMD:[0x20]->[0x00]
[17:41:23:329]387498:[DBG]:CMD:[0x37]->[0x00]
[17:41:23:329]387498:[DBG]:CMD:[0x01]->[0x00]
[17:41:23:329]387498:[DBG]:CMD:[0x20]->[0x00]
[17:41:23:626]387800:[DBG]:CMD:[0x37]->[0x00]
[17:41:23:626]387802:[DBG]:CMD:[0x01]->[0x00]
[17:41:23:626]387802:[DBG]:CMD:[0x20]->[0x00]
[17:41:23:922]388104:[DBG]:CMD:[0x37]->[0x00]
[17:41:23:922]388104:[DBG]:CMD:[0x01]->[0x00]
[17:41:23:922]388106:[DBG]:CMD:[0x20]->[0x00]
[17:41:24:235]388408:[DBG]:CMD:[0x37]->[0x00]
[17:41:24:235]388408:[DBG]:CMD:[0x01]->[0x00]
[17:41:24:235]388410:[DBG]:CMD:[0x20]->[0x00]
[17:41:24:360]388534:[DBG]:IIC:TEMP ID 0:0x0068,0x0068,0x00A8,0x0099,
[17:41:24:360]388534:[DBG]:IIC:TEMP ID 4:0x008E,0x006A,0x00C0,0x0091,
[17:41:24:547]388710:[DBG]:CMD:[0x37]->[0x00]
[17:41:24:547]388712:[DBG]:CMD:[0x01]->[0x00]
[17:41:24:547]388712:[DBG]:CMD:[0x20]->[0x00]
[17:41:24:844]389014:[DBG]:CMD:[0x37]->[0x00]
[17:41:24:844]389014:[DBG]:CMD:[0x01]->[0x00]
[17:41:24:844]389018:[DBG]:CMD:[0x20]->[0x00]
[17:41:25:141]389320:[DBG]:CMD:[0x37]->[0x00]
[17:41:25:141]389322:[DBG]:CMD:[0x01]->[0x00]
[17:41:25:141]389322:[DBG]:CMD:[0x20]->[0x00]
[17:41:25:453]389624:[DBG]:CMD:[0x37]->[0x00]
[17:41:25:453]389624:[DBG]:CMD:[0x01]->[0x00]
[17:41:25:453]389626:[DBG]:CMD:[0x20]->[0x00]
[17:41:25:750]389928:[DBG]:CMD:[0x37]->[0x00]
[17:41:25:750]389928:[DBG]:CMD:[0x01]->[0x00]
[17:41:25:750]389928:[DBG]:CMD:[0x20]->[0x00]
[17:41:26:047]390230:[DBG]:CMD:[0x37]->[0x00]
[17:41:26:047]390232:[DBG]:CMD:[0x01]->[0x00]
[17:41:26:047]390232:[DBG]:CMD:[0x20]->[0x00]
[17:41:26:328]390534:[DBG]:IIC:TEMP ID 0:0x005B,0x0068,0x00D5,0x0099,
[17:41:26:328]390534:[DBG]:IIC:TEMP ID 4:0x008D,0x006A,0x00B5,0x0091,
[17:41:26:375]390534:[DBG]:CMD:[0x37]->[0x00]
[17:41:26:375]390536:[DBG]:CMD:[0x01]->[0x00]
[17:41:26:375]390536:[DBG]:CMD:[0x20]->[0x00]
[17:41:26:656]390838:[DBG]:CMD:[0x37]->[0x00]
[17:41:26:656]390838:[DBG]:CMD:[0x01]->[0x00]
[17:41:26:656]390840:[DBG]:CMD:[0x20]->[0x00]
[17:41:26:969]391142:[DBG]:CMD:[0x37]->[0x00]
[17:41:26:969]391142:[DBG]:CMD:[0x01]->[0x00]
[17:41:26:969]391142:[DBG]:CMD:[0x20]->[0x00]
[17:41:27:265]391444:[DBG]:CMD:[0x37]->[0x00]
[17:41:27:265]391446:[DBG]:CMD:[0x01]->[0x00]
[17:41:27:265]391446:[DBG]:CMD:[0x20]->[0x00]
[17:41:27:578]391748:[DBG]:CMD:[0x37]->[0x00]
[17:41:27:578]391748:[DBG]:CMD:[0x01]->[0x00]
[17:41:27:578]391750:[DBG]:CMD:[0x20]->[0x00]
[17:41:27:875]392052:[DBG]:CMD:[0x37]->[0x00]
[17:41:27:875]392052:[DBG]:CMD:[0x01]->[0x00]
[17:41:27:875]392054:[DBG]:CMD:[0x20]->[0x00]
[17:41:28:171]392354:[DBG]:CMD:[0x37]->[0x00]
[17:41:28:171]392356:[DBG]:CMD:[0x01]->[0x00]
[17:41:28:171]392356:[DBG]:CMD:[0x20]->[0x00]
[17:41:28:359]392534:[DBG]:IIC:TEMP ID 0:0x0058,0x0068,0x00B8,0x0099,
[17:41:28:359]392534:[DBG]:IIC:TEMP ID 4:0x0092,0x006A,0x00B8,0x0091,
[17:41:28:484]392660:[DBG]:CMD:[0x37]->[0x00]
[17:41:28:484]392660:[DBG]:CMD:[0x01]->[0x00]
[17:41:28:484]392662:[DBG]:CMD:[0x20]->[0x00]
[17:41:28:781]392962:[DBG]:CMD:[0x37]->[0x00]
[17:41:28:781]392964:[DBG]:CMD:[0x01]->[0x00]
[17:41:28:781]392964:[DBG]:CMD:[0x20]->[0x00]
[17:41:29:093]393266:[DBG]:CMD:[0x37]->[0x00]
[17:41:29:093]393266:[DBG]:CMD:[0x01]->[0x00]
[17:41:29:093]393268:[DBG]:CMD:[0x20]->[0x00]
[17:41:29:390]393570:[DBG]:CMD:[0x37]->[0x00]
[17:41:29:390]393570:[DBG]:CMD:[0x01]->[0x00]
[17:41:29:390]393572:[DBG]:CMD:[0x20]->[0x00]
[17:41:29:686]393872:[DBG]:CMD:[0x37]->[0x00]
[17:41:29:686]393874:[DBG]:CMD:[0x01]->[0x00]
[17:41:29:686]393874:[DBG]:CMD:[0x20]->[0x00]
[17:41:29:999]394176:[DBG]:CMD:[0x37]->[0x00]
[17:41:29:999]394176:[DBG]:CMD:[0x01]->[0x00]
[17:41:29:999]394178:[DBG]:CMD:[0x20]->[0x00]
[17:41:30:296]394480:[DBG]:CMD:[0x37]->[0x00]
[17:41:30:296]394480:[DBG]:CMD:[0x01]->[0x00]
[17:41:30:296]394482:[DBG]:CMD:[0x20]->[0x00]
[17:41:30:358]394534:[DBG]:IIC:TEMP ID 0:0x006B,0x0068,0x00BF,0x0099,
[17:41:30:358]394534:[DBG]:IIC:TEMP ID 4:0x0093,0x006A,0x00A9,0x0091,
[17:41:30:608]394784:[DBG]:CMD:[0x37]->[0x00]
[17:41:30:608]394784:[DBG]:CMD:[0x01]->[0x00]
[17:41:30:608]394784:[DBG]:CMD:[0x20]->[0x00]
[17:41:30:905]395086:[DBG]:CMD:[0x37]->[0x00]
[17:41:30:905]395088:[DBG]:CMD:[0x01]->[0x00]
[17:41:30:905]395088:[DBG]:CMD:[0x20]->[0x00]
[17:41:31:202]395390:[DBG]:CMD:[0x37]->[0x00]
[17:41:31:202]395390:[DBG]:CMD:[0x01]->[0x00]
[17:41:31:202]395392:[DBG]:CMD:[0x20]->[0x00]
[17:41:31:514]395694:[DBG]:CMD:[0x37]->[0x00]
[17:41:31:514]395694:[DBG]:CMD:[0x01]->[0x00]
[17:41:31:514]395694:[DBG]:CMD:[0x20]->[0x00]
[17:41:31:811]395996:[DBG]:CMD:[0x37]->[0x00]
[17:41:31:811]395998:[DBG]:CMD:[0x01]->[0x00]
[17:41:31:811]395998:[DBG]:CMD:[0x20]->[0x00]
[17:41:32:124]396300:[DBG]:CMD:[0x37]->[0x00]
[17:41:32:124]396300:[DBG]:CMD:[0x01]->[0x00]
[17:41:32:124]396302:[DBG]:CMD:[0x20]->[0x00]
[17:41:32:358]396534:[DBG]:IIC:TEMP ID 0:0x0076,0x0068,0x00B2,0x0099,
[17:41:32:358]396534:[DBG]:IIC:TEMP ID 4:0x0092,0x006A,0x00B6,0x0091,
[17:41:32:420]396604:[DBG]:CMD:[0x37]->[0x00]
[17:41:32:420]396604:[DBG]:CMD:[0x01]->[0x00]
[17:41:32:420]396606:[DBG]:CMD:[0x20]->[0x00]
[17:41:32:733]396906:[DBG]:CMD:[0x37]->[0x00]
[17:41:32:733]396908:[DBG]:CMD:[0x01]->[0x00]
[17:41:32:733]396908:[DBG]:CMD:[0x20]->[0x00]
[17:41:33:030]397210:[DBG]:CMD:[0x37]->[0x00]
[17:41:33:030]397210:[DBG]:CMD:[0x01]->[0x00]
[17:41:33:030]397212:[DBG]:CMD:[0x20]->[0x00]
[17:41:33:342]397514:[DBG]:CMD:[0x37]->[0x00]
[17:41:33:342]397514:[DBG]:CMD:[0x01]->[0x00]
[17:41:33:342]397518:[DBG]:CMD:[0x20]->[0x00]
[17:41:33:639]397820:[DBG]:CMD:[0x37]->[0x00]
[17:41:33:639]397822:[DBG]:CMD:[0x01]->[0x00]
[17:41:33:639]397822:[DBG]:CMD:[0x20]->[0x00]
[17:41:33:936]398124:[DBG]:CMD:[0x37]->[0x00]
[17:41:33:936]398124:[DBG]:CMD:[0x01]->[0x00]
[17:41:33:936]398126:[DBG]:CMD:[0x20]->[0x00]
[17:41:34:248]398426:[DBG]:CMD:[0x37]->[0x00]
[17:41:34:248]398428:[DBG]:CMD:[0x01]->[0x00]
[17:41:34:248]398428:[DBG]:CMD:[0x20]->[0x00]
[17:41:34:357]398534:[DBG]:IIC:TEMP ID 0:0x0063,0x0068,0x00B1,0x0099,
[17:41:34:357]398534:[DBG]:IIC:TEMP ID 4:0x0093,0x006A,0x00B3,0x0091,
[17:41:34:545]398730:[DBG]:CMD:[0x37]->[0x00]
[17:41:34:545]398730:[DBG]:CMD:[0x01]->[0x00]
[17:41:34:545]398732:[DBG]:CMD:[0x20]->[0x00]
[17:41:34:842]399034:[DBG]:CMD:[0x37]->[0x00]
[17:41:34:842]399034:[DBG]:CMD:[0x01]->[0x00]
[17:41:34:842]399036:[DBG]:CMD:[0x20]->[0x00]
[17:41:35:154]399338:[DBG]:CMD:[0x37]->[0x00]
[17:41:35:154]399338:[DBG]:CMD:[0x01]->[0x00]
[17:41:35:154]399338:[DBG]:CMD:[0x20]->[0x00]
[17:41:35:451]399640:[DBG]:CMD:[0x37]->[0x00]
[17:41:35:451]399640:[DBG]:CMD:[0x01]->[0x00]
[17:41:35:451]399642:[DBG]:CMD:[0x20]->[0x00]
[17:41:35:763]399944:[DBG]:CMD:[0x37]->[0x00]
[17:41:35:763]399944:[DBG]:CMD:[0x01]->[0x00]
[17:41:35:763]399946:[DBG]:CMD:[0x20]->[0x00]
[17:41:36:060]400248:[DBG]:CMD:[0x37]->[0x00]
[17:41:36:060]400248:[DBG]:CMD:[0x01]->[0x00]
[17:41:36:060]400250:[DBG]:CMD:[0x20]->[0x00]
[17:41:36:325]400534:[DBG]:IIC:TEMP ID 0:0x0062,0x0068,0x00A4,0x0099,
[17:41:36:325]400534:[DBG]:IIC:TEMP ID 4:0x0096,0x006A,0x00AE,0x0091,
[17:41:36:373]400550:[DBG]:CMD:[0x37]->[0x00]
[17:41:36:373]400552:[DBG]:CMD:[0x01]->[0x00]
[17:41:36:373]400552:[DBG]:CMD:[0x20]->[0x00]
[17:41:36:669]400854:[DBG]:CMD:[0x37]->[0x00]
[17:41:36:669]400854:[DBG]:CMD:[0x01]->[0x00]
[17:41:36:669]400856:[DBG]:CMD:[0x20]->[0x00]
[17:41:36:966]401160:[DBG]:CMD:[0x37]->[0x00]
[17:41:36:966]401160:[DBG]:CMD:[0x01]->[0x00]
[17:41:36:966]401162:[DBG]:CMD:[0x20]->[0x00]
[17:41:37:278]401462:[DBG]:CMD:[0x37]->[0x00]
[17:41:37:278]401464:[DBG]:CMD:[0x01]->[0x00]
[17:41:37:278]401464:[DBG]:CMD:[0x20]->[0x00]
[17:41:37:575]401766:[DBG]:CMD:[0x37]->[0x00]
[17:41:37:575]401766:[DBG]:CMD:[0x01]->[0x00]
[17:41:37:575]401768:[DBG]:CMD:[0x20]->[0x00]
[17:41:37:888]402070:[DBG]:CMD:[0x37]->[0x00]
[17:41:37:888]402070:[DBG]:CMD:[0x01]->[0x00]
[17:41:37:888]402070:[DBG]:CMD:[0x20]->[0x00]
[17:41:38:185]402372:[DBG]:CMD:[0x37]->[0x00]
[17:41:38:185]402374:[DBG]:CMD:[0x01]->[0x00]
[17:41:38:185]402374:[DBG]:CMD:[0x20]->[0x00]
[17:41:38:341]402534:[DBG]:IIC:TEMP ID 0:0x005D,0x0068,0x0099,0x0099,
[17:41:38:341]402534:[DBG]:IIC:TEMP ID 4:0x0095,0x006A,0x00AD,0x0091,
[17:41:38:482]402676:[DBG]:CMD:[0x37]->[0x00]
[17:41:38:482]402676:[DBG]:CMD:[0x01]->[0x00]
[17:41:38:482]402678:[DBG]:CMD:[0x20]->[0x00]
[17:41:38:794]402980:[DBG]:CMD:[0x37]->[0x00]
[17:41:38:794]402980:[DBG]:CMD:[0x01]->[0x00]
[17:41:38:794]402982:[DBG]:CMD:[0x20]->[0x00]
[17:41:39:091]403282:[DBG]:CMD:[0x37]->[0x00]
[17:41:39:091]403282:[DBG]:CMD:[0x01]->[0x00]
[17:41:39:091]403284:[DBG]:CMD:[0x20]->[0x00]
[17:41:39:403]403586:[DBG]:CMD:[0x37]->[0x00]
[17:41:39:403]403586:[DBG]:CMD:[0x01]->[0x00]
[17:41:39:403]403588:[DBG]:CMD:[0x20]->[0x00]
[17:41:39:700]403888:[DBG]:CMD:[0x37]->[0x00]
[17:41:39:700]403890:[DBG]:CMD:[0x01]->[0x00]
[17:41:39:700]403890:[DBG]:CMD:[0x20]->[0x00]
[17:41:39:997]404192:[DBG]:CMD:[0x37]->[0x00]
[17:41:39:997]404192:[DBG]:CMD:[0x01]->[0x00]
[17:41:39:997]404194:[DBG]:CMD:[0x20]->[0x00]
[17:41:40:309]404496:[DBG]:CMD:[0x37]->[0x00]
[17:41:40:309]404496:[DBG]:CMD:[0x01]->[0x00]
[17:41:40:309]404498:[DBG]:CMD:[0x20]->[0x00]
[17:41:40:340]404534:[DBG]:IIC:TEMP ID 0:0x0068,0x0068,0x009A,0x0099,
[17:41:40:340]404534:[DBG]:IIC:TEMP ID 4:0x0094,0x006A,0x00AC,0x0091,
[17:41:40:606]404798:[DBG]:CMD:[0x37]->[0x00]
[17:41:40:606]404800:[DBG]:CMD:[0x01]->[0x00]
[17:41:40:606]404800:[DBG]:CMD:[0x20]->[0x00]
[17:41:40:918]405102:[DBG]:CMD:[0x37]->[0x00]
[17:41:40:918]405102:[DBG]:CMD:[0x01]->[0x00]
[17:41:40:918]405104:[DBG]:CMD:[0x20]->[0x00]
[17:41:41:215]405406:[DBG]:CMD:[0x37]->[0x00]
[17:41:41:215]405406:[DBG]:CMD:[0x01]->[0x00]
[17:41:41:215]405408:[DBG]:CMD:[0x20]->[0x00]
[17:41:41:528]405708:[DBG]:CMD:[0x37]->[0x00]
[17:41:41:528]405710:[DBG]:CMD:[0x01]->[0x00]
[17:41:41:528]405710:[DBG]:CMD:[0x20]->[0x00]
[17:41:41:824]406012:[DBG]:CMD:[0x37]->[0x00]
[17:41:41:824]406012:[DBG]:CMD:[0x01]->[0x00]
[17:41:41:824]406014:[DBG]:CMD:[0x20]->[0x00]
[17:41:42:137]406316:[DBG]:CMD:[0x37]->[0x00]
[17:41:42:137]406318:[DBG]:CMD:[0x01]->[0x00]
[17:41:42:137]406320:[DBG]:CMD:[0x20]->[0x00]
[17:41:42:340]406534:[DBG]:IIC:TEMP ID 0:0x0067,0x0068,0x00A3,0x0099,
[17:41:42:340]406534:[DBG]:IIC:TEMP ID 4:0x0097,0x006A,0x009B,0x0091,
[17:41:42:434]406622:[DBG]:CMD:[0x37]->[0x00]
[17:41:42:434]406622:[DBG]:CMD:[0x01]->[0x00]
[17:41:42:434]406624:[DBG]:CMD:[0x20]->[0x00]
[17:41:42:731]406924:[DBG]:CMD:[0x37]->[0x00]
[17:41:42:731]406926:[DBG]:CMD:[0x01]->[0x00]
[17:41:42:731]406926:[DBG]:CMD:[0x20]->[0x00]
[17:41:43:027]407228:[DBG]:CMD:[0x37]->[0x00]
[17:41:43:027]407228:[DBG]:CMD:[0x01]->[0x00]
[17:41:43:027]407230:[DBG]:CMD:[0x20]->[0x00]
[17:41:43:340]407532:[DBG]:CMD:[0x37]->[0x00]
[17:41:43:340]407532:[DBG]:CMD:[0x01]->[0x00]
[17:41:43:340]407534:[DBG]:CMD:[0x20]->[0x00]
[17:41:43:637]407834:[DBG]:CMD:[0x37]->[0x00]
[17:41:43:637]407836:[DBG]:CMD:[0x01]->[0x00]
[17:41:43:637]407836:[DBG]:CMD:[0x20]->[0x00]
[17:41:43:949]408138:[DBG]:CMD:[0x37]->[0x00]
[17:41:43:949]408138:[DBG]:CMD:[0x01]->[0x00]
[17:41:43:949]408140:[DBG]:CMD:[0x20]->[0x00]
[17:41:44:246]408442:[DBG]:CMD:[0x37]->[0x00]
[17:41:44:246]408442:[DBG]:CMD:[0x01]->[0x00]
[17:41:44:246]408444:[DBG]:CMD:[0x20]->[0x00]
[17:41:44:340]408534:[DBG]:IIC:TEMP ID 0:0x0076,0x0068,0x009C,0x0099,
[17:41:44:340]408534:[DBG]:IIC:TEMP ID 4:0x0096,0x006A,0x0096,0x0091,
[17:41:44:543]408744:[DBG]:CMD:[0x37]->[0x00]
[17:41:44:543]408746:[DBG]:CMD:[0x01]->[0x00]
[17:41:44:543]408746:[DBG]:CMD:[0x20]->[0x00]
[17:41:44:855]409048:[DBG]:CMD:[0x37]->[0x00]
[17:41:44:855]409048:[DBG]:CMD:[0x01]->[0x00]
[17:41:44:855]409050:[DBG]:CMD:[0x20]->[0x00]
[17:41:45:152]409350:[DBG]:CMD:[0x37]->[0x00]
[17:41:45:152]409352:[DBG]:CMD:[0x01]->[0x00]
[17:41:45:152]409352:[DBG]:CMD:[0x20]->[0x00]
[17:41:45:464]409654:[DBG]:CMD:[0x37]->[0x00]
[17:41:45:464]409654:[DBG]:CMD:[0x01]->[0x00]
[17:41:45:464]409656:[DBG]:CMD:[0x20]->[0x00]
[17:41:45:761]409960:[DBG]:CMD:[0x37]->[0x00]
[17:41:45:761]409960:[DBG]:CMD:[0x01]->[0x00]
[17:41:45:761]409962:[DBG]:CMD:[0x20]->[0x00]
[17:41:46:073]410262:[DBG]:CMD:[0x37]->[0x00]
[17:41:46:073]410264:[DBG]:CMD:[0x01]->[0x00]
[17:41:46:073]410264:[DBG]:CMD:[0x20]->[0x00]
[17:41:46:339]410534:[DBG]:IIC:TEMP ID 0:0x0063,0x0068,0x008F,0x0099,
[17:41:46:339]410534:[DBG]:IIC:TEMP ID 4:0x0095,0x006A,0x00A9,0x0091,
[17:41:46:370]410566:[DBG]:CMD:[0x37]->[0x00]
[17:41:46:370]410566:[DBG]:CMD:[0x01]->[0x00]
[17:41:46:370]410568:[DBG]:CMD:[0x20]->[0x00]
[17:41:46:667]410870:[DBG]:CMD:[0x37]->[0x00]
[17:41:46:667]410870:[DBG]:CMD:[0x01]->[0x00]
[17:41:46:667]410872:[DBG]:CMD:[0x20]->[0x00]
[17:41:46:980]411172:[DBG]:CMD:[0x37]->[0x00]
[17:41:46:980]411174:[DBG]:CMD:[0x01]->[0x00]
[17:41:46:980]411174:[DBG]:CMD:[0x20]->[0x00]
[17:41:47:276]411476:[DBG]:CMD:[0x37]->[0x00]
[17:41:47:276]411476:[DBG]:CMD:[0x01]->[0x00]
[17:41:47:276]411478:[DBG]:CMD:[0x20]->[0x00]
[17:41:47:589]411780:[DBG]:CMD:[0x37]->[0x00]
[17:41:47:589]411780:[DBG]:CMD:[0x01]->[0x00]
[17:41:47:589]411782:[DBG]:CMD:[0x20]->[0x00]
[17:41:47:886]412082:[DBG]:CMD:[0x37]->[0x00]
[17:41:47:886]412084:[DBG]:CMD:[0x01]->[0x00]
[17:41:47:886]412084:[DBG]:CMD:[0x20]->[0x00]
[17:41:48:182]412386:[DBG]:CMD:[0x37]->[0x00]
[17:41:48:182]412386:[DBG]:CMD:[0x01]->[0x00]
[17:41:48:182]412388:[DBG]:CMD:[0x20]->[0x00]
[17:41:48:339]412534:[DBG]:IIC:TEMP ID 0:0x005C,0x0068,0x008E,0x0099,
[17:41:48:339]412534:[DBG]:IIC:TEMP ID 4:0x0092,0x006A,0x00A4,0x0091,
[17:41:48:495]412688:[DBG]:CMD:[0x37]->[0x00]
[17:41:48:495]412690:[DBG]:CMD:[0x01]->[0x00]
[17:41:48:495]412690:[DBG]:CMD:[0x20]->[0x00]
[17:41:48:792]412992:[DBG]:CMD:[0x37]->[0x00]
[17:41:48:792]412992:[DBG]:CMD:[0x01]->[0x00]
[17:41:48:792]412994:[DBG]:CMD:[0x20]->[0x00]
[17:41:49:088]413294:[DBG]:CMD:[0x37]->[0x00]
[17:41:49:088]413296:[DBG]:CMD:[0x01]->[0x00]
[17:41:49:088]413296:[DBG]:CMD:[0x20]->[0x00]
[17:41:49:401]413598:[DBG]:CMD:[0x37]->[0x00]
[17:41:49:401]413598:[DBG]:CMD:[0x01]->[0x00]
[17:41:49:401]413600:[DBG]:CMD:[0x20]->[0x00]
[17:41:49:698]413900:[DBG]:CMD:[0x37]->[0x00]
[17:41:49:698]413900:[DBG]:CMD:[0x01]->[0x00]
[17:41:49:698]413902:[DBG]:CMD:[0x20]->[0x00]
[17:41:50:010]414204:[DBG]:CMD:[0x37]->[0x00]
[17:41:50:010]414204:[DBG]:CMD:[0x01]->[0x00]
[17:41:50:010]414206:[DBG]:CMD:[0x20]->[0x00]
[17:41:50:291]414506:[DBG]:CMD:[0x37]->[0x00]
[17:41:50:291]414508:[DBG]:CMD:[0x01]->[0x00]
[17:41:50:291]414508:[DBG]:CMD:[0x20]->[0x00]
[17:41:50:338]414534:[DBG]:IIC:TEMP ID 0:0x005D,0x0068,0x0093,0x0099,
[17:41:50:338]414534:[DBG]:IIC:TEMP ID 4:0x0099,0x006A,0x00A9,0x0091,
[17:41:50:619]414810:[DBG]:CMD:[0x37]->[0x00]
[17:41:50:619]414810:[DBG]:CMD:[0x01]->[0x00]
[17:41:50:619]414812:[DBG]:CMD:[0x20]->[0x00]
[17:41:50:916]415112:[DBG]:CMD:[0x37]->[0x00]
[17:41:50:916]415114:[DBG]:CMD:[0x01]->[0x00]
[17:41:50:916]415114:[DBG]:CMD:[0x20]->[0x00]
[17:41:51:229]415418:[DBG]:CMD:[0x37]->[0x00]
[17:41:51:229]415420:[DBG]:CMD:[0x01]->[0x00]
[17:41:51:229]415422:[DBG]:CMD:[0x20]->[0x00]
[17:41:51:525]415722:[DBG]:CMD:[0x37]->[0x00]
[17:41:51:525]415724:[DBG]:CMD:[0x01]->[0x00]
[17:41:51:525]415724:[DBG]:CMD:[0x20]->[0x00]
[17:41:51:822]416026:[DBG]:CMD:[0x37]->[0x00]
[17:41:51:822]416026:[DBG]:CMD:[0x01]->[0x00]
[17:41:51:822]416028:[DBG]:CMD:[0x20]->[0x00]
[17:41:52:119]416328:[DBG]:CMD:[0x37]->[0x00]
[17:41:52:119]416330:[DBG]:CMD:[0x01]->[0x00]
[17:41:52:119]416330:[DBG]:CMD:[0x20]->[0x00]
[17:41:52:337]416534:[DBG]:IIC:TEMP ID 0:0x0068,0x0068,0x0086,0x0099,
[17:41:52:337]416534:[DBG]:IIC:TEMP ID 4:0x0096,0x006A,0x00A2,0x0091,
[17:41:52:431]416632:[DBG]:CMD:[0x37]->[0x00]
[17:41:52:431]416632:[DBG]:CMD:[0x01]->[0x00]
[17:41:52:431]416634:[DBG]:CMD:[0x20]->[0x00]
[17:41:52:728]416934:[DBG]:CMD:[0x37]->[0x00]
[17:41:52:728]416934:[DBG]:CMD:[0x01]->[0x00]
[17:41:52:728]416936:[DBG]:CMD:[0x20]->[0x00]
[17:41:53:041]417238:[DBG]:CMD:[0x37]->[0x00]
[17:41:53:041]417238:[DBG]:CMD:[0x01]->[0x00]
[17:41:53:041]417238:[DBG]:CMD:[0x20]->[0x00]
[17:41:53:337]417540:[DBG]:CMD:[0x37]->[0x00]
[17:41:53:337]417540:[DBG]:CMD:[0x01]->[0x00]
[17:41:53:337]417542:[DBG]:CMD:[0x20]->[0x00]
[17:41:53:634]417844:[DBG]:CMD:[0x37]->[0x00]
[17:41:53:634]417844:[DBG]:CMD:[0x01]->[0x00]
[17:41:53:634]417846:[DBG]:CMD:[0x20]->[0x00]
[17:41:53:947]418146:[DBG]:CMD:[0x37]->[0x00]
[17:41:53:947]418146:[DBG]:CMD:[0x01]->[0x00]
[17:41:53:947]418148:[DBG]:CMD:[0x20]->[0x00]
[17:41:54:243]418450:[DBG]:CMD:[0x37]->[0x00]
[17:41:54:243]418450:[DBG]:CMD:[0x01]->[0x00]
[17:41:54:243]418452:[DBG]:CMD:[0x20]->[0x00]
[17:41:54:337]418534:[DBG]:IIC:TEMP ID 0:0x0063,0x0068,0x006F,0x0099,
[17:41:54:337]418534:[DBG]:IIC:TEMP ID 4:0x0095,0x006A,0x0095,0x0091,
[17:41:54:556]418752:[DBG]:CMD:[0x37]->[0x00]
[17:41:54:556]418754:[DBG]:CMD:[0x01]->[0x00]
[17:41:54:556]418754:[DBG]:CMD:[0x20]->[0x00]
[17:41:54:853]419056:[DBG]:CMD:[0x37]->[0x00]
[17:41:54:853]419056:[DBG]:CMD:[0x01]->[0x00]
[17:41:54:853]419060:[DBG]:CMD:[0x20]->[0x00]
[17:41:55:149]419360:[DBG]:CMD:[0x37]->[0x00]
[17:41:55:149]419360:[DBG]:CMD:[0x01]->[0x00]
[17:41:55:149]419362:[DBG]:CMD:[0x20]->[0x00]
[17:41:55:462]419664:[DBG]:CMD:[0x37]->[0x00]
[17:41:55:462]419664:[DBG]:CMD:[0x01]->[0x00]
[17:41:55:462]419664:[DBG]:CMD:[0x20]->[0x00]
[17:41:55:759]419966:[DBG]:CMD:[0x37]->[0x00]
[17:41:55:759]419966:[DBG]:CMD:[0x01]->[0x00]
[17:41:55:759]419968:[DBG]:CMD:[0x20]->[0x00]
[17:41:56:056]420270:[DBG]:CMD:[0x37]->[0x00]
[17:41:56:056]420270:[DBG]:CMD:[0x01]->[0x00]
[17:41:56:056]420270:[DBG]:CMD:[0x20]->[0x00]
[17:41:56:321]420534:[DBG]:IIC:TEMP ID 0:0x0054,0x0068,0x0078,0x0099,
[17:41:56:321]420534:[DBG]:IIC:TEMP ID 4:0x0096,0x006A,0x00A0,0x0091,
[17:41:56:368]420572:[DBG]:CMD:[0x37]->[0x00]
[17:41:56:368]420572:[DBG]:CMD:[0x01]->[0x00]
[17:41:56:368]420574:[DBG]:CMD:[0x20]->[0x00]
[17:41:56:665]420876:[DBG]:CMD:[0x37]->[0x00]
[17:41:56:665]420876:[DBG]:CMD:[0x01]->[0x00]
[17:41:56:665]420878:[DBG]:CMD:[0x20]->[0x00]
[17:41:56:977]421178:[DBG]:CMD:[0x37]->[0x00]
[17:41:56:977]421178:[DBG]:CMD:[0x01]->[0x00]
[17:41:56:977]421180:[DBG]:CMD:[0x20]->[0x00]
[17:41:57:274]421482:[DBG]:CMD:[0x37]->[0x00]
[17:41:57:274]421482:[DBG]:CMD:[0x01]->[0x00]
[17:41:57:274]421484:[DBG]:CMD:[0x20]->[0x00]
[17:41:57:571]421784:[DBG]:CMD:[0x37]->[0x00]
[17:41:57:571]421784:[DBG]:CMD:[0x01]->[0x00]
[17:41:57:571]421786:[DBG]:CMD:[0x20]->[0x00]
[17:41:57:883]422088:[DBG]:CMD:[0x37]->[0x00]
[17:41:57:883]422088:[DBG]:CMD:[0x01]->[0x00]
[17:41:57:883]422088:[DBG]:CMD:[0x20]->[0x00]
[17:41:58:180]422390:[DBG]:CMD:[0x37]->[0x00]
[17:41:58:180]422392:[DBG]:CMD:[0x01]->[0x00]
[17:41:58:180]422392:[DBG]:CMD:[0x20]->[0x00]
[17:41:58:320]422534:[DBG]:IIC:TEMP ID 0:0x0067,0x0068,0x007F,0x0099,
[17:41:58:320]422534:[DBG]:IIC:TEMP ID 4:0x0099,0x006A,0x009D,0x0091,
[17:41:58:477]422694:[DBG]:CMD:[0x37]->[0x00]
[17:41:58:477]422694:[DBG]:CMD:[0x01]->[0x00]
[17:41:58:477]422696:[DBG]:CMD:[0x20]->[0x00]
[17:41:58:789]422996:[DBG]:CMD:[0x37]->[0x00]
[17:41:58:789]422996:[DBG]:CMD:[0x01]->[0x00]
[17:41:58:789]422998:[DBG]:CMD:[0x20]->[0x00]
[17:41:59:086]423300:[DBG]:CMD:[0x37]->[0x00]
[17:41:59:086]423300:[DBG]:CMD:[0x01]->[0x00]
[17:41:59:086]423300:[DBG]:CMD:[0x20]->[0x00]
[17:41:59:398]423602:[DBG]:CMD:[0x37]->[0x00]
[17:41:59:398]423602:[DBG]:CMD:[0x01]->[0x00]
[17:41:59:398]423604:[DBG]:CMD:[0x20]->[0x00]
[17:41:59:695]423906:[DBG]:CMD:[0x37]->[0x00]
[17:41:59:695]423906:[DBG]:CMD:[0x01]->[0x00]
[17:41:59:695]423908:[DBG]:CMD:[0x20]->[0x00]
[17:42:00:008]424208:[DBG]:CMD:[0x37]->[0x00]
[17:42:00:008]424208:[DBG]:CMD:[0x01]->[0x00]
[17:42:00:008]424210:[DBG]:CMD:[0x20]->[0x00]
[17:42:00:289]424512:[DBG]:CMD:[0x37]->[0x00]
[17:42:00:289]424512:[DBG]:CMD:[0x01]->[0x00]
[17:42:00:289]424512:[DBG]:CMD:[0x20]->[0x00]
[17:42:00:320]424534:[DBG]:IIC:TEMP ID 0:0x005A,0x0068,0x006E,0x0099,
[17:42:00:320]424534:[DBG]:IIC:TEMP ID 4:0x0096,0x006A,0x00A4,0x0091,
[17:42:00:617]424814:[DBG]:CMD:[0x37]->[0x00]
[17:42:00:617]424814:[DBG]:CMD:[0x01]->[0x00]
[17:42:00:617]424818:[DBG]:CMD:[0x20]->[0x00]
[17:42:00:913]425120:[DBG]:CMD:[0x37]->[0x00]
[17:42:00:913]425122:[DBG]:CMD:[0x01]->[0x00]
[17:42:00:913]425122:[DBG]:CMD:[0x20]->[0x00]
[17:42:01:210]425424:[DBG]:CMD:[0x37]->[0x00]
[17:42:01:210]425424:[DBG]:CMD:[0x01]->[0x00]
[17:42:01:210]425426:[DBG]:CMD:[0x20]->[0x00]
[17:42:01:507]425726:[DBG]:CMD:[0x37]->[0x00]
[17:42:01:507]425726:[DBG]:CMD:[0x01]->[0x00]
[17:42:01:507]425728:[DBG]:CMD:[0x20]->[0x00]
[17:42:01:819]426030:[DBG]:CMD:[0x37]->[0x00]
[17:42:01:819]426030:[DBG]:CMD:[0x01]->[0x00]
[17:42:01:819]426030:[DBG]:CMD:[0x20]->[0x00]
[17:42:02:116]426332:[DBG]:CMD:[0x37]->[0x00]
[17:42:02:116]426332:[DBG]:CMD:[0x01]->[0x00]
[17:42:02:116]426334:[DBG]:CMD:[0x20]->[0x00]
[17:42:02:320]426534:[DBG]:IIC:TEMP ID 0:0x0075,0x0068,0x006F,0x0099,
[17:42:02:320]426534:[DBG]:IIC:TEMP ID 4:0x0097,0x006A,0x00A5,0x0091,
[17:42:02:429]426636:[DBG]:CMD:[0x37]->[0x00]
[17:42:02:429]426636:[DBG]:CMD:[0x01]->[0x00]
[17:42:02:429]426638:[DBG]:CMD:[0x20]->[0x00]
[17:42:02:726]426938:[DBG]:CMD:[0x37]->[0x00]
[17:42:02:726]426938:[DBG]:CMD:[0x01]->[0x00]
[17:42:02:726]426940:[DBG]:CMD:[0x20]->[0x00]
[17:42:03:023]427242:[DBG]:CMD:[0x37]->[0x00]
[17:42:03:023]427242:[DBG]:CMD:[0x01]->[0x00]
[17:42:03:023]427244:[DBG]:CMD:[0x20]->[0x00]
[17:42:03:335]427544:[DBG]:CMD:[0x37]->[0x00]
[17:42:03:335]427544:[DBG]:CMD:[0x01]->[0x00]
[17:42:03:335]427546:[DBG]:CMD:[0x20]->[0x00]
[17:42:03:632]427848:[DBG]:CMD:[0x37]->[0x00]
[17:42:03:632]427848:[DBG]:CMD:[0x01]->[0x00]
[17:42:03:632]427850:[DBG]:CMD:[0x20]->[0x00]
[17:42:03:944]428150:[DBG]:CMD:[0x37]->[0x00]
[17:42:03:944]428152:[DBG]:CMD:[0x01]->[0x00]
[17:42:03:944]428152:[DBG]:CMD:[0x20]->[0x00]
[17:42:04:241]428454:[DBG]:CMD:[0x37]->[0x00]
[17:42:04:241]428454:[DBG]:CMD:[0x01]->[0x00]
[17:42:04:241]428456:[DBG]:CMD:[0x20]->[0x00]
[17:42:04:319]428534:[DBG]:IIC:TEMP ID 0:0x0062,0x0068,0x0056,0x0099,
[17:42:04:319]428534:[DBG]:IIC:TEMP ID 4:0x0094,0x006A,0x009C,0x0091,
[17:42:04:538]428756:[DBG]:CMD:[0x37]->[0x00]
[17:42:04:538]428756:[DBG]:CMD:[0x01]->[0x00]
[17:42:04:538]428760:[DBG]:CMD:[0x20]->[0x00]
[17:42:04:850]429060:[DBG]:CMD:[0x37]->[0x00]
[17:42:04:850]429060:[DBG]:CMD:[0x01]->[0x00]
[17:42:04:850]429062:[DBG]:CMD:[0x20]->[0x00]
[17:42:05:147]429364:[DBG]:CMD:[0x37]->[0x00]
[17:42:05:147]429364:[DBG]:CMD:[0x01]->[0x00]
[17:42:05:147]429364:[DBG]:CMD:[0x20]->[0x00]
[17:42:05:444]429666:[DBG]:CMD:[0x37]->[0x00]
[17:42:05:444]429668:[DBG]:CMD:[0x01]->[0x00]
[17:42:05:444]429668:[DBG]:CMD:[0x20]->[0x00]
[17:42:05:756]429970:[DBG]:CMD:[0x37]->[0x00]
[17:42:05:756]429970:[DBG]:CMD:[0x01]->[0x00]
[17:42:05:756]429972:[DBG]:CMD:[0x20]->[0x00]
[17:42:06:053]430272:[DBG]:CMD:[0x37]->[0x00]
[17:42:06:053]430272:[DBG]:CMD:[0x01]->[0x00]
[17:42:06:053]430274:[DBG]:CMD:[0x20]->[0x00]
[17:42:06:319]430534:[DBG]:IIC:TEMP ID 0:0x0075,0x0068,0x004F,0x0099,
[17:42:06:319]430534:[DBG]:IIC:TEMP ID 4:0x0099,0x006A,0x0087,0x0091,
[17:42:06:366]430574:[DBG]:CMD:[0x37]->[0x00]
[17:42:06:366]430576:[DBG]:CMD:[0x01]->[0x00]
[17:42:06:366]430576:[DBG]:CMD:[0x20]->[0x00]
[17:42:06:662]430878:[DBG]:CMD:[0x37]->[0x00]
[17:42:06:662]430878:[DBG]:CMD:[0x01]->[0x00]
[17:42:06:662]430880:[DBG]:CMD:[0x20]->[0x00]
[17:42:06:959]431180:[DBG]:CMD:[0x37]->[0x00]
[17:42:06:959]431182:[DBG]:CMD:[0x01]->[0x00]
[17:42:06:959]431182:[DBG]:CMD:[0x20]->[0x00]
[17:42:07:271]431484:[DBG]:CMD:[0x37]->[0x00]
[17:42:07:271]431484:[DBG]:CMD:[0x01]->[0x00]
[17:42:07:271]431486:[DBG]:CMD:[0x20]->[0x00]
[17:42:07:568]431786:[DBG]:CMD:[0x37]->[0x00]
[17:42:07:568]431788:[DBG]:CMD:[0x01]->[0x00]
[17:42:07:568]431788:[DBG]:CMD:[0x20]->[0x00]
[17:42:07:865]432090:[DBG]:CMD:[0x37]->[0x00]
[17:42:07:865]432090:[DBG]:CMD:[0x01]->[0x00]
[17:42:07:865]432092:[DBG]:CMD:[0x20]->[0x00]
[17:42:08:178]432394:[DBG]:CMD:[0x37]->[0x00]
[17:42:08:178]432394:[DBG]:CMD:[0x01]->[0x00]
[17:42:08:178]432394:[DBG]:CMD:[0x20]->[0x00]
[17:42:08:318]432534:[DBG]:IIC:TEMP ID 0:0x006C,0x0068,0x005E,0x0099,
[17:42:08:318]432534:[DBG]:IIC:TEMP ID 4:0x009C,0x006A,0x0084,0x0091,
[17:42:08:474]432696:[DBG]:CMD:[0x37]->[0x00]
[17:42:08:474]432696:[DBG]:CMD:[0x01]->[0x00]
[17:42:08:474]432698:[DBG]:CMD:[0x20]->[0x00]
[17:42:08:787]433000:[DBG]:CMD:[0x37]->[0x00]
[17:42:08:787]433000:[DBG]:CMD:[0x01]->[0x00]
[17:42:08:787]433000:[DBG]:CMD:[0x20]->[0x00]
[17:42:09:084]433302:[DBG]:CMD:[0x37]->[0x00]
[17:42:09:084]433302:[DBG]:CMD:[0x01]->[0x00]
[17:42:09:084]433304:[DBG]:CMD:[0x20]->[0x00]
[17:42:09:380]433606:[DBG]:CMD:[0x37]->[0x00]
[17:42:09:380]433606:[DBG]:CMD:[0x01]->[0x00]
[17:42:09:380]433608:[DBG]:CMD:[0x20]->[0x00]
[17:42:09:693]433910:[DBG]:CMD:[0x37]->[0x00]
[17:42:09:693]433910:[DBG]:CMD:[0x01]->[0x00]
[17:42:09:693]433910:[DBG]:CMD:[0x20]->[0x00]
[17:42:10:005]434212:[DBG]:CMD:[0x37]->[0x00]
[17:42:10:005]434214:[DBG]:CMD:[0x01]->[0x00]
[17:42:10:005]434214:[DBG]:CMD:[0x20]->[0x00]
[17:42:10:271]434518:[DBG]:CMD:[0x37]->[0x00]
[17:42:10:271]434520:[DBG]:CMD:[0x01]->[0x00]
[17:42:10:271]434522:[DBG]:CMD:[0x20]->[0x00]
[17:42:10:318]434534:[DBG]:IIC:TEMP ID 0:0x0075,0x0068,0x0051,0x0099,
[17:42:10:318]434534:[DBG]:IIC:TEMP ID 4:0x009D,0x006A,0x009F,0x0091,
[17:42:10:599]434822:[DBG]:CMD:[0x37]->[0x00]
[17:42:10:599]434822:[DBG]:CMD:[0x01]->[0x00]
[17:42:10:599]434824:[DBG]:CMD:[0x20]->[0x00]
[17:42:10:911]435126:[DBG]:CMD:[0x37]->[0x00]
[17:42:10:911]435126:[DBG]:CMD:[0x01]->[0x00]
[17:42:10:911]435128:[DBG]:CMD:[0x20]->[0x00]
[17:42:11:208]435428:[DBG]:CMD:[0x37]->[0x00]
[17:42:11:208]435428:[DBG]:CMD:[0x01]->[0x00]
[17:42:11:208]435430:[DBG]:CMD:[0x20]->[0x00]
[17:42:11:505]435732:[DBG]:CMD:[0x37]->[0x00]
[17:42:11:505]435732:[DBG]:CMD:[0x01]->[0x00]
[17:42:11:505]435734:[DBG]:CMD:[0x20]->[0x00]
[17:42:11:817]436036:[DBG]:CMD:[0x37]->[0x00]
[17:42:11:817]436036:[DBG]:CMD:[0x01]->[0x00]
[17:42:11:817]436038:[DBG]:CMD:[0x20]->[0x00]
[17:42:12:114]436338:[DBG]:CMD:[0x37]->[0x00]
[17:42:12:114]436340:[DBG]:CMD:[0x01]->[0x00]
[17:42:12:114]436340:[DBG]:CMD:[0x20]->[0x00]
[17:42:12:317]436534:[DBG]:IIC:TEMP ID 0:0x0074,0x0068,0x0078,0x0099,
[17:42:12:317]436534:[DBG]:IIC:TEMP ID 4:0x009A,0x006A,0x009E,0x0091,
[17:42:12:426]436642:[DBG]:CMD:[0x37]->[0x00]
[17:42:12:426]436642:[DBG]:CMD:[0x01]->[0x00]
[17:42:12:426]436644:[DBG]:CMD:[0x20]->[0x00]
[17:42:12:723]436944:[DBG]:CMD:[0x37]->[0x00]
[17:42:12:723]436946:[DBG]:CMD:[0x01]->[0x00]
[17:42:12:723]436946:[DBG]:CMD:[0x20]->[0x00]
[17:42:13:020]437248:[DBG]:CMD:[0x37]->[0x00]
[17:42:13:020]437248:[DBG]:CMD:[0x01]->[0x00]
[17:42:13:020]437250:[DBG]:CMD:[0x20]->[0x00]
[17:42:13:333]437550:[DBG]:CMD:[0x37]->[0x00]
[17:42:13:333]437552:[DBG]:CMD:[0x01]->[0x00]
[17:42:13:333]437552:[DBG]:CMD:[0x20]->[0x00]
[17:42:13:629]437854:[DBG]:CMD:[0x37]->[0x00]
[17:42:13:629]437854:[DBG]:CMD:[0x01]->[0x00]
[17:42:13:629]437856:[DBG]:CMD:[0x20]->[0x00]
[17:42:13:942]438160:[DBG]:CMD:[0x37]->[0x00]
[17:42:13:942]438160:[DBG]:CMD:[0x01]->[0x00]
[17:42:13:942]438162:[DBG]:CMD:[0x20]->[0x00]
[17:42:14:239]438462:[DBG]:CMD:[0x37]->[0x00]
[17:42:14:239]438464:[DBG]:CMD:[0x01]->[0x00]
[17:42:14:239]438464:[DBG]:CMD:[0x20]->[0x00]
[17:42:14:317]438534:[DBG]:IIC:TEMP ID 0:0x0073,0x0068,0x0061,0x0099,
[17:42:14:317]438534:[DBG]:IIC:TEMP ID 4:0x009F,0x006A,0x0081,0x0091,
[17:42:14:536]438766:[DBG]:CMD:[0x37]->[0x00]
[17:42:14:536]438766:[DBG]:CMD:[0x01]->[0x00]
[17:42:14:536]438768:[DBG]:CMD:[0x20]->[0x00]
[17:42:14:848]439070:[DBG]:CMD:[0x37]->[0x00]
[17:42:14:848]439070:[DBG]:CMD:[0x01]->[0x00]
[17:42:14:848]439072:[DBG]:CMD:[0x20]->[0x00]
[17:42:15:145]439374:[DBG]:CMD:[0x37]->[0x00]
[17:42:15:145]439374:[DBG]:CMD:[0x01]->[0x00]
[17:42:15:145]439374:[DBG]:CMD:[0x20]->[0x00]
[17:42:15:457]439676:[DBG]:CMD:[0x37]->[0x00]
[17:42:15:457]439676:[DBG]:CMD:[0x01]->[0x00]
[17:42:15:457]439678:[DBG]:CMD:[0x20]->[0x00]
[17:42:15:754]439980:[DBG]:CMD:[0x37]->[0x00]
[17:42:15:754]439980:[DBG]:CMD:[0x01]->[0x00]
[17:42:15:754]439980:[DBG]:CMD:[0x20]->[0x00]
[17:42:16:051]440282:[DBG]:CMD:[0x37]->[0x00]
[17:42:16:051]440282:[DBG]:CMD:[0x01]->[0x00]
[17:42:16:051]440284:[DBG]:CMD:[0x20]->[0x00]
[17:42:16:316]440534:[DBG]:IIC:TEMP ID 0:0x0078,0x0068,0x0060,0x0099,
[17:42:16:316]440534:[DBG]:IIC:TEMP ID 4:0x009A,0x006A,0x007A,0x0091,
[17:42:16:363]440584:[DBG]:CMD:[0x37]->[0x00]
[17:42:16:363]440586:[DBG]:CMD:[0x01]->[0x00]
[17:42:16:363]440586:[DBG]:CMD:[0x20]->[0x00]
[17:42:16:660]440888:[DBG]:CMD:[0x37]->[0x00]
[17:42:16:660]440888:[DBG]:CMD:[0x01]->[0x00]
[17:42:16:660]440888:[DBG]:CMD:[0x20]->[0x00]
[17:42:16:957]441190:[DBG]:CMD:[0x37]->[0x00]
[17:42:16:957]441192:[DBG]:CMD:[0x01]->[0x00]
[17:42:16:957]441192:[DBG]:CMD:[0x20]->[0x00]
[17:42:17:269]441494:[DBG]:CMD:[0x37]->[0x00]
[17:42:17:269]441494:[DBG]:CMD:[0x01]->[0x00]
[17:42:17:269]441496:[DBG]:CMD:[0x20]->[0x00]
[17:42:17:566]441796:[DBG]:CMD:[0x37]->[0x00]
[17:42:17:566]441796:[DBG]:CMD:[0x01]->[0x00]
[17:42:17:566]441798:[DBG]:CMD:[0x20]->[0x00]
[17:42:17:878]442100:[DBG]:CMD:[0x37]->[0x00]
[17:42:17:878]442100:[DBG]:CMD:[0x01]->[0x00]
[17:42:17:878]442100:[DBG]:CMD:[0x20]->[0x00]
[17:42:18:175]442402:[DBG]:CMD:[0x37]->[0x00]
[17:42:18:175]442402:[DBG]:CMD:[0x01]->[0x00]
[17:42:18:175]442404:[DBG]:CMD:[0x20]->[0x00]
[17:42:18:300]442534:[DBG]:IIC:TEMP ID 0:0x0065,0x0068,0x0059,0x0099,
[17:42:18:300]442534:[DBG]:IIC:TEMP ID 4:0x009D,0x006A,0x007F,0x0091,
[17:42:18:472]442704:[DBG]:CMD:[0x37]->[0x00]
[17:42:18:472]442706:[DBG]:CMD:[0x01]->[0x00]
[17:42:18:472]442706:[DBG]:CMD:[0x20]->[0x00]
[17:42:18:785]443008:[DBG]:CMD:[0x37]->[0x00]
[17:42:18:785]443008:[DBG]:CMD:[0x01]->[0x00]
[17:42:18:785]443010:[DBG]:CMD:[0x20]->[0x00]
[17:42:19:081]443310:[DBG]:CMD:[0x37]->[0x00]
[17:42:19:081]443310:[DBG]:CMD:[0x01]->[0x00]
[17:42:19:081]443312:[DBG]:CMD:[0x20]->[0x00]
[17:42:19:394]443614:[DBG]:CMD:[0x37]->[0x00]
[17:42:19:394]443614:[DBG]:CMD:[0x01]->[0x00]
[17:42:19:394]443616:[DBG]:CMD:[0x20]->[0x00]
[17:42:19:691]443918:[DBG]:CMD:[0x37]->[0x00]
[17:42:19:691]443920:[DBG]:CMD:[0x01]->[0x00]
[17:42:19:691]443922:[DBG]:CMD:[0x20]->[0x00]
[17:42:19:987]444222:[DBG]:CMD:[0x37]->[0x00]
[17:42:19:987]444224:[DBG]:CMD:[0x01]->[0x00]
[17:42:19:987]444224:[DBG]:CMD:[0x20]->[0x00]
[17:42:20:268]444526:[DBG]:CMD:[0x37]->[0x00]
[17:42:20:268]444526:[DBG]:CMD:[0x01]->[0x00]
[17:42:20:268]444528:[DBG]:CMD:[0x20]->[0x00]
[17:42:20:300]444534:[DBG]:IIC:TEMP ID 0:0x005C,0x0068,0x005C,0x0099,
[17:42:20:300]444534:[DBG]:IIC:TEMP ID 4:0x009A,0x006A,0x0086,0x0091,
[17:42:20:597]444830:[DBG]:CMD:[0x37]->[0x00]
[17:42:20:597]444830:[DBG]:CMD:[0x01]->[0x00]
[17:42:20:597]444830:[DBG]:CMD:[0x20]->[0x00]
[17:42:20:893]445132:[DBG]:CMD:[0x37]->[0x00]
[17:42:20:893]445132:[DBG]:CMD:[0x01]->[0x00]
[17:42:20:893]445134:[DBG]:CMD:[0x20]->[0x00]
[17:42:21:206]445434:[DBG]:CMD:[0x37]->[0x00]
[17:42:21:206]445436:[DBG]:CMD:[0x01]->[0x00]
[17:42:21:206]445436:[DBG]:CMD:[0x20]->[0x00]
[17:42:21:503]445738:[DBG]:CMD:[0x37]->[0x00]
[17:42:21:503]445738:[DBG]:CMD:[0x01]->[0x00]
[17:42:21:503]445740:[DBG]:CMD:[0x20]->[0x00]
[17:42:21:815]446040:[DBG]:CMD:[0x37]->[0x00]
[17:42:21:815]446042:[DBG]:CMD:[0x01]->[0x00]
[17:42:21:815]446042:[DBG]:CMD:[0x20]->[0x00]
[17:42:22:112]446344:[DBG]:CMD:[0x37]->[0x00]
[17:42:22:112]446344:[DBG]:CMD:[0x01]->[0x00]
[17:42:22:112]446346:[DBG]:CMD:[0x20]->[0x00]
[17:42:22:299]446534:[DBG]:IIC:TEMP ID 0:0x006F,0x0068,0x0057,0x0099,
[17:42:22:299]446534:[DBG]:IIC:TEMP ID 4:0x009D,0x006A,0x005B,0x0091,
[17:42:22:409]446646:[DBG]:CMD:[0x37]->[0x00]
[17:42:22:409]446646:[DBG]:CMD:[0x01]->[0x00]
[17:42:22:409]446648:[DBG]:CMD:[0x20]->[0x00]
[17:42:22:721]446948:[DBG]:CMD:[0x37]->[0x00]
[17:42:22:721]446950:[DBG]:CMD:[0x01]->[0x00]
[17:42:22:721]446950:[DBG]:CMD:[0x20]->[0x00]
[17:42:23:018]447252:[DBG]:CMD:[0x37]->[0x00]
[17:42:23:018]447252:[DBG]:CMD:[0x01]->[0x00]
[17:42:23:018]447254:[DBG]:CMD:[0x20]->[0x00]
[17:42:23:330]447556:[DBG]:CMD:[0x37]->[0x00]
[17:42:23:330]447556:[DBG]:CMD:[0x01]->[0x00]
[17:42:23:330]447560:[DBG]:CMD:[0x20]->[0x00]
[17:42:23:627]447860:[DBG]:CMD:[0x37]->[0x00]
[17:42:23:627]447860:[DBG]:CMD:[0x01]->[0x00]
[17:42:23:627]447862:[DBG]:CMD:[0x20]->[0x00]
[17:42:23:924]448164:[DBG]:CMD:[0x37]->[0x00]
[17:42:23:924]448164:[DBG]:CMD:[0x01]->[0x00]
[17:42:23:924]448166:[DBG]:CMD:[0x20]->[0x00]
[17:42:24:236]448466:[DBG]:CMD:[0x37]->[0x00]
[17:42:24:236]448468:[DBG]:CMD:[0x01]->[0x00]
[17:42:24:236]448468:[DBG]:CMD:[0x20]->[0x00]
[17:42:24:299]448534:[DBG]:IIC:TEMP ID 0:0x0074,0x0068,0x0042,0x0099,
[17:42:24:299]448534:[DBG]:IIC:TEMP ID 4:0x00A0,0x006A,0x0078,0x0091,
[17:42:24:533]448770:[DBG]:CMD:[0x37]->[0x00]
[17:42:24:533]448772:[DBG]:CMD:[0x01]->[0x00]
[17:42:24:533]448772:[DBG]:CMD:[0x20]->[0x00]
[17:42:24:830]449074:[DBG]:CMD:[0x37]->[0x00]
[17:42:24:830]449074:[DBG]:CMD:[0x01]->[0x00]
[17:42:24:830]449076:[DBG]:CMD:[0x20]->[0x00]
[17:42:25:142]449376:[DBG]:CMD:[0x37]->[0x00]
[17:42:25:142]449378:[DBG]:CMD:[0x01]->[0x00]
[17:42:25:142]449378:[DBG]:CMD:[0x20]->[0x00]
[17:42:25:439]449680:[DBG]:CMD:[0x37]->[0x00]
[17:42:25:439]449680:[DBG]:CMD:[0x01]->[0x00]
[17:42:25:439]449682:[DBG]:CMD:[0x20]->[0x00]
[17:42:25:752]449984:[DBG]:CMD:[0x37]->[0x00]
[17:42:25:752]449984:[DBG]:CMD:[0x01]->[0x00]
[17:42:25:752]449986:[DBG]:CMD:[0x20]->[0x00]
[17:42:26:048]450286:[DBG]:CMD:[0x37]->[0x00]
[17:42:26:048]450288:[DBG]:CMD:[0x01]->[0x00]
[17:42:26:048]450288:[DBG]:CMD:[0x20]->[0x00]
[17:42:26:298]450534:[DBG]:IIC:TEMP ID 0:0x006B,0x0068,0x004D,0x0099,
[17:42:26:298]450534:[DBG]:IIC:TEMP ID 4:0x00A1,0x006A,0x0069,0x0091,
[17:42:26:361]450590:[DBG]:CMD:[0x37]->[0x00]
[17:42:26:361]450590:[DBG]:CMD:[0x01]->[0x00]
[17:42:26:361]450592:[DBG]:CMD:[0x20]->[0x00]
[17:42:26:658]450894:[DBG]:CMD:[0x37]->[0x00]
[17:42:26:658]450894:[DBG]:CMD:[0x01]->[0x00]
[17:42:26:658]450896:[DBG]:CMD:[0x20]->[0x00]
[17:42:26:954]451198:[DBG]:CMD:[0x37]->[0x00]
[17:42:26:954]451198:[DBG]:CMD:[0x01]->[0x00]
[17:42:26:954]451198:[DBG]:CMD:[0x20]->[0x00]
[17:42:27:267]451500:[DBG]:CMD:[0x37]->[0x00]
[17:42:27:267]451502:[DBG]:CMD:[0x01]->[0x00]
[17:42:27:267]451502:[DBG]:CMD:[0x20]->[0x00]
[17:42:27:564]451804:[DBG]:CMD:[0x37]->[0x00]
[17:42:27:564]451804:[DBG]:CMD:[0x01]->[0x00]
[17:42:27:564]451806:[DBG]:CMD:[0x20]->[0x00]
[17:42:27:876]452106:[DBG]:CMD:[0x37]->[0x00]
[17:42:27:876]452108:[DBG]:CMD:[0x01]->[0x00]
[17:42:27:876]452108:[DBG]:CMD:[0x20]->[0x00]
[17:42:28:173]452410:[DBG]:CMD:[0x37]->[0x00]
[17:42:28:173]452410:[DBG]:CMD:[0x01]->[0x00]
[17:42:28:173]452412:[DBG]:CMD:[0x20]->[0x00]
[17:42:28:298]452534:[DBG]:IIC:TEMP ID 0:0x0078,0x0068,0x0030,0x0099,
[17:42:28:298]452534:[DBG]:IIC:TEMP ID 4:0x009E,0x006A,0x0068,0x0091,
[17:42:28:485]452712:[DBG]:CMD:[0x37]->[0x00]
[17:42:28:485]452714:[DBG]:CMD:[0x01]->[0x00]
[17:42:28:485]452714:[DB]:CMD:[0x20]->[0x00]
[17:42:28:782]453018:[DBG]:CMD:[0x37]->[0x00]
[17:42:28:782]453020:[DBG]:CMD:[0x01]->[0x00]
[17:42:28:782]453022:[DBG]:CMD:[0x20]->[0x00]
[17:42:29:079]453322:[DBG]:CMD:[0x37]->[0x00]
[17:42:29:079]453324:[DBG]:CMD:[0x01]->[0x00]
[17:42:29:079]453324:[DBG]:CMD:[0x20]->[0x00]
[17:42:29:391]453626:[DBG]:CMD:[0x37]->[0x00]
[17:42:29:391]453626:[DBG]:CMD:[0x01]->[0x00]
[17:42:29:391]453628:[DBG]:CMD:[0x20]->[0x00]
[17:42:29:688]453930:[DBG]:CMD:[0x37]->[0x00]
[17:42:29:688]453930:[DBG]:CMD:[0x01]->[0x00]
[17:42:29:688]453930:[DBG]:CMD:[0x20]->[0x00]
[17:42:29:985]454232:[DBG]:CMD:[0x37]->[0x00]
[17:42:29:985]454234:[DBG]:CMD:[0x01]->[0x00]
[17:42:29:985]454234:[DBG]:CMD:[0x20]->[0x00]
[17:42:30:266]454534:[DBG]:IIC:TEMP ID 0:0x0067,0x0068,0x0047,0x0099,
[17:42:30:266]454534:[DBG]:IIC:TEMP ID 4:0x0099,0x006A,0x0057,0x0091,
[17:42:30:297]454536:[DBG]:CMD:[0x37]->[0x00]
[17:42:30:297]454536:[DBG]:CMD:[0x01]->[0x00]
[17:42:30:297]454538:[DBG]:CMD:[0x20]->[0x00]
[17:42:30:594]454840:[DBG]:CMD:[0x37]->[0x00]
[17:42:30:594]454840:[DBG]:CMD:[0x01]->[0x00]
[17:42:30:594]454842:[DBG]:CMD:[0x20]->[0x00]
[17:42:30:907]455142:[DBG]:CMD:[0x37]->[0x00]
[17:42:30:907]455144:[DBG]:CMD:[0x01]->[0x00]
[17:42:30:907]455144:[DBG]:CMD:[0x20]->[0x00]
[17:42:31:203]455446:[DBG]:CMD:[0x37]->[0x00]
[17:42:31:203]455446:[DBG]:CMD:[0x01]->[0x00]
[17:42:31:203]455448:[DBG]:CMD:[0x20]->[0x00]
[17:42:31:516]455750:[DBG]:CMD:[0x37]->[0x00]
[17:42:31:516]455750:[DBG]:CMD:[0x01]->[0x00]
[17:42:31:516]455752:[DBG]:CMD:[0x20]->[0x00]
[17:42:31:813]456052:[DBG]:CMD:[0x37]->[0x00]
[17:42:31:813]456054:[DBG]:CMD:[0x01]->[0x00]
[17:42:31:813]456054:[DBG]:CMD:[0x20]->[0x00]
[17:42:32:110]456356:[DBG]:CMD:[0x37]->[0x00]
[17:42:32:110]456356:[DBG]:CMD:[0x01]->[0x00]
[17:42:32:110]456360:[DBG]:CMD:[0x20]->[0x00]
[17:42:32:297]456534:[DBG]:IIC:TEMP ID 0:0x005C,0x0068,0x0034,0x0099,
[17:42:32:297]456534:[DBG]:IIC:TEMP ID 4:0x00A0,0x006A,0x0072,0x0091,
[17:42:32:422]456660:[DBG]:CMD:[0x37]->[0x00]
[17:42:32:422]456662:[DBG]:CMD:[0x01]->[0x00]
[17:42:32:422]456662:[DBG]:CMD:[0x20]->[0x00]
[17:42:32:719]456964:[DBG]:CMD:[0x37]->[0x00]
[17:42:32:719]456964:[DBG]:CMD:[0x01]->[0x00]
[17:42:32:719]456966:[DBG]:CMD:[0x20]->[0x00]
[17:42:33:031]457268:[DBG]:CMD:[0x37]->[0x00]
[17:42:33:031]457268:[DBG]:CMD:[0x01]->[0x00]
[17:42:33:031]457268:[DBG]:CMD:[0x20]->[0x00]
[17:42:33:328]457570:[DBG]:CMD:[0x37]->[0x00]
[17:42:33:328]457572:[DBG]:CMD:[0x01]->[0x00]
[17:42:33:328]457572:[DBG]:CMD:[0x20]->[0x00]
[17:42:33:625]457874:[DBG]:CMD:[0x37]->[0x00]
[17:42:33:625]457874:[DBG]:CMD:[0x01]->[0x00]
[17:42:33:625]457876:[DBG]:CMD:[0x20]->[0x00]
[17:42:33:937]458178:[DBG]:CMD:[0x37]->[0x00]
[17:42:33:937]458178:[DBG]:CMD:[0x01]->[0x00]
[17:42:33:937]458180:[DBG]:CMD:[0x20]->[0x00]
[17:42:34:234]458480:[DBG]:CMD:[0x37]->[0x00]
[17:42:34:234]458482:[DBG]:CMD:[0x01]->[0x00]
[17:42:34:234]458482:[DBG]:CMD:[0x20]->[0x00]
[17:42:34:297]458534:[DBG]:IIC:TEMP ID 0:0x006D,0x0068,0x0033,0x0099,
[17:42:34:297]458534:[DBG]:IIC:TEMP ID 4:0x009F,0x006A,0x004F,0x0091,
[17:42:34:546]458784:[DBG]:CMD:[0x37]->[0x00]
[17:42:34:546]458784:[DBG]:CMD:[0x01]->[0x00]
[17:42:34:546]458786:[DBG]:CMD:[0x20]->[0x00]
[17:42:34:843]459088:[DBG]:CMD:[0x37]->[0x00]
[17:42:34:843]459088:[DBG]:CMD:[0x01]->[0x00]
[17:42:34:843]459090:[DBG]:CMD:[0x20]->[0x00]
[17:42:35:140]459390:[DBG]:CMD:[0x37]->[0x00]
[17:42:35:140]459392:[DBG]:CMD:[0x01]->[0x00]
[17:42:35:140]459392:[DBG]:CMD:[0x20]->[0x00]
[17:42:35:452]459694:[DBG]:CMD:[0x37]->[0x00]
[17:42:35:452]459694:[DBG]:CMD:[0x01]->[0x00]
[17:42:35:452]459696:[DBG]:CMD:[0x20]->[0x00]
[17:42:35:749]459998:[DBG]:CMD:[0x37]->[0x00]
[17:42:35:749]459998:[DBG]:CMD:[0x01]->[0x00]
[17:42:35:749]460000:[DBG]:CMD:[0x20]->[0x00]
[17:42:36:062]460302:[DBG]:CMD:[0x37]->[0x00]
[17:42:36:062]460302:[DBG]:CMD:[0x01]->[0x00]
[17:42:36:062]460302:[DBG]:CMD:[0x20]->[0x00]
[17:42:36:296]460534:[DBG]:IIC:TEMP ID 0:0x006E,0x0068,0x0028,0x0099,
[17:42:36:296]460534:[DBG]:IIC:TEMP ID 4:0x00A0,0x006A,0x005A,0x0091,
[17:42:36:359]460604:[DBG]:CMD:[0x37]->[0x00]
[17:42:36:359]460606:[DBG]:CMD:[0x01]->[0x00]
[17:42:36:359]460606:[DBG]:CMD:[0x20]->[0x00]
[17:42:36:671]460908:[DBG]:CMD:[0x37]->[0x00]
[17:42:36:671]460908:[DBG]:CMD:[0x01]->[0x00]
[17:42:36:671]460910:[DBG]:CMD:[0x20]->[0x00]
[17:42:36:968]461212:[DBG]:CMD:[0x37]->[0x00]
[17:42:36:968]461212:[DBG]:CMD:[0x01]->[0x00]
[17:42:36:968]461212:[DBG]:CMD:[0x20]->[0x00]
[17:42:37:280]461514:[DBG]:CMD:[0x37]->[0x00]
[17:42:37:280]461518:[DBG]:CMD:[0x01]->[0x00]
[17:42:37:280]461520:[DBG]:CMD:[0x20]->[0x00]
[17:42:37:577]461822:[DBG]:CMD:[0x37]->[0x00]
[17:42:37:577]461822:[DBG]:CMD:[0x01]->[0x00]
[17:42:37:577]461824:[DBG]:CMD:[0x20]->[0x00]
[17:42:37:874]462124:[DBG]:CMD:[0x37]->[0x00]
[17:42:37:874]462126:[DBG]:CMD:[0x01]->[0x00]
[17:42:37:874]462126:[DBG]:CMD:[0x20]->[0x00]
[17:42:38:186]462428:[DBG]:CMD:[0x37]->[0x00]
[17:42:38:186]462428:[DBG]:CMD:[0x01]->[0x00]
[17:42:38:186]462430:[DBG]:CMD:[0x20]->[0x00]
[17:42:38:280]462534:[DBG]:IIC:TEMP ID 0:0x0071,0x0068,0x0025,0x0099,
[17:42:38:280]462534:[DBG]:IIC:TEMP ID 4:0x00A1,0x006A,0x0055,0x0091,
[17:42:38:483]462732:[DBG]:CMD:[0x37]->[0x00]
[17:42:38:483]462732:[DBG]:CMD:[0x01]->[0x00]
[17:42:38:483]462734:[DBG]:CMD:[0x20]->[0x00]
[17:42:38:780]463034:[DBG]:CMD:[0x37]->[0x00]
[17:42:38:780]463036:[DBG]:CMD:[0x01]->[0x00]
[17:42:38:780]463036:[DBG]:CMD:[0x20]->[0x00]
[17:42:39:092]463338:[DBG]:CMD:[0x37]->[0x00]
[17:42:39:092]463338:[DBG]:CMD:[0x01]->[0x00]
[17:42:39:092]463340:[DBG]:CMD:[0x20]->[0x00]
[17:42:39:389]463642:[DBG]:CMD:[0x37]->[0x00]
[17:42:39:389]463642:[DBG]:CMD:[0x01]->[0x00]
[17:42:39:389]463644:[DBG]:CMD:[0x20]->[0x00]
[17:42:39:701]463944:[DBG]:CMD:[0x37]->[0x00]
[17:42:39:701]463946:[DBG]:CMD:[0x01]->[0x00]
[17:42:39:701]463946:[DBG]:CMD:[0x20]->[0x00]
[17:42:39:998]464248:[DBG]:CMD:[0x37]->[0x00]
[17:42:39:998]464248:[DBG]:CMD:[0x01]->[0x00]
[17:42:39:998]464250:[DBG]:CMD:[0x20]->[0x00]
[17:42:40:263]464534:[DBG]:IIC:TEMP ID 0:0x0068,0x0068,0x0024,0x0099,
[17:42:40:263]464534:[DBG]:IIC:TEMP ID 4:0x009C,0x006A,0x0056,0x0091,
[17:42:40:295]464552:[DBG]:CMD:[0x37]->[0x00]
[17:42:40:295]464552:[DBG]:CMD:[0x01]->[0x00]
[17:42:40:295]464554:[DBG]:CMD:[0x20]->[0x00]
[17:42:40:608]464854:[DBG]:CMD:[0x37]->[0x00]
[17:42:40:608]464856:[DBG]:CMD:[0x01]->[0x00]
[17:42:40:608]464856:[DBG]:CMD:[0x20]->[0x00]
[17:42:40:904]465160:[DBG]:CMD:[0x37]->[0x00]
[17:42:40:904]465160:[DBG]:CMD:[0x01]->[0x00]
[17:42:40:904]465162:[DBG]:CMD:[0x20]->[0x00]
[17:42:41:217]465462:[DBG]:CMD:[0x37]->[0x00]
[17:42:41:217]465464:[DBG]:CMD:[0x01]->[0x00]
[17:42:41:217]465464:[DBG]:CMD:[0x20]->[0x00]
[17:42:41:513]465766:[DBG]:CMD:[0x37]->[0x00]
[17:42:41:513]465766:[DBG]:CMD:[0x01]->[0x00]
[17:42:41:513]465768:[DBG]:CMD:[0x20]->[0x00]
[17:42:41:810]466070:[DBG]:CMD:[0x37]->[0x00]
[17:42:41:810]466070:[DBG]:CMD:[0x01]->[0x00]
[17:42:41:810]466072:[DBG]:CMD:[0x20]->[0x00]
[17:42:42:123]466374:[DBG]:CMD:[0x37]->[0x00]
[17:42:42:123]466374:[DBG]:CMD:[0x01]->[0x00]
[17:42:42:123]466374:[DBG]:CMD:[0x20]->[0x00]
[17:42:42:279]466534:[DBG]:IIC:TEMP ID 0:0x006D,0x0068,0x0023,0x0099,
[17:42:42:279]466534:[DBG]:IIC:TEMP ID 4:0x00A3,0x006A,0x0031,0x0091,
[17:42:42:420]466676:[DBG]:CMD:[0x37]->[0x00]
[17:42:42:420]466678:[DBG]:CMD:[0x01]->[0x00]
[17:42:42:420]466678:[DBG]:CMD:[0x20]->[0x00]
[17:42:42:732]466980:[DBG]:CMD:[0x37]->[0x00]
[17:42:42:732]466980:[DBG]:CMD:[0x01]->[0x00]
[17:42:42:732]466982:[DBG]:CMD:[0x20]->[0x00]
[17:42:43:029]467284:[DBG]:CMD:[0x37]->[0x00]
[17:42:43:029]467284:[DBG]:CMD:[0x01]->[0x00]
[17:42:43:029]467286:[DBG]:CMD:[0x20]->[0x00]
[17:42:43:325]467586:[DBG]:CMD:[0x37]->[0x00]
[17:42:43:325]467588:[DBG]:CMD:[0x01]->[0x00]
[17:42:43:325]467588:[DBG]:CMD:[0x20]->[0x00]
[17:42:43:638]467890:[DBG]:CMD:[0x37]->[0x00]
[17:42:43:638]467890:[DBG]:CMD:[0x01]->[0x00]
[17:42:43:638]467892:[DBG]:CMD:[0x20]->[0x00]
[17:42:43:935]468194:[DBG]:CMD:[0x37]->[0x00]
[17:42:43:935]468194:[DBG]:CMD:[0x01]->[0x00]
[17:42:43:935]468196:[DBG]:CMD:[0x20]->[0x00]
[17:42:44:247]468496:[DBG]:CMD:[0x37]->[0x00]
[17:42:44:247]468498:[DBG]:CMD:[0x01]->[0x00]
[17:42:44:247]468498:[DBG]:CMD:[0x20]->[0x00]
[17:42:44:278]468534:[DBG]:IIC:TEMP ID 0:0x0052,0x0068,0x0028,0x0099,
[17:42:44:278]468534:[DBG]:IIC:TEMP ID 4:0x00A0,0x006A,0x004C,0x0091,
[17:42:44:544]468800:[DBG]:CMD:[0x37]->[0x00]
[17:42:44:544]468800:[DBG]:CMD:[0x01]->[0x00]
[17:42:44:544]468802:[DBG]:CMD:[0x20]->[0x00]
[17:42:44:841]469104:[DBG]:CMD:[0x37]->[0x00]
[17:42:44:841]469104:[DBG]:CMD:[0x01]->[0x00]
[17:42:44:841]469106:[DBG]:CMD:[0x20]->[0x00]
[17:42:45:153]469406:[DBG]:CMD:[0x37]->[0x00]
[17:42:45:153]469408:[DBG]:CMD:[0x01]->[0x00]
[17:42:45:153]469408:[DBG]:CMD:[0x20]->[0x00]
[17:42:45:465]469710:[DBG]:CMD:[0x37]->[0x00]
[17:42:45:465]469710:[DBG]:CMD:[0x01]->[0x00]
[17:42:45:465]469712:[DBG]:CMD:[0x20]->[0x00]
[17:42:45:763]470014:[DBG]:CMD:[0x37]->[0x00]
[17:42:45:763]470014:[DBG]:CMD:[0x01]->[0x00]
[17:42:45:763]470018:[DBG]:CMD:[0x20]->[0x00]
[17:42:46:059]470320:[DBG]:CMD:[0x37]->[0x00]
[17:42:46:059]470322:[DBG]:CMD:[0x01]->[0x00]
[17:42:46:059]470322:[DBG]:CMD:[0x20]->[0x00]
[17:42:46:278]470534:[DBG]:IIC:TEMP ID 0:0x0057,0x0068,0x002B,0x0099,
[17:42:46:278]470534:[DBG]:IIC:TEMP ID 4:0x00A3,0x006A,0x0045,0x0091,
[17:42:46:372]470624:[DBG]:CMD:[0x37]->[0x00]
[17:42:46:372]470624:[DBG]:CMD:[0x01]->[0x00]
[17:42:46:372]470626:[DBG]:CMD:[0x20]->[0x00]
[17:42:46:669]470926:[DBG]:CMD:[0x37]->[0x00]
[17:42:46:669]470928:[DBG]:CMD:[0x01]->[0x00]
[17:42:46:669]470928:[DBG]:CMD:[0x20]->[0x00]
[17:42:46:965]471230:[DBG]:CMD:[0x37]->[0x00]
[17:42:46:965]471230:[DBG]:CMD:[0x01]->[0x00]
[17:42:46:965]471232:[DBG]:CMD:[0x20]->[0x00]
[17:42:47:278]471534:[DBG]:CMD:[0x37]->[0x00]
[17:42:47:278]471534:[DBG]:CMD:[0x01]->[0x00]
[17:42:47:278]471536:[DBG]:CMD:[0x20]->[0x00]
[17:42:47:574]471836:[DBG]:CMD:[0x37]->[0x00]
[17:42:47:574]471838:[DBG]:CMD:[0x01]->[0x00]
[17:42:47:574]471838:[DBG]:CMD:[0x20]->[0x00]
[17:42:47:887]472140:[DBG]:CMD:[0x37]->[0x00]
[17:42:47:887]472140:[DBG]:CMD:[0x01]->[0x00]
[17:42:47:887]472142:[DBG]:CMD:[0x20]->[0x00]
[17:42:48:184]472444:[DBG]:CMD:[0x37]->[0x00]
[17:42:48:184]472446:[DBG]:CMD:[0x01]->[0x00]
[17:42:48:184]472446:[DBG]:CMD:[0x20]->[0x00]
[17:42:48:277]472534:[DBG]:IIC:TEMP ID 0:0x0066,0x0068,0x0012,0x0099,
[17:42:48:277]472534:[DBG]:IIC:TEMP ID 4:0x00A0,0x006A,0x0048,0x0091,
[17:42:48:481]472748:[DBG]:CMD:[0x37]->[0x00]
[17:42:48:481]472748:[DBG]:CMD:[0x01]->[0x00]
[17:42:48:481]472748:[DBG]:CMD:[0x20]->[0x00]
[17:42:48:793]473050:[DBG]:CMD:[0x37]->[0x00]
[17:42:48:793]473052:[DBG]:CMD:[0x01]->[0x00]
[17:42:48:793]473052:[DBG]:CMD:[0x20]->[0x00]
[17:42:49:090]473354:[DBG]:CMD:[0x37]->[0x00]
[17:42:49:090]473354:[DBG]:CMD:[0x01]->[0x00]
[17:42:49:090]473356:[DBG]:CMD:[0x20]->[0x00]
[17:42:49:402]473656:[DBG]:CMD:[0x37]->[0x00]
[17:42:49:402]473660:[DBG]:CMD:[0x01]->[0x00]
[17:42:49:402]473660:[DBG]:CMD:[0x20]->[0x00]
[17:42:49:699]473962:[DBG]:CMD:[0x37]->[0x00]
[17:42:49:699]473962:[DBG]:CMD:[0x01]->[0x00]
[17:42:49:699]473962:[DBG]:CMD:[0x20]->[0x00]
[17:42:50:011]474264:[DBG]:CMD:[0x37]->[0x00]
[17:42:50:011]474266:[DBG]:CMD:[0x01]->[0x00]
[17:42:50:011]474266:[DBG]:CMD:[0x20]->[0x00]
[17:42:50:261]474534:[DBG]:IIC:TEMP ID 0:0x006F,0x0068,0x001D,0x0099,
[17:42:50:261]474534:[DBG]:IIC:TEMP ID 4:0x00A3,0x006A,0x0041,0x0091,
[17:42:50:308]474568:[DBG]:CMD:[0x37]->[0x00]
[17:42:50:308]474568:[DBG]:CMD:[0x01]->[0x00]
[17:42:50:308]474570:[DBG]:CMD:[0x20]->[0x00]
[17:42:50:605]474870:[DBG]:CMD:[0x37]->[0x00]
[17:42:50:605]474872:[DBG]:CMD:[0x01]->[0x00]
[17:42:50:605]474872:[DBG]:CMD:[0x20]->[0x00]
[17:42:50:918]475174:[DBG]:CMD:[0x37]->[0x00]
[17:42:50:918]475174:[DBG]:CMD:[0x01]->[0x00]
[17:42:50:918]475176:[DBG]:CMD:[0x20]->[0x00]
[17:42:51:214]475478:[DBG]:CMD:[0x37]->[0x00]
[17:42:51:214]475478:[DBG]:CMD:[0x01]->[0x00]
[17:42:51:214]475480:[DBG]:CMD:[0x20]->[0x00]
[17:42:51:511]475780:[DBG]:CMD:[0x37]->[0x00]
[17:42:51:511]475782:[DBG]:CMD:[0x01]->[0x00]
[17:42:51:511]475782:[DBG]:CMD:[0x20]->[0x00]
[17:42:51:824]476084:[DBG]:CMD:[0x37]->[0x00]
[17:42:51:824]476084:[DBG]:CMD:[0x01]->[0x00]
[17:42:51:824]476086:[DBG]:CMD:[0x20]->[0x00]
[17:42:52:120]476388:[DBG]:CMD:[0x37]->[0x00]
[17:42:52:120]476388:[DBG]:CMD:[0x01]->[0x00]
[17:42:52:120]476390:[DBG]:CMD:[0x20]->[0x00]
[17:42:52:277]476534:[DBG]:IIC:TEMP ID 0:0x0070,0x0068,0x0024,0x0099,
[17:42:52:277]476534:[DBG]:IIC:TEMP ID 4:0x00A0,0x006A,0x0038,0x0091,
[17:42:52:433]476690:[DBG]:CMD:[0x37]->[0x00]
[17:42:52:433]476692:[DBG]:CMD:[0x01]->[0x00]
[17:42:52:433]476692:[DBG]:CMD:[0x20]->[0x00]
[17:42:52:730]476994:[DBG]:CMD:[0x37]->[0x00]
[17:42:52:730]476994:[DBG]:CMD:[0x01]->[0x00]
[17:42:52:730]476996:[DBG]:CMD:[0x20]->[0x00]
[17:42:53:026]477298:[DBG]:CMD:[0x37]->[0x00]
[17:42:53:026]477298:[DBG]:CMD:[0x01]->[0x00]
[17:42:53:026]477300:[DBG]:CMD:[0x20]->[0x00]
[17:42:53:339]477600:[DBG]:CMD:[0x37]->[0x00]
[17:42:53:339]477600:[DBG]:CMD:[0x01]->[0x00]
[17:42:53:339]477602:[DBG]:CMD:[0x20]->[0x00]
[17:42:53:636]477904:[DBG]:CMD:[0x37]->[0x00]
[17:42:53:636]477904:[DBG]:CMD:[0x01]->[0x00]
[17:42:53:636]477906:[DBG]:CMD:[0x20]->[0x00]
[17:42:53:948]478206:[DBG]:CMD:[0x37]->[0x00]
[17:42:53:948]478206:[DBG]:CMD:[0x01]->[0x00]
[17:42:53:948]478208:[DBG]:CMD:[0x20]->[0x00]
[17:42:54:229]478510:[DBG]:CMD:[0x37]->[0x00]
[17:42:54:229]478510:[DBG]:CMD:[0x01]->[0x00]
[17:42:54:229]478510:[DBG]:CMD:[0x20]->[0x00]
[17:42:54:276]478534:[DBG]:IIC:TEMP ID 0:0x0075,0x0068,0x0027,0x0099,
[17:42:54:276]478534:[DBG]:IIC:TEMP ID 4:0x00A3,0x006A,0x0033,0x0091,
[17:42:54:557]478812:[DBG]:CMD:[0x37]->[0x00]
[17:42:54:557]478812:[DBG]:CMD:[0x01]->[0x00]
[17:42:54:557]478814:[DBG]:CMD:[0x20]->[0x00]
[17:42:54:854]479114:[DBG]:CMD:[0x37]->[0x00]
[17:42:54:854]479118:[DBG]:CMD:[0x01]->[0x00]
[17:42:54:854]479120:[DBG]:CMD:[0x20]->[0x00]
[17:42:55:151]479422:[DBG]:CMD:[0x37]->[0x00]
[17:42:55:151]479422:[DBG]:CMD:[0x01]->[0x00]
[17:42:55:151]479424:[DBG]:CMD:[0x20]->[0x00]
[17:42:55:463]479724:[DBG]:CMD:[0x37]->[0x00]
[17:42:55:463]479726:[DBG]:CMD:[0x01]->[0x00]
[17:42:55:463]479726:[DBG]:CMD:[0x20]->[0x00]
[17:42:55:760]480028:[DBG]:CMD:[0x37]->[0x00]
[17:42:55:760]480028:[DBG]:CMD:[0x01]->[0x00]
[17:42:55:760]480030:[DBG]:CMD:[0x20]->[0x00]
[17:42:56:057]480330:[DBG]:CMD:[0x37]->[0x00]
[17:42:56:057]480332:[DBG]:CMD:[0x01]->[0x00]
[17:42:56:057]480332:[DBG]:CMD:[0x20]->[0x00]
[17:42:56:276]480534:[DBG]:IIC:TEMP ID 0:0x005E,0x0068,0x003E,0x0099,
[17:42:56:276]480534:[DBG]:IIC:TEMP ID 4:0x00A2,0x006A,0x0034,0x0091,
[17:42:56:369]480634:[DBG]:CMD:[0x37]->[0x00]
[17:42:56:369]480634:[DBG]:CMD:[0x01]->[0x00]
[17:42:56:369]480636:[DBG]:CMD:[0x20]->[0x00]
[17:42:56:666]480936:[DBG]:CMD:[0x37]->[0x00]
[17:42:56:666]480938:[DBG]:CMD:[0x01]->[0x00]
[17:42:56:666]480938:[DBG]:CMD:[0x20]->[0x00]
[17:42:56:979]481240:[DBG]:CMD:[0x37]->[0x00]
[17:42:56:979]481240:[DBG]:CMD:[0x01]->[0x00]
[17:42:56:979]481242:[DBG]:CMD:[0x20]->[0x00]
[17:42:57:276]481542:[DBG]:CMD:[0x37]->[0x00]
[17:42:57:276]481542:[DBG]:CMD:[0x01]->[0x00]
[17:42:57:276]481544:[DBG]:CMD:[0x20]->[0x00]
[17:42:57:572]481844:[DBG]:CMD:[0x37]->[0x00]
[17:42:57:572]481846:[DBG]:CMD:[0x01]->[0x00]
[17:42:57:572]481846:[DBG]:CMD:[0x20]->[0x00]
[17:42:57:885]482148:[DBG]:CMD:[0x37]->[0x00]
[17:42:57:885]482148:[DBG]:CMD:[0x01]->[0x00]
[17:42:57:885]482150:[DBG]:CMD:[0x20]->[0x00]
[17:42:58:182]482452:[DBG]:CMD:[0x37]->[0x00]
[17:42:58:182]482452:[DBG]:CMD:[0x01]->[0x00]
[17:42:58:182]482452:[DBG]:CMD:[0x20]->[0x00]
[17:42:58:259]482534:[DBG]:IIC:TEMP ID 0:0x0069,0x0068,0x003D,0x0099,
[17:42:58:259]482534:[DBG]:IIC:TEMP ID 4:0x00A5,0x006A,0x002B,0x0091,
[17:42:58:494]482754:[DBG]:CMD:[0x37]->[0x00]
[17:42:58:494]482754:[DBG]:CMD:[0x01]->[0x00]
[17:42:58:494]482756:[DBG]:CMD:[0x20]->[0x00]
[17:42:58:791]483056:[DBG]:CMD:[0x37]->[0x00]
[17:42:58:791]483060:[DBG]:CMD:[0x01]->[0x00]
[17:42:58:791]483060:[DBG]:CMD:[0x20]->[0x00]
[17:42:59:087]483362:[DBG]:CMD:[0x37]->[0x00]
[17:42:59:087]483362:[DBG]:CMD:[0x01]->[0x00]
[17:42:59:087]483364:[DBG]:CMD:[0x20]->[0x00]
[17:42:59:400]483664:[DBG]:CMD:[0x37]->[0x00]
[17:42:59:400]483664:[DBG]:CMD:[0x01]->[0x00]
[17:42:59:400]483666:[DBG]:CMD:[0x20]->[0x00]
[17:42:59:697]483966:[DBG]:CMD:[0x37]->[0x00]
[17:42:59:697]483968:[DBG]:CMD:[0x01]->[0x00]
[17:42:59:697]483968:[DBG]:CMD:[0x20]->[0x00]
[17:42:59:994]484270:[DBG]:CMD:[0x37]->[0x00]
[17:42:59:994]484270:[DBG]:CMD:[0x01]->[0x00]
[17:42:59:994]484272:[DBG]:CMD:[0x20]->[0x00]
[17:43:00:259]484534:[DBG]:IIC:TEMP ID 0:0x0070,0x0068,0x0030,0x0099,
[17:43:00:259]484534:[DBG]:IIC:TEMP ID 4:0x00A6,0x006A,0x0022,0x0091,
[17:43:00:306]484574:[DBG]:CMD:[0x37]->[0x00]
[17:43:00:306]484574:[DBG]:CMD:[0x01]->[0x00]
[17:43:00:306]484576:[DBG]:CMD:[0x20]->[0x00]
[17:43:00:603]484876:[DBG]:CMD:[0x37]->[0x00]
[17:43:00:603]484878:[DBG]:CMD:[0x01]->[0x00]
[17:43:00:603]484878:[DBG]:CMD:[0x20]->[0x00]
[17:43:00:915]485180:[DBG]:CMD:[0x37]->[0x00]
[17:43:00:915]485180:[DBG]:CMD:[0x01]->[0x00]
[17:43:00:915]485182:[DBG]:CMD:[0x20]->[0x00]
[17:43:01:212]485484:[DBG]:CMD:[0x37]->[0x00]
[17:43:01:212]485484:[DBG]:CMD:[0x01]->[0x00]
[17:43:01:212]485486:[DBG]:CMD:[0x20]->[0x00]
[17:43:01:509]485786:[DBG]:CMD:[0x37]->[0x00]
[17:43:01:509]485788:[DBG]:CMD:[0x01]->[0x00]
[17:43:01:509]485788:[DBG]:CMD:[0x20]->[0x00]
[17:43:01:821]486090:[DBG]:CMD:[0x37]->[0x00]
[17:43:01:821]486090:[DBG]:CMD:[0x01]->[0x00]
[17:43:01:821]486092:[DBG]:CMD:[0x20]->[0x00]
[17:43:02:118]486392:[DBG]:CMD:[0x37]->[0x00]
[17:43:02:118]486394:[DBG]:CMD:[0x01]->[0x00]
[17:43:02:118]486394:[DBG]:CMD:[0x20]->[0x00]
[17:43:02:258]486534:[DBG]:IIC:TEMP ID 0:0x005D,0x0068,0x0033,0x0099,
[17:43:02:258]486534:[DBG]:IIC:TEMP ID 4:0x00A5,0x006A,0x002F,0x0091,
[17:43:02:415]486696:[DBG]:CMD:[0x37]->[0x00]
[17:43:02:415]486696:[DBG]:CMD:[0x01]->[0x00]
[17:43:02:415]486698:[DBG]:CMD:[0x20]->[0x00]
[17:43:02:727]487000:[DBG]:CMD:[0x37]->[0x00]
[17:43:02:727]487000:[DBG]:CMD:[0x01]->[0x00]
[17:43:02:727]487002:[DBG]:CMD:[0x20]->[0x00]
[17:43:03:024]487302:[DBG]:CMD:[0x37]->[0x00]
[17:43:03:024]487304:[DBG]:CMD:[0x01]->[0x00]
[17:43:03:024]487304:[DBG]:CMD:[0x20]->[0x00]
[17:43:03:337]487606:[DBG]:CMD:[0x37]->[0x00]
[17:43:03:337]487606:[DBG]:CMD:[0x01]->[0x00]
[17:43:03:337]487608:[DBG]:CMD:[0x20]->[0x00]
[17:43:03:649]487910:[DBG]:CMD:[0x37]->[0x00]
[17:43:03:649]487910:[DBG]:CMD:[0x01]->[0x00]
[17:43:03:649]487912:[DBG]:CMD:[0x20]->[0x00]
[17:43:03:946]488212:[DBG]:CMD:[0x37]->[0x00]
[17:43:03:946]488212:[DBG]:CMD:[0x01]->[0x00]
[17:43:03:946]488214:[DBG]:CMD:[0x20]->[0x00]
[17:43:04:227]488514:[DBG]:CMD:[0x37]->[0x00]
[17:43:04:227]488518:[DBG]:CMD:[0x01]->[0x00]
[17:43:04:227]488520:[DBG]:CMD:[0x20]->[0x00]
[17:43:04:258]488534:[DBG]:IIC:TEMP ID 0:0x005A,0x0068,0x0048,0x0099,
[17:43:04:258]488534:[DBG]:IIC:TEMP ID 4:0x00A4,0x006A,0x001C,0x0091,
[17:43:04:555]488822:[DBG]:CMD:[0x37]->[0x00]
[17:43:04:555]488822:[DBG]:CMD:[0x01]->[0x00]
[17:43:04:555]488824:[DBG]:CMD:[0x20]->[0x00]
[17:43:04:852]489124:[DBG]:CMD:[0x37]->[0x00]
[17:43:04:852]489126:[DBG]:CMD:[0x01]->[0x00]
[17:43:04:852]489126:[DBG]:CMD:[0x20]->[0x00]
[17:43:05:149]489428:[DBG]:CMD:[0x37]->[0x00]
[17:43:05:149]489428:[DBG]:CMD:[0x01]->[0x00]
[17:43:05:149]489430:[DBG]:CMD:[0x20]->[0x00]
[17:43:05:461]489732:[DBG]:CMD:[0x37]->[0x00]
[17:43:05:461]489732:[DBG]:CMD:[0x01]->[0x00]
[17:43:05:461]489734:[DBG]:CMD:[0x20]->[0x00]
[17:43:05:757]490034:[DBG]:CMD:[0x37]->[0x00]
[17:43:05:757]490036:[DBG]:CMD:[0x01]->[0x00]
[17:43:05:757]490036:[DBG]:CMD:[0x20]->[0x00]
[17:43:06:055]490338:[DBG]:CMD:[0x37]->[0x00]
[17:43:06:055]490338:[DBG]:CMD:[0x01]->[0x00]
[17:43:06:055]490340:[DBG]:CMD:[0x20]->[0x00]
[17:43:06:258]490534:[DBG]:IIC:TEMP ID 0:0x0077,0x0068,0x0033,0x0099,
[17:43:06:258]490534:[DBG]:IIC:TEMP ID 4:0x00A9,0x006A,0x0021,0x0091,
[17:43:06:367]490640:[DBG]:CMD:[0x37]->[0x00]
[17:43:06:367]490642:[DBG]:CMD:[0x01]->[0x00]
[17:43:06:367]490642:[DBG]:CMD:[0x20]->[0x00]
[17:43:06:664]490944:[DBG]:CMD:[0x37]->[0x00]
[17:43:06:664]490944:[DBG]:CMD:[0x01]->[0x00]
[17:43:06:664]490946:[DBG]:CMD:[0x20]->[0x00]
[17:43:06:976]491246:[DBG]:CMD:[0x37]->[0x00]
[17:43:06:976]491248:[DBG]:CMD:[0x01]->[0x00]
[17:43:06:976]491248:[DBG]:CMD:[0x20]->[0x00]
[17:43:07:273]491550:[DBG]:CMD:[0x37]->[0x00]
[17:43:07:273]491550:[DBG]:CMD:[0x01]->[0x00]
[17:43:07:273]491552:[DBG]:CMD:[0x20]->[0x00]
[17:43:07:570]491852:[DBG]:CMD:[0x37]->[0x00]
[17:43:07:570]491854:[DBG]:CMD:[0x01]->[0x00]
[17:43:07:570]491854:[DBG]:CMD:[0x20]->[0x00]
[17:43:07:882]492156:[DBG]:CMD:[0x37]->[0x00]
[17:43:07:882]492156:[DBG]:CMD:[0x01]->[0x00]
[17:43:07:882]492160:[DBG]:CMD:[0x20]->[0x00]
[17:43:08:179]492460:[DBG]:CMD:[0x37]->[0x00]
[17:43:08:179]492460:[DBG]:CMD:[0x01]->[0x00]
[17:43:08:179]492462:[DBG]:CMD:[0x20]->[0x00]
[17:43:08:257]492534:[DBG]:IIC:TEMP ID 0:0x005C,0x0068,0x0024,0x0099,
[17:43:08:257]492534:[DBG]:IIC:TEMP ID 4:0x00A6,0x006A,0x0008,0x0091,
[17:43:08:492]492762:[DBG]:CMD:[0x37]->[0x00]
[17:43:08:492]492764:[DBG]:CMD:[0x01]->[0x00]
[17:43:08:492]492764:[DBG]:CMD:[0x20]->[0x00]
[17:43:08:788]493066:[DBG]:CMD:[0x37]->[0x00]
[17:43:08:788]493066:[DBG]:CMD:[0x01]->[0x00]
[17:43:08:788]493068:[DBG]:CMD:[0x20]->[0x00]
[17:43:09:085]493370:[DBG]:CMD:[0x37]->[0x00]
[17:43:09:085]493370:[DBG]:CMD:[0x01]->[0x00]
[17:43:09:085]493370:[DBG]:CMD:[0x20]->[0x00]
[17:43:09:398]493672:[DBG]:CMD:[0x37]->[0x00]
[17:43:09:398]493672:[DBG]:CMD:[0x01]->[0x00]
[17:43:09:398]493674:[DBG]:CMD:[0x20]->[0x00]
[17:43:09:694]493974:[DBG]:CMD:[0x37]->[0x00]
[17:43:09:694]493976:[DBG]:CMD:[0x01]->[0x00]
[17:43:09:694]493976:[DBG]:CMD:[0x20]->[0x00]
[17:43:09:991]494278:[DBG]:CMD:[0x37]->[0x00]
[17:43:09:991]494278:[DBG]:CMD:[0x01]->[0x00]
[17:43:09:991]494280:[DBG]:CMD:[0x20]->[0x00]
[17:43:10:257]494534:[DBG]:IIC:TEMP ID 0:0x006D,0x0068,0x002B,0x0099,
[17:43:10:257]494534:[DBG]:IIC:TEMP ID 4:0x00AD,0x006A,0x001D,0x0091,
[17:43:10:304]494580:[DBG]:CMD:[0x37]->[0x00]
[17:43:10:304]494582:[DBG]:CMD:[0x01]->[0x00]
[17:43:10:304]494582:[DBG]:CMD:[0x20]->[0x00]
[17:43:10:600]494884:[DBG]:CMD:[0x37]->[0x00]
[17:43:10:600]494884:[DBG]:CMD:[0x01]->[0x00]
[17:43:10:600]494886:[DBG]:CMD:[0x20]->[0x00]
[17:43:10:897]495186:[DBG]:CMD:[0x37]->[0x00]
[17:43:10:897]495188:[DBG]:CMD:[0x01]->[0x00]
[17:43:10:897]495188:[DBG]:CMD:[0x20]->[0x00]
[17:43:11:210]495490:[DBG]:CMD:[0x37]->[0x00]
[17:43:11:210]495490:[DBG]:CMD:[0x01]->[0x00]
[17:43:11:210]495492:[DBG]:CMD:[0x20]->[0x00]
[17:43:11:507]495792:[DBG]:CMD:[0x37]->[0x00]
[17:43:11:507]495794:[DBG]:CMD:[0x01]->[0x00]
[17:43:11:507]495794:[DBG]:CMD:[0x20]->[0x00]
[17:43:11:819]496096:[DBG]:CMD:[0x37]->[0x00]
[17:43:11:819]496096:[DBG]:CMD:[0x01]->[0x00]
[17:43:11:819]496098:[DBG]:CMD:[0x20]->[0x00]
[17:43:12:116]496400:[DBG]:CMD:[0x37]->[0x00]
[17:43:12:116]496400:[DBG]:CMD:[0x01]->[0x00]
[17:43:12:116]496402:[DBG]:CMD:[0x20]->[0x00]
[17:43:12:256]496534:[DBG]:IIC:TEMP ID 0:0x006E,0x0068,0x002A,0x0099,
[17:43:12:256]496534:[DBG]:IIC:TEMP ID 4:0x00A8,0x006A,0x001A,0x0091,
[17:43:12:413]496702:[DBG]:CMD:[0x37]->[0x00]
[17:43:12:413]496704:[DBG]:CMD:[0x01]->[0x00]
[17:43:12:413]496704:[DBG]:CMD:[0x20]->[0x00]
[17:43:12:725]497006:[DBG]:CMD:[0x37]->[0x00]
[17:43:12:725]497006:[DBG]:CMD:[0x01]->[0x00]
[17:43:12:725]497008:[DBG]:CMD:[0x20]->[0x00]
[17:43:13:037]497310:[DBG]:CMD:[0x37]->[0x00]
[17:43:13:037]497310:[DBG]:CMD:[0x01]->[0x00]
[17:43:13:037]497312:[DBG]:CMD:[0x20]->[0x00]
[17:43:13:334]497614:[DBG]:CMD:[0x37]->[0x00]
[17:43:13:334]497614:[DBG]:CMD:[0x01]->[0x00]
[17:43:13:334]497614:[DBG]:CMD:[0x20]->[0x00]
[17:43:13:631]497918:[DBG]:CMD:[0x37]->[0x00]
[17:43:13:631]497920:[DBG]:CMD:[0x01]->[0x00]
[17:43:13:631]497922:[DBG]:CMD:[0x20]->[0x00]
[17:43:13:943]498222:[DBG]:CMD:[0x37]->[0x00]
[17:43:13:943]498222:[DBG]:CMD:[0x01]->[0x00]
[17:43:13:943]498224:[DBG]:CMD:[0x20]->[0x00]
[17:43:14:209]498526:[DBG]:CMD:[0x37]->[0x00]
[17:43:14:209]498526:[DBG]:CMD:[0x01]->[0x00]
[17:43:14:209]498528:[DBG]:CMD:[0x20]->[0x00]
[17:43:14:256]498534:[DBG]:IIC:TEMP ID 0:0x0073,0x0068,0x002F,0x0099,
[17:43:14:256]498534:[DBG]:IIC:TEMP ID 4:0x00A9,0x006A,0x0009,0x0091,
[17:43:14:537]498830:[DBG]:CMD:[0x37]->[0x00]
[17:43:14:537]498830:[DBG]:CMD:[0x01]->[0x00]
[17:43:14:537]498830:[DBG]:CMD:[0x20]->[0x00]
[17:43:14:849]499132:[DBG]:CMD:[0x37]->[0x00]
[17:43:14:849]499132:[DBG]:CMD:[0x01]->[0x00]
[17:43:14:849]499134:[DBG]:CMD:[0x20]->[0x00]
[17:43:15:146]499436:[DBG]:CMD:[0x37]->[0x00]
[17:43:15:146]499436:[DBG]:CMD:[0x01]->[0x00]
[17:43:15:146]499438:[DBG]:CMD:[0x20]->[0x00]
[17:43:15:459]499740:[DBG]:CMD:[0x37]->[0x00]
[17:43:15:459]499740:[DBG]:CMD:[0x01]->[0x00]
[17:43:15:459]499740:[DBG]:CMD:[0x20]->[0x00]
[17:43:15:755]500042:[DBG]:CMD:[0x37]->[0x00]
[17:43:15:755]500044:[DBG]:CMD:[0x01]->[0x00]
[17:43:15:755]500044:[DBG]:CMD:[0x20]->[0x00]
[17:43:16:052]500346:[DBG]:CMD:[0x37]->[0x00]
[17:43:16:052]500346:[DBG]:CMD:[0x01]->[0x00]
[17:43:16:052]500348:[DBG]:CMD:[0x20]->[0x00]
[17:43:16:255]500534:[DBG]:IIC:TEMP ID 0:0x006E,0x0068,0x002A,0x0099,
[17:43:16:255]500534:[DBG]:IIC:TEMP ID 4:0x00A6,0x006A,0x000C,0x0091,
[17:43:16:365]500650:[DBG]:CMD:[0x37]->[0x00]
[17:43:16:365]500650:[DBG]:CMD:[0x01]->[0x00]
[17:43:16:365]500650:[DBG]:CMD:[0x20]->[0x00]
[17:43:16:661]500952:[DBG]:CMD:[0x37]->[0x00]
[17:43:16:661]500954:[DBG]:CMD:[0x01]->[0x00]
[17:43:16:661]500954:[DBG]:CMD:[0x20]->[0x00]
[17:43:16:974]501256:[DBG]:CMD:[0x37]->[0x00]
[17:43:16:974]501256:[DBG]:CMD:[0x01]->[0x00]
[17:43:16:974]501260:[DBG]:CMD:[0x20]->[0x00]
[17:43:17:271]501560:[DBG]:CMD:[0x37]->[0x00]
[17:43:17:271]501560:[DBG]:CMD:[0x01]->[0x00]
[17:43:17:271]501562:[DBG]:CMD:[0x20]->[0x00]
[17:43:17:568]501864:[DBG]:CMD:[0x37]->[0x00]
[17:43:17:568]501864:[DBG]:CMD:[0x01]->[0x00]
[17:43:17:568]501866:[DBG]:CMD:[0x20]->[0x00]
[17:43:17:880]502168:[DBG]:CMD:[0x37]->[0x00]
[17:43:17:880]502168:[DBG]:CMD:[0x01]->[0x00]
[17:43:17:880]502170:[DBG]:CMD:[0x20]->[0x00]
[17:43:18:177]502470:[DBG]:CMD:[0x37]->[0x00]
[17:43:18:177]502470:[DBG]:CMD:[0x01]->[0x00]
[17:43:18:177]502472:[DBG]:CMD:[0x20]->[0x00]
[17:43:18:239]502534:[DBG]:IIC:TEMP ID 0:0x005D,0x0068,0x004B,0x0099,
[17:43:18:239]502534:[DBG]:IIC:TEMP ID 4:0x00A9,0x006A,0x000B,0x0091,
[17:43:18:489]502774:[DBG]:CMD:[0x37]->[0x00]
[17:43:18:489]502774:[DBG]:CMD:[0x01]->[0x00]
[17:43:18:489]502776:[DBG]:CMD:[0x20]->[0x00]
[17:43:18:786]503078:[DBG]:CMD:[0x37]->[0x00]
[17:43:18:786]503078:[DBG]:CMD:[0x01]->[0x00]
[17:43:18:786]503078:[DBG]:CMD:[0x20]->[0x00]
[17:43:19:082]503380:[DBG]:CMD:[0x37]->[0x00]
[17:43:19:082]503382:[DBG]:CMD:[0x01]->[0x00]
[17:43:19:082]503382:[DBG]:CMD:[0x20]->[0x00]
[17:43:19:395]503684:[DBG]:CMD:[0x37]->[0x00]
[17:43:19:395]503684:[DBG]:CMD:[0x01]->[0x00]
[17:43:19:395]503686:[DBG]:CMD:[0x20]->[0x00]
[17:43:19:692]503988:[DBG]:CMD:[0x37]->[0x00]
[17:43:19:692]503988:[DBG]:CMD:[0x01]->[0x00]
[17:43:19:692]503990:[DBG]:CMD:[0x20]->[0x00]
[17:43:20:004]504290:[DBG]:CMD:[0x37]->[0x00]
[17:43:20:004]504292:[DBG]:CMD:[0x01]->[0x00]
[17:43:20:004]504292:[DBG]:CMD:[0x20]->[0x00]
[17:43:20:239]504534:[DBG]:IIC:TEMP ID 0:0x006E,0x0068,0x0042,0x0099,
[17:43:20:239]504534:[DBG]:IIC:TEMP ID 4:0x00AA,0x006A,0x001A,0x0091,
[17:43:20:301]504594:[DBG]:CMD:[0x37]->[0x00]
[17:43:20:301]504594:[DBG]:CMD:[0x01]->[0x00]
[17:43:20:301]504596:[DBG]:CMD:[0x20]->[0x00]
[17:43:20:598]504898:[DBG]:CMD:[0x37]->[0x00]
[17:43:20:598]504898:[DBG]:CMD:[0x01]->[0x00]
[17:43:20:598]504900:[DBG]:CMD:[0x20]->[0x00]
[17:43:20:911]505200:[DBG]:CMD:[0x37]->[0x00]
[17:43:20:911]505202:[DBG]:CMD:[0x01]->[0x00]
[17:43:20:911]505202:[DBG]:CMD:[0x20]->[0x00]
[17:43:21:207]505504:[DBG]:CMD:[0x37]->[0x00]
[17:43:21:207]505504:[DBG]:CMD:[0x01]->[0x00]
[17:43:21:207]505506:[DBG]:CMD:[0x20]->[0x00]
[17:43:21:520]505808:[DBG]:CMD:[0x37]->[0x00]
[17:43:21:520]505808:[DBG]:CMD:[0x01]->[0x00]
[17:43:21:520]505810:[DBG]:CMD:[0x20]->[0x00]
[17:43:21:832]506110:[DBG]:CMD:[0x37]->[0x00]
[17:43:21:832]506112:[DBG]:CMD:[0x01]->[0x00]
[17:43:21:832]506112:[DBG]:CMD:[0x20]->[0x00]
[17:43:22:129]506414:[DBG]:CMD:[0x37]->[0x00]
[17:43:22:129]506414:[DBG]:CMD:[0x01]->[0x00]
[17:43:22:129]506418:[DBG]:CMD:[0x20]->[0x00]
[17:43:22:238]506534:[DBG]:IIC:TEMP ID 0:0x006F,0x0068,0x004D,0x0099,
[17:43:22:238]506534:[DBG]:IIC:TEMP ID 4:0x00A7,0x006A,0x000F,0x0091,
[17:43:22:426]506720:[DBG]:CMD:[0x37]->[0x00]
[17:43:22:426]506722:[DBG]:CMD:[0x01]->[0x00]
[17:43:22:426]506722:[DBG]:CMD:[0x20]->[0x00]
[17:43:22:723]507024:[DBG]:CMD:[0x37]->[0x00]
[17:43:22:723]507024:[DBG]:CMD:[0x01]->[0x00]
[17:43:22:723]507026:[DBG]:CMD:[0x20]->[0x00]
[17:43:23:035]507328:[DBG]:CMD:[0x37]->[0x00]
[17:43:23:035]507328:[DBG]:CMD:[0x01]->[0x00]
[17:43:23:035]507328:[DBG]:CMD:[0x20]->[0x00]
[17:43:23:332]507630:[DBG]:CMD:[0x37]->[0x00]
[17:43:23:332]507630:[DBG]:CMD:[0x01]->[0x00]
[17:43:23:332]507632:[DBG]:CMD:[0x20]->[0x00]
[17:43:23:644]507934:[DBG]:CMD:[0x37]->[0x00]
[17:43:23:644]507934:[DBG]:CMD:[0x01]->[0x00]
[17:43:23:644]507936:[DBG]:CMD:[0x20]->[0x00]
[17:43:23:941]508238:[DBG]:CMD:[0x37]->[0x00]
[17:43:23:941]508238:[DBG]:CMD:[0x01]->[0x00]
[17:43:23:941]508240:[DBG]:CMD:[0x20]->[0x00]
[17:43:24:207]508534:[DBG]:IIC:TEMP ID 0:0x0072,0x0068,0x0048,0x0099,
[17:43:24:207]508534:[DBG]:IIC:TEMP ID 4:0x00AE,0x006A,0x00EE,0x0090,
[17:43:24:253]508540:[DBG]:CMD:[0x37]->[0x00]
[17:43:24:253]508542:[DBG]:CMD:[0x01]->[0x00]
[17:43:24:253]508542:[DBG]:CMD:[0x20]->[0x00]
[17:43:24:550]508844:[DBG]:CMD:[0x37]->[0x00]
[17:43:24:550]508844:[DBG]:CMD:[0x01]->[0x00]
[17:43:24:550]508846:[DBG]:CMD:[0x20]->[0x00]
[17:43:24:847]509148:[DBG]:CMD:[0x37]->[0x00]
[17:43:24:847]509148:[DBG]:CMD:[0x01]->[0x00]
[17:43:24:847]509150:[DBG]:CMD:[0x20]->[0x00]
[17:43:25:160]509450:[DBG]:CMD:[0x37]->[0x00]
[17:43:25:160]509452:[DBG]:CMD:[0x01]->[0x00]
[17:43:25:160]509452:[DBG]:CMD:[0x20]->[0x00]
[17:43:25:456]509754:[DBG]:CMD:[0x37]->[0x00]
[17:43:25:456]509754:[DBG]:CMD:[0x01]->[0x00]
[17:43:25:456]509756:[DBG]:CMD:[0x20]->[0x00]
[17:43:25:769]510060:[DBG]:CMD:[0x37]->[0x00]
[17:43:25:769]510060:[DBG]:CMD:[0x01]->[0x00]
[17:43:25:769]510062:[DBG]:CMD:[0x20]->[0x00]
[17:43:26:066]510362:[DBG]:CMD:[0x37]->[0x00]
[17:43:26:066]510364:[DBG]:CMD:[0x01]->[0x00]
[17:43:26:066]510364:[DBG]:CMD:[0x20]->[0x00]
[17:43:26:237]510534:[DBG]:IIC:TEMP ID 0:0x0065,0x0068,0x0051,0x0099,
[17:43:26:237]510534:[DBG]:IIC:TEMP ID 4:0x00A7,0x006A,0x00FD,0x0090,
[17:43:26:362]510666:[DBG]:CMD:[0x37]->[0x00]
[17:43:26:362]510666:[DBG]:CMD:[0x01]->[0x00]
[17:43:26:362]510668:[DBG]:CMD:[0x20]->[0x00]
[17:43:26:675]510970:[DBG]:CMD:[0x37]->[0x00]
[17:43:26:675]510970:[DBG]:CMD:[0x01]->[0x00]
[17:43:26:675]510972:[DBG]:CMD:[0x20]->[0x00]
[17:43:26:972]511272:[DBG]:CMD:[0x37]->[0x00]
[17:43:26:972]511274:[DBG]:CMD:[0x01]->[0x00]
[17:43:26:972]511274:[DBG]:CMD:[0x20]->[0x00]
[17:43:27:284]511576:[DBG]:CMD:[0x37]->[0x00]
[17:43:27:284]511576:[DBG]:CMD:[0x01]->[0x00]
[17:43:27:284]511578:[DBG]:CMD:[0x20]->[0x00]
[17:43:27:581]511880:[DBG]:CMD:[0x37]->[0x00]
[17:43:27:581]511880:[DBG]:CMD:[0x01]->[0x00]
[17:43:27:581]511880:[DBG]:CMD:[0x20]->[0x00]
[17:43:27:878]512182:[DBG]:CMD:[0x37]->[0x00]
[17:43:27:878]512184:[DBG]:CMD:[0x01]->[0x00]
[17:43:27:878]512184:[DBG]:CMD:[0x20]->[0x00]
[17:43:28:190]512486:[DBG]:CMD:[0x37]->[0x00]
[17:43:28:190]512486:[DBG]:CMD:[0x01]->[0x00]
[17:43:28:190]512488:[DBG]:CMD:[0x20]->[0x00]
[17:43:28:237]512534:[DBG]:IIC:TEMP ID 0:0x0056,0x0068,0x005A,0x0099,
[17:43:28:237]512534:[DBG]:IIC:TEMP ID 4:0x00A8,0x006A,0x0002,0x0091,
[17:43:28:487]512790:[DBG]:CMD:[0x37]->[0x00]
[17:43:28:487]512790:[DBG]:CMD:[0x01]->[0x00]
[17:43:28:487]512790:[DBG]:CMD:[0x20]->[0x00]
[17:43:28:799]513092:[DBG]:CMD:[0x37]->[0x00]
[17:43:28:799]513094:[DBG]:CMD:[0x01]->[0x00]
[17:43:28:799]513094:[DBG]:CMD:[0x20]->[0x00]
[17:43:29:096]513396:[DBG]:CMD:[0x37]->[0x00]
[17:43:29:096]513396:[DBG]:CMD:[0x01]->[0x00]
[17:43:29:096]513398:[DBG]:CMD:[0x20]->[0x00]
[17:43:29:393]513698:[DBG]:CMD:[0x37]->[0x00]
[17:43:29:393]513700:[DBG]:CMD:[0x01]->[0x00]
[17:43:29:393]513700:[DBG]:CMD:[0x20]->[0x00]
[17:43:29:705]514002:[DBG]:CMD:[0x37]->[0x00]
[17:43:29:705]514002:[DBG]:CMD:[0x01]->[0x00]
[17:43:29:705]514004:[DBG]:CMD:[0x20]->[0x00]
[17:43:30:002]514306:[DBG]:CMD:[0x37]->[0x00]
[17:43:30:002]514306:[DBG]:CMD:[0x01]->[0x00]
[17:43:30:002]514308:[DBG]:CMD:[0x20]->[0x00]
[17:43:30:236]514534:[DBG]:IIC:TEMP ID 0:0x0071,0x0068,0x004F,0x0099,
[17:43:30:236]514534:[DBG]:IIC:TEMP ID 4:0x00AB,0x006A,0x0003,0x0091,
[17:43:30:315]514608:[DBG]:CMD:[0x37]->[0x00]
[17:43:30:315]514610:[DBG]:CMD:[0x01]->[0x00]
[17:43:30:315]514610:[DBG]:CMD:[0x20]->[0x00]
[17:43:30:611]514912:[DBG]:CMD:[0x37]->[0x00]
[17:43:30:611]514912:[DBG]:CMD:[0x01]->[0x00]
[17:43:30:611]514914:[DBG]:CMD:[0x20]->[0x00]
[17:43:30:924]515218:[DBG]:CMD:[0x37]->[0x00]
[17:43:30:924]515220:[DBG]:CMD:[0x01]->[0x00]
[17:43:30:924]515222:[DBG]:CMD:[0x20]->[0x00]
[17:43:31:221]515522:[DBG]:CMD:[0x37]->[0x00]
[17:43:31:221]515524:[DBG]:CMD:[0x01]->[0x00]
[17:43:31:221]515524:[DBG]:CMD:[0x20]->[0x00]
[17:43:31:517]515826:[DBG]:CMD:[0x37]->[0x00]
[17:43:31:517]515826:[DBG]:CMD:[0x01]->[0x00]
[17:43:31:517]515828:[DBG]:CMD:[0x20]->[0x00]
[17:43:31:830]516130:[DBG]:CMD:[0x37]->[0x00]
[17:43:31:830]516130:[DBG]:CMD:[0x01]->[0x00]
[17:43:31:830]516130:[DBG]:CMD:[0x20]->[0x00]
[17:43:32:127]516432:[DBG]:CMD:[0x37]->[0x00]
[17:43:32:127]516434:[DBG]:CMD:[0x01]->[0x00]
[17:43:32:127]516434:[DBG]:CMD:[0x20]->[0x00]
[17:43:32:236]516534:[DBG]:IIC:TEMP ID 0:0x0072,0x0068,0x0054,0x0099,
[17:43:32:236]516534:[DBG]:IIC:TEMP ID 4:0x00AC,0x006A,0x00DC,0x0090,
[17:43:32:439]516736:[DBG]:CMD:[0x37]->[0x00]
[17:43:32:439]516736:[DBG]:CMD:[0x01]->[0x00]
[17:43:32:439]516738:[DBG]:CMD:[0x20]->[0x00]
[17:43:32:736]517040:[DBG]:CMD:[0x37]->[0x00]
[17:43:32:736]517040:[DBG]:CMD:[0x01]->[0x00]
[17:43:32:736]517042:[DBG]:CMD:[0x20]->[0x00]
[17:43:33:033]517342:[DBG]:CMD:[0x37]->[0x00]
[17:43:33:033]517344:[DBG]:CMD:[0x01]->[0x00]
[17:43:33:033]517344:[DBG]:CMD:[0x20]->[0x00]
[17:43:33:345]517646:[DBG]:CMD:[0x37]->[0x00]
[17:43:33:345]517646:[DBG]:CMD:[0x01]->[0x00]
[17:43:33:345]517648:[DBG]:CMD:[0x20]->[0x00]
[17:43:33:642]517950:[DBG]:CMD:[0x37]->[0x00]
[17:43:33:642]517950:[DBG]:CMD:[0x01]->[0x00]
[17:43:33:642]517952:[DBG]:CMD:[0x20]->[0x00]
[17:43:33:954]518252:[DBG]:CMD:[0x37]->[0x00]
[17:43:33:954]518254:[DBG]:CMD:[0x01]->[0x00]
[17:43:33:954]518254:[DBG]:CMD:[0x20]->[0x00]
[17:43:34:220]518534:[DBG]:IIC:TEMP ID 0:0x0069,0x0068,0x0059,0x0099,
[17:43:34:220]518534:[DBG]:IIC:TEMP ID 4:0x00AD,0x006A,0x00F7,0x0090,
[17:43:34:251]518556:[DBG]:CMD:[0x37]->[0x00]
[17:43:34:251]518556:[DBG]:CMD:[0x01]->[0x00]
[17:43:34:251]518560:[DBG]:CMD:[0x20]->[0x00]
[17:43:34:548]518860:[DBG]:CMD:[0x37]->[0x00]
[17:43:34:548]518860:[DBG]:CMD:[0x01]->[0x00]
[17:43:34:548]518862:[DBG]:CMD:[0x20]->[0x00]
[17:43:34:860]519164:[DBG]:CMD:[0x37]->[0x00]
[17:43:34:860]519164:[DBG]:CMD:[0x01]->[0x00]
[17:43:34:860]519166:[DBG]:CMD:[0x20]->[0x00]
[17:43:35:157]519466:[DBG]:CMD:[0x37]->[0x00]
[17:43:35:157]519468:[DBG]:CMD:[0x01]->[0x00]
[17:43:35:157]519468:[DBG]:CMD:[0x20]->[0x00]
[17:43:35:470]519770:[DBG]:CMD:[0x37]->[0x00]
[17:43:35:470]519770:[DBG]:CMD:[0x01]->[0x00]
[17:43:35:470]519772:[DBG]:CMD:[0x20]->[0x00]
[17:43:35:766]520074:[DBG]:CMD:[0x37]->[0x00]
[17:43:35:766]520074:[DBG]:CMD:[0x01]->[0x00]
[17:43:35:766]520076:[DBG]:CMD:[0x20]->[0x00]
[17:43:36:063]520376:[DBG]:CMD:[0x37]->[0x00]
[17:43:36:063]520378:[DBG]:CMD:[0x01]->[0x00]
[17:43:36:063]520378:[DBG]:CMD:[0x20]->[0x00]
[17:43:36:235]520534:[DBG]:IIC:TEMP ID 0:0x0058,0x0068,0x005C,0x0099,
[17:43:36:235]520534:[DBG]:IIC:TEMP ID 4:0x00AC,0x006A,0x00E0,0x0090,
[17:43:36:376]520680:[DBG]:CMD:[0x37]->[0x00]
[17:43:36:376]520680:[DBG]:CMD:[0x01]->[0x00]
[17:43:36:376]520682:[DBG]:CMD:[0x20]->[0x00]
[17:43:36:672]520984:[DBG]:CMD:[0x37]->[0x00]
[17:43:36:672]520984:[DBG]:CMD:[0x01]->[0x00]
[17:43:36:672]520986:[DBG]:CMD:[0x20]->[0x00]
[17:43:36:984]521286:[DBG]:CMD:[0x37]->[0x00]
[17:43:36:984]521288:[DBG]:CMD:[0x01]->[0x00]
[17:43:36:984]521288:[DBG]:CMD:[0x20]->[0x00]
[17:43:37:282]521590:[DBG]:CMD:[0x37]->[0x00]
[17:43:37:282]521590:[DBG]:CMD:[0x01]->[0x00]
[17:43:37:282]521592:[DBG]:CMD:[0x20]->[0x00]
[17:43:37:578]521894:[DBG]:CMD:[0x37]->[0x00]
[17:43:37:578]521894:[DBG]:CMD:[0x01]->[0x00]
[17:43:37:578]521896:[DBG]:CMD:[0x20]->[0x00]
[17:43:37:891]522196:[DBG]:CMD:[0x37]->[0x00]
[17:43:37:891]522198:[DBG]:CMD:[0x01]->[0x00]
[17:43:37:891]522198:[DBG]:CMD:[0x20]->[0x00]
[17:43:38:188]522500:[DBG]:CMD:[0x37]->[0x00]
[17:43:38:188]522500:[DBG]:CMD:[0x01]->[0x00]
[17:43:38:188]522502:[DBG]:CMD:[0x20]->[0x00]
[17:43:38:219]522534:[DBG]:IIC:TEMP ID 0:0x005D,0x0068,0x005F,0x0099,
[17:43:38:219]522534:[DBG]:IIC:TEMP ID 4:0x00AD,0x006A,0x00DF,0x0090,
[17:43:38:500]522804:[DBG]:CMD:[0x37]->[0x00]
[17:43:38:500]522804:[DBG]:CMD:[0x01]->[0x00]
[17:43:38:500]522806:[DBG]:CMD:[0x20]->[0x00]
[17:43:38:813]523108:[DBG]:CMD:[0x37]->[0x00]
[17:43:38:813]523108:[DBG]:CMD:[0x01]->[0x00]
[17:43:38:813]523108:[DBG]:CMD:[0x20]->[0x00]
[17:43:39:109]523410:[DBG]:CMD:[0x37]->[0x00]
[17:43:39:109]523412:[DBG]:CMD:[0x01]->[0x00]
[17:43:39:109]523412:[DBG]:CMD:[0x20]->[0x00]
[17:43:39:406]523714:[DBG]:CMD:[0x37]->[0x00]
[17:43:39:406]523714:[DBG]:CMD:[0x01]->[0x00]
[17:43:39:406]523718:[DBG]:CMD:[0x20]->[0x00]
[17:43:39:719]524020:[DBG]:CMD:[0x37]->[0x00]
[17:43:39:719]524022:[DBG]:CMD:[0x01]->[0x00]
[17:43:39:719]524022:[DBG]:CMD:[0x20]->[0x00]
[17:43:40:015]524324:[DBG]:CMD:[0x37]->[0x00]
[17:43:40:015]524324:[DBG]:CMD:[0x01]->[0x00]
[17:43:40:015]524326:[DBG]:CMD:[0x20]->[0x00]
[17:43:40:218]524534:[DBG]:IIC:TEMP ID 0:0x006C,0x0068,0x005E,0x0099,
[17:43:40:218]524534:[DBG]:IIC:TEMP ID 4:0x00AA,0x006A,0x00EA,0x0090,
[17:43:40:312]524626:[DBG]:CMD:[0x37]->[0x00]
[17:43:40:312]524628:[DBG]:CMD:[0x01]->[0x00]
[17:43:40:312]524628:[DBG]:CMD:[0x20]->[0x00]
[17:43:40:625]524930:[DBG]:CMD:[0x37]->[0x00]
[17:43:40:625]524930:[DBG]:CMD:[0x01]->[0x00]
[17:43:40:625]524932:[DBG]:CMD:[0x20]->[0x00]
[17:43:40:921]525234:[DBG]:CMD:[0x37]->[0x00]
[17:43:40:921]525234:[DBG]:CMD:[0x01]->[0x00]
[17:43:40:921]525236:[DBG]:CMD:[0x20]->[0x00]
[17:43:41:218]525536:[DBG]:CMD:[0x37]->[0x00]
[17:43:41:218]525538:[DBG]:CMD:[0x01]->[0x00]
[17:43:41:218]525538:[DBG]:CMD:[0x20]->[0x00]
[17:43:41:531]525840:[DBG]:CMD:[0x37]->[0x00]
[17:43:41:531]525840:[DBG]:CMD:[0x01]->[0x00]
[17:43:41:531]525842:[DBG]:CMD:[0x20]->[0x00]
[17:43:41:827]526144:[DBG]:CMD:[0x37]->[0x00]
[17:43:41:827]526144:[DBG]:CMD:[0x01]->[0x00]
[17:43:41:827]526146:[DBG]:CMD:[0x20]->[0x00]
[17:43:42:140]526446:[DBG]:CMD:[0x37]->[0x00]
[17:43:42:140]526448:[DBG]:CMD:[0x01]->[0x00]
[17:43:42:140]526448:[DBG]:CMD:[0x20]->[0x00]
[17:43:42:218]526534:[DBG]:IIC:TEMP ID 0:0x0061,0x0068,0x005D,0x0099,
[17:43:42:218]526534:[DBG]:IIC:TEMP ID 4:0x00B3,0x006A,0x00ED,0x0090,
[17:43:42:437]526750:[DBG]:CMD:[0x37]->[0x00]
[17:43:42:437]526750:[DBG]:CMD:[0x01]->[0x00]
[17:43:42:437]526752:[DBG]:CMD:[0x20]->[0x00]
[17:43:42:733]527052:[DBG]:CMD:[0x37]->[0x00]
[17:43:42:733]527054:[DBG]:CMD:[0x01]->[0x00]
[17:43:42:733]527054:[DBG]:CMD:[0x20]->[0x00]
[17:43:43:046]527356:[DBG]:CMD:[0x37]->[0x00]
[17:43:43:046]527356:[DBG]:CMD:[0x01]->[0x00]
[17:43:43:046]527360:[DBG]:CMD:[0x20]->[0x00]
[17:43:43:343]527660:[DBG]:CMD:[0x37]->[0x00]
[17:43:43:343]527660:[DBG]:CMD:[0x01]->[0x00]
[17:43:43:343]527662:[DBG]:CMD:[0x20]->[0x00]
[17:43:43:655]527964:[DBG]:CMD:[0x37]->[0x00]
[17:43:43:655]527964:[DBG]:CMD:[0x01]->[0x00]
[17:43:43:655]527964:[DBG]:CMD:[0x20]->[0x00]
[17:43:43:952]528266:[DBG]:CMD:[0x37]->[0x00]
[17:43:43:952]528266:[DBG]:CMD:[0x01]->[0x00]
[17:43:43:952]528268:[DBG]:CMD:[0x20]->[0x00]
[17:43:44:217]528534:[DBG]:IIC:TEMP ID 0:0x006A,0x0068,0x0066,0x0099,
[17:43:44:217]528534:[DBG]:IIC:TEMP ID 4:0x00AE,0x006A,0x00DE,0x0090,
[17:43:44:249]528568:[DBG]:CMD:[0x37]->[0x00]
[17:43:44:249]528570:[DBG]:CMD:[0x01]->[0x00]
[17:43:44:249]528570:[DBG]:CMD:[0x20]->[0x00]
[17:43:44:561]528872:[DBG]:CMD:[0x37]->[0x00]
[17:43:44:561]528872:[DBG]:CMD:[0x01]->[0x00]
[17:43:44:561]528874:[DBG]:CMD:[0x20]->[0x00]
[17:43:44:858]529174:[DBG]:CMD:[0x37]->[0x00]
[17:43:44:858]529174:[DBG]:CMD:[0x01]->[0x00]
[17:43:44:858]529176:[DBG]:CMD:[0x20]->[0x00]
[17:43:45:154]529478:[DBG]:CMD:[0x37]->[0x00]
[17:43:45:154]529478:[DBG]:CMD:[0x01]->[0x00]
[17:43:45:154]529478:[DBG]:CMD:[0x20]->[0x00]
[17:43:45:467]529780:[DBG]:CMD:[0x37]->[0x00]
[17:43:45:467]529782:[DBG]:CMD:[0x01]->[0x00]
[17:43:45:467]529782:[DBG]:CMD:[0x20]->[0x00]
[17:43:45:764]530084:[DBG]:CMD:[0x37]->[0x00]
[17:43:45:764]530084:[DBG]:CMD:[0x01]->[0x00]
[17:43:45:764]530086:[DBG]:CMD:[0x20]->[0x00]
[17:43:46:076]530386:[DBG]:CMD:[0x37]->[0x00]
[17:43:46:076]530386:[DBG]:CMD:[0x01]->[0x00]
[17:43:46:076]530388:[DBG]:CMD:[0x20]->[0x00]
[17:43:46:217]530534:[DBG]:IIC:TEMP ID 0:0x0057,0x0068,0x005F,0x0099,
[17:43:46:217]530534:[DBG]:IIC:TEMP ID 4:0x00AB,0x006A,0x00E7,0x0090,
[17:43:46:373]530690:[DBG]:CMD:[0x37]->[0x00]
[17:43:46:373]530690:[DBG]:CMD:[0x01]->[0x00]
[17:43:46:373]530692:[DBG]:CMD:[0x20]->[0x00]
[17:43:46:670]530992:[DBG]:CMD:[0x37]->[0x00]
[17:43:46:670]530994:[DBG]:CMD:[0x01]->[0x00]
[17:43:46:670]530994:[DBG]:CMD:[0x20]->[0x00]
[17:43:46:982]531296:[DBG]:CMD:[0x37]->[0x00]
[17:43:46:982]531296:[DBG]:CMD:[0x01]->[0x00]
[17:43:46:982]531298:[DBG]:CMD:[0x20]->[0x00]
[17:43:47:279]531600:[DBG]:CMD:[0x37]->[0x00]
[17:43:47:279]531600:[DBG]:CMD:[0x01]->[0x00]
[17:43:47:279]531600:[DBG]:CMD:[0x20]->[0x00]
[17:43:47:576]531902:[DBG]:CMD:[0x37]->[0x00]
[17:43:47:576]531904:[DBG]:CMD:[0x01]->[0x00]
[17:43:47:576]531904:[DBG]:CMD:[0x20]->[0x00]
[17:43:47:889]532206:[DBG]:CMD:[0x37]->[0x00]
[17:43:47:889]532206:[DBG]:CMD:[0x01]->[0x00]
[17:43:47:889]532208:[DBG]:CMD:[0x20]->[0x00]
[17:43:48:185]532508:[DBG]:CMD:[0x37]->[0x00]
[17:43:48:185]532508:[DBG]:CMD:[0x01]->[0x00]
[17:43:48:185]532510:[DBG]:CMD:[0x20]->[0x00]
[17:43:48:216]532534:[DBG]:IIC:TEMP ID 0:0x0050,0x0068,0x0060,0x0099,
[17:43:48:216]532534:[DBG]:IIC:TEMP ID 4:0x00B0,0x006A,0x00E0,0x0090,
[17:43:48:498]532812:[DBG]:CMD:[0x37]->[0x00]
[17:43:48:498]532812:[DBG]:CMD:[0x01]->[0x00]
[17:43:48:498]532812:[DBG]:CMD:[0x20]->[0x00]
[17:43:48:795]533114:[DBG]:CMD:[0x37]->[0x00]
[17:43:48:795]533116:[DBG]:CMD:[0x01]->[0x00]
[17:43:48:795]533118:[DBG]:CMD:[0x20]->[0x00]
[17:43:49:107]533420:[DBG]:CMD:[0x37]->[0x00]
[17:43:49:107]533422:[DBG]:CMD:[0x01]->[0x00]
[17:43:49:107]533422:[DBG]:CMD:[0x20]->[0x00]
[17:43:49:404]533724:[DBG]:CMD:[0x37]->[0x00]
[17:43:49:404]533724:[DBG]:CMD:[0x01]->[0x00]
[17:43:49:404]533726:[DBG]:CMD:[0x20]->[0x00]
[17:43:49:701]534026:[DBG]:CMD:[0x37]->[0x00]
[17:43:49:701]534028:[DBG]:CMD:[0x01]->[0x00]
[17:43:49:701]534028:[DBG]:CMD:[0x20]->[0x00]
[17:43:50:013]534330:[DBG]:CMD:[0x37]->[0x00]
[17:43:50:013]534330:[DBG]:CMD:[0x01]->[0x00]
[17:43:50:013]534332:[DBG]:CMD:[0x20]->[0x00]
[17:43:50:216]534534:[DBG]:IIC:TEMP ID 0:0x006F,0x0068,0x0057,0x0099,
[17:43:50:216]534534:[DBG]:IIC:TEMP ID 4:0x00AD,0x006A,0x00E7,0x0090,
[17:43:50:310]534634:[DBG]:CMD:[0x37]->[0x00]
[17:43:50:310]534634:[DBG]:CMD:[0x01]->[0x00]
[17:43:50:310]534634:[DBG]:CMD:[0x20]->[0x00]
[17:43:50:607]534936:[DBG]:CMD:[0x37]->[0x00]
[17:43:50:607]534936:[DBG]:CMD:[0x01]->[0x00]
[17:43:50:607]534938:[DBG]:CMD:[0x20]->[0x00]
[17:43:50:919]535238:[DBG]:CMD:[0x37]->[0x00]
[17:43:50:919]535240:[DBG]:CMD:[0x01]->[0x00]
[17:43:50:919]535240:[DBG]:CMD:[0x20]->[0x00]
[17:43:51:216]535542:[DBG]:CMD:[0x37]->[0x00]
[17:43:51:216]535542:[DBG]:CMD:[0x01]->[0x00]
[17:43:51:216]535544:[DBG]:CMD:[0x20]->[0x00]
[17:43:51:528]535844:[DBG]:CMD:[0x37]->[0x00]
[17:43:51:528]535846:[DBG]:CMD:[0x01]->[0x00]
[17:43:51:528]535846:[DBG]:CMD:[0x20]->[0x00]
[17:43:51:825]536148:[DBG]:CMD:[0x37]->[0x00]
[17:43:51:825]536148:[DBG]:CMD:[0x01]->[0x00]
[17:43:51:825]536150:[DBG]:CMD:[0x20]->[0x00]
[17:43:52:122]536450:[DBG]:CMD:[0x37]->[0x00]
[17:43:52:122]536452:[DBG]:CMD:[0x01]->[0x00]
[17:43:52:122]536452:[DBG]:CMD:[0x20]->[0x00]
[17:43:52:216]536534:[DBG]:IIC:TEMP ID 0:0x0076,0x0068,0x002E,0x0099,
[17:43:52:216]536534:[DBG]:IIC:TEMP ID 4:0x00AE,0x006A,0x00EE,0x0090,
[17:43:52:434]536754:[DBG]:CMD:[0x37]->[0x00]
[17:43:52:434]536754:[DBG]:CMD:[0x01]->[0x00]
[17:43:52:434]536756:[DBG]:CMD:[0x20]->[0x00]
[17:43:52:731]537056:[DBG]:CMD:[0x37]->[0x00]
[17:43:52:731]537056:[DBG]:CMD:[0x01]->[0x00]
[17:43:52:731]537060:[DBG]:CMD:[0x20]->[0x00]
[17:43:53:028]537360:[DBG]:CMD:[0x37]->[0x00]
[17:43:53:028]537360:[DBG]:CMD:[0x01]->[0x00]
[17:43:53:028]537362:[DBG]:CMD:[0x20]->[0x00]
[17:43:53:340]537662:[DBG]:CMD:[0x37]->[0x00]
[17:43:53:340]537664:[DBG]:CMD:[0x01]->[0x00]
[17:43:53:340]537664:[DBG]:CMD:[0x20]->[0x00]
[17:43:53:637]537966:[DBG]:CMD:[0x01]->[0x00]
[17:43:53:637]537968:[DBG]:CMD:[0x20]->[0x00]
[17:43:53:950]538270:[DBG]:CMD:[0x37]->[0x00]
[17:43:53:950]538270:[DBG]:CMD:[0x01]->[0x00]
[17:43:53:950]538272:[DBG]:CMD:[0x20]->[0x00]
[17:43:54:215]538534:[DBG]:IIC:TEMP ID 0:0x0069,0x0068,0x0023,0x0099,
[17:43:54:215]538534:[DBG]:IIC:TEMP ID 4:0x00B1,0x006A,0x00E7,0x0090,
[17:43:54:246]538574:[DBG]:CMD:[0x37]->[0x00]
[17:43:54:246]538574:[DBG]:CMD:[0x01]->[0x00]
[17:43:54:246]538574:[DBG]:CMD:[0x20]->[0x00]
[17:43:54:543]538876:[DBG]:CMD:[0x37]->[0x00]
[17:43:54:543]538876:[DBG]:CMD:[0x01]->[0x00]
[17:43:54:543]538878:[DBG]:CMD:[0x20]->[0x00]
[17:43:54:856]539178:[DBG]:CMD:[0x37]->[0x00]
[17:43:54:856]539180:[DBG]:CMD:[0x01]->[0x00]
[17:43:54:856]539180:[DBG]:CMD:[0x20]->[0x00]
[17:43:55:152]539482:[DBG]:CMD:[0x37]->[0x00]
[17:43:55:152]539482:[DBG]:CMD:[0x01]->[0x00]
[17:43:55:152]539484:[DBG]:CMD:[0x20]->[0x00]
[17:43:55:465]539784:[DBG]:CMD:[0x37]->[0x00]
[17:43:55:465]539784:[DBG]:CMD:[0x01]->[0x00]
[17:43:55:465]539786:[DBG]:CMD:[0x20]->[0x00]
[17:43:55:762]540088:[DBG]:CMD:[0x37]->[0x00]
[17:43:55:762]540088:[DBG]:CMD:[0x01]->[0x00]
[17:43:55:762]540090:[DBG]:CMD:[0x20]->[0x00]
[17:43:56:059]540390:[DBG]:CMD:[0x37]->[0x00]
[17:43:56:059]540392:[DBG]:CMD:[0x01]->[0x00]
[17:43:56:059]540392:[DBG]:CMD:[0x20]->[0x00]
[17:43:56:215]540534:[DBG]:IIC:TEMP ID 0:0x0056,0x0068,0x0020,0x0099,
[17:43:56:215]540534:[DBG]:IIC:TEMP ID 4:0x00AE,0x006A,0x00D4,0x0090,
[17:43:56:371]540694:[DBG]:CMD:[0x37]->[0x00]
[17:43:56:371]540694:[DBG]:CMD:[0x01]->[0x00]
[17:43:56:371]540696:[DBG]:CMD:[0x20]->[0x00]
[17:43:56:668]540996:[DBG]:CMD:[0x37]->[0x00]
[17:43:56:668]540996:[DBG]:CMD:[0x01]->[0x00]
[17:43:56:668]540998:[DBG]:CMD:[0x20]->[0x00]
[17:43:56:965]541300:[DBG]:CMD:[0x37]->[0x00]
[17:43:56:965]541300:[DBG]:CMD:[0x01]->[0x00]
[17:43:56:965]541302:[DBG]:CMD:[0x20]->[0x00]
[17:43:57:277]541602:[DBG]:CMD:[0x37]->[0x00]
[17:43:57:277]541604:[DBG]:CMD:[0x01]->[0x00]
[17:43:57:277]541604:[DBG]:CMD:[0x20]->[0x00]
[17:43:57:574]541906:[DBG]:CMD:[0x37]->[0x00]
[17:43:57:574]541906:[DBG]:CMD:[0x01]->[0x00]
[17:43:57:574]541908:[DBG]:CMD:[0x20]->[0x00]
[17:43:57:886]542208:[DBG]:CMD:[0x37]->[0x00]
[17:43:57:886]542208:[DBG]:CMD:[0x01]->[0x00]
[17:43:57:886]542210:[DBG]:CMD:[0x20]->[0x00]
[17:43:58:167]542512:[DBG]:CMD:[0x37]->[0x00]
[17:43:58:167]542512:[DBG]:CMD:[0x01]->[0x00]
[17:43:58:167]542512:[DBG]:CMD:[0x20]->[0x00]
[17:43:58:198]542534:[DBG]:IIC:TEMP ID 0:0x0079,0x0068,0x0005,0x0099,
[17:43:58:198]542534:[DBG]:IIC:TEMP ID 4:0x00B1,0x006A,0x00E9,0x0090,
[17:43:58:495]542814:[DBG]:CMD:[0x37]->[0x00]
[17:43:58:495]542814:[DBG]:CMD:[0x01]->[0x00]
[17:43:58:495]542818:[DBG]:CMD:[0x20]->[0x00]
[17:43:58:792]543120:[DBG]:CMD:[0x37]->[0x00]
[17:43:58:792]543122:[DBG]:CMD:[0x01]->[0x00]
[17:43:58:792]543122:[DBG]:CMD:[0x20]->[0x00]
[17:43:59:089]543424:[DBG]:CMD:[0x37]->[0x00]
[17:43:59:089]543424:[DBG]:CMD:[0x01]->[0x00]
[17:43:59:089]543426:[DBG]:CMD:[0x20]->[0x00]
[17:43:59:401]543726:[DBG]:CMD:[0x37]->[0x00]
[17:43:59:401]543726:[DBG]:CMD:[0x01]->[0x00]
[17:43:59:401]543728:[DBG]:CMD:[0x20]->[0x00]
[17:43:59:698]544030:[DBG]:CMD:[0x37]->[0x00]
[17:43:59:698]544030:[DBG]:CMD:[0x01]->[0x00]
[17:43:59:698]544030:[DBG]:CMD:[0x20]->[0x00]
[17:43:59:995]544332:[DBG]:CMD:[0x37]->[0x00]
[17:43:59:995]544332:[DBG]:CMD:[0x01]->[0x00]
[17:43:59:995]544334:[DBG]:CMD:[0x20]->[0x00]
[17:44:00:198]544534:[DBG]:IIC:TEMP ID 0:0x0074,0x0068,0x0002,0x0099,
[17:44:00:198]544534:[DBG]:IIC:TEMP ID 4:0x00AE,0x006A,0x00EE,0x0090,
[17:44:00:308]544634:[DBG]:CMD:[0x37]->[0x00]
[17:44:00:308]544636:[DBG]:CMD:[0x01]->[0x00]
[17:44:00:308]544636:[DBG]:CMD:[0x20]->[0x00]
[17:44:00:604]544938:[DBG]:CMD:[0x37]->[0x00]
[17:44:00:604]544938:[DBG]:CMD:[0x01]->[0x00]
[17:44:00:604]544940:[DBG]:CMD:[0x20]->[0x00]
[17:44:00:901]545240:[DBG]:CMD:[0x37]->[0x00]
[17:44:00:901]545240:[DBG]:CMD:[0x01]->[0x00]
[17:44:00:901]545242:[DBG]:CMD:[0x20]->[0x00]
[17:44:01:214]545544:[DBG]:CMD:[0x37]->[0x00]
[17:44:01:214]545544:[DBG]:CMD:[0x01]->[0x00]
[17:44:01:214]545544:[DBG]:CMD:[0x20]->[0x00]
[17:44:01:510]545846:[DBG]:CMD:[0x37]->[0x00]
[17:44:01:510]545846:[DBG]:CMD:[0x01]->[0x00]
[17:44:01:510]545848:[DBG]:CMD:[0x20]->[0x00]
[17:44:01:823]546148:[DBG]:CMD:[0x37]->[0x00]
[17:44:01:823]546150:[DBG]:CMD:[0x01]->[0x00]
[17:44:01:823]546150:[DBG]:CMD:[0x20]->[0x00]
[17:44:02:120]546452:[DBG]:CMD:[0x37]->[0x00]
[17:44:02:120]546452:[DBG]:CMD:[0x01]->[0x00]
[17:44:02:120]546454:[DBG]:CMD:[0x20]->[0x00]
[17:44:02:198]546534:[DBG]:IIC:TEMP ID 0:0x005F,0x0068,0x00FD,0x0098,
[17:44:02:198]546534:[DBG]:IIC:TEMP ID 4:0x00B1,0x006A,0x00D1,0x0090,
[17:44:02:416]546754:[DBG]:CMD:[0x37]->[0x00]
[17:44:02:416]546756:[DBG]:CMD:[0x01]->[0x00]
[17:44:02:416]546756:[DBG]:CMD:[0x20]->[0x00]
[17:44:02:729]547060:[DBG]:CMD:[0x37]->[0x00]
[17:44:02:729]547060:[DBG]:CMD:[0x01]->[0x00]
[17:44:02:729]547060:[DBG]:CMD:[0x20]->[0x00]
[17:44:03:026]547362:[DBG]:CMD:[0x37]->[0x00]
[17:44:03:026]547364:[DBG]:CMD:[0x01]->[0x00]
[17:44:03:026]547364:[DBG]:CMD:[0x20]->[0x00]
[17:44:03:338]547666:[DBG]:CMD:[0x37]->[0x00]
[17:44:03:338]547666:[DBG]:CMD:[0x01]->[0x00]
[17:44:03:338]547668:[DBG]:CMD:[0x20]->[0x00]
[17:44:03:635]547968:[DBG]:CMD:[0x37]->[0x00]
[17:44:03:635]547970:[DBG]:CMD:[0x01]->[0x00]
[17:44:03:635]547970:[DBG]:CMD:[0x20]->[0x00]
[17:44:03:932]548272:[DBG]:CMD:[0x37]->[0x00]
[17:44:03:932]548272:[DBG]:CMD:[0x01]->[0x00]
[17:44:03:932]548274:[DBG]:CMD:[0x20]->[0x00]
[17:44:04:197]548534:[DBG]:IIC:TEMP ID 0:0x006C,0x0068,0x00D6,0x0098,
[17:44:04:197]548534:[DBG]:IIC:TEMP ID 4:0x00B4,0x006A,0x00C4,0x0090,
[17:44:04:244]548574:[DBG]:CMD:[0x37]->[0x00]
[17:44:04:244]548576:[DBG]:CMD:[0x01]->[0x00]
[17:44:04:244]548576:[DBG]:CMD:[0x20]->[0x00]
[17:44:04:541]548878:[DBG]:CMD:[0x37]->[0x00]
[17:44:04:541]548878:[DBG]:CMD:[0x01]->[0x00]
[17:44:04:541]548880:[DBG]:CMD:[0x20]->[0x00]
[17:44:04:838]549180:[DBG]:CMD:[0x37]->[0x00]
[17:44:04:838]549182:[DBG]:CMD:[0x01]->[0x00]
[17:44:04:838]549182:[DBG]:CMD:[0x20]->[0x00]
[17:44:05:150]549484:[DBG]:CMD:[0x37]->[0x00]
[17:44:05:150]549484:[DBG]:CMD:[0x01]->[0x00]
[17:44:05:150]549486:[DBG]:CMD:[0x20]->[0x00]
[17:44:05:447]549786:[DBG]:CMD:[0x37]->[0x00]
[17:44:05:447]549786:[DBG]:CMD:[0x01]->[0x00]
[17:44:05:447]549788:[DBG]:CMD:[0x20]->[0x00]
[17:44:05:759]550090:[DBG]:CMD:[0x37]->[0x00]
[17:44:05:759]550090:[DBG]:CMD:[0x01]->[0x00]
[17:44:05:759]550090:[DBG]:CMD:[0x20]->[0x00]
[17:44:06:056]550392:[DBG]:CMD:[0x37]->[0x00]
[17:44:06:056]550392:[DBG]:CMD:[0x01]->[0x00]
[17:44:06:056]550394:[DBG]:CMD:[0x20]->[0x00]
[17:44:06:197]550534:[DBG]:IIC:TEMP ID 0:0x0083,0x0068,0x00C1,0x0098,
[17:44:06:197]550534:[DBG]:IIC:TEMP ID 4:0x00B1,0x006A,0x00D9,0x0090,
[17:44:06:353]550694:[DBG]:CMD:[0x37]->[0x00]
[17:44:06:353]550696:[DBG]:CMD:[0x01]->[0x00]
[17:44:06:353]550696:[DBG]:CMD:[0x20]->[0x00]
[17:44:06:665]550998:[DBG]:CMD:[0x37]->[0x00]
[17:44:06:665]550998:[DBG]:CMD:[0x01]->[0x00]
[17:44:06:665]551000:[DBG]:CMD:[0x20]->[0x00]
[17:44:06:962]551300:[DBG]:CMD:[0x37]->[0x00]
[17:44:06:962]551300:[DBG]:CMD:[0x01]->[0x00]
[17:44:06:962]551302:[DBG]:CMD:[0x20]->[0x00]
[17:44:07:259]551604:[DBG]:CMD:[0x37]->[0x00]
[17:44:07:259]551604:[DBG]:CMD:[0x01]->[0x00]
[17:44:07:259]551604:[DBG]:CMD:[0x20]->[0x00]
[17:44:07:571]551906:[DBG]:CMD:[0x37]->[0x00]
[17:44:07:571]551906:[DBG]:CMD:[0x01]->[0x00]
[17:44:07:571]551908:[DBG]:CMD:[0x20]->[0x00]
[17:44:07:884]552208:[DBG]:CMD:[0x37]->[0x00]
[17:44:07:884]552210:[DBG]:CMD:[0x01]->[0x00]
[17:44:07:884]552210:[DBG]:CMD:[0x20]->[0x00]
[17:44:08:165]552512:[DBG]:CMD:[0x37]->[0x00]
[17:44:08:165]552512:[DBG]:CMD:[0x01]->[0x00]
[17:44:08:165]552514:[DBG]:CMD:[0x20]->[0x00]
[17:44:08:196]552534:[DBG]:IIC:TEMP ID 0:0x005C,0x0068,0x00E0,0x0098,
[17:44:08:196]552534:[DBG]:IIC:TEMP ID 4:0x00B2,0x006A,0x00D4,0x0090,
[17:44:08:477]552814:[DBG]:CMD:[0x37]->[0x00]
[17:44:08:477]552818:[DBG]:CMD:[0x01]->[0x00]
[17:44:08:477]552820:[DBG]:CMD:[0x20]->[0x00]
[17:44:08:790]553122:[DBG]:CMD:[0x37]->[0x00]
[17:44:08:790]553122:[DBG]:CMD:[0x01]->[0x00]
[17:44:08:790]553124:[DBG]:CMD:[0x20]->[0x00]
[17:44:09:087]553424:[DBG]:CMD:[0x37]->[0x00]
[17:44:09:087]553426:[DBG]:CMD:[0x01]->[0x00]
[17:44:09:087]553426:[DBG]:CMD:[0x20]->[0x00]
[17:44:09:384]553728:[DBG]:CMD:[0x37]->[0x00]
[17:44:09:384]553728:[DBG]:CMD:[0x01]->[0x00]
[17:44:09:384]553730:[DBG]:CMD:[0x20]->[0x00]
[17:44:09:696]554030:[DBG]:CMD:[0x37]->[0x00]
[17:44:09:696]554032:[DBG]:CMD:[0x01]->[0x00]
[17:44:09:696]554032:[DBG]:CMD:[0x20]->[0x00]
[17:44:09:993]554334:[DBG]:CMD:[0x37]->[0x00]
[17:44:09:993]554334:[DBG]:CMD:[0x01]->[0x00]
[17:44:09:993]554336:[DBG]:CMD:[0x20]->[0x00]
[17:44:10:196]554534:[DBG]:IIC:TEMP ID 0:0x0063,0x0068,0x00C3,0x0098,
[17:44:10:196]554534:[DBG]:IIC:TEMP ID 4:0x00B3,0x006A,0x00D9,0x0090,
[17:44:10:290]554636:[DBG]:CMD:[0x37]->[0x00]
[17:44:10:290]554636:[DBG]:CMD:[0x01]->[0x00]
[17:44:10:290]554638:[DBG]:CMD:[0x20]->[0x00]
[17:44:10:602]554940:[DBG]:CMD:[0x37]->[0x00]
[17:44:10:602]554940:[DBG]:CMD:[0x01]->[0x00]
[17:44:10:602]554940:[DBG]:CMD:[0x20]->[0x00]
[17:44:10:899]555242:[DBG]:CMD:[0x37]->[0x00]
[17:44:10:899]555242:[DBG]:CMD:[0x01]->[0x00]
[17:44:10:899]555244:[DBG]:CMD:[0x20]->[0x00]
[17:44:11:195]555546:[DBG]:CMD:[0x37]->[0x00]
[17:44:11:195]555546:[DBG]:CMD:[0x01]->[0x00]
[17:44:11:195]555548:[DBG]:CMD:[0x20]->[0x00]
[17:44:11:508]555848:[DBG]:CMD:[0x37]->[0x00]
[17:44:11:508]555848:[DBG]:CMD:[0x01]->[0x00]
[17:44:11:508]555850:[DBG]:CMD:[0x20]->[0x00]
[17:44:11:804]556152:[DBG]:CMD:[0x37]->[0x00]
[17:44:11:804]556152:[DBG]:CMD:[0x01]->[0x00]
[17:44:11:804]556154:[DBG]:CMD:[0x20]->[0x00]
[17:44:12:117]556454:[DBG]:CMD:[0x37]->[0x00]
[17:44:12:117]556454:[DBG]:CMD:[0x01]->[0x00]
[17:44:12:117]556456:[DBG]:CMD:[0x20]->[0x00]
[17:44:12:195]556534:[DBG]:IIC:TEMP ID 0:0x0080,0x0068,0x00B4,0x0098,
[17:44:12:195]556534:[DBG]:IIC:TEMP ID 4:0x00B2,0x006A,0x00C2,0x0090,
[17:44:12:414]556760:[DBG]:CMD:[0x37]->[0x00]
[17:44:12:414]556760:[DBG]:CMD:[0x01]->[0x00]
[17:44:12:414]556762:[DBG]:CMD:[0x20]->[0x00]
[17:44:12:726]557062:[DBG]:CMD:[0x37]->[0x00]
[17:44:12:726]557064:[DBG]:CMD:[0x01]->[0x00]
[17:44:12:726]557064:[DBG]:CMD:[0x20]->[0x00]
[17:44:13:023]557366:[DBG]:CMD:[0x37]->[0x00]
[17:44:13:023]557366:[DBG]:CMD:[0x01]->[0x00]
[17:44:13:023]557368:[DBG]:CMD:[0x20]->[0x00]
[17:44:13:320]557668:[DBG]:CMD:[0x37]->[0x00]
[17:44:13:320]557670:[DBG]:CMD:[0x01]->[0x00]
[17:44:13:320]557670:[DBG]:CMD:[0x20]->[0x00]
[17:44:13:632]557972:[DBG]:CMD:[0x37]->[0x00]
[17:44:13:632]557972:[DBG]:CMD:[0x01]->[0x00]
[17:44:13:632]557974:[DBG]:CMD:[0x20]->[0x00]
[17:44:13:929]558276:[DBG]:CMD:[0x37]->[0x00]
[17:44:13:929]558276:[DBG]:CMD:[0x01]->[0x00]
[17:44:13:929]558278:[DBG]:CMD:[0x20]->[0x00]
[17:44:14:194]558534:[DBG]:IIC:TEMP ID 0:0x0063,0x0068,0x00D9,0x0098,
[17:44:14:194]558534:[DBG]:IIC:TEMP ID 4:0x00B7,0x006A,0x00D3,0x0090,
[17:44:14:226]558578:[DBG]:CMD:[0x37]->[0x00]
[17:44:14:226]558578:[DBG]:CMD:[0x01]->[0x00]
[17:44:14:226]558580:[DBG]:CMD:[0x20]->[0x00]
[17:44:14:539]558882:[DBG]:CMD:[0x37]->[0x00]
[17:44:14:539]558882:[DBG]:CMD:[0x01]->[0x00]
[17:44:14:539]558884:[DBG]:CMD:[0x20]->[0x00]
[17:44:14:835]559184:[DBG]:CMD:[0x37]->[0x00]
[17:44:14:835]559186:[DBG]:CMD:[0x01]->[0x00]
[17:44:14:835]559186:[DBG]:CMD:[0x20]->[0x00]
[17:44:15:148]559488:[DBG]:CMD:[0x37]->[0x00]
[17:44:15:148]559490:[DBG]:CMD:[0x01]->[0x00]
[17:44:15:148]559490:[DBG]:CMD:[0x20]->[0x00]
[17:44:15:444]559792:[DBG]:CMD:[0x37]->[0x00]
[17:44:15:444]559792:[DBG]:CMD:[0x01]->[0x00]
[17:44:15:444]559794:[DBG]:CMD:[0x20]->[0x00]
[17:44:15:741]560096:[DBG]:CMD:[0x37]->[0x00]
[17:44:15:741]560096:[DBG]:CMD:[0x01]->[0x00]
[17:44:15:741]560098:[DBG]:CMD:[0x20]->[0x00]
[17:44:16:054]560398:[DBG]:CMD:[0x37]->[0x00]
[17:44:16:054]560400:[DBG]:CMD:[0x01]->[0x00]
[17:44:16:054]560400:[DBG]:CMD:[0x20]->[0x00]
[17:44:16:194]560534:[DBG]:IIC:TEMP ID 0:0x006A,0x0068,0x00B6,0x0098,
[17:44:16:194]560534:[DBG]:IIC:TEMP ID 4:0x00B6,0x006A,0x00C6,0x0090,
[17:44:16:351]560702:[DBG]:CMD:[0x37]->[0x00]
[17:44:16:351]560702:[DBG]:CMD:[0x01]->[0x00]
[17:44:16:351]560704:[DBG]:CMD:[0x20]->[0x00]
[17:44:16:663]561006:[DBG]:CMD:[0x37]->[0x00]
[17:44:16:663]561006:[DBG]:CMD:[0x01]->[0x00]
[17:44:16:663]561008:[DBG]:CMD:[0x20]->[0x00]
[17:44:16:959]561308:[DBG]:CMD:[0x37]->[0x00]
[17:44:16:959]561310:[DBG]:CMD:[0x01]->[0x00]
[17:44:16:959]561310:[DBG]:CMD:[0x20]->[0x00]
[17:44:17:272]561612:[DBG]:CMD:[0x37]->[0x00]
[17:44:17:272]561612:[DBG]:CMD:[0x01]->[0x00]
[17:44:17:272]561614:[DBG]:CMD:[0x20]->[0x00]
[17:44:17:569]561918:[DBG]:CMD:[0x37]->[0x00]
[17:44:17:569]561920:[DBG]:CMD:[0x01]->[0x00]
[17:44:17:569]561922:[DBG]:CMD:[0x20]->[0x00]
[17:44:17:866]562222:[DBG]:CMD:[0x37]->[0x00]
[17:44:17:866]562222:[DBG]:CMD:[0x01]->[0x00]
[17:44:17:866]562224:[DBG]:CMD:[0x20]->[0x00]
[17:44:18:147]562526:[DBG]:CMD:[0x37]->[0x00]
[17:44:18:147]562526:[DBG]:CMD:[0x01]->[0x00]
[17:44:18:147]562528:[DBG]:CMD:[0x20]->[0x00]
[17:44:18:194]562534:[DBG]:IIC:TEMP ID 0:0x0065,0x0068,0x00BB,0x0098,
[17:44:18:194]562534:[DBG]:IIC:TEMP ID 4:0x00B5,0x006A,0x00C5,0x0090,
[17:44:18:475]562828:[DBG]:CMD:[0x37]->[0x00]
[17:44:18:475]562830:[DBG]:CMD:[0x01]->[0x00]
[17:44:18:475]562830:[DBG]:CMD:[0x20]->[0x00]
[17:44:18:787]563132:[DBG]:CMD:[0x37]->[0x00]
[17:44:18:787]563132:[DBG]:CMD:[0x01]->[0x00]
[17:44:18:787]563134:[DBG]:CMD:[0x20]->[0x00]
[17:44:19:084]563436:[DBG]:CMD:[0x37]->[0x00]
[17:44:19:084]563436:[DBG]:CMD:[0x01]->[0x00]
[17:44:19:084]563438:[DBG]:CMD:[0x20]->[0x00]
[17:44:19:381]563740:[DBG]:CMD:[0x37]->[0x00]
[17:44:19:381]563740:[DBG]:CMD:[0x01]->[0x00]
[17:44:19:381]563740:[DBG]:CMD:[0x20]->[0x00]
[17:44:19:694]564042:[DBG]:CMD:[0x37]->[0x00]
[17:44:19:694]564044:[DBG]:CMD:[0x01]->[0x00]
[17:44:19:694]564044:[DBG]:CMD:[0x20]->[0x00]
[17:44:19:990]564346:[DBG]:CMD:[0x37]->[0x00]
[17:44:19:990]564346:[DBG]:CMD:[0x01]->[0x00]
[17:44:19:990]564348:[DBG]:CMD:[0x20]->[0x00]
[17:44:20:177]564534:[DBG]:IIC:TEMP ID 0:0x0066,0x0068,0x00BA,0x0098,
[17:44:20:177]564534:[DBG]:IIC:TEMP ID 4:0x00B2,0x006A,0x00AC,0x0090,
[17:44:20:303]564650:[DBG]:CMD:[0x37]->[0x00]
[17:44:20:303]564650:[DBG]:CMD:[0x01]->[0x00]
[17:44:20:303]564650:[DBG]:CMD:[0x20]->[0x00]
[17:44:20:599]564952:[DBG]:CMD:[0x37]->[0x00]
[17:44:20:599]564954:[DBG]:CMD:[0x01]->[0x00]
[17:44:20:599]564954:[DBG]:CMD:[0x20]->[0x00]
[17:44:20:912]565256:[DBG]:CMD:[0x37]->[0x00]
[17:44:20:912]565256:[DBG]:CMD:[0x01]->[0x00]
[17:44:20:912]565260:[DBG]:CMD:[0x20]->[0x00]
[17:44:21:209]565560:[DBG]:CMD:[0x37]->[0x00]
[17:44:21:209]565560:[DBG]:CMD:[0x01]->[0x00]
[17:44:21:209]565562:[DBG]:CMD:[0x20]->[0x00]
[17:44:21:506]565864:[DBG]:CMD:[0x37]->[0x00]
[17:44:21:506]565864:[DBG]:CMD:[0x01]->[0x00]
[17:44:21:506]565866:[DBG]:CMD:[0x20]->[0x00]
[17:44:21:818]566168:[DBG]:CMD:[0x37]->[0x00]
[17:44:21:818]566168:[DBG]:CMD:[0x01]->[0x00]
[17:44:21:818]566170:[DBG]:CMD:[0x20]->[0x00]
[17:44:22:115]566470:[DBG]:CMD:[0x37]->[0x00]
[17:44:22:115]566470:[DBG]:CMD:[0x01]->[0x00]
[17:44:22:115]566472:[DBG]:CMD:[0x20]->[0x00]
[17:44:22:177]566534:[DBG]:IIC:TEMP ID 0:0x0077,0x0068,0x00B3,0x0098,
[17:44:22:177]566534:[DBG]:IIC:TEMP ID 4:0x00BB,0x006A,0x00B7,0x0090,
[17:44:22:412]566774:[DBG]:CMD:[0x37]->[0x00]
[17:44:22:412]566774:[DBG]:CMD:[0x01]->[0x00]
[17:44:22:412]566776:[DBG]:CMD:[0x20]->[0x00]
[17:44:22:724]567078:[DBG]:CMD:[0x37]->[0x00]
[17:44:22:724]567078:[DBG]:CMD:[0x01]->[0x00]
[17:44:22:724]567078:[DBG]:CMD:[0x20]->[0x00]
[17:44:23:021]567380:[DBG]:CMD:[0x37]->[0x00]
[17:44:23:021]567380:[DBG]:CMD:[0x01]->[0x00]
[17:44:23:021]567382:[DBG]:CMD:[0x20]->[0x00]
[17:44:23:333]567684:[DBG]:CMD:[0x37]->[0x00]
[17:44:23:333]567684:[DBG]:CMD:[0x01]->[0x00]
[17:44:23:333]567686:[DBG]:CMD:[0x20]->[0x00]
[17:44:23:630]567988:[DBG]:CMD:[0x37]->[0x00]
[17:44:23:630]567988:[DBG]:CMD:[0x01]->[0x00]
[17:44:23:630]567988:[DBG]:CMD:[0x20]->[0x00]
[17:44:23:927]568290:[DBG]:CMD:[0x37]->[0x00]
[17:44:23:927]568290:[DBG]:CMD:[0x01]->[0x00]
[17:44:23:927]568292:[DBG]:CMD:[0x20]->[0x00]
[17:44:24:177]568534:[DBG]:IIC:TEMP ID 0:0x0072,0x0068,0x00A0,0x0098,
[17:44:24:177]568534:[DBG]:IIC:TEMP ID 4:0x00B8,0x006A,0x00A8,0x0090,
[17:44:24:239]568594:[DBG]:CMD:[0x37]->[0x00]
[17:44:24:239]568594:[DBG]:CMD:[0x01]->[0x00]
[17:44:24:239]568596:[DBG]:CMD:[0x20]->[0x00]
[17:44:24:536]568898:[DBG]:CMD:[0x37]->[0x00]
[17:44:24:536]568898:[DBG]:CMD:[0x01]->[0x00]
[17:44:24:536]568898:[DBG]:CMD:[0x20]->[0x00]
[17:44:24:849]569200:[DBG]:CMD:[0x37]->[0x00]
[17:44:24:849]569202:[DBG]:CMD:[0x01]->[0x00]
[17:44:24:849]569202:[DBG]:CMD:[0x20]->[0x00]
[17:44:25:145]569504:[DBG]:CMD:[0x37]->[0x00]
[17:44:25:145]569504:[DBG]:CMD:[0x01]->[0x00]
[17:44:25:145]569506:[DBG]:CMD:[0x20]->[0x00]
[17:44:25:458]569808:[DBG]:CMD:[0x37]->[0x00]
[17:44:25:458]569808:[DBG]:CMD:[0x01]->[0x00]
[17:44:25:458]569808:[DBG]:CMD:[0x20]->[0x00]
[17:44:25:755]570110:[DBG]:CMD:[0x37]->[0x00]
[17:44:25:755]570112:[DBG]:CMD:[0x01]->[0x00]
[17:44:25:755]570112:[DBG]:CMD:[0x20]->[0x00]
[17:44:26:067]570414:[DBG]:CMD:[0x37]->[0x00]
[17:44:26:067]570414:[DBG]:CMD:[0x01]->[0x00]
[17:44:26:067]570418:[DBG]:CMD:[0x0]->[0x00]
[17:44:26:176]570534:[DBG]:IIC:TEMP ID 0:0x0063,0x0068,0x00B3,0x0098,
[17:44:26:176]570534:[DBG]:IIC:TEMP ID 4:0x00B5,0x006A,0x00B5,0x0090,
[17:44:26:364]570720:[DBG]:CMD:[0x37]->[0x00]
[17:44:26:364]570722:[DBG]:CMD:[0x01]->[0x00]
[17:44:26:364]570722:[DBG]:CMD:[0x20]->[0x00]
[17:44:26:661]571024:[DBG]:CMD:[0x37]->[0x00]
[17:44:26:661]571024:[DBG]:CMD:[0x01]->[0x00]
[17:44:26:661]571026:[DBG]:CMD:[0x20]->[0x00]
[17:44:26:973]571326:[DBG]:CMD:[0x37]->[0x00]
[17:44:26:973]571328:[DBG]:CMD:[0x01]->[0x00]
[17:44:26:973]571328:[DBG]:CMD:[0x20]->[0x00]
[17:44:27:270]571630:[DBG]:CMD:[0x37]->[0x00]
[17:44:27:270]571630:[DBG]:CMD:[0x01]->[0x00]
[17:44:27:270]571632:[DBG]:CMD:[0x20]->[0x00]
[17:44:27:567]571934:[DBG]:CMD:[0x37]->[0x00]
[17:44:27:567]571934:[DBG]:CMD:[0x01]->[0x00]
[17:44:27:567]571936:[DBG]:CMD:[0x20]->[0x00]
[17:44:27:879]572238:[DBG]:CMD:[0x37]->[0x00]
[17:44:27:879]572238:[DBG]:CMD:[0x01]->[0x00]
[17:44:27:879]572238:[DBG]:CMD:[0x20]->[0x00]
[17:44:28:144]572534:[DBG]:IIC:TEMP ID 0:0x006E,0x0068,0x00BE,0x0098,
[17:44:28:144]572534:[DBG]:IIC:TEMP ID 4:0x00B8,0x006A,0x0098,0x0090,
[17:44:28:191]572540:[DBG]:CMD:[0x37]->[0x00]
[17:44:28:191]572542:[DBG]:CMD:[0x01]->[0x00]
[17:44:28:191]572542:[DBG]:CMD:[0x20]->[0x00]
[17:44:28:488]572844:[DBG]:CMD:[0x37]->[0x00]
[17:44:28:488]572844:[DBG]:CMD:[0x01]->[0x00]
[17:44:28:488]572846:[DBG]:CMD:[0x20]->[0x00]
[17:44:28:785]573148:[DBG]:CMD:[0x37]->[0x00]
[17:44:28:785]573148:[DBG]:CMD:[0x01]->[0x00]
[17:44:28:785]573150:[DBG]:CMD:[0x20]->[0x00]
[17:44:29:097]573450:[DBG]:CMD:[0x37]->[0x00]
[17:44:29:097]573452:[DBG]:CMD:[0x01]->[0x00]
[17:44:29:097]573452:[DBG]:CMD:[0x20]->[0x00]
[17:44:29:394]573754:[DBG]:CMD:[0x37]->[0x00]
[17:44:29:394]573754:[DBG]:CMD:[0x01]->[0x00]
[17:44:29:394]573756:[DBG]:CMD:[0x20]->[0x00]
[17:44:29:691]574060:[DBG]:CMD:[0x37]->[0x00]
[17:44:29:691]574060:[DBG]:CMD:[0x01]->[0x00]
[17:44:29:691]574060:[DBG]:CMD:[0x20]->[0x00]
[17:44:30:004]574362:[DBG]:CMD:[0x37]->[0x00]
[17:44:30:004]574364:[DBG]:CMD:[0x01]->[0x00]
[17:44:30:004]574364:[DBG]:CMD:[0x20]->[0x00]
[17:44:30:175]574534:[DBG]:IIC:TEMP ID 0:0x0071,0x0068,0x00B3,0x0098,
[17:44:30:175]574534:[DBG]:IIC:TEMP ID 4:0x00B9,0x006A,0x00A7,0x0090,
[17:44:30:300]574666:[DBG]:CMD:[0x37]->[0x00]
[17:44:30:300]574666:[DBG]:CMD:[0x01]->[0x00]
[17:44:30:300]574668:[DBG]:CMD:[0x20]->[0x00]
[17:44:30:613]574970:[DBG]:CMD:[0x37]->[0x00]
[17:44:30:613]574970:[DBG]:CMD:[0x01]->[0x00]
[17:44:30:613]574970:[DBG]:CMD:[0x20]->[0x00]
[17:44:30:910]575272:[DBG]:CMD:[0x37]->[0x00]
[17:44:30:910]575274:[DBG]:CMD:[0x01]->[0x00]
[17:44:30:910]575274:[DBG]:CMD:[0x20]->[0x00]
[17:44:31:206]575576:[DBG]:CMD:[0x37]->[0x00]
[17:44:31:206]575576:[DBG]:CMD:[0x01]->[0x00]
[17:44:31:206]575578:[DBG]:CMD:[0x20]->[0x00]
[17:44:31:519]575880:[DBG]:CMD:[0x37]->[0x00]
[17:44:31:519]575880:[DBG]:CMD:[0x01]->[0x00]
[17:44:31:519]575882:[DBG]:CMD:[0x20]->[0x00]
[17:44:31:816]576182:[DBG]:CMD:[0x37]->[0x00]
[17:44:31:816]576184:[DBG]:CMD:[0x01]->[0x00]
[17:44:31:816]576184:[DBG]:CMD:[0x20]->[0x00]
[17:44:32:128]576486:[DBG]:CMD:[0x37]->[0x00]
[17:44:32:128]576486:[DBG]:CMD:[0x01]->[0x00]
[17:44:32:128]576488:[DBG]:CMD:[0x20]->[0x00]
[17:44:32:175]576534:[DBG]:IIC:TEMP ID 0:0x006A,0x0068,0x00C2,0x0098,
[17:44:32:175]576534:[DBG]:IIC:TEMP ID 4:0x00B8,0x006A,0x009E,0x0090,
[17:44:32:425]576790:[DBG]:CMD:[0x37]->[0x00]
[17:44:32:425]576790:[DBG]:CMD:[0x01]->[0x00]
[17:44:32:425]576792:[DBG]:CMD:[0x20]->[0x00]
[17:44:32:721]577092:[DBG]:CMD:[0x37]->[0x00]
[17:44:32:721]577094:[DBG]:CMD:[0x01]->[0x00]
[17:44:32:721]577094:[DBG]:CMD:[0x20]->[0x00]
[17:44:33:034]577396:[DBG]:CMD:[0x37]->[0x00]
[17:44:33:034]577396:[DBG]:CMD:[0x01]->[0x00]
[17:44:33:034]577398:[DBG]:CMD:[0x20]->[0x00]
[17:44:33:331]577700:[DBG]:CMD:[0x37]->[0x00]
[17:44:33:331]577700:[DBG]:CMD:[0x01]->[0x00]
[17:44:33:331]577702:[DBG]:CMD:[0x20]->[0x00]
[17:44:33:643]578002:[DBG]:CMD:[0x37]->[0x00]
[17:44:33:643]578004:[DBG]:CMD:[0x01]->[0x00]
[17:44:33:643]578004:[DBG]:CMD:[0x20]->[0x00]
[17:44:33:956]578306:[DBG]:CMD:[0x37]->[0x00]
[17:44:33:956]578306:[DBG]:CMD:[0x01]->[0x00]
[17:44:33:956]578308:[DBG]:CMD:[0x20]->[0x00]
[17:44:34:175]578534:[DBG]:IIC:TEMP ID 0:0x006F,0x0068,0x00AF,0x0098,
[17:44:34:175]578534:[DBG]:IIC:TEMP ID 4:0x00B7,0x006A,0x007B,0x0090,
[17:44:34:253]578610:[DBG]:CMD:[0x37]->[0x00]
[17:44:34:253]578610:[DBG]:CMD:[0x01]->[0x00]
[17:44:34:253]578612:[DBG]:CMD:[0x20]->[0x00]
[17:44:34:549]578912:[DBG]:CMD:[0x37]->[0x00]
[17:44:34:549]578914:[DBG]:CMD:[0x01]->[0x00]
[17:44:34:549]578914:[DBG]:CMD:[0x20]->[0x00]
[17:44:34:862]579218:[DBG]:CMD:[0x37]->[0x00]
[17:44:34:862]579220:[DBG]:CMD:[0x01]->[0x00]
[17:44:34:862]579222:[DBG]:CMD:[0x20]->[0x00]
[17:44:35:159]579522:[DBG]:CMD:[0x37]->[0x00]
[17:44:35:159]579522:[DBG]:CMD:[0x01]->[0x00]
[17:44:35:159]579524:[DBG]:CMD:[0x20]->[0x00]
[17:44:35:456]579826:[DBG]:CMD:[0x37]->[0x00]
[17:44:35:456]579826:[DBG]:CMD:[0x01]->[0x00]
[17:44:35:456]579828:[DBG]:CMD:[0x20]->[0x00]
[17:44:35:768]580130:[DBG]:CMD:[0x37]->[0x00]
[17:44:35:768]580130:[DBG]:CMD:[0x01]->[0x00]
[17:44:35:768]580130:[DBG]:CMD:[0x20]->[0x00]
[17:44:36:065]580432:[DBG]:CMD:[0x37]->[0x00]
[17:44:36:065]580432:[DBG]:CMD:[0x01]->[0x00]
[17:44:36:065]580434:[DBG]:CMD:[0x20]->[0x00]
[17:44:36:174]580534:[DBG]:IIC:TEMP ID 0:0x0072,0x0068,0x00C8,0x0098,
[17:44:36:174]580534:[DBG]:IIC:TEMP ID 4:0x00B6,0x006A,0x0098,0x0090,
[17:44:36:361]580736:[DBG]:CMD:[0x37]->[0x00]
[17:44:36:361]580736:[DBG]:CMD:[0x01]->[0x00]
[17:44:36:361]580738:[DBG]:CMD:[0x20]->[0x00]
[17:44:36:674]581040:[DBG]:CMD:[0x37]->[0x00]
[17:44:36:674]581040:[DBG]:CMD:[0x01]->[0x00]
[17:44:36:674]581042:[DBG]:CMD:[0x20]->[0x00]
[17:44:36:971]581342:[DBG]:CMD:[0x37]->[0x00]
[17:44:36:971]581344:[DBG]:CMD:[0x01]->[0x00]
[17:44:36:971]581344:[DBG]:CMD:[0x20]->[0x00]
[17:44:37:283]581646:[DBG]:CMD:[0x37]->[0x00]
[17:44:37:283]581646:[DBG]:CMD:[0x01]->[0x00]
[17:44:37:283]581648:[DBG]:CMD:[0x20]->[0x00]
[17:44:37:580]581950:[DBG]:CMD:[0x37]->[0x00]
[17:44:37:580]581950:[DBG]:CMD:[0x01]->[0x00]
[17:44:37:580]581952:[DBG]:CMD:[0x20]->[0x00]
[17:44:37:892]582252:[DBG]:CMD:[0x37]->[0x00]
[17:44:37:892]582254:[DBG]:CMD:[0x01]->[0x00]
[17:44:37:892]582254:[DBG]:CMD:[0x20]->[0x00]
[17:44:38:158]582534:[DBG]:IIC:TEMP ID 0:0x005B,0x0068,0x00CF,0x0098,
[17:44:38:158]582534:[DBG]:IIC:TEMP ID 4:0x00B7,0x006A,0x008B,0x0090,
[17:44:38:189]582556:[DBG]:CMD:[0x37]->[0x00]
[17:44:38:189]582556:[DBG]:CMD:[0x01]->[0x00]
[17:44:38:189]582560:[DBG]:CMD:[0x20]->[0x00]
[17:44:38:486]582860:[DBG]:CMD:[0x37]->[0x00]
[17:44:38:486]582860:[DBG]:CMD:[0x01]->[0x00]
[17:44:38:486]582862:[DBG]:CMD:[0x20]->[0x00]
[17:44:38:798]583164:[DBG]:CMD:[0x37]->[0x00]
[17:44:38:798]583164:[DBG]:CMD:[0x01]->[0x00]
[17:44:38:798]583166:[DBG]:CMD:[0x20]->[0x00]
[17:44:39:095]583466:[DBG]:CMD:[0x37]->[0x00]
[17:44:39:095]583468:[DBG]:CMD:[0x01]->[0x00]
[17:44:39:095]583468:[DBG]:CMD:[0x20]->[0x00]
[17:44:39:392]583770:[DBG]:CMD:[0x37]->[0x00]
[17:44:39:392]583770:[DBG]:CMD:[0x01]->[0x00]
[17:44:39:392]583772:[DBG]:CMD:[0x20]->[0x00]
[17:44:39:705]584074:[DBG]:CMD:[0x37]->[0x00]
[17:44:39:705]584074:[DBG]:CMD:[0x01]->[0x00]
[17:44:39:705]584076:[DBG]:CMD:[0x20]->[0x00]
[17:44:40:001]584376:[DBG]:CMD:[0x37]->[0x00]
[17:44:40:001]584378:[DBG]:CMD:[0x01]->[0x00]
[17:44:40:001]584378:[DBG]:CMD:[0x20]->[0x00]
[17:44:40:157]584534:[DBG]:IIC:TEMP ID 0:0x0056,0x0068,0x00DC,0x0098,
[17:44:40:157]584534:[DBG]:IIC:TEMP ID 4:0x00B6,0x006A,0x007A,0x0090,
[17:44:40:314]584680:[DBG]:CMD:[0x37]->[0x00]
[17:44:40:314]584680:[DBG]:CMD:[0x01]->[0x00]
[17:44:40:314]584682:[DBG]:CMD:[0x20]->[0x00]
[17:44:40:611]584984:[DBG]:CMD:[0x37]->[0x00]
[17:44:40:611]584984:[DBG]:CMD:[0x01]->[0x00]
[17:44:40:611]584986:[DBG]:CMD:[0x20]->[0x00]
[17:44:40:907]585286:[DBG]:CMD:[0x37]->[0x00]
[17:44:40:907]585288:[DBG]:CMD:[0x01]->[0x00]
[17:44:40:907]585288:[DBG]:CMD:[0x20]->[0x00]
[17:44:41:220]585590:[DBG]:CMD:[0x37]->[0x00]
[17:44:41:220]585590:[DBG]:CMD:[0x01]->[0x00]
[17:44:41:220]585592:[DBG]:CMD:[0x20]->[0x00]
[17:44:41:516]585894:[DBG]:CMD:[0x37]->[0x00]
[17:44:41:516]585894:[DBG]:CMD:[0x01]->[0x00]
[17:44:41:516]585896:[DBG]:CMD:[0x20]->[0x00]
[17:44:41:829]586198:[DBG]:CMD:[0x37]->[0x00]
[17:44:41:829]586198:[DBG]:CMD:[0x01]->[0x00]
[17:44:41:829]586198:[DBG]:CMD:[0x20]->[0x00]
[17:44:42:126]586500:[DBG]:CMD:[0x37]->[0x00]
[17:44:42:126]586500:[DBG]:CMD:[0x01]->[0x00]
[17:44:42:126]586502:[DBG]:CMD:[0x20]->[0x00]
[17:44:42:157]586534:[DBG]:IIC:TEMP ID 0:0x0061,0x0068,0x00D7,0x0098,
[17:44:42:157]586534:[DBG]:IIC:TEMP ID 4:0x00B7,0x006A,0x006D,0x0090,
[17:44:42:423]586804:[DBG]:CMD:[0x37]->[0x00]
[17:44:42:423]586804:[DBG]:CMD:[0x01]->[0x00]
[17:44:42:423]586806:[DBG]:CMD:[0x20]->[0x00]
[17:44:42:735]587108:[DBG]:CMD:[0x37]->[0x00]
[17:44:42:735]587108:[DBG]:CMD:[0x01]->[0x00]
[17:44:42:735]587108:[DBG]:CMD:[0x20]->[0x00]
[17:44:43:047]587410:[DBG]:CMD:[0x37]->[0x00]
[17:44:43:047]587412:[DBG]:CMD:[0x01]->[0x00]
[17:44:43:047]587412:[DBG]:CMD:[0x20]->[0x00]
[17:44:43:344]587714:[DBG]:CMD:[0x37]->[0x00]
[17:44:43:344]587714:[DBG]:CMD:[0x01]->[0x00]
[17:44:43:344]587718:[DBG]:CMD:[0x20]->[0x00]
[17:44:43:641]588020:[DBG]:CMD:[0x37]->[0x00]
[17:44:43:641]588022:[DBG]:CMD:[0x01]->[0x00]
[17:44:43:641]588022:[DBG]:CMD:[0x20]->[0x00]
[17:44:43:954]588324:[DBG]:CMD:[0x37]->[0x00]
[17:44:43:954]588324:[DBG]:CMD:[0x01]->[0x00]
[17:44:43:954]588326:[DBG]:CMD:[0x20]->[0x00]
[17:44:44:157]588534:[DBG]:IIC:TEMP ID 0:0x006C,0x0068,0x00E6,0x0098,
[17:44:44:157]588534:[DBG]:IIC:TEMP ID 4:0x00BA,0x006A,0x0082,0x0090,
[17:44:44:250]588626:[DBG]:CMD:[0x37]->[0x00]
[17:44:44:250]588628:[DBG]:CMD:[0x01]->[0x00]
[17:44:44:250]588632:[DBG]:CMD:[0x20]->[0x00]
[17:44:44:563]588932:[DBG]:CMD:[0x37]->[0x00]
[17:44:44:563]588934:[DBG]:CMD:[0x01]->[0x00]
[17:44:44:563]588934:[DBG]:CMD:[0x20]->[0x00]
[17:44:44:860]589236:[DBG]:CMD:[0x37]->[0x00]
[17:44:44:860]589236:[DBG]:CMD:[0x01]->[0x00]
[17:44:44:860]589238:[DBG]:CMD:[0x20]->[0x00]
[17:44:45:156]589540:[DBG]:CMD:[0x37]->[0x00]
[17:44:45:156]589540:[DBG]:CMD:[0x01]->[0x00]
[17:44:45:156]589542:[DBG]:CMD:[0x20]->[0x00]
[17:44:45:469]589842:[DBG]:CMD:[0x37]->[0x00]
[17:44:45:469]589844:[DBG]:CMD:[0x01]->[0x00]
[17:44:45:469]589844:[DBG]:CMD:[0x20]->[0x00]
[17:44:45:766]590146:[DBG]:CMD:[0x37]->[0x00]
[17:44:45:766]590146:[DBG]:CMD:[0x01]->[0x00]
[17:44:45:766]590148:[DBG]:CMD:[0x20]->[0x00]
[17:44:46:078]590450:[DBG]:CMD:[0x37]->[0x00]
[17:44:46:078]590450:[DBG]:CMD:[0x01]->[0x00]
[17:44:46:078]590452:[DBG]:CMD:[0x20]->[0x00]
[17:44:46:156]590534:[DBG]:IIC:TEMP ID 0:0x006B,0x0068,0x00EF,0x0098,
[17:44:46:156]590534:[DBG]:IIC:TEMP ID 4:0x00BB,0x006A,0x0081,0x0090,
[17:44:46:375]590752:[DBG]:CMD:[0x37]->[0x00]
[17:44:46:375]590754:[DBG]:CMD:[0x01]->[0x00]
[17:44:46:375]590754:[DBG]:CMD:[0x20]->[0x00]
[17:44:46:687]591056:[DBG]:CMD:[0x37]->[0x00]
[17:44:46:687]591056:[DBG]:CMD:[0x01]->[0x00]
[17:44:46:687]591060:[DBG]:CMD:[0x20]->[0x00]
[17:44:46:984]591360:[DBG]:CMD:[0x37]->[0x00]
[17:44:46:984]591360:[DBG]:CMD:[0x01]->[0x00]
[17:44:46:984]591362:[DBG]:CMD:[0x20]->[0x00]
[17:44:47:281]591664:[DBG]:CMD:[0x37]->[0x00]
[17:44:47:281]591664:[DBG]:CMD:[0x01]->[0x00]
[17:44:47:281]591666:[DBG]:CMD:[0x20]->[0x00]
[17:44:47:593]591966:[DBG]:CMD:[0x37]->[0x00]
[17:44:47:593]591968:[DBG]:CMD:[0x01]->[0x00]
[17:44:47:593]591970:[DBG]:CMD:[0x20]->[0x00]
[17:44:47:890]592270:[DBG]:CMD:[0x37]->[0x00]
[17:44:47:890]592272:[DBG]:CMD:[0x01]->[0x00]
[17:44:47:890]592272:[DBG]:CMD:[0x20]->[0x00]
[17:44:48:156]592534:[DBG]:IIC:TEMP ID 0:0x006C,0x0068,0x00F8,0x0098,
[17:44:48:156]592534:[DBG]:IIC:TEMP ID 4:0x00BA,0x006A,0x0066,0x0090,
[17:44:48:187]592574:[DBG]:CMD:[0x37]->[0x00]
[17:44:48:187]592574:[DBG]:CMD:[0x01]->[0x00]
[17:44:48:187]592576:[DBG]:CMD:[0x20]->[0x00]
[17:44:48:499]592878:[DBG]:CMD:[0x37]->[0x00]
[17:44:48:499]592878:[DBG]:CMD:[0x01]->[0x00]
[17:44:48:499]592880:[DBG]:CMD:[0x20]->[0x00]
[17:44:48:796]593180:[DBG]:CMD:[0x37]->[0x00]
[17:44:48:796]593182:[DBG]:CMD:[0x01]->[0x00]
[17:44:48:796]593182:[DBG]:CMD:[0x20]->[0x00]
[17:44:49:109]593484:[DBG]:CMD:[0x37]->[0x00]
[17:44:49:109]593484:[DBG]:CMD:[0x01]->[0x00]
[17:44:49:109]593486:[DBG]:CMD:[0x20]->[0x00]
[17:44:49:405]593788:[DBG]:CMD:[0x37]->[0x00]
[17:44:49:405]593788:[DBG]:CMD:[0x01]->[0x00]
[17:44:49:405]593790:[DBG]:CMD:[0x20]->[0x00]
[17:44:49:702]594090:[DBG]:CMD:[0x37]->[0x00]
[17:44:49:702]594092:[DBG]:CMD:[0x01]->[0x00]
[17:44:49:702]594092:[DBG]:CMD:[0x20]->[0x00]
[17:44:50:015]594394:[DBG]:CMD:[0x37]->[0x00]
[17:44:50:015]594394:[DBG]:CMD:[0x01]->[0x00]
[17:44:50:015]594396:[DBG]:CMD:[0x20]->[0x00]
[17:44:50:155]594534:[DBG]:IIC:TEMP ID 0:0x0073,0x0068,0x00F9,0x0098,
[17:44:50:155]594534:[DBG]:IIC:TEMP ID 4:0x00B9,0x006A,0x006F,0x0090,
[17:44:50:311]594698:[DBG]:CMD:[0x37]->[0x00]
[17:44:50:311]594698:[DBG]:CMD:[0x01]->[0x00]
[17:44:50:311]594700:[DBG]:CMD:[0x20]->[0x00]
[17:44:50:624]595000:[DBG]:CMD:[0x37]->[0x00]
[17:44:50:624]595002:[DBG]:CMD:[0x01]->[0x00]
[17:44:50:624]595002:[DBG]:CMD:[0x20]->[0x00]
[17:44:50:921]595304:[DBG]:CMD:[0x37]->[0x00]
[17:44:50:921]595304:[DBG]:CMD:[0x01]->[0x00]
[17:44:50:921]595306:[DBG]:CMD:[0x20]->[0x00]
[17:44:51:233]595608:[DBG]:CMD:[0x37]->[0x00]
[17:44:51:233]595608:[DBG]:CMD:[0x01]->[0x00]
[17:44:51:233]595610:[DBG]:CMD:[0x20]->[0x00]
[17:44:51:530]595910:[DBG]:CMD:[0x37]->[0x00]
[17:44:51:530]595912:[DBG]:CMD:[0x01]->[0x00]
[17:44:51:530]595912:[DBG]:CMD:[0x20]->[0x00]
[17:44:51:842]596214:[DBG]:CMD:[0x37]->[0x00]
[17:44:51:842]596214:[DBG]:CMD:[0x01]->[0x00]
[17:44:51:842]596218:[DBG]:CMD:[0x20]->[0x00]
[17:44:52:107]596520:[DBG]:CMD:[0x37]->[0x00]
[17:44:52:107]596522:[DBG]:CMD:[0x01]->[0x00]
[17:44:52:107]596522:[DBG]:CMD:[0x20]->[0x00]
[17:44:52:155]596534:[DBG]:IIC:TEMP ID 0:0x0062,0x0068,0x0002,0x0099,
[17:44:52:155]596534:[DBG]:IIC:TEMP ID 4:0x00BC,0x006A,0x005A,0x0090,
[17:44:52:436]596824:[DBG]:CMD:[0x37]->[0x00]
[17:44:52:436]596824:[DBG]:CMD:[0x01]->[0x00]
[17:44:52:436]596826:[DBG]:CMD:[0x20]->[0x00]
[17:44:52:748]597128:[DBG]:CMD:[0x37]->[0x00]
[17:44:52:748]597128:[DBG]:CMD:[0x01]->[0x00]
[17:44:52:748]597128:[DBG]:CMD:[0x20]->[0x00]
[17:44:53:045]597430:[DBG]:CMD:[0x37]->[0x00]
[17:44:53:045]597432:[DBG]:CMD:[0x01]->[0x00]
[17:44:53:045]597432:[DBG]:CMD:[0x20]->[0x00]
[17:44:53:342]597734:[DBG]:CMD:[0x37]->[0x00]
[17:44:53:342]597734:[DBG]:CMD:[0x01]->[0x00]
[17:44:53:342]597736:[DBG]:CMD:[0x20]->[0x00]
[17:44:53:654]598038:[DBG]:CMD:[0x37]->[0x00]
[17:44:53:654]598038:[DBG]:CMD:[0x01]->[0x00]
[17:44:53:654]598040:[DBG]:CMD:[0x20]->[0x00]
[17:44:53:951]598340:[DBG]:CMD:[0x37]->[0x00]
[17:44:53:951]598342:[DBG]:CMD:[0x01]->[0x00]
[17:44:53:951]598342:[DBG]:CMD:[0x20]->[0x00]
[17:44:54:154]598534:[DBG]:IIC:TEMP ID 0:0x0067,0x0068,0x001D,0x0099,
[17:44:54:154]598534:[DBG]:IIC:TEMP ID 4:0x00BB,0x006A,0x0079,0x0090,
[17:44:54:264]598644:[DBG]:CMD:[0x37]->[0x00]
[17:44:54:264]598644:[DBG]:CMD:[0x01]->[0x00]
[17:44:54:264]598646:[DBG]:CMD:[0x20]->[0x00]
[17:44:54:560]598948:[DBG]:CMD:[0x37]->[0x00]
[17:44:54:560]598948:[DBG]:CMD:[0x01]->[0x00]
[17:44:54:560]598950:[DBG]:CMD:[0x20]->[0x00]
[17:44:54:873]599252:[DBG]:CMD:[0x37]->[0x00]
[17:44:54:873]599252:[DBG]:CMD:[0x01]->[0x00]
[17:44:54:873]599252:[DBG]:CMD:[0x20]->[0x00]
[17:44:55:169]599554:[DBG]:CMD:[0x37]->[0x00]
[17:44:55:169]599554:[DBG]:CMD:[0x01]->[0x00]
[17:44:55:169]599556:[DBG]:CMD:[0x20]->[0x00]
[17:44:55:466]599860:[DBG]:CMD:[0x37]->[0x00]
[17:44:55:466]599860:[DBG]:CMD:[0x01]->[0x00]
[17:44:55:466]599862:[DBG]:CMD:[0x20]->[0x00]
[17:44:55:779]600162:[DBG]:CMD:[0x37]->[0x00]
[17:44:55:779]600164:[DBG]:CMD:[0x01]->[0x00]
[17:44:55:779]600164:[DBG]:CMD:[0x20]->[0x00]
[17:44:56:076]600466:[DBG]:CMD:[0x37]->[0x00]
[17:44:56:076]600466:[DBG]:CMD:[0x01]->[0x00]
[17:44:56:076]600468:[DBG]:CMD:[0x20]->[0x00]
[17:44:56:154]600534:[DBG]:IIC:TEMP ID 0:0x0070,0x0068,0x0030,0x0099,
[17:44:56:154]600534:[DBG]:IIC:TEMP ID 4:0x00BA,0x006A,0x0054,0x0090,
[17:44:56:388]600770:[DBG]:CMD:[0x37]->[0x00]
[17:44:56:388]600770:[DBG]:CMD:[0x01]->[0x00]
[17:44:56:388]600772:[DBG]:CMD:[0x20]->[0x00]
[17:44:56:685]601072:[DBG]:CMD:[0x37]->[0x00]
[17:44:56:685]601074:[DBG]:CMD:[0x01]->[0x00]
[17:44:56:685]601074:[DBG]:CMD:[0x20]->[0x00]
[17:44:56:982]601376:[DBG]:CMD:[0x37]->[0x00]
[17:44:56:982]601376:[DBG]:CMD:[0x01]->[0x00]
[17:44:56:982]601378:[DBG]:CMD:[0x20]->[0x00]
[17:44:57:294]601680:[DBG]:CMD:[0x37]->[0x00]
[17:44:57:294]601680:[DBG]:CMD:[0x01]->[0x00]
[17:44:57:294]601682:[DBG]:CMD:[0x20]->[0x00]
[17:44:57:591]601984:[DBG]:CMD:[0x37]->[0x00]
[17:44:57:591]601984:[DBG]:CMD:[0x01]->[0x00]
[17:44:57:591]601986:[DBG]:CMD:[0x20]->[0x00]
[17:44:57:903]602286:[DBG]:CMD:[0x37]->[0x00]
[17:44:57:903]602286:[DBG]:CMD:[0x01]->[0x00]
[17:44:57:903]602288:[DBG]:CMD:[0x20]->[0x00]
[17:44:58:138]602534:[DBG]:IIC:TEMP ID 0:0x0083,0x0068,0x0031,0x0099,
[17:44:58:138]602534:[DBG]:IIC:TEMP ID 4:0x00BF,0x006A,0x0063,0x0090,
[17:44:58:200]602588:DBG]:CMD:[0x37]->[0x00]
[17:44:58:200]602590:[DBG]:CMD:[0x01]->[0x00]
[17:44:58:200]602590:[DBG]:CMD:[0x20]->[0x00]
[17:44:58:497]602892:[DBG]:CMD:[0x37]->[0x00]
[17:44:58:497]602892:[DBG]:CMD:[0x01]->[0x00]
[17:44:58:497]602894:[DBG]:CMD:[0x20]->[0x00]
[17:44:58:809]603196:[DBG]:CMD:[0x37]->[0x00]
[17:44:58:809]603196:[DBG]:CMD:[0x01]->[0x00]
[17:44:58:809]603198:[DBG]:CMD:[0x20]->[0x00]
[17:44:59:106]603500:[DBG]:CMD:[0x37]->[0x00]
[17:44:59:106]603500:[DBG]:CMD:[0x01]->[0x00]
[17:44:59:106]603500:[DBG]:CMD:[0x20]->[0x00]
[17:44:59:419]603802:[DBG]:CMD:[0x37]->[0x00]
[17:44:59:419]603802:[DBG]:CMD:[0x01]->[0x00]
[17:44:59:419]603804:[DBG]:CMD:[0x20]->[0x00]
[17:44:59:715]604106:[DBG]:CMD:[0x37]->[0x00]
[17:44:59:715]604106:[DBG]:CMD:[0x01]->[0x00]
[17:44:59:715]604108:[DBG]:CMD:[0x20]->[0x00]
[17:45:00:028]604408:[DBG]:CMD:[0x37]->[0x00]
[17:45:00:028]604410:[DBG]:CMD:[0x01]->[0x00]
[17:45:00:028]604410:[DBG]:CMD:[0x20]->[0x00]
[17:45:00:137]604534:[DBG]:IIC:TEMP ID 0:0x0076,0x0068,0x003C,0x0099,
[17:45:00:137]604534:[DBG]:IIC:TEMP ID 4:0x00BE,0x006A,0x0056,0x0090,
[17:45:00:325]604712:[DBG]:CMD:[0x37]->[0x00]
[17:45:00:325]604712:[DBG]:CMD:[0x01]->[0x00]
[17:45:00:325]604714:[DBG]:CMD:[0x20]->[0x00]
[17:45:00:637]605018:[DBG]:CMD:[0x37]->[0x00]
[17:45:00:637]605020:[DBG]:CMD:[0x01]->[0x00]
[17:45:00:637]605022:[DBG]:CMD:[0x20]->[0x00]
[17:45:00:934]605322:[DBG]:CMD:[0x37]->[0x00]
[17:45:00:934]605322:[DBG]:CMD:[0x01]->[0x00]
[17:45:00:934]605324:[DBG]:CMD:[0x20]->[0x00]
[17:45:01:231]605626:[DBG]:CMD:[0x37]->[0x00]
[17:45:01:231]605626:[DBG]:CMD:[0x01]->[0x00]
[17:45:01:231]605628:[DBG]:CMD:[0x20]->[0x00]
[17:45:01:543]605928:[DBG]:CMD:[0x37]->[0x00]
[17:45:01:543]605930:[DBG]:CMD:[0x01]->[0x00]
[17:45:01:543]605930:[DBG]:CMD:[0x20]->[0x00]
[17:45:01:840]606232:[DBG]:CMD:[0x37]->[0x00]
[17:45:01:840]606232:[DBG]:CMD:[0x01]->[0x00]
[17:45:01:840]606234:[DBG]:CMD:[0x20]->[0x00]
[17:45:02:105]606534:[DBG]:IIC:TEMP ID 0:0x0053,0x0068,0x0067,0x0099,
[17:45:02:105]606534:[DBG]:IIC:TEMP ID 4:0x00BF,0x006A,0x0061,0x0090,
[17:45:02:152]606536:[DBG]:CMD:[0x37]->[0x00]
[17:45:02:152]606536:[DBG]:CMD:[0x01]->[0x00]
[17:45:02:152]606536:[DBG]:CMD:[0x20]->[0x00]
[17:45:02:449]606838:[DBG]:CMD:[0x37]->[0x00]
[17:45:02:449]606840:[DBG]:CMD:[0x01]->[0x00]
[17:45:02:449]606840:[DBG]:CMD:[0x20]->[0x00]
[17:45:02:746]607142:[DBG]:CMD:[0x37]->[0x00]
[17:45:02:746]607142:[DBG]:CMD:[0x01]->[0x00]
[17:45:02:746]607144:[DBG]:CMD:[0x20]->[0x00]
[17:45:03:043]607446:[DBG]:CMD:[0x37]->[0x00]
[17:45:03:043]607446:[DBG]:CMD:[0x01]->[0x00]
[17:45:03:043]607446:[DBG]:CMD:[0x20]->[0x00]
[17:45:03:355]607748:[DBG]:CMD:[0x37]->[0x00]
[17:45:03:355]607750:[DBG]:CMD:[0x01]->[0x00]
[17:45:03:355]607750:[DBG]:CMD:[0x20]->[0x00]
[17:45:03:652]608052:[DBG]:CMD:[0x37]->[0x00]
[17:45:03:652]608052:[DBG]:CMD:[0x01]->[0x00]
[17:45:03:652]608054:[DBG]:CMD:[0x20]->[0x00]
[17:45:03:964]608356:[DBG]:CMD:[0x37]->[0x00]
[17:45:03:964]608356:[DBG]:CMD:[0x01]->[0x00]
[17:45:03:964]608356:[DBG]:CMD:[0x20]->[0x00]
[17:45:04:136]608534:[DBG]:IIC:TEMP ID 0:0x006C,0x0068,0x007C,0x0099,
[17:45:04:136]608534:[DBG]:IIC:TEMP ID 4:0x00BC,0x006A,0x005C,0x0090,
[17:45:04:261]608660:[DBG]:CMD:[0x37]->[0x00]
[17:45:04:261]608660:[DBG]:CMD:[0x01]->[0x00]
[17:45:04:261]608660:[DBG]:CMD:[0x20]->[0x00]
[17:45:04:574]608962:[DBG]:CMD:[0x37]->[0x00]
[17:45:04:574]608964:[DBG]:CMD:[0x01]->[0x00]
[17:45:04:574]608964:[DBG]:CMD:[0x20]->[0x00]
[17:45:04:870]609266:[DBG]:CMD:[0x37]->[0x00]
[17:45:04:870]609266:[DBG]:CMD:[0x01]->[0x00]
[17:45:04:870]609268:[DBG]:CMD:[0x20]->[0x00]
[17:45:05:167]609570:[DBG]:CMD:[0x37]->[0x00]
[17:45:05:167]609570:[DBG]:CMD:[0x01]->[0x00]
[17:45:05:167]609570:[DBG]:CMD:[0x20]->[0x00]
[17:45:05:480]609872:[DBG]:CMD:[0x37]->[0x00]
[17:45:05:480]609874:[DBG]:CMD:[0x01]->[0x00]
[17:45:05:480]609874:[DBG]:CMD:[0x20]->[0x00]
[17:45:05:776]610176:[DBG]:CMD:[0x37]->[0x00]
[17:45:05:776]610176:[DBG]:CMD:[0x01]->[0x00]
[17:45:05:776]610178:[DBG]:CMD:[0x20]->[0x00]
[17:45:06:089]610480:[DBG]:CMD:[0x37]->[0x00]
[17:45:06:089]610480:[DBG]:CMD:[0x01]->[0x00]
[17:45:06:089]610482:[DBG]:CMD:[0x20]->[0x00]
[17:45:06:136]610534:[DBG]:IIC:TEMP ID 0:0x0077,0x0068,0x0077,0x0099,
[17:45:06:136]610534:[DBG]:IIC:TEMP ID 4:0x00BF,0x006A,0x005F,0x0090,
[17:45:06:386]610782:[DBG]:CMD:[0x37]->[0x00]
[17:45:06:386]610784:[DBG]:CMD:[0x01]->[0x00]
[17:45:06:386]610784:[DBG]:CMD:[0x20]->[0x00]
[17:45:06:683]611086:[DBG]:CMD:[0x37]->[0x00]
[17:45:06:683]611086:[DBG]:CMD:[0x01]->[0x00]
[17:45:06:683]611088:[DBG]:CMD:[0x20]->[0x00]
[17:45:06:995]611390:[DBG]:CMD:[0x37]->[0x00]
[17:45:06:995]611390:[DBG]:CMD:[0x01]->[0x00]
[17:45:06:995]611392:[DBG]:CMD:[0x20]->[0x00]
[17:45:07:291]611692:[DBG]:CMD:[0x37]->[0x00]
[17:45:07:291]611694:[DBG]:CMD:[0x01]->[0x00]
[17:45:07:291]611694:[DBG]:CMD:[0x20]->[0x00]
[17:45:07:589]611996:[DBG]:CMD:[0x37]->[0x00]
[17:45:07:589]611996:[DBG]:CMD:[0x01]->[0x00]
[17:45:07:589]611998:[DBG]:CMD:[0x20]->[0x00]
[17:45:07:901]612300:[DBG]:CMD:[0x37]->[0x00]
[17:45:07:901]612300:[DBG]:CMD:[0x01]->[0x00]
[17:45:07:901]612302:[DBG]:CMD:[0x20]->[0x00]
[17:45:08:135]612534:[DBG]:IIC:TEMP ID 0:0x007A,0x0068,0x007E,0x0099,
[17:45:08:135]612534:[DBG]:IIC:TEMP ID 4:0x00C0,0x006A,0x0066,0x0090,
[17:45:08:198]612604:[DBG]:CMD:[0x37]->[0x00]
[17:45:08:198]612604:[DBG]:CMD:[0x01]->[0x00]
[17:45:08:198]612604:[DBG]:CMD:[0x20]->[0x00]
[17:45:08:510]612906:[DBG]:CMD:[0x37]->[0x00]
[17:45:08:510]612906:[DBG]:CMD:[0x01]->[0x00]
[17:45:08:510]612908:[DBG]:CMD:[0x20]->[0x00]
[17:45:08:823]613210:[DBG]:CMD:[0x37]->[0x00]
[17:45:08:823]613210:[DBG]:CMD:[0x01]->[0x00]
[17:45:08:823]613212:[DBG]:CMD:[0x20]->[0x00]
[17:45:09:119]613514:[DBG]:CMD:[0x37]->[0x00]
[17:45:09:119]613514:[DBG]:CMD:[0x01]->[0x00]
[17:45:09:119]613514:[DBG]:CMD:[0x20]->[0x00]
[17:45:09:416]613818:[DBG]:CMD:[0x37]->[0x00]
[17:45:09:416]613820:[DBG]:CMD:[0x01]->[0x00]
[17:45:09:416]613822:[DBG]:CMD:[0x20]->[0x00]
[17:45:09:729]614122:[DBG]:CMD:[0x37]->[0x00]
[17:45:09:729]614124:[DBG]:CMD:[0x01]->[0x00]
[17:45:09:729]614124:[DBG]:CMD:[0x20]->[0x00]
[17:45:10:025]614426:[DBG]:CMD:[0x37]->[0x00]
[17:45:10:025]614426:[DBG]:CMD:[0x01]->[0x00]
[17:45:10:025]614428:[DBG]:CMD:[0x20]->[0x00]
[17:45:10:135]614534:[DBG]:IIC:TEMP ID 0:0x006B,0x0068,0x008B,0x0099,
[17:45:10:135]614534:[DBG]:IIC:TEMP ID 4:0x00C1,0x006A,0x0045,0x0090,
[17:45:10:322]614728:[DBG]:CMD:[0x37]->[0x00]
[17:45:10:322]614730:[DBG]:CMD:[0x01]->[0x00]
[17:45:10:322]614730:[DBG]:CMD:[0x20]->[0x00]
[17:45:10:635]615032:[DBG]:CMD:[0x37]->[0x00]
[17:45:10:635]615032:[DBG]:CMD:[0x01]->[0x00]
[17:45:10:635]615034:[DBG]:CMD:[0x20]->[0x00]
[17:45:10:932]615336:[DBG]:CMD:[0x37]->[0x00]
[17:45:10:932]615336:[DBG]:CMD:[0x01]->[0x00]
[17:45:10:932]615338:[DBG]:CMD:[0x20]->[0x00]
[17:45:11:228]615638:[DBG]:CMD:[0x37]->[0x00]
[17:45:11:228]615640:[DBG]:CMD:[0x01]->[0x00]
[17:45:11:228]615640:[DBG]:CMD:[0x20]->[0x00]
[17:45:11:541]615942:[DBG]:CMD:[0x37]->[0x00]
[17:45:11:541]615942:[DBG]:CMD:[0x01]->[0x00]
[17:45:11:541]615944:[DBG]:CMD:[0x20]->[0x00]
[17:45:11:838]616246:[DBG]:CMD:[0x37]->[0x00]
[17:45:11:838]616246:[DBG]:CMD:[0x01]->[0x00]
[17:45:11:838]616248:[DBG]:CMD:[0x20]->[0x00]
[17:45:12:103]616534:[DBG]:IIC:TEMP ID 0:0x0066,0x0068,0x007C,0x0099,
[17:45:12:103]616534:[DBG]:IIC:TEMP ID 4:0x00C2,0x006A,0x0040,0x0090,
[17:45:12:150]616548:[DBG]:CMD:[0x37]->[0x00]
[17:45:12:150]616550:[DBG]:CMD:[0x01]->[0x00]
[17:45:12:150]616550:[DBG]:CMD:[0x20]->[0x00]
[17:45:12:447]616852:[DBG]:CMD:[0x37]->[0x00]
[17:45:12:447]616852:[DBG]:CMD:[0x01]->[0x00]
[17:45:12:447]616854:[DBG]:CMD:[0x20]->[0x00]
[17:45:12:759]617156:[DBG]:CMD:[0x37]->[0x00]
[17:45:12:759]617156:[DBG]:CMD:[0x01]->[0x00]
[17:45:12:759]617160:[DBG]:CMD:[0x20]->[0x00]
[17:45:13:056]617460:[DBG]:CMD:[0x37]->[0x00]
[17:45:13:056]617460:[DBG]:CMD:[0x01]->[0x00]
[17:45:13:056]617462:[DBG]:CMD:[0x20]->[0x00]
[17:45:13:353]617764:[DBG]:CMD:[0x37]->[0x00]
[17:45:13:353]617764:[DBG]:CMD:[0x01]->[0x00]
[17:45:13:353]617766:[DBG]:CMD:[0x20]->[0x00]
[17:45:13:665]618068:[DBG]:CMD:[0x37]->[0x00]
[17:45:13:665]618068:[DBG]:CMD:[0x01]->[0x00]
[17:45:13:665]618070:[DBG]:CMD:[0x20]->[0x00]
[17:45:13:962]618370:[DBG]:CMD:[0x37]->[0x00]
[17:45:13:962]618370:[DBG]:CMD:[0x01]->[0x00]
[17:45:13:962]618372:[DBG]:CMD:[0x20]->[0x00]
[17:45:14:134]618534:[DBG]:IIC:TEMP ID 0:0x007B,0x0068,0x007D,0x0099,
[17:45:14:134]618534:[DBG]:IIC:TEMP ID 4:0x00C1,0x006A,0x0053,0x0090,
[17:45:14:274]618674:[DBG]:CMD:[0x37]->[0x00]
[17:45:14:274]618674:[DBG]:CMD:[0x01]->[0x00]
[17:45:14:274]618676:[DBG]:CMD:[0x20]->[0x00]
[17:45:14:571]618978:[DBG]:CMD:[0x37]->[0x00]
[17:45:14:571]618978:[DBG]:CMD:[0x01]->[0x00]
[17:45:14:571]618978:[DBG]:CMD:[0x20]->[0x00]
[17:45:14:868]619280:[DBG]:CMD:[0x37]->[0x00]
[17:45:14:868]619282:[DBG]:CMD:[0x01]->[0x00]
[17:45:14:868]619282:[DBG]:CMD:[0x20]->[0x00]
[17:45:15:181]619584:[DBG]:CMD:[0x37]->[0x00]
[17:45:15:181]619584:[DBG]:CMD:[0x01]->[0x00]
[17:45:15:181]619586:[DBG]:CMD:[0x20]->[0x00]
[17:45:15:477]619886:[DBG]:CMD:[0x37]->[0x00]
[17:45:15:477]619888:[DBG]:CMD:[0x01]->[0x00]
[17:45:15:477]619888:[DBG]:CMD:[0x20]->[0x00]
[17:45:15:789]620190:[DBG]:CMD:[0x37]->[0x00]
[17:45:15:789]620190:[DBG]:CMD:[0x01]->[0x00]
[17:45:15:789]620192:[DBG]:CMD:[0x20]->[0x00]
[17:45:16:087]620494:[DBG]:CMD:[0x37]->[0x00]
[17:45:16:087]620494:[DBG]:CMD:[0x01]->[0x00]
[17:45:16:087]620496:[DBG]:CMD:[0x20]->[0x00]
[17:45:16:133]620534:[DBG]:IIC:TEMP ID 0:0x006E,0x0068,0x0088,0x0099,
[17:45:16:133]620534:[DBG]:IIC:TEMP ID 4:0x00BE,0x006A,0x0050,0x0090,
[17:45:16:383]620796:[DBG]:CMD:[0x37]->[0x00]
[17:45:16:383]620798:[DBG]:CMD:[0x01]->[0x00]
[17:45:16:383]620798:[DBG]:CMD:[0x20]->[0x00]
[17:45:16:696]621100:[DBG]:CMD:[0x37]->[0x00]
[17:45:16:696]621100:[DBG]:CMD:[0x01]->[0x00]
[17:45:16:696]621102:[DBG]:CMD:[0x20]->[0x00]
[17:45:16:993]621404:[DBG]:CMD:[0x37]->[0x00]
[17:45:16:993]621404:[DBG]:CMD:[0x01]->[0x00]
[17:45:16:993]621406:[DBG]:CMD:[0x20]->[0x00]
[17:45:17:305]621706:[DBG]:CMD:[0x37]->[0x00]
[17:45:17:305]621708:[DBG]:CMD:[0x01]->[0x00]
[17:45:17:305]621708:[DBG]:CMD:[0x20]->[0x00]
[17:45:17:602]622010:[DBG]:CMD:[0x37]->[0x00]
[17:45:17:602]622010:[DBG]:CMD:[0x01]->[0x00]
[17:45:17:602]622012:[DBG]:CMD:[0x20]->[0x00]
[17:45:17:914]622314:[DBG]:CMD:[0x37]->[0x00]
[17:45:17:914]622314:[DBG]:CMD:[0x01]->[0x00]
[17:45:17:914]622318:[DBG]:CMD:[0x20]->[0x00]
[17:45:18:133]622534:[DBG]:IIC:TEMP ID 0:0x006B,0x0068,0x0081,0x0099,
[17:45:18:133]622534:[DBG]:IIC:TEMP ID 4:0x00C1,0x006A,0x0051,0x0090,
[17:45:18:211]622620:[DBG]:CMD:[0x37]->[0x00]
[17:45:18:211]622622:[DBG]:CMD:[0x01]->[0x00]
[17:45:18:211]622622:[DBG]:CMD:[0x20]->[0x00]
[17:45:18:508]622924:[DBG]:CMD:[0x37]->[0x00]
[17:45:18:508]622924:[DBG]:CMD:[0x01]->[0x00]
[17:45:18:508]622926:[DBG]:CMD:[0x20]->[0x00]
[17:45:18:820]623228:[DBG]:CMD:[0x37]->[0x00]
[17:45:18:820]623228:[DBG]:CMD:[0x01]->[0x00]
[17:45:18:820]623228:[DBG]:CMD:[0x20]->[0x00]
[17:45:19:117]623530:[DBG]:CMD:[0x37]->[0x00]
[17:45:19:117]623532:[DBG]:CMD:[0x01]->[0x00]
[17:45:19:117]623532:[DBG]:CMD:[0x20]->[0x00]
[17:45:19:430]623834:[DBG]:CMD:[0x37]->[0x00]
[17:45:19:430]623834:[DBG]:CMD:[0x01]->[0x00]
[17:45:19:430]623836:[DBG]:CMD:[0x20]->[0x00]
[17:45:19:726]624138:[DBG]:CMD:[0x37]->[0x00]
[17:45:19:726]624138:[DBG]:CMD:[0x01]->[0x00]
[17:45:19:726]624140:[DBG]:CMD:[0x20]->[0x00]
[17:45:20:023]624440:[DBG]:CMD:[0x37]->[0x00]
[17:45:20:023]624442:[DBG]:CMD:[0x01]->[0x00]
[17:45:20:023]624442:[DBG]:CMD:[0x20]->[0x00]
[17:45:20:117]624534:[DBG]:IIC:TEMP ID 0:0x0060,0x0068,0x008E,0x0099,
[17:45:20:117]624534:[DBG]:IIC:TEMP ID 4:0x00C2,0x006A,0x005C,0x0090,
[17:45:20:336]624744:[DBG]:CMD:[0x37]->[0x00]
[17:45:20:336]624744:[DBG]:CMD:[0x01]->[0x00]
[17:45:20:336]624746:[DBG]:CMD:[0x20]->[0x00]
[17:45:20:632]625048:[DBG]:CMD:[0x37]->[0x00]
[17:45:20:632]625048:[DBG]:CMD:[0x01]->[0x00]
[17:45:20:632]625050:[DBG]:CMD:[0x20]->[0x00]
[17:45:20:945]625350:[DBG]:CMD:[0x37]->[0x00]
[17:45:20:945]625352:[DBG]:CMD:[0x01]->[0x00]
[17:45:20:945]625352:[DBG]:CMD:[0x20]->[0x00]
[17:45:21:242]625654:[DBG]:CMD:[0x37]->[0x00]
[17:45:21:242]625654:[DBG]:CMD:[0x01]->[0x00]
[17:45:21:242]625656:[DBG]:CMD:[0x20]->[0x00]
[17:45:21:538]625960:[DBG]:CMD:[0x37]->[0x00]
[17:45:21:538]625960:[DBG]:CMD:[0x01]->[0x00]
[17:45:21:538]625960:[DBG]:CMD:[0x20]->[0x00]
[17:45:21:850]626262:[DBG]:CMD:[0x37]->[0x00]
[17:45:21:850]626264:[DBG]:CMD:[0x01]->[0x00]
[17:45:21:850]626264:[DBG]:CMD:[0x20]->[0x00]
[17:45:22:116]626534:[DBG]:IIC:TEMP ID 0:0x0081,0x0068,0x006F,0x0099,
[17:45:22:116]626534:[DBG]:IIC:TEMP ID 4:0x00C5,0x006A,0x004D,0x0090,
[17:45:22:147]626566:[DBG]:CMD:[0x37]->[0x00]
[17:45:22:147]626566:[DBG]:CMD:[0x01]->[0x00]
[17:45:22:147]626568:[DBG]:CMD:[0x20]->[0x00]
[17:45:22:460]626870:[DBG]:CMD:[0x37]->[0x00]
[17:45:22:460]626870:[DBG]:CMD:[0x01]->[0x00]
[17:45:22:460]626872:[DBG]:CMD:[0x20]->[0x00]
[17:45:22:757]627172:[DBG]:CMD:[0x37]->[0x00]
[17:45:22:757]627174:[DBG]:CMD:[0x01]->[0x00]
[17:45:22:757]627174:[DBG]:CMD:[0x20]->[0x00]
[17:45:23:054]627476:[DBG]:CMD:[0x37]->[0x00]
[17:45:23:054]627476:[DBG]:CMD:[0x01]->[0x00]
[17:45:23:054]627478:[DBG]:CMD:[0x20]->[0x00]
[17:45:23:366]627780:[DBG]:CMD:[0x37]->[0x00]
[17:45:23:366]627780:[DBG]:CMD:[0x01]->[0x00]
[17:45:23:366]627782:[DBG]:CMD:[0x20]->[0x00]
[17:45:23:663]628082:[DBG]:CMD:[0x37]->[0x00]
[17:45:23:663]628084:[DBG]:CMD:[0x01]->[0x00]
[17:45:23:663]628084:[DBG]:CMD:[0x20]->[0x00]
[17:45:23:975]628386:[DBG]:CMD:[0x37]->[0x00]
[17:45:23:975]628386:[DBG]:CMD:[0x01]->[0x00]
[17:45:23:975]628388:[DBG]:CMD:[0x20]->[0x00]
[17:45:24:116]628534:[DBG]:IIC:TEMP ID 0:0x0062,0x0068,0x0078,0x0099,
[17:45:24:116]628534:[DBG]:IIC:TEMP ID 4:0x00C6,0x006A,0x005A,0x0090,
[17:45:24:272]628690:[DBG]:CMD:[0x37]->[0x00]
[17:45:24:272]628690:[DBG]:CMD:[0x01]->[0x00]
[17:45:24:272]628692:[DBG]:CMD:[0x20]->[0x00]
[17:45:24:569]628992:[DBG]:CMD:[0x37]->[0x00]
[17:45:24:569]628994:[DBG]:CMD:[0x01]->[0x00]
[17:45:24:569]628994:[DBG]:CMD:[0x20]->[0x00]
[17:45:24:881]629296:[DBG]:CMD:[0x37]->[0x00]
[17:45:24:881]629296:[DBG]:CMD:[0x01]->[0x00]
[17:45:24:881]629298:[DBG]:CMD:[0x20]->[0x00]
[17:45:25:178]629600:[DBG]:CMD:[0x37]->[0x00]
[17:45:25:178]629600:[DBG]:CMD:[0x01]->[0x00]
[17:45:25:178]629602:[DBG]:CMD:[0x20]->[0x00]
[17:45:25:491]629902:[DBG]:CMD:[0x37]->[0x00]
[17:45:25:491]629904:[DBG]:CMD:[0x01]->[0x00]
[17:45:25:491]629904:[DBG]:CMD:[0x20]->[0x00]
[17:45:25:803]630206:[DBG]:CMD:[0x37]->[0x00]
[17:45:25:803]630206:[DBG]:CMD:[0x01]->[0x00]
[17:45:25:803]630208:[DBG]:CMD:[0x20]->[0x00]
[17:45:26:084]630510:[DBG]:CMD:[0x37]->[0x00]
[17:45:26:084]630510:[DBG]:CMD:[0x01]->[0x00]
[17:45:26:084]630512:[DBG]:CMD:[0x20]->[0x00]
[17:45:26:115]630534:[DBG]:IIC:TEMP ID 0:0x006F,0x0068,0x0081,0x0099,
[17:45:26:115]630534:[DBG]:IIC:TEMP ID 4:0x00C7,0x006A,0x0047,0x0090,
[17:45:26:397]630812:[DBG]:CMD:[0x37]->[0x00]
[17:45:26:397]630814:[DBG]:CMD:[0x01]->[0x00]
[17:45:26:397]630814:[DBG]:CMD:[0x20]->[0x00]
[17:45:26:709]631118:[DBG]:CMD:[0x37]->[0x00]
[17:45:26:709]631120:[DBG]:CMD:[0x01]->[0x00]
[17:45:26:709]631122:[DBG]:CMD:[0x20]->[0x00]
[17:45:27:006]631422:[DBG]:CMD:[0x37]->[0x00]
[17:45:27:006]631424:[DBG]:CMD:[0x01]->[0x00]
[17:45:27:006]631424:[DBG]:CMD:[0x20]->[0x00]
[17:45:27:303]631726:[DBG]:CMD:[0x37]->[0x00]
[17:45:27:303]631726:[DBG]:CMD:[0x01]->[0x00]
[17:45:27:303]631728:[DBG]:CMD:[0x20]->[0x00]
[17:45:27:615]632030:[DBG]:CMD:[0x37]->[0x00]
[17:45:27:615]632030:[DBG]:CMD:[0x01]->[0x00]
[17:45:27:615]632032:[DBG]:CMD:[0x20]->[0x00]
[17:45:27:912]632332:[DBG]:CMD:[0x37]->[0x00]
[17:45:27:912]632334:[DBG]:CMD:[0x01]->[0x00]
[17:45:27:912]632334:[DBG]:CMD:[0x20]->[0x00]
[17:45:28:115]632534:[DBG]:IIC:TEMP ID 0:0x007A,0x0068,0x0070,0x0099,
[17:45:28:115]632534:[DBG]:IIC:TEMP ID 4:0x00C2,0x006A,0x0046,0x0090,
[17:45:28:209]632636:[DBG]:CMD:[0x37]->[0x00]
[17:45:28:209]632636:[DBG]:CMD:[0x01]->[0x00]
[17:45:28:209]632638:[DBG]:CMD:[0x20]->[0x00]
[17:45:28:521]632940:[DBG]:CMD:[0x37]->[0x00]
[17:45:28:521]632940:[DBG]:CMD:[0x01]->[0x00]
[17:45:28:521]632942:[DBG]:CMD:[0x20]->[0x00]
[17:45:28:818]633242:[DBG]:CMD:[0x37]->[0x00]
[17:45:28:818]633244:[DBG]:CMD:[0x01]->[0x00]
[17:45:28:818]633244:[DBG]:CMD:[0x20]->[0x00]
[17:45:29:130]633546:[DBG]:CMD:[0x37]->[0x00]
[17:45:29:130]633546:[DBG]:CMD:[0x01]->[0x00]
[17:45:29:130]633548:[DBG]:CMD:[0x20]->[0x00]
[17:45:29:427]633850:[DBG]:CMD:[0x37]->[0x00]
[17:45:29:427]633850:[DBG]:CMD:[0x01]->[0x00]
[17:45:29:427]633852:[DBG]:CMD:[0x20]->[0x00]
[17:45:29:740]634152:[DBG]:CMD:[0x37]->[0x00]
[17:45:29:740]634154:[DBG]:CMD:[0x01]->[0x00]
[17:45:29:740]634154:[DBG]:CMD:[0x20]->[0x00]
[17:45:30:036]634456:[DBG]:CMD:[0x37]->[0x00]
[17:45:30:036]634456:[DBG]:CMD:[0x01]->[0x00]
[17:45:30:036]634460:[DBG]:CMD:[0x20]->[0x00]
[17:45:30:114]634534:[DBG]:IIC:TEMP ID 0:0x0071,0x0068,0x007B,0x0099,
[17:45:30:114]634534:[DBG]:IIC:TEMP ID 4:0x00C7,0x006A,0x0047,0x0090,
[17:45:30:333]634760:[DBG]:CMD:[0x37]->[0x00]
[17:45:30:333]634760:[DBG]:CMD:[0x01]->[0x00]
[17:45:30:333]634762:[DBG]:CMD:[0x20]->[0x00]
[17:45:30:646]635064:[DBG]:CMD:[0x37]->[0x00]
[17:45:30:646]635064:[DBG]:CMD:[0x01]->[0x00]
[17:45:30:646]635066:[DBG]:CMD:[0x20]->[0x00]
[17:45:30:942]635366:[DBG]:CMD:[0x37]->[0x00]
[17:45:30:942]635368:[DBG]:CMD:[0x01]->[0x00]
[17:45:30:942]635368:[DBG]:CMD:[0x20]->[0x00]
[17:45:31:239]635670:[DBG]:CMD:[0x37]->[0x00]
[17:45:31:239]635670:[DBG]:CMD:[0x01]->[0x00]
[17:45:31:239]635672:[DBG]:CMD:[0x20]->[0x00]
[17:45:31:552]635974:[DBG]:CMD:[0x37]->[0x00]
[17:45:31:552]635974:[DBG]:CMD:[0x01]->[0x00]
[17:45:31:552]635976:[DBG]:CMD:[0x20]->[0x00]
[17:45:31:848]636278:[DBG]:CMD:[0x37]->[0x00]
[17:45:31:848]636278:[DBG]:CMD:[0x01]->[0x00]
[17:45:31:848]636278:[DBG]:CMD:[0x20]->[0x00]
[17:45:32:114]636534:[DBG]:IIC:TEMP ID 0:0x006A,0x0068,0x008E,0x0099,
[17:45:32:114]636534:[DBG]:IIC:TEMP ID 4:0x00C4,0x006A,0x006A,0x0090,
[17:45:32:161]636580:[DBG]:CMD:[0x37]->[0x00]
[17:45:32:161]636582:[DBG]:CMD:[0x01]->[0x00]
[17:45:32:161]636582:[DBG]:CMD:[0x20]->[0x00]
[17:45:32:458]636884:[DBG]:CMD:[0x37]->[0x00]
[17:45:32:458]636884:[DBG]:CMD:[0x01]->[0x00]
[17:45:32:458]636886:[DBG]:CMD:[0x20]->[0x00]
[17:45:32:770]637188:[DBG]:CMD:[0x37]->[0x00]
[17:45:32:770]637188:[DBG]:CMD:[0x01]->[0x00]
[17:45:32:770]637188:[DBG]:CMD:[0x20]->[0x00]
[17:45:33:067]637490:[DBG]:CMD:[0x37]->[0x00]
[17:45:33:067]637492:[DBG]:CMD:[0x01]->[0x00]
[17:45:33:067]637492:[DBG]:CMD:[0x20]->[0x00]
[17:45:33:364]637794:[DBG]:CMD:[0x37]->[0x00]
[17:45:33:364]637794:[DBG]:CMD:[0x01]->[0x00]
[17:45:33:364]637796:[DBG]:CMD:[0x20]->[0x00]
[17:45:33:676]638098:[DBG]:CMD:[0x37]->[0x00]
[17:45:33:676]638098:[DBG]:CMD:[0x01]->[0x00]
[17:45:33:676]638098:[DBG]:CMD:[0x20]->[0x00]
[17:45:33:973]638400:[DBG]:CMD:[0x37]->[0x00]
[17:45:33:973]638402:[DBG]:CMD:[0x01]->[0x00]
[17:45:33:973]638402:[DBG]:CMD:[0x20]->[0x00]
[17:45:34:114]638534:[DBG]:IIC:TEMP ID 0:0x0053,0x0068,0x0073,0x0099,
[17:45:34:114]638534:[DBG]:IIC:TEMP ID 4:0x00C7,0x006A,0x0053,0x0090,
[17:45:34:285]638704:[DBG]:CMD:[0x37]->[0x00]
[17:45:34:285]638704:[DBG]:CMD:[0x01]->[0x00]
[17:45:34:285]638706:[DBG]:CMD:[0x20]->[0x00]
[17:45:34:582]639008:[DBG]:CMD:[0x37]->[0x00]
[17:45:34:582]639008:[DBG]:CMD:[0x01]->[0x00]
[17:45:34:582]639010:[DBG]:CMD:[0x20]->[0x00]
[17:45:34:895]639310:[DBG]:CMD:[0x37]->[0x00]
[17:45:34:895]639312:[DBG]:CMD:[0x01]->[0x00]
[17:45:34:895]639312:[DBG]:CMD:[0x20]->[0x00]
[17:45:35:191]639614:[DBG]:CMD:[0x37]->[0x00]
[17:45:35:191]639614:[DBG]:CMD:[0x01]->[0x00]
[17:45:35:191]639618:[DBG]:CMD:[0x20]->[0x00]
[17:45:35:488]639920:[DBG]:CMD:[0x37]->[0x00]
[17:45:35:488]639922:[DBG]:CMD:[0x01]->[0x00]
[17:45:35:488]639922:[DBG]:CMD:[0x20]->[0x00]
[17:45:35:801]640224:[DBG]:CMD:[0x37]->[0x00]
[17:45:35:801]640224:[DBG]:CMD:[0x01]->[0x00]
[17:45:35:801]640226:[DBG]:CMD:[0x20]->[0x00]
[17:45:36:067]640526:[DBG]:CMD:[0x37]->[0x00]
[17:45:36:067]640528:[DBG]:CMD:[0x01]->[0x00]
[17:45:36:067]640528:[DBG]:CMD:[0x20]->[0x00]
[17:45:36:114]640534:[DBG]:IIC:TEMP ID 0:0x0076,0x0068,0x0068,0x0099,
[17:45:36:114]640534:[DBG]:IIC:TEMP ID 4:0x00C4,0x006A,0x005A,0x0090,
[17:45:36:395]640830:[DBG]:CMD:[0x37]->[0x00]
[17:45:36:395]640830:[DBG]:CMD:[0x01]->[0x00]
[17:45:36:395]640832:[DBG]:CMD:[0x20]->[0x00]
[17:45:36:707]641134:[DBG]:CMD:[0x37]->[0x00]
[17:45:36:707]641134:[DBG]:CMD:[0x01]->[0x00]
[17:45:36:707]641136:[DBG]:CMD:[0x20]->[0x00]
[17:45:37:004]641438:[DBG]:CMD:[0x37]->[0x00]
[17:45:37:004]641438:[DBG]:CMD:[0x01]->[0x00]
[17:45:37:004]641438:[DBG]:CMD:[0x20]->[0x00]
[17:45:37:317]641740:[DBG]:CMD:[0x37]->[0x00]
[17:45:37:317]641742:[DBG]:CMD:[0x01]->[0x00]
[17:45:37:317]641742:[DBG]:CMD:[0x20]->[0x00]
[17:45:37:614]642044:[DBG]:CMD:[0x37]->[0x00]
[17:45:37:614]642044:[DBG]:CMD:[0x01]->[0x00]
[17:45:37:614]642046:[DBG]:CMD:[0x20]->[0x00]
[17:45:37:910]642348:[DBG]:CMD:[0x37]->[0x00]
[17:45:37:910]642348:[DBG]:CMD:[0x01]->[0x00]
[17:45:37:910]642348:[DBG]:CMD:[0x20]->[0x00]
[17:45:38:098]642534:[DBG]:IIC:TEMP ID 0:0x006D,0x0068,0x006F,0x0099,
[17:45:38:098]642534:[DBG]:IIC:TEMP ID 4:0x00C7,0x006A,0x003D,0x0090,
[17:45:38:223]642650:[DBG]:CMD:[0x37]->[0x00]
[17:45:38:223]642652:[DBG]:CMD:[0x01]->[0x00]
[17:45:38:223]642652:[DBG]:CMD:[0x20]->[0x00]
[17:45:38:520]642954:[DBG]:CMD:[0x37]->[0x00]
[17:45:38:520]642954:[DBG]:CMD:[0x01]->[0x00]
[17:45:38:520]642956:[DBG]:CMD:[0x20]->[0x00]
[17:45:38:832]643260:[DBG]:CMD:[0x37]->[0x00]
[17:45:38:832]643260:[DBG]:CMD:[0x01]->[0x00]
[17:45:38:832]643262:[DBG]:CMD:[0x20]->[0x00]
[17:45:39:129]643562:[DBG]:CMD:[0x37]->[0x00]
[17:45:39:129]643562:[DBG]:CMD:[0x01]->[0x00]
[17:45:39:129]643564:[DBG]:CMD:[0x20]->[0x00]
[17:45:39:441]643866:[DBG]:CMD:[0x37]->[0x00]
[17:45:39:441]643866:[DBG]:CMD:[0x01]->[0x00]
[17:45:39:441]643868:[DBG]:CMD:[0x20]->[0x00]
[17:45:39:738]644170:[DBG]:CMD:[0x37]->[0x00]
[17:45:39:738]644170:[DBG]:CMD:[0x01]->[0x00]
[17:45:39:738]644170:[DBG]:CMD:[0x20]->[0x00]
[17:45:40:035]644472:[DBG]:CMD:[0x37]->[0x00]
[17:45:40:035]644474:[DBG]:CMD:[0x01]->[0x00]
[17:45:40:035]644474:[DBG]:CMD:[0x20]->[0x00]
[17:45:40:097]644534:[DBG]:IIC:TEMP ID 0:0x0056,0x0068,0x0070,0x0099,
[17:45:40:097]644534:[DBG]:IIC:TEMP ID 4:0x00C8,0x006A,0x0032,0x0090,
[17:45:40:347]644776:[DBG]:CMD:[0x37]->[0x00]
[17:45:40:347]644776:[DBG]:CMD:[0x01]->[0x00]
[17:45:40:347]644778:[DBG]:CMD:[0x20]->[0x00]
[17:45:40:644]645080:[DBG]:CMD:[0x37]->[0x00]
[17:45:40:644]645080:[DBG]:CMD:[0x01]->[0x00]
[17:45:40:644]645080:[DBG]:CMD:[0x20]->[0x00]
[17:45:40:957]645382:[DBG]:CMD:[0x37]->[0x00]
[17:45:40:957]645384:[DBG]:CMD:[0x01]->[0x00]
[17:45:40:957]645384:[DBG]:CMD:[0x20]->[0x00]
[17:45:41:253]645686:[DBG]:CMD:[0x37]->[0x00]
[17:45:41:253]645686:[DBG]:CMD:[0x01]->[0x00]
[17:45:41:253]645688:[DBG]:CMD:[0x20]->[0x00]
[17:45:41:550]645990:[DBG]:CMD:[0x37]->[0x00]
[17:45:41:550]645990:[DBG]:CMD:[0x01]->[0x00]
[17:45:41:550]645992:[DBG]:CMD:[0x20]->[0x00]
[17:45:41:863]646292:[DBG]:CMD:[0x37]->[0x00]
[17:45:41:863]646294:[DBG]:CMD:[0x01]->[0x00]
[17:45:41:863]646294:[DBG]:CMD:[0x20]->[0x00]
[17:45:42:097]646534:[DBG]:IIC:TEMP ID 0:0x0065,0x0068,0x0083,0x0099,
[17:45:42:097]646534:[DBG]:IIC:TEMP ID 4:0x00C9,0x006A,0x004D,0x0090,
[17:45:42:159]646596:[DBG]:CMD:[0x37]->[0x00]
[17:45:42:159]646596:[DBG]:CMD:[0x01]->[0x00]
[17:45:42:159]646598:[DBG]:CMD:[0x20]->[0x00]
[17:45:42:472]646900:[DBG]:CMD:[0x37]->[0x00]
[17:45:42:472]646900:[DBG]:CMD:[0x01]->[0x00]
[17:45:42:472]646902:[DBG]:CMD:[0x20]->[0x00]
[17:45:42:769]647202:[DBG]:CMD:[0x37]->[0x00]
[17:45:42:769]647204:[DBG]:CMD:[0x01]->[0x00]
[17:45:42:769]647204:[DBG]:CMD:[0x20]->[0x00]
[17:45:43:081]647506:[DBG]:CMD:[0x37]->[0x00]
[17:45:43:081]647506:[DBG]:CMD:[0x01]->[0x00]
[17:45:43:081]647508:[DBG]:CMD:[0x20]->[0x00]
[17:45:43:378]647810:[DBG]:CMD:[0x37]->[0x00]
[17:45:43:378]647810:[DBG]:CMD:[0x01]->[0x00]
[17:45:43:378]647812:[DBG]:CMD:[0x20]->[0x00]
[17:45:43:690]648114:[DBG]:CMD:[0x37]->[0x00]
[17:45:43:690]648114:[DBG]:CMD:[0x01]->[0x00]
[17:45:43:690]648114:[DBG]:CMD:[0x20]->[0x00]
[17:45:43:987]648418:[DBG]:CMD:[0x37]->[0x00]
[17:45:43:987]648420:[DBG]:CMD:[0x01]->[0x00]
[17:45:43:987]648422:[DBG]:CMD:[0x20]->[0x00]
[17:45:44:096]648534:[DBG]:IIC:TEMP ID 0:0x005E,0x0068,0x0080,0x0099,
[17:45:44:096]648534:[DBG]:IIC:TEMP ID 4:0x00C6,0x006A,0x0056,0x0090,
[17:45:44:284]648722:[DBG]:CMD:[0x37]->[0x00]
[17:45:44:284]648724:[DBG]:CMD:[0x01]->[0x00]
[17:45:44:284]648724:[DBG]:CMD:[0x20]->[0x00]
[17:45:44:596]649026:[DBG]:CMD:[0x37]->[0x00]
[17:45:44:596]649026:[DBG]:CMD:[0x01]->[0x00]
[17:45:44:596]649028:[DBG]:CMD:[0x20]->[0x00]
[17:45:44:893]649328:[DBG]:CMD:[0x37]->[0x00]
[17:45:44:893]649330:[DBG]:CMD:[0x01]->[0x00]
[17:45:44:893]649330:[DBG]:CMD:[0x20]->[0x00]
[17:45:45:190]649632:[DBG]:CMD:[0x37]->[0x00]
[17:45:45:190]649632:[DBG]:CMD:[0x01]->[0x00]
[17:45:45:190]649634:[DBG]:CMD:[0x20]->[0x00]
[17:45:45:502]649936:[DBG]:CMD:[0x37]->[0x00]
[17:45:45:502]649936:[DBG]:CMD:[0x01]->[0x00]
[17:45:45:502]649938:[DBG]:CMD:[0x20]->[0x00]
[17:45:45:799]650238:[DBG]:CMD:[0x37]->[0x00]
[17:45:45:799]650240:[DBG]:CMD:[0x01]->[0x00]
[17:45:45:799]650240:[DBG]:CMD:[0x20]->[0x00]
[17:45:46:064]650534:[DBG]:IIC:TEMP ID 0:0x0077,0x0068,0x006B,0x0099,
[17:45:46:064]650534:[DBG]:IIC:TEMP ID 4:0x00C9,0x006A,0x003B,0x0090,
[17:45:46:111]650542:[DBG]:CMD:[0x37]->[0x00]
[17:45:46:111]650542:[DBG]:CMD:[0x01]->[0x00]
[17:45:46:111]650544:[DBG]:CMD:[0x20]->[0x00]
[17:45:46:408]650846:[DBG]:CMD:[0x37]->[0x00]
[17:45:46:408]650846:[DBG]:CMD:[0x01]->[0x00]
[17:45:46:408]650848:[DBG]:CMD:[0x20]->[0x00]
[17:45:46:705]651150:[DBG]:CMD:[0x37]->[0x00]
[17:45:46:705]651150:[DBG]:CMD:[0x01]->[0x00]
[17:45:46:705]651150:[DBG]:CMD:[0x20]->[0x00]
[17:45:47:018]651452:[DBG]:CMD:[0x37]->[0x00]
[17:45:47:018]651452:[DBG]:CMD:[0x01]->[0x00]
[17:45:47:018]651454:[DBG]:CMD:[0x20]->[0x00]
[17:45:47:314]651756:[DBG]:CMD:[0x37]->[0x00]
[17:45:47:314]651756:[DBG]:CMD:[0x01]->[0x00]
[17:45:47:314]651760:[DBG]:CMD:[0x20]->[0x00]
[17:45:47:627]652060:[DBG]:CMD:[0x37]->[0x00]
[17:45:47:627]652060:[DBG]:CMD:[0x01]->[0x00]
[17:45:47:627]652062:[DBG]:CMD:[0x20]->[0x00]
[17:45:47:924]652364:[DBG]:CMD:[0x37]->[0x00]
[17:45:47:924]652364:[DBG]:CMD:[0x01]->[0x00]
[17:45:47:924]652366:[DBG]:CMD:[0x20]->[0x00]
[17:45:48:095]652534:[DBG]:IIC:TEMP ID 0:0x007C,0x0068,0x005A,0x0099,
[17:45:48:095]652534:[DBG]:IIC:TEMP ID 4:0x00C6,0x006A,0x0048,0x0090,
[17:45:48:220]652666:[DBG]:CMD:[0x37]->[0x00]
[17:45:48:220]652668:[DBG]:CMD:[0x01]->[0x00]
[17:45:48:220]652668:[DBG]:CMD:[0x20]->[0x00]
[17:45:48:533]652970:[DBG]:CMD:[0x37]->[0x00]
[17:45:48:533]652970:[DBG]:CMD:[0x01]->[0x00]
[17:45:48:533]652972:[DBG]:CMD:[0x20]->[0x00]
[17:45:48:830]653274:[DBG]:CMD:[0x37]->[0x00]
[17:45:48:830]653274:[DBG]:CMD:[0x01]->[0x00]
[17:45:48:830]653276:[DBG]:CMD:[0x20]->[0x00]
[17:45:49:142]653578:[DBG]:CMD:[0x37]->[0x00]
[17:45:49:142]653578:[DBG]:CMD:[0x01]->[0x00]
[17:45:49:142]653578:[DBG]:CMD:[0x20]->[0x00]
[17:45:49:439]653880:[DBG]:CMD:[0x37]->[0x00]
[17:45:49:439]653880:[DBG]:CMD:[0x01]->[0x00]
[17:45:49:439]653882:[DBG]:CMD:[0x20]->[0x00]
[17:45:49:736]654184:[DBG]:CMD:[0x37]->[0x00]
[17:45:49:736]654184:[DBG]:CMD:[0x01]->[0x00]
[17:45:49:736]654186:[DBG]:CMD:[0x20]->[0x00]
[17:45:50:048]654488:[DBG]:CMD:[0x37]->[0x00]
[17:45:50:048]654488:[DBG]:CMD:[0x01]->[0x00]
[17:45:50:048]654488:[DBG]:CMD:[0x20]->[0x00]
[17:45:50:095]654534:[DBG]:IIC:TEMP ID 0:0x005D,0x0068,0x0065,0x0099,
[17:45:50:095]654534:[DBG]:IIC:TEMP ID 4:0x00C9,0x006A,0x0075,0x0090,
[17:45:50:345]654790:[DBG]:CMD:[0x37]->[0x00]
[17:45:50:345]654792:[DBG]:CMD:[0x01]->[0x00]
[17:45:50:345]654792:[DBG]:CMD:[0x20]->[0x00]
[17:45:50:657]655094:[DBG]:CMD:[0x37]->[0x00]
[17:45:50:657]655094:[DBG]:CMD:[0x01]->[0x00]
[17:45:50:657]655096:[DBG]:CMD:[0x20]->[0x00]
[17:45:50:954]655398:[DBG]:CMD:[0x37]->[0x00]
[17:45:50:954]655398:[DBG]:CMD:[0x01]->[0x00]
[17:45:50:954]655398:[DBG]:CMD:[0x20]->[0x00]
[17:45:51:251]655700:[DBG]:CMD:[0x37]->[0x00]
[17:45:51:251]655702:[DBG]:CMD:[0x01]->[0x00]
[17:45:51:251]655702:[DBG]:CMD:[0x20]->[0x00]
[17:45:51:563]656004:[DBG]:CMD:[0x37]->[0x00]
[17:45:51:563]656004:[DBG]:CMD:[0x01]->[0x00]
[17:45:51:563]656006:[DBG]:CMD:[0x20]->[0x00]
[17:45:51:876]656308:[DBG]:CMD:[0x37]->[0x00]
[17:45:51:876]656308:[DBG]:CMD:[0x01]->[0x00]
[17:45:51:876]656310:[DBG]:CMD:[0x20]->[0x00]
[17:45:52:095]656534:[DBG]:IIC:TEMP ID 0:0x0060,0x0068,0x0050,0x0099,
[17:45:52:095]656534:[DBG]:IIC:TEMP ID 4:0x00C8,0x006A,0x0064,0x0090,
[17:45:52:173]656610:[DBG]:CMD:[0x37]->[0x00]
[17:45:52:173]656612:[DBG]:CMD:[0x01]->[0x00]
[17:45:52:173]656612:[DBG]:CMD:[0x20]->[0x00]
[17:45:52:469]656914:[DBG]:CMD:[0x37]->[0x00]
[17:45:52:469]656914:[DBG]:CMD:[0x01]->[0x00]
[17:45:52:469]656918:[DBG]:CMD:[0x20]->[0x00]
[17:45:52:782]657220:[DBG]:CMD:[0x37]->[0x00]
[17:45:52:782]657222:[DBG]:CMD:[0x01]->[0x00]
[17:45:52:782]657222:[DBG]:CMD:[0x20]->[0x00]
[17:45:53:079]657524:[DBG]:CMD:[0x37]->[0x00]
[17:45:53:079]657524:[DBG]:CMD:[0x01]->[0x00]
[17:45:53:079]657526:[DBG]:CMD:[0x20]->[0x00]
[17:45:53:375]657826:[DBG]:CMD:[0x37]->[0x00]
[17:45:53:375]657828:[DBG]:CMD:[0x01]->[0x00]
[17:45:53:375]657830:[DBG]:CMD:[0x20]->[0x00]
[17:45:53:688]658130:[DBG]:CMD:[0x37]->[0x00]
[17:45:53:688]658130:[DBG]:CMD:[0x01]->[0x00]
[17:45:53:688]658132:[DBG]:CMD:[0x20]->[0x00]
[17:45:53:985]658434:[DBG]:CMD:[0x37]->[0x00]
[17:45:53:985]658434:[DBG]:CMD:[0x01]->[0x00]
[17:45:53:985]658436:[DBG]:CMD:[0x20]->[0x00]
[17:45:54:094]658534:[DBG]:IIC:TEMP ID 0:0x0069,0x0068,0x0061,0x0099,
[17:45:54:094]658534:[DBG]:IIC:TEMP ID 4:0x00C7,0x006A,0x0045,0x0090,
[17:45:54:297]658738:[DBG]:CMD:[0x37]->[0x00]
[17:45:54:297]658738:[DBG]:CMD:[0x01]->[0x00]
[17:45:54:297]658738:[DBG]:CMD:[0x20]->[0x00]
[17:45:54:594]659040:[DBG]:CMD:[0x37]->[0x00]
[17:45:54:594]659042:[DBG]:CMD:[0x01]->[0x00]
[17:45:54:594]659042:[DBG]:CMD:[0x20]->[0x00]
[17:45:54:891]659344:[DBG]:CMD:[0x37]->[0x00]
[17:45:54:891]659344:[DBG]:CMD:[0x01]->[0x00]
[17:45:54:891]659346:[DBG]:CMD:[0x20]->[0x00]
[17:45:55:203]659646:[DBG]:CMD:[0x37]->[0x00]
[17:45:55:203]659648:[DBG]:CMD:[0x01]->[0x00]
[17:45:55:203]659648:[DBG]:CMD:[0x20]->[0x00]
[17:45:55:500]659950:[DBG]:CMD:[0x37]->[0x00]
[17:45:55:500]659950:[DBG]:CMD:[0x01]->[0x00]
[17:45:55:500]659952:[DBG]:CMD:[0x20]->[0x00]
[17:45:55:812]660252:[DBG]:CMD:[0x37]->[0x00]
[17:45:55:812]660254:[DBG]:CMD:[0x01]->[0x00]
[17:45:55:812]660254:[DBG]:CMD:[0x20]->[0x00]
[17:45:56:062]660534:[DBG]:IIC:TEMP ID 0:0x005A,0x0068,0x006E,0x0099,
[17:45:56:062]660534:[DBG]:IIC:TEMP ID 4:0x00CC,0x006A,0x0042,0x0090,
[17:45:56:109]660556:[DBG]:CMD:[0x37]->[0x00]
[17:45:56:109]660556:[DBG]:CMD:[0x01]->[0x00]
[17:45:56:109]660560:[DBG]:CMD:[0x20]->[0x00]
[17:45:56:406]660860:[DBG]:CMD:[0x37]->[0x00]
[17:45:56:406]660860:[DBG]:CMD:[0x01]->[0x00]
[17:45:56:406]660862:[DBG]:CMD:[0x20]->[0x00]
[17:45:56:718]661164:[DBG]:CMD:[0x37]->[0x00]
[17:45:56:718]661164:[DBG]:CMD:[0x01]->[0x00]
[17:45:56:718]661164:[DBG]:CMD:[0x20]->[0x00]
[17:45:57:015]661466:[DBG]:CMD:[0x37]->[0x00]
[17:45:57:015]661466:[DBG]:CMD:[0x01]->[0x00]
[17:45:57:015]661468:[DBG]:CMD:[0x20]->[0x00]
[17:45:57:312]661770:[DBG]:CMD:[0x37]->[0x00]
[17:45:57:312]661770:[DBG]:CMD:[0x01]->[0x00]
[17:45:57:312]661772:[DBG]:CMD:[0x20]->[0x00]
[17:45:57:624]662072:[DBG]:CMD:[0x37]->[0x00]
[17:45:57:624]662072:[DBG]:CMD:[0x01]->[0x00]
[17:45:57:624]662074:[DBG]:CMD:[0x20]->[0x00]
[17:45:57:921]662374:[DBG]:CMD:[0x37]->[0x00]
[17:45:57:921]662376:[DBG]:CMD:[0x01]->[0x00]
[17:45:57:921]662376:[DBG]:CMD:[0x20]->[0x00]
[17:45:58:077]662534:[DBG]:IIC:TEMP ID 0:0x005D,0x0068,0x0085,0x0099,
[17:45:58:077]662534:[DBG]:IIC:TEMP ID 4:0x00CD,0x006A,0x0067,0x0090,
[17:45:58:234]662678:[DBG]:CMD:[0x37]->[0x00]
[17:45:58:234]662678:[DBG]:CMD:[0x01]->[0x00]
[17:45:58:234]662680:[DBG]:CMD:[0x20]->[0x00]
[17:45:58:530]662982:[DBG]:CMD:[0x37]->[0x00]
[17:45:58:530]662982:[DBG]:CMD:[0x01]->[0x00]
[17:45:58:530]662982:[DBG]:CMD:[0x20]->[0x00]
[17:45:58:840]663284:[DBG]:CMD:[0x37]->[0x00]
[17:45:58:840]663284:[DBG]:CMD:[0x01]->[0x00]
[17:45:58:840]663286:[DBG]:CMD:[0x20]->[0x00]
[17:45:59:137]663586:[DBG]:CMD:[0x37]->[0x00]
[17:45:59:137]663588:[DBG]:CMD:[0x01]->[0x00]
[17:45:59:137]663588:[DBG]:CMD:[0x20]->[0x00]
[17:45:59:433]663890:[DBG]:CMD:[0x37]->[0x00]
[17:45:59:433]663890:[DBG]:CMD:[0x01]->[0x00]
[17:45:59:433]663892:[DBG]:CMD:[0x20]->[0x00]
[17:45:59:746]664192:[DBG]:CMD:[0x37]->[0x00]
[17:45:59:746]664194:[DBG]:CMD:[0x01]->[0x00]
[17:45:59:746]664194:[DBG]:CMD:[0x20]->[0x00]
[17:46:00:042]664496:[DBG]:CMD:[0x37]->[0x00]
[17:46:00:042]664496:[DBG]:CMD:[0x01]->[0x00]
[17:46:00:042]664498:[DBG]:CMD:[0x20]->[0x00]
[17:46:00:089]664534:[DBG]:IIC:TEMP ID 0:0x0064,0x0068,0x007E,0x0099,
[17:46:00:089]664534:[DBG]:IIC:TEMP ID 4:0x00CA,0x006A,0x0048,0x0090,
[17:46:00:340]664798:[DBG]:CMD:[0x37]->[0x00]
[17:46:00:340]664800:[DBG]:CMD:[0x01]->[0x00]
[17:46:00:340]664800:[DBG]:CMD:[0x20]->[0x00]
[17:46:00:652]665102:[DBG]:CMD:[0x37]->[0x00]
[17:46:00:652]665102:[DBG]:CMD:[0x01]->[0x00]
[17:46:00:652]665104:[DBG]:CMD:[0x20]->[0x00]
[17:46:00:949]665404:[DBG]:CMD:[0x37]->[0x00]
[17:46:00:949]665406:[DBG]:CMD:[0x01]->[0x00]
[17:46:00:949]665406:[DBG]:CMD:[0x20]->[0x00]
[17:46:01:261]665708:[DBG]:CMD:[0x37]->[0x00]
[17:46:01:261]665708:[DBG]:CMD:[0x01]->[0x00]
[17:46:01:261]665710:[DBG]:CMD:[0x20]->[0x00]
[17:46:01:558]666012:[DBG]:CMD:[0x37]->[0x00]
[17:46:01:558]666012:[DBG]:CMD:[0x01]->[0x00]
[17:46:01:558]666014:[DBG]:CMD:[0x20]->[0x00]
[17:46:01:870]666314:[DBG]:CMD:[0x37]->[0x00]
[17:46:01:870]666314:[DBG]:CMD:[0x01]->[0x00]
[17:46:01:870]666318:[DBG]:CMD:[0x20]->[0x00]
[17:46:02:073]666534:[DBG]:IIC:TEMP ID 0:0x0061,0x0068,0x00AF,0x0099,
[17:46:02:073]666534:[DBG]:IIC:TEMP ID 4:0x00C9,0x006A,0x005F,0x0090,
[17:46:02:167]666620:[DBG]:CMD:[0x37]->[0x00]
[17:46:02:167]666622:[DBG]:CMD:[0x01]->[0x00]
[17:46:02:167]666622:[DBG]:CMD:[0x20]->[0x00]
[17:46:02:464]666924:[DBG]:CMD:[0x37]->[0x00]
[17:46:02:464]666924:[DBG]:CMD:[0x01]->[0x00]
[17:46:02:464]666926:[DBG]:CMD:[0x20]->[0x00]
[17:46:02:776]667226:[DBG]:CMD:[0x37]->[0x00]
[17:46:02:776]667228:[DBG]:CMD:[0x01]->[0x00]
[17:46:02:776]667228:[DBG]:CMD:[0x20]->[0x00]
[17:46:03:073]667530:[DBG]:CMD:[0x37]->[0x00]
[17:46:03:073]667530:[DBG]:CMD:[0x01]->[0x00]
[17:46:03:073]667532:[DBG]:CMD:[0x20]->[0x00]
[17:46:03:370]667832:[DBG]:CMD:[0x37]->[0x00]
[17:46:03:370]667834:[DBG]:CMD:[0x01]->[0x00]
[17:46:03:370]667834:[DBG]:CMD:[0x20]->[0x00]
[17:46:03:682]668136:[DBG]:CMD:[0x37]->[0x00]
[17:46:03:682]668136:[DBG]:CMD:[0x01]->[0x00]
[17:46:03:682]668138:[DBG]:CMD:[0x20]->[0x00]
[17:46:03:979]668440:[DBG]:CMD:[0x37]->[0x00]
[17:46:03:979]668440:[DBG]:CMD:[0x01]->[0x00]
[17:46:03:979]668440:[DBG]:CMD:[0x20]->[0x00]
[17:46:04:073]668534:[DBG]:IIC:TEMP ID 0:0x0076,0x0068,0x00AC,0x0099,
[17:46:04:073]668534:[DBG]:IIC:TEMP ID 4:0x00CA,0x006A,0x0058,0x0090,
[17:46:04:292]668742:[DBG]:CMD:[0x37]->[0x00]
[17:46:04:292]668744:[DBG]:CMD:[0x01]->[0x00]
[17:46:04:292]668744:[DBG]:CMD:[0x20]->[0x00]
[17:46:04:588]669046:[DBG]:CMD:[0x37]->[0x00]
[17:46:04:588]669046:[DBG]:CMD:[0x01]->[0x00]
[17:46:04:588]669048:[DBG]:CMD:[0x20]->[0x00]
[17:46:04:885]669348:[DBG]:CMD:[0x37]->[0x00]
[17:46:04:885]669348:[DBG]:CMD:[0x01]->[0x00]
[17:46:04:885]669350:[DBG]:CMD:[0x20]->[0x00]
[17:46:05:198]669650:[DBG]:CMD:[0x37]->[0x00]
[17:46:05:198]669652:[DBG]:CMD:[0x01]->[0x00]
[17:46:05:198]669652:[DBG]:CMD:[0x20]->[0x00]
[17:46:05:495]669954:[DBG]:CMD:[0x37]->[0x00]
[17:46:05:495]669954:[DBG]:CMD:[0x01]->[0x00]
[17:46:05:495]669956:[DBG]:CMD:[0x20]->[0x00]
[17:46:05:807]670256:[DBG]:CMD:[0x37]->[0x00]
[17:46:05:807]670260:[DBG]:CMD:[0x01]->[0x00]
[17:46:05:807]670260:[DBG]:CMD:[0x20]->[0x00]
[17:46:06:057]670534:[DBG]:IIC:TEMP ID 0:0x0067,0x0068,0x00CB,0x0099,
[17:46:06:057]670534:[DBG]:IIC:TEMP ID 4:0x00CB,0x006A,0x004F,0x0090,
[17:46:06:104]670562:[DBG]:CMD:[0x37]->[0x00]
[17:46:06:104]670562:[DBG]:CMD:[0x01]->[0x00]
[17:46:06:104]670562:[DBG]:CMD:[0x20]->[0x00]
[17:46:06:400]670864:[DBG]:CMD:[0x37]->[0x00]
[17:46:06:400]670864:[DBG]:CMD:[0x01]->[0x00]
[17:46:06:400]670866:[DBG]:CMD:[0x20]->[0x00]
[17:46:06:713]671166:[DBG]:CMD:[0x37]->[0x00]
[17:46:06:713]671168:[DBG]:CMD:[0x01]->[0x00]
[17:46:06:713]671168:[DBG]:CMD:[0x20]->[0x00]
[17:46:07:010]671470:[DBG]:CMD:[0x37]->[0x00]
[17:46:07:010]671470:[DBG]:CMD:[0x01]->[0x00]
[17:46:07:010]671472:[DBG]:CMD:[0x20]->[0x00]
[17:46:07:307]671772:[DBG]:CMD:[0x37]->[0x00]
[17:46:07:307]671774:[DBG]:CMD:[0x01]->[0x00]
[17:46:07:307]671774:[DBG]:CMD:[0x20]->[0x00]
[17:46:07:619]672076:[DBG]:CMD:[0x37]->[0x00]
[17:46:07:619]672076:[DBG]:CMD:[0x01]->[0x00]
[17:46:07:619]672078:[DBG]:CMD:[0x20]->[0x00]
[17:46:07:916]672378:[DBG]:CMD:[0x37]->[0x00]
[17:46:07:916]672380:[DBG]:CMD:[0x01]->[0x00]
[17:46:07:916]672380:[DBG]:CMD:[0x20]->[0x00]
[17:46:08:072]672534:[DBG]:IIC:TEMP ID 0:0x005A,0x0068,0x00E6,0x0099,
[17:46:08:072]672534:[DBG]:IIC:TEMP ID 4:0x00CE,0x006A,0x0062,0x0090,
[17:46:08:228]672682:[DBG]:CMD:[0x37]->[0x00]
[17:46:08:228]672682:[DBG]:CMD:[0x01]->[0x00]
[17:46:08:228]672684:[DBG]:CMD:[0x20]->[0x00]
[17:46:08:525]672984:[DBG]:CMD:[0x37]->[0x00]
[17:46:08:525]672986:[DBG]:CMD:[0x01]->[0x00]
[17:46:08:525]672986:[DBG]:CMD:[0x20]->[0x00]
[17:46:08:822]673288:[DBG]:CMD:[0x37]->[0x00]
[17:46:08:822]673288:[DBG]:CMD:[0x01]->[0x00]
[17:46:08:822]673290:[DBG]:CMD:[0x20]->[0x00]
[17:46:09:134]673592:[DBG]:CMD:[0x37]->[0x00]
[17:46:09:134]673592:[DBG]:CMD:[0x01]->[0x00]
[17:46:09:134]673594:[DBG]:CMD:[0x20]->[0x00]
[17:46:09:431]673894:[DBG]:CMD:[0x37]->[0x00]
[17:46:09:431]673894:[DBG]:CMD:[0x01]->[0x00]
[17:46:09:431]673896:[DBG]:CMD:[0x20]->[0x00]
[17:46:09:728]674198:[DBG]:CMD:[0x37]->[0x00]
[17:46:09:728]674198:[DBG]:CMD:[0x01]->[0x00]
[17:46:09:728]674198:[DBG]:CMD:[0x20]->[0x00]
[17:46:10:040]674500:[DBG]:CMD:[0x37]->[0x00]
[17:46:10:040]674500:[DBG]:CMD:[0x01]->[0x00]
[17:46:10:040]674502:[DBG]:CMD:[0x20]->[0x00]
[17:46:10:071]674534:[DBG]:IIC:TEMP ID 0:0x0063,0x0068,0x00EB,0x0099,
[17:46:10:071]674534:[DBG]:IIC:TEMP ID 4:0x00CD,0x006A,0x0079,0x0090,
[17:46:10:337]674802:[DBG]:CMD:[0x37]->[0x00]
[17:46:10:337]674804:[DBG]:CMD:[0x01]->[0x00]
[17:46:10:337]674804:[DBG]:CMD:[0x20]->[0x00]
[17:46:10:650]675106:[DBG]:CMD:[0x37]->[0x00]
[17:46:10:650]675106:[DBG]:CMD:[0x01]->[0x00]
[17:46:10:650]675108:[DBG]:CMD:[0x20]->[0x00]
[17:46:10:946]675408:[DBG]:CMD:[0x37]->[0x00]
[17:46:10:946]675410:[DBG]:CMD:[0x01]->[0x00]
[17:46:10:946]675410:[DBG]:CMD:[0x20]->[0x00]
[17:46:11:259]675712:[DBG]:CMD:[0x37]->[0x00]
[17:46:11:259]675712:[DBG]:CMD:[0x01]->[0x00]
[17:46:11:259]675714:[DBG]:CMD:[0x20]->[0x00]
[17:46:11:555]676014:[DBG]:CMD:[0x37]->[0x00]
[17:46:11:555]676014:[DBG]:CMD:[0x01]->[0x00]
[17:46:11:555]676018:[DBG]:CMD:[0x20]->[0x00]
[17:46:11:852]676320:[DBG]:CMD:[0x37]->[0x00]
[17:46:11:852]676322:[DBG]:CMD:[0x01]->[0x00]
[17:46:11:852]676322:[DBG]:CMD:[0x20]->[0x00]
[17:46:12:071]676534:[DBG]:IIC:TEMP ID 0:0x0068,0x0068,0x00EE,0x0099,
[17:46:12:071]676534:[DBG]:IIC:TEMP ID 4:0x00D2,0x006A,0x004A,0x0090,
[17:46:12:165]676624:[DBG]:CMD:[0x37]->[0x00]
[17:46:12:165]676624:[DBG]:CMD:[0x01]->[0x00]
[17:46:12:165]676626:[DBG]:CMD:[0x20]->[0x00]
[17:46:12:462]676926:[DBG]:CMD:[0x37]->[0x00]
[17:46:12:462]676928:[DBG]:CMD:[0x01]->[0x00]
[17:46:12:462]676928:[DBG]:CMD:[0x20]->[0x00]
[17:46:12:758]677230:[DBG]:CMD:[0x37]->[0x00]
[17:46:12:758]677230:[DBG]:CMD:[0x01]->[0x00]
[17:46:12:758]677232:[DBG]:CMD:[0x20]->[0x00]
[17:46:13:071]677534:[DBG]:CMD:[0x37]->[0x00]
[17:46:13:071]677534:[DBG]:CMD:[0x01]->[0x00]
[17:46:13:071]677534:[DBG]:CMD:[0x20]->[0x00]
[17:46:13:368]677836:[DBG]:CMD:[0x37]->[0x00]
[17:46:13:368]677836:[DBG]:CMD:[0x01]->[0x00]
[17:46:13:368]677838:[DBG]:CMD:[0x20]->[0x00]
[17:46:13:680]678140:[DBG]:CMD:[0x37]->[0x00]
[17:46:13:680]678140:[DBG]:CMD:[0x01]->[0x00]
[17:46:13:680]678142:[DBG]:CMD:[0x20]->[0x00]
[17:46:13:977]678442:[DBG]:CMD:[0x37]->[0x00]
[17:46:13:977]678444:[DBG]:CMD:[0x01]->[0x00]
[17:46:13:977]678444:[DBG]:CMD:[0x20]->[0x00]
[17:46:14:070]678534:[DBG]:IIC:TEMP ID 0:0x0081,0x0068,0x0005,0x009A,
[17:46:14:070]678534:[DBG]:IIC:TEMP ID 4:0x00CF,0x006A,0x006D,0x0090,
[17:46:14:274]678746:[DBG]:CMD:[0x37]->[0x00]
[17:46:14:274]678746:[DBG]:CMD:[0x01]->[0x00]
[17:46:14:274]678748:[DBG]:CMD:[0x20]->[0x00]
[17:46:14:586]679048:[DBG]:CMD:[0x37]->[0x00]
[17:46:14:586]679050:[DBG]:CMD:[0x01]->[0x00]
[17:46:14:586]679050:[DBG]:CMD:[0x20]->[0x00]
[17:46:14:883]679352:[DBG]:CMD:[0x37]->[0x00]
[17:46:14:883]679352:[DBG]:CMD:[0x01]->[0x00]
[17:46:14:883]679354:[DBG]:CMD:[0x20]->[0x00]
[17:46:15:195]679654:[DBG]:CMD:[0x37]->[0x00]
[17:46:15:195]679656:[DBG]:CMD:[0x01]->[0x00]
[17:46:15:195]679656:[DBG]:CMD:[0x20]->[0x00]
[17:46:15:492]679960:[DBG]:CMD:[0x37]->[0x00]
[17:46:15:492]679960:[DBG]:CMD:[0x01]->[0x00]
[17:46:15:492]679962:[DBG]:CMD:[0x20]->[0x00]
[17:46:15:789]680262:[DBG]:CMD:[0x37]->[0x00]
[17:46:15:789]680264:[DBG]:CMD:[0x01]->[0x00]
[17:46:15:789]680264:[DBG]:CMD:[0x20]->[0x00]
[17:46:16:055]680534:[DBG]:IIC:TEMP ID 0:0x0054,0x0068,0x00F6,0x0099,
[17:46:16:055]680534:[DBG]:IIC:TEMP ID 4:0x00D0,0x006A,0x005C,0x0090,
[17:46:16:101]680566:[DBG]:CMD:[0x37]->[0x00]
[17:46:16:101]680566:[DBG]:CMD:[0x01]->[0x00]
[17:46:16:101]680568:[DBG]:CMD:[0x20]->[0x00]
[17:46:16:398]680868:[DBG]:CMD:[0x37]->[0x00]
[17:46:16:398]680868:[DBG]:CMD:[0x01]->[0x00]
[17:46:16:398]680870:[DBG]:CMD:[0x20]->[0x00]
[17:46:16:695]681172:[DBG]:CMD:[0x37]->[0x00]
[17:46:16:695]681172:[DBG]:CMD:[0x01]->[0x00]
[17:46:16:695]681172:[DBG]:CMD:[0x20]->[0x00]
[17:46:17:007]681474:[DBG]:CMD:[0x37]->[0x00]
[17:46:17:007]681474:[DBG]:CMD:[0x01]->[0x00]
[17:46:17:007]681476:[DBG]:CMD:[0x20]->[0x00]
[17:46:17:304]681776:[DBG]:CMD:[0x37]->[0x00]
[17:46:17:304]681778:[DBG]:CMD:[0x01]->[0x00]
[17:46:17:304]681778:[DBG]:CMD:[0x20]->[0x00]
[17:46:17:617]682080:[DBG]:CMD:[0x37]->[0x00]
[17:46:17:617]682080:[DBG]:CMD:[0x01]->[0x00]
[17:46:17:617]682082:[DBG]:CMD:[0x20]->[0x00]
[17:46:17:914]682382:[DBG]:CMD:[0x37]->[0x00]
[17:46:17:914]682384:[DBG]:CMD:[0x01]->[0x00]
[17:46:17:914]682384:[DBG]:CMD:[0x20]->[0x00]
[17:46:18:070]682534:[DBG]:IIC:TEMP ID 0:0x005D,0x0068,0x00F7,0x0099,
[17:46:18:070]682534:[DBG]:IIC:TEMP ID 4:0x00D3,0x006A,0x0065,0x0090,
[17:46:18:210]682686:[DBG]:CMD:[0x37]->[0x00]
[17:46:18:210]682686:[DBG]:CMD:[0x01]->[0x00]
[17:46:18:210]682688:[DBG]:CMD:[0x20]->[0x00]
[17:46:18:523]682988:[DBG]:CMD:[0x37]->[0x00]
[17:46:18:523]682990:[DBG]:CMD:[0x01]->[0x00]
[17:46:18:523]682990:[DBG]:CMD:[0x20]->[0x00]
[17:46:18:820]683292:[DBG]:CMD:[0x37]->[0x00]
[17:46:18:820]683292:[DBG]:CMD:[0x01]->[0x00]
[17:46:18:820]683294:[DBG]:CMD:[0x20]->[0x00]
[17:46:19:116]683594:[DBG]:CMD:[0x37]->[0x00]
[17:46:19:116]683596:[DBG]:CMD:[0x01]->[0x00]
[17:46:19:116]683596:[DBG]:CMD:[0x20]->[0x00]
[17:46:19:429]683898:[DBG]:CMD:[0x37]->[0x00]
[17:46:19:429]683898:[DBG]:CMD:[0x01]->[0x00]
[17:46:19:429]683900:[DBG]:CMD:[0x20]->[0x00]
[17:46:19:726]684202:[DBG]:CMD:[0x37]->[0x00]
[17:46:19:726]684202:[DBG]:CMD:[0x01]->[0x00]
[17:46:19:726]684204:[DBG]:CMD:[0x20]->[0x00]
[17:46:20:022]684504:[DBG]:CMD:[0x37]->[0x00]
[17:46:20:022]684506:[DBG]:CMD:[0x01]->[0x00]
[17:46:20:022]684506:[DBG]:CMD:[0x20]->[0x00]
[17:46:20:069]684534:[DBG]:IIC:TEMP ID 0:0x007E,0x0068,0x00F4,0x0099,
[17:46:20:069]684534:[DBG]:IIC:TEMP ID 4:0x00D2,0x006A,0x006C,0x0090,
[17:46:20:335]684808:[DBG]:CMD:[0x37]->[0x00]
[17:46:20:335]684808:[DBG]:CMD:[0x01]->[0x00]
[17:46:20:335]684810:[DBG]:CMD:[0x20]->[0x00]
[17:46:20:647]685110:[DBG]:CMD:[0x37]->[0x00]
[17:46:20:647]685112:[DBG]:CMD:[0x01]->[0x00]
[17:46:20:647]685112:[DBG]:CMD:[0x20]->[0x00]
[17:46:20:944]685414:[DBG]:CMD:[0x37]->[0x00]
[17:46:20:944]685414:[DBG]:CMD:[0x01]->[0x00]
[17:46:20:944]685416:[DBG]:CMD:[0x20]->[0x00]
[17:46:21:256]685718:[DBG]:CMD:[0x37]->[0x00]
[17:46:21:256]685720:[DBG]:CMD:[0x01]->[0x00]
[17:46:21:256]685722:[DBG]:CMD:[0x20]->[0x00]
[17:46:21:553]686022:[DBG]:CMD:[0x37]->[0x00]
[17:46:21:553]686022:[DBG]:CMD:[0x01]->[0x00]
[17:46:21:553]686024:[DBG]:CMD:[0x20]->[0x00]
[17:46:21:850]686326:[DBG]:CMD:[0x37]->[0x00]
[17:46:21:850]686326:[DBG]:CMD:[0x01]->[0x00]
[17:46:21:850]686328:[DBG]:CMD:[0x20]->[0x00]
[17:46:22:053]686534:[DBG]:IIC:TEMP ID 0:0x006B,0x0068,0x0015,0x009A,
[17:46:22:053]686534:[DBG]:IIC:TEMP ID 4:0x00CD,0x006A,0x007D,0x0090,
[17:46:22:147]686628:[DBG]:CMD:[0x37]->[0x00]
[17:46:22:147]686630:[DBG]:CMD:[0x01]->[0x00]
[17:46:22:147]686630:[DBG]:CMD:[0x20]->[0x00]
[17:46:22:459]686932:[DBG]:CMD:[0x37]->[0x00]
[17:46:22:459]686932:[DBG]:CMD:[0x01]->[0x00]
[17:46:22:459]686934:[DBG]:CMD:[0x20]->[0x00]
[17:46:22:756]687234:[DBG]:CMD:[0x37]->[0x00]
[17:46:22:756]687234:[DBG]:CMD:[0x01]->[0x00]
[17:46:22:756]687236:[DBG]:CMD:[0x20]->[0x00]
[17:46:23:068]687538:[DBG]:CMD:[0x37]->[0x00]
[17:46:23:068]687538:[DBG]:CMD:[0x01]->[0x00]
[17:46:23:068]687538:[DBG]:CMD:[0x20]->[0x00]
[17:46:23:365]687840:[DBG]:CMD:[0x37]->[0x00]
[17:46:23:365]687842:[DBG]:CMD:[0x01]->[0x00]
[17:46:23:365]687842:[DBG]:CMD:[0x20]->[0x00]
[17:46:23:662]688144:[DBG]:CMD:[0x37]->[0x00]
[17:46:23:662]688144:[DBG]:CMD:[0x01]->[0x00]
[17:46:23:662]688146:[DBG]:CMD:[0x20]->[0x00]
[17:46:23:975]688446:[DBG]:CMD:[0x37]->[0x00]
[17:46:23:975]688448:[DBG]:CMD:[0x01]->[0x00]
[17:46:23:975]688448:[DBG]:CMD:[0x20]->[0x00]
[17:46:24:052]688534:[DBG]:IIC:TEMP ID 0:0x0072,0x0068,0x0014,0x009A,
[17:46:24:052]688534:[DBG]:IIC:TEMP ID 4:0x00CE,0x006A,0x0066,0x0090,
[17:46:24:271]688750:[DBG]:CMD:[0x37]->[0x00]
[17:46:24:271]688750:[DBG]:CMD:[0x01]->[0x00]
[17:46:24:271]688752:[DBG]:CMD:[0x20]->[0x00]
[17:46:24:584]689052:[DBG]:CMD:[0x37]->[0x00]
[17:46:24:584]689054:[DBG]:CMD:[0x01]->[0x00]
[17:46:24:584]689054:[DBG]:CMD:[0x20]->[0x00]
[17:46:24:881]689356:[DBG]:CMD:[0x37]->[0x00]
[17:46:24:881]689356:[DBG]:CMD:[0x01]->[0x00]
[17:46:24:881]689360:[DBG]:CMD:[0x20]->[0x00]
[17:46:25:177]689660:[DBG]:CMD:[0x37]->[0x00]
[17:46:25:177]689660:[DBG]:CMD:[0x01]->[0x00]
[17:46:25:177]689662:[DBG]:CMD:[0x20]->[0x00]
[17:46:25:490]689964:[DBG]:CMD:[0x37]->[0x00]
[17:46:25:490]689964:[DBG]:CMD:[0x01]->[0x00]
[17:46:25:490]689964:[DBG]:CMD:[0x20]->[0x00]
[17:46:25:786]690266:[DBG]:CMD:[0x37]->[0x00]
[17:46:25:786]690266:[DBG]:CMD:[0x01]->[0x00]
[17:46:25:786]690268:[DBG]:CMD:[0x20]->[0x00]
[17:46:26:052]690534:[DBG]:IIC:TEMP ID 0:0x005B,0x0068,0x0027,0x009A,
[17:46:26:052]690534:[DBG]:IIC:TEMP ID 4:0x00D1,0x006A,0x0079,0x0090,
[17:46:26:083]690570:[DBG]:CMD:[0x37]->[0x00]
[17:46:26:083]690570:[DBG]:CMD:[0x01]->[0x00]
[17:46:26:083]690572:[DBG]:CMD:[0x20]->[0x00]
[17:46:26:396]690872:[DBG]:CMD:[0x37]->[0x00]
[17:46:26:396]690872:[DBG]:CMD:[0x01]->[0x00]
[17:46:26:396]690874:[DBG]:CMD:[0x20]->[0x00]
[17:46:26:693]691176:[DBG]:CMD:[0x37]->[0x00]
[17:46:26:693]691176:[DBG]:CMD:[0x01]->[0x00]
[17:46:26:693]691178:[DBG]:CMD:[0x20]->[0x00]
[17:46:27:005]691478:[DBG]:CMD:[0x37]->[0x00]
[17:46:27:005]691480:[DBG]:CMD:[0x01]->[0x00]
[17:46:27:005]691480:[DBG]:CMD:[0x20]->[0x00]
[17:46:27:302]691782:[DBG]:CMD:[0x37]->[0x00]
[17:46:27:302]691782:[DBG]:CMD:[0x01]->[0x00]
[17:46:27:302]691784:[DBG]:CMD:[0x20]->[0x00]
[17:46:27:599]692086:[DBG]:CMD:[0x37]->[0x00]
[17:46:27:599]692086:[DBG]:CMD:[0x01]->[0x00]
[17:46:27:599]692088:[DBG]:CMD:[0x20]->[0x00]
[17:46:27:911]692388:[DBG]:CMD:[0x37]->[0x00]
[17:46:27:911]692390:[DBG]:CMD:[0x01]->[0x00]
[17:46:27:911]692390:[DBG]:CMD:[0x20]->[0x00]
[17:46:28:052]692534:[DBG]:IIC:TEMP ID 0:0x0066,0x0068,0x0024,0x009A,
[17:46:28:052]692534:[DBG]:IIC:TEMP ID 4:0x00D0,0x006A,0x0078,0x0090,
[17:46:28:208]692692:[DBG]:CMD:[0x37]->[0x00]
[17:46:28:208]692692:[DBG]:CMD:[0x01]->[0x00]
[17:46:28:208]692694:[DBG]:CMD:[0x20]->[0x00]
[17:46:28:520]692994:[DBG]:CMD:[0x37]->[0x00]
[17:46:28:520]692996:[DBG]:CMD:[0x01]->[0x00]
[17:46:28:520]692996:[DBG]:CMD:[0x20]->[0x00]
[17:46:28:817]693298:[DBG]:CMD:[0x37]->[0x00]
[17:46:28:817]693298:[DBG]:CMD:[0x01]->[0x00]
[17:46:28:817]693300:[DBG]:CMD:[0x20]->[0x00]
[17:46:29:114]693600:[DBG]:CMD:[0x37]->[0x00]
[17:46:29:114]693602:[DBG]:CMD:[0x01]->[0x00]
[17:46:29:114]693602:[DBG]:CMD:[0x20]->[0x00]
[17:46:29:426]693904:[DBG]:CMD:[0x37]->[0x00]
[17:46:29:426]693904:[DBG]:CMD:[0x01]->[0x00]
[17:46:29:426]693906:[DBG]:CMD:[0x20]->[0x00]
[17:46:29:739]694208:[DBG]:CMD:[0x37]->[0x00]
[17:46:29:739]694208:[DBG]:CMD:[0x01]->[0x00]
[17:46:29:739]694210:[DBG]:CMD:[0x20]->[0x00]
[17:46:30:020]694512:[DBG]:CMD:[0x37]->[0x00]
[17:46:30:020]694512:[DBG]:CMD:[0x01]->[0x00]
[17:46:30:020]694512:[DBG]:CMD:[0x20]->[0x00]
[17:46:30:051]694534:[DBG]:IIC:TEMP ID 0:0x005B,0x0068,0x001D,0x009A,
[17:46:30:051]694534:[DBG]:IIC:TEMP ID 4:0x00D1,0x006A,0x006F,0x0090,
[17:46:30:332]694814:[DBG]:CMD:[0x37]->[0x00]
[17:46:30:332]694814:[DBG]:CMD:[0x01]->[0x00]
[17:46:30:332]694818:[DBG]:CMD:[0x20]->[0x00]
[17:46:30:645]695120:[DBG]:CMD:[0x37]->[0x00]
[17:46:30:645]695122:[DBG]:CMD:[0x01]->[0x00]
[17:46:30:645]695122:[DBG]:CMD:[0x20]->[0x00]
[17:46:30:942]695424:[DBG]:CMD:[0x37]->[0x00]
[17:46:30:942]695424:[DBG]:CMD:[0x01]->[0x00]
[17:46:30:942]695426:[DBG]:CMD:[0x20]->[0x00]
[17:46:31:239]695726:[DBG]:CMD:[0x37]->[0x00]
[17:46:31:239]695728:[DBG]:CMD:[0x01]->[0x00]
[17:46:31:239]695728:[DBG]:CMD:[0x20]->[0x00]
[17:46:31:551]696030:[DBG]:CMD:[0x37]->[0x00]
[17:46:31:551]696030:[DBG]:CMD:[0x01]->[0x00]
[17:46:31:551]696032:[DBG]:CMD:[0x20]->[0x00]
[17:46:31:848]696332:[DBG]:CMD:[0x37]->[0x00]
[17:46:31:848]696334:[DBG]:CMD:[0x01]->[0x00]
[17:46:31:848]696334:[DBG]:CMD:[0x20]->[0x00]
[17:46:32:051]696534:[DBG]:IIC:TEMP ID 0:0x0070,0x0068,0x0014,0x009A,
[17:46:32:051]696534:[DBG]:IIC:TEMP ID 4:0x00D0,0x006A,0x0078,0x0090,
[17:46:32:145]696636:[DBG]:CMD:[0x37]->[0x00]
[17:46:32:145]696636:[DBG]:CMD:[0x01]->[0x00]
[17:46:32:145]696638:[DBG]:CMD:[0x20]->[0x00]
[17:46:32:457]696938:[DBG]:CMD:[0x37]->[0x00]
[17:46:32:457]696940:[DBG]:CMD:[0x01]->[0x00]
[17:46:32:457]696940:[DBG]:CMD:[0x20]->[0x00]
[17:46:32:754]697242:[DBG]:CMD:[0x37]->[0x00]
[17:46:32:754]697242:[DBG]:CMD:[0x01]->[0x00]
[17:46:32:754]697244:[DBG]:CMD:[0x20]->[0x00]
[17:46:33:066]697544:[DBG]:CMD:[0x37]->[0x00]
[17:46:33:066]697544:[DBG]:CMD:[0x01]->[0x00]
[17:46:33:066]697546:[DBG]:CMD:[0x20]->[0x00]
[17:46:33:363]697848:[DBG]:CMD:[0x37]->[0x00]
[17:46:33:363]697848:[DBG]:CMD:[0x01]->[0x00]
[17:46:33:363]697848:[DBG]:CMD:[0x20]->[0x00]
[17:46:33:659]698150:[DBG]:CMD:[0x37]->[0x00]
[17:46:33:659]698152:[DBG]:CMD:[0x01]->[0x00]
[17:46:33:659]698152:[DBG]:CMD:[0x20]->[0x00]
[17:46:33:972]698454:[DBG]:CMD:[0x37]->[0x00]
[17:46:33:972]698454:[DBG]:CMD:[0x01]->[0x00]
[17:46:33:972]698456:[DBG]:CMD:[0x20]->[0x00]
[17:46:34:050]698534:[DBG]:IIC:TEMP ID 0:0x0067,0x0068,0x0027,0x009A,
[17:46:34:050]698534:[DBG]:IIC:TEMP ID 4:0x00D3,0x006A,0x0083,0x0090,
[17:46:34:269]698756:[DBG]:CMD:[0x37]->[0x00]
[17:46:34:269]698756:[DBG]:CMD:[0x01]->[0x00]
[17:46:34:269]698760:[DBG]:CMD:[0x20]->[0x00]
[17:46:34:565]699060:[DBG]:CMD:[0x37]->[0x00]
[17:46:34:565]699060:[DBG]:CMD:[0x01]->[0x00]
[17:46:34:565]699062:[DBG]:CMD:[0x20]->[0x00]
[17:46:34:878]699362:[DBG]:CMD:[0x37]->[0x00]
[17:46:34:878]699364:[DBG]:CMD:[0x01]->[0x00]
[17:46:34:878]699364:[DBG]:CMD:[0x20]->[0x00]
[17:46:35:175]699666:[DBG]:CMD:[0x37]->[0x00]
[17:46:35:175]699666:[DBG]:CMD:[0x01]->[0x00]
[17:46:35:175]699668:[DBG]:CMD:[0x20]->[0x00]
[17:46:35:487]699970:[DBG]:CMD:[0x37]->[0x00]
[17:46:35:487]699970:[DBG]:CMD:[0x01]->[0x00]
[17:46:35:487]699970:[DBG]:CMD:[0x20]->[0x00]
[17:46:35:784]700272:[DBG]:CMD:[0x37]->[0x00]
[17:46:35:784]700274:[DBG]:CMD:[0x01]->[0x00]
[17:46:35:784]700274:[DBG]:CMD:[0x20]->[0x00]
[17:46:36:050]700534:[DBG]:IIC:TEMP ID 0:0x0064,0x0068,0x001A,0x009A,
[17:46:36:050]700534:[DBG]:IIC:TEMP ID 4:0x00D4,0x006A,0x008E,0x0090,
[17:46:36:081]700576:[DBG]:CMD:[0x37]->[0x00]
[17:46:36:081]700576:[DBG]:CMD:[0x01]->[0x00]
[17:46:36:081]700578:[DBG]:CMD:[0x20]->[0x00]
[17:46:36:394]700878:[DBG]:CMD:[0x37]->[0x00]
[17:46:36:394]700878:[DBG]:CMD:[0x01]->[0x00]
[17:46:36:394]700880:[DBG]:CMD:[0x20]->[0x00]
[17:46:36:690]701180:[DBG]:CMD:[0x37]->[0x00]
[17:46:36:690]701182:[DBG]:CMD:[0x01]->[0x00]
[17:46:36:690]701182:[DBG]:CMD:[0x20]->[0x00]
[17:46:36:987]701484:[DBG]:CMD:[0x37]->[0x00]
[17:46:36:987]701484:[DBG]:CMD:[0x01]->[0x00]
[17:46:36:987]701486:[DBG]:CMD:[0x20]->[0x00]
[17:46:37:299]701788:[DBG]:CMD:[0x37]->[0x00]
[17:46:37:299]701788:[DBG]:CMD:[0x01]->[0x00]
[17:46:37:299]701788:[DBG]:CMD:[0x20]->[0x00]
[17:46:37:596]702090:[DBG]:CMD:[0x37]->[0x00]
[17:46:37:596]702092:[DBG]:CMD:[0x01]->[0x00]
[17:46:37:596]702092:[DBG]:CMD:[0x20]->[0x00]
[17:46:37:909]702394:[DBG]:CMD:[0x37]->[0x00]
[17:46:37:909]702394:[DBG]:CMD:[0x01]->[0x00]
[17:46:37:909]702396:[DBG]:CMD:[0x20]->[0x00]
[17:46:38:049]702534:[DBG]:IIC:TEMP ID 0:0x0063,0x0068,0x001D,0x009A,
[17:46:38:049]702534:[DBG]:IIC:TEMP ID 4:0x00D5,0x006A,0x008B,0x0090,
[17:46:38:206]702696:[DBG]:CMD:[0x37]->[0x00]
[17:46:38:206]702698:[DBG]:CMD:[0x01]->[0x00]
[17:46:38:206]702698:[DBG]:CMD:[0x20]->[0x00]
[17:46:38:502]703000:[DBG]:CMD:[0x37]->[0x00]
[17:46:38:502]703000:[DBG]:CMD:[0x01]->[0x00]
[17:46:38:502]703002:[DBG]:CMD:[0x20]->[0x00]
[17:46:38:815]703302:[DBG]:CMD:[0x37]->[0x00]
[17:46:38:815]703304:[DBG]:CMD:[0x01]->[0x00]
[17:46:38:815]703304:[DBG]:CMD:[0x20]->[0x00]
[17:46:39:112]703606:[DBG]:CMD:[0x37]->[0x00]
[17:46:39:112]703606:[DBG]:CMD:[0x01]->[0x00]
[17:46:39:112]703608:[DBG]:CMD:[0x20]->[0x00]
[17:46:39:424]703908:[DBG]:CMD:[0x37]->[0x00]
[17:46:39:424]703910:[DBG]:CMD:[0x01]->[0x00]
[17:46:39:424]703910:[DBG]:CMD:[0x20]->[0x00]
[17:46:39:721]704212:[DBG]:CMD:[0x37]->[0x00]
[17:46:39:721]704212:[DBG]:CMD:[0x01]->[0x00]
[17:46:39:721]704214:[DBG]:CMD:[0x20]->[0x00]
[17:46:40:002]704514:[DBG]:CMD:[0x37]->[0x00]
[17:46:40:002]704518:[DBG]:CMD:[0x01]->[0x00]
[17:46:40:002]704520:[DBG]:CMD:[0x20]->[0x00]
[17:46:40:049]704534:[DBG]:IIC:TEMP ID 0:0x007A,0x0068,0x001E,0x009A,
[17:46:40:049]704534:[DBG]:IIC:TEMP ID 4:0x00D4,0x006A,0x008A,0x0090,
[17:46:40:330]704822:[DBG]:CMD:[0x37]->[0x00]
[17:46:40:330]704822:[DBG]:CMD:[0x01]->[0x00]
[17:46:40:330]704822:[DBG]:CMD:[0x20]->[0x00]
[17:46:40:627]705124:[DBG]:CMD:[0x37]->[0x00]
[17:46:40:627]705126:[DBG]:CMD:[0x01]->[0x00]
[17:46:40:627]705126:[DBG]:CMD:[0x20]->[0x00]
[17:46:40:939]705428:[DBG]:CMD:[0x37]->[0x00]
[17:46:40:939]705428:[DBG]:CMD:[0x01]->[0x00]
[17:46:40:939]705430:[DBG]:CMD:[0x20]->[0x00]
[17:46:41:236]705730:[DBG]:CMD:[0x37]->[0x00]
[17:46:41:236]705732:[DBG]:CMD:[0x01]->[0x00]
[17:46:41:236]705732:[DBG]:CMD:[0x20]->[0x00]
[17:46:41:533]706034:[DBG]:CMD:[0x37]->[0x00]
[17:46:41:533]706034:[DBG]:CMD:[0x01]->[0x00]
[17:46:41:533]706036:[DBG]:CMD:[0x20]->[0x00]
[17:46:41:845]706336:[DBG]:CMD:[0x37]->[0x00]
[17:46:41:845]706336:[DBG]:CMD:[0x01]->[0x00]
[17:46:41:845]706338:[DBG]:CMD:[0x20]->[0x00]
[17:46:42:033]706534:[DBG]:IIC:TEMP ID 0:0x0063,0x0068,0x0029,0x009A,
[17:46:42:033]706534:[DBG]:IIC:TEMP ID 4:0x00D1,0x006A,0x0085,0x0090,
[17:46:42:142]706640:[DBG]:CMD:[0x37]->[0x00]
[17:46:42:142]706640:[DBG]:CMD:[0x01]->[0x00]
[17:46:42:142]706640:[DBG]:CMD:[0x20]->[0x00]
[17:46:42:454]706942:[DBG]:CMD:[0x37]->[0x00]
[17:46:42:454]706942:[DBG]:CMD:[0x01]->[0x00]
[17:46:42:454]706944:[DBG]:CMD:[0x20]->[0x00]
[17:46:42:751]707246:[DBG]:CMD:[0x37]->[0x00]
[17:46:42:751]707246:[DBG]:CMD:[0x01]->[0x00]
[17:46:42:751]707248:[DBG]:CMD:[0x20]->[0x00]
[17:46:43:048]707548:[DBG]:CMD:[0x37]->[0x00]
[17:46:43:048]707548:[DBG]:CMD:[0x01]->[0x00]
[17:46:43:048]707550:[DBG]:CMD:[0x20]->[0x00]
[17:46:43:360]707852:[DBG]:CMD:[0x37]->[0x00]
[17:46:43:360]707852:[DBG]:CMD:[0x01]->[0x00]
[17:46:43:360]707854:[DBG]:CMD:[0x20]->[0x00]
[17:46:43:663]708154:[DBG]:CMD:[0x37]->[0x00]
[17:46:43:663]708154:[DBG]:CMD:[0x01]->[0x00]
[17:46:43:663]708156:[DBG]:CMD:[0x20]->[0x00]
[17:46:43:963]708460:[DBG]:CMD:[0x37]->[0x00]
[17:46:43:963]708460:[DBG]:CMD:[0x01]->[0x00]
[17:46:43:963]708460:[DBG]:CMD:[0x20]->[0x00]
[17:46:44:045]708534:[DBG]:IIC:TEMP ID 0:0x006E,0x0068,0x002A,0x009A,
[17:46:44:045]708534:[DBG]:IIC:TEMP ID 4:0x00D2,0x006A,0x007E,0x0090,
[17:46:44:260]708762:[DBG]:CMD:[0x37]->[0x00]
[17:46:44:260]708762:[DBG]:CMD:[0x01]->[0x00]
[17:46:44:260]708764:[DBG]:CMD:[0x20]->[0x00]
[17:46:44:561]709066:[DBG]:CMD:[0x37]->[0x00]
[17:46:44:561]709066:[DBG]:CMD:[0x01]->[0x00]
[17:46:44:562]709066:[DBG]:CMD:[0x20]->[0x00]
[17:46:44:866]709368:[DBG]:CMD:[0x37]->[0x00]
[17:46:44:866]709368:[DBG]:CMD:[0x01]->[0x00]
[17:46:44:866]709370:[DBG]:CMD:[0x20]->[0x00]
[17:46:45:174]709672:[DBG]:CMD:[0x37]->[0x00]
[17:46:45:174]709672:[DBG]:CMD:[0x01]->[0x00]
[17:46:45:174]709674:[DBG]:CMD:[0x20]->[0x00]
[17:46:45:477]709974:[DBG]:CMD:[0x37]->[0x00]
[17:46:45:477]709976:[DBG]:CMD:[0x01]->[0x00]
[17:46:45:477]709976:[DBG]:CMD:[0x20]->[0x00]
[17:46:45:778]710278:[DBG]:CMD:[0x37]->[0x00]
[17:46:45:778]710278:[DBG]:CMD:[0x01]->[0x00]
[17:46:45:778]710280:[DBG]:CMD:[0x20]->[0x00]
[17:46:46:042]710534:[DBG]:IIC:TEMP ID 0:0x0075,0x0068,0x0019,0x009A,
[17:46:46:042]710534:[DBG]:IIC:TEMP ID 4:0x00D7,0x006A,0x0081,0x0090,
[17:46:46:096]710582:[DBG]:CMD:[0x37]->[0x00]
[17:46:46:096]710582:[DBG]:CMD:[0x01]->[0x00]
[17:46:46:096]710584:[DBG]:CMD:[0x20]->[0x00]
[17:46:46:380]710884:[DBG]:CMD:[0x37]->[0x00]
[17:46:46:380]710886:[DBG]:CMD:[0x01]->[0x00]
[17:46:46:380]710886:[DBG]:CMD:[0x20]->[0x00]
[17:46:46:696]711188:[DBG]:CMD:[0x37]->[0x00]
[17:46:46:696]711188:[DBG]:CMD:[0x01]->[0x00]
[17:46:46:696]711190:[DBG]:CMD:[0x20]->[0x00]
[17:46:46:991]711492:[DBG]:CMD:[0x37]->[0x00]
[17:46:46:991]711492:[DBG]:CMD:[0x01]->[0x00]
[17:46:46:991]711494:[DBG]:CMD:[0x20]->[0x00]
[17:46:47:291]711794:[DBG]:CMD:[0x37]->[0x00]
[17:46:47:291]711796:[DBG]:CMD:[0x01]->[0x00]
[17:46:47:291]711796:[DBG]:CMD:[0x20]->[0x00]
[17:46:47:597]712098:[DBG]:CMD:[0x37]->[0x00]
[17:46:47:597]712098:[DBG]:CMD:[0x01]->[0x00]
[17:46:47:597]712100:[DBG]:CMD:[0x20]->[0x00]
[17:46:47:897]712402:[DBG]:CMD:[0x37]->[0x00]
[17:46:47:897]712402:[DBG]:CMD:[0x01]->[0x00]
[17:46:47:897]712404:[DBG]:CMD:[0x20]->[0x00]
[17:46:48:029]712534:[DBG]:IIC:TEMP ID 0:0x0078,0x0068,0x0010,0x009A,
[17:46:48:029]712534:[DBG]:IIC:TEMP ID 4:0x00D4,0x006A,0x0084,0x0090,
[17:46:48:204]712706:[DBG]:CMD:[0x37]->[0x00]
[17:46:48:204]712706:[DBG]:CMD:[0x01]->[0x00]
[17:46:48:204]712706:[DBG]:CMD:[0x20]->[0x00]
[17:46:48:516]713008:[DBG]:CMD:[0x37]->[0x00]
[17:46:48:516]713010:[DBG]:CMD:[0x01]->[0x00]
[17:46:48:516]713010:[DBG]:CMD:[0x20]->[0x00]
[17:46:48:813]713312:[DBG]:CMD:[0x37]->[0x00]
[17:46:48:813]713312:[DBG]:CMD:[0x01]->[0x00]
[17:46:48:813]713314:[DBG]:CMD:[0x20]->[0x00]
[17:46:49:119]713618:[DBG]:CMD:[0x37]->[0x00]
[17:46:49:119]713620:[DBG]:CMD:[0x01]->[0x00]
[17:46:49:119]713622:[DBG]:CMD:[0x20]->[0x00]
[17:46:49:416]713922:[DBG]:CMD:[0x37]->[0x00]
[17:46:49:416]713924:[DBG]:CMD:[0x01]->[0x00]
[17:46:49:416]713924:[DBG]:CMD:[0x20]->[0x00]
[17:46:49:726]714226:[DBG]:CMD:[0x37]->[0x00]
[17:46:49:726]714226:[DBG]:CMD:[0x01]->[0x00]
[17:46:49:726]714228:[DBG]:CMD:[0x20]->[0x00]
[17:46:50:007]714530:[DBG]:CMD:[0x37]->[0x00]
[17:46:50:007]714530:[DBG]:CMD:[0x01]->[0x00]
[17:46:50:007]714532:[DBG]:CMD:[0x20]->[0x00]
[17:46:50:038]714534:[DBG]:IIC:TEMP ID 0:0x0085,0x0068,0x000B,0x009A,
[17:46:50:038]714534:[DBG]:IIC:TEMP ID 4:0x00D3,0x006A,0x007F,0x0090,
[17:46:50:335]714832:[DBG]:CMD:[0x37]->[0x00]
[17:46:50:335]714834:[DBG]:CMD:[0x01]->[0x00]
[17:46:50:335]714834:[DBG]:CMD:[0x20]->[0x00]
[17:46:50:632]715136:[DBG]:CMD:[0x37]->[0x00]
[17:46:50:632]715136:[DBG]:CMD:[0x01]->[0x00]
[17:46:50:632]715138:[DBG]:CMD:[0x20]->[0x00]
[17:46:50:929]715440:[DBG]:CMD:[0x37]->[0x00]
[17:46:50:929]715440:[DBG]:CMD:[0x01]->[0x00]
[17:46:50:929]715442:[DBG]:CMD:[0x20]->[0x00]
[17:46:51:241]715742:[DBG]:CMD:[0x37]->[0x00]
[17:46:51:241]715744:[DBG]:CMD:[0x01]->[0x00]
[17:46:51:241]715744:[DBG]:CMD:[0x20]->[0x00]
[17:46:51:538]716046:[DBG]:CMD:[0x37]->[0x00]
[17:46:51:538]716046:[DBG]:CMD:[0x01]->[0x00]
[17:46:51:538]716048:[DBG]:CMD:[0x20]->[0x00]
[17:46:51:850]716350:[DBG]:CMD:[0x37]->[0x00]
[17:46:51:850]716350:[DBG]:CMD:[0x01]->[0x00]
[17:46:51:850]716352:[DBG]:CMD:[0x20]->[0x00]
[17:46:52:038]716534:[DBG]:IIC:TEMP ID 0:0x0060,0x0068,0x0014,0x009A,
[17:46:52:038]716534:[DBG]:IIC:TEMP ID 4:0x00DA,0x006A,0x0092,0x0090,
[17:46:52:147]716654:[DBG]:CMD:[0x37]->[0x00]
[17:46:52:147]716654:[DBG]:CMD:[0x01]->[0x00]
[17:46:52:147]716656:[DBG]:CMD:[0x20]->[0x00]
[17:46:52:459]716960:[DBG]:CMD:[0x37]->[0x00]
[17:46:52:459]716960:[DBG]:CMD:[0x01]->[0x00]
[17:46:52:459]716962:[DBG]:CMD:[0x20]->[0x00]
[17:46:52:764]717262:[DBG]:CMD:[0x37]->[0x00]
[17:46:52:764]717264:[DBG]:CMD:[0x01]->[0x00]
[17:46:52:764]717264:[DBG]:CMD:[0x20]->[0x00]
[17:46:53:061]717566:[DBG]:CMD:[0x37]->[0x00]
[17:46:53:061]717566:[DBG]:CMD:[0x01]->[0x00]
[17:46:53:061]717568:[DBG]:CMD:[0x20]->[0x00]
[17:46:53:358]717870:[DBG]:CMD:[0x37]->[0x00]
[17:46:53:358]717870:[DBG]:CMD:[0x01]->[0x00]
[17:46:53:358]717872:[DBG]:CMD:[0x20]->[0x00]
[17:46:53:670]718172:[DBG]:CMD:[0x37]->[0x00]
[17:46:53:670]718174:[DBG]:CMD:[0x01]->[0x00]
[17:46:53:670]718174:[DBG]:CMD:[0x20]->[0x00]
[17:46:53:967]718476:[DBG]:CMD:[0x37]->[0x00]
[17:46:53:967]718476:[DBG]:CMD:[0x01]->[0x00]
[17:46:53:967]718478:[DBG]:CMD:[0x20]->[0x00]
[17:46:54:029]718534:[DBG]:IIC:TEMP ID 0:0x0079,0x0068,0x00E1,0x0099,
[17:46:54:029]718534:[DBG]:IIC:TEMP ID 4:0x00D7,0x006A,0x007F,0x0090,
[17:46:54:279]718780:[DBG]:CMD:[0x37]->[0x00]
[17:46:54:279]718780:[DBG]:CMD:[0x01]->[0x00]
[17:46:54:279]718782:[DBG]:CMD:[0x20]->[0x00]
[17:46:54:576]719082:[DBG]:CMD:[0x37]->[0x00]
[17:46:54:576]719084:[DBG]:CMD:[0x01]->[0x00]
[17:46:54:576]719084:[DBG]:CMD:[0x20]->[0x00]
[17:46:54:873]719386:[DBG]:CMD:[0x37]->[0x00]
[17:46:54:873]719386:[DBG]:CMD:[0x01]->[0x00]
[17:46:54:873]719388:[DBG]:CMD:[0x20]->[0x00]
[17:46:55:181]719690:[DBG]:CMD:[0x37]->[0x00]
[17:46:55:181]719690:[DBG]:CMD:[0x01]->[0x00]
[17:46:55:181]719692:[DBG]:CMD:[0x20]->[0x00]
[17:46:55:478]719994:[DBG]:CMD:[0x37]->[0x00]
[17:46:55:478]719994:[DBG]:CMD:[0x01]->[0x00]
[17:46:55:478]719994:[DBG]:CMD:[0x20]->[0x00]
[17:46:55:791]720296:[DBG]:CMD:[0x37]->[0x00]
[17:46:55:791]720296:[DBG]:CMD:[0x01]->[0x00]
[17:46:55:791]720298:[DBG]:CMD:[0x20]->[0x00]
[17:46:56:024]720534:[DBG]:IIC:TEMP ID 0:0x0074,0x0068,0x00EE,0x0099,
[17:46:56:024]720534:[DBG]:IIC:TEMP ID 4:0x00D8,0x006A,0x008E,0x0090,
[17:46:56:087]720598:[DBG]:CMD:[0x37]->[0x00]
[17:46:56:087]720600:[DBG]:CMD:[0x01]->[0x00]
[17:46:56:087]720600:[DBG]:CMD:[0x20]->[0x00]
[17:46:56:400]720902:[DBG]:CMD:[0x37]->[0x00]
[17:46:56:400]720902:[DBG]:CMD:[0x01]->[0x00]
[17:46:56:400]720904:[DBG]:CMD:[0x20]->[0x00]
[17:46:56:697]721204:[DBG]:CMD:[0x37]->[0x00]
[17:46:56:697]721206:[DBG]:CMD:[0x01]->[0x00]
[17:46:56:697]721206:[DBG]:CMD:[0x20]->[0x00]
[17:46:57:009]721508:[DBG]:CMD:[0x37]->[0x00]
[17:46:57:009]721508:[DBG]:CMD:[0x01]->[0x00]
[17:46:57:009]721510:[DBG]:CMD:[0x20]->[0x00]
[17:46:57:306]721810:[DBG]:CMD:[0x37]->[0x00]
[17:46:57:306]721812:[DBG]:CMD:[0x01]->[0x00]
[17:46:57:306]721812:[DBG]:CMD:[0x20]->[0x00]
[17:46:57:618]722114:[DBG]:CMD:[0x37]->[0x00]
[17:46:57:618]722114:[DBG]:CMD:[0x01]->[0x00]
[17:46:57:618]722118:[DBG]:CMD:[0x20]->[0x00]
[17:46:57:915]722420:[DBG]:CMD:[0x37]->[0x00]
[17:46:57:915]722422:[DBG]:CMD:[0x01]->[0x00]
[17:46:57:915]722422:[DBG]:CMD:[0x20]->[0x00]
[17:46:58:024]722534:[DBG]:IIC:TEMP ID 0:0x006F,0x0068,0x00ED,0x0099,
[17:46:58:024]722534:[DBG]:IIC:TEMP ID 4:0x00DB,0x006A,0x008B,0x0090,
[17:46:58:212]722724:[DBG]:CMD:[0x37]->[0x00]
[17:46:58:212]722724:[DBG]:CMD:[0x01]->[0x00]
[17:46:58:212]722726:[DBG]:CMD:[0x20]->[0x00]
[17:46:58:509]723026:[DBG]:CMD:[0x37]->[0x00]
[17:46:58:509]723026:[DBG]:CMD:[0x01]->[0x00]
[17:46:58:509]723028:[DBG]:CMD:[0x20]->[0x00]
[17:46:58:821]723330:[DBG]:CMD:[0x37]->[0x00]
[17:46:58:821]723330:[DBG]:CMD:[0x01]->[0x00]
[17:46:58:821]723330:[DBG]:CMD:[0x20]->[0x00]
[17:46:59:118]723632:[DBG]:CMD:[0x37]->[0x00]
[17:46:59:118]723632:[DBG]:CMD:[0x01]->[0x00]
[17:46:59:118]723634:[DBG]:CMD:[0x20]->[0x00]
[17:46:59:415]723934:[DBG]:CMD:[0x37]->[0x00]
[17:46:59:415]723936:[DBG]:CMD:[0x01]->[0x00]
[17:46:59:415]723936:[DBG]:CMD:[0x20]->[0x00]
[17:46:59:727]724238:[DBG]:CMD:[0x37]->[0x00]
[17:46:59:727]724238:[DBG]:CMD:[0x01]->[0x00]
[17:46:59:727]724240:[DBG]:CMD:[0x20]->[0x00]
[17:46:59:992]724534:[DBG]:IIC:TEMP ID 0:0x0080,0x0068,0x00DE,0x0099,
[17:46:59:992]724534:[DBG]:IIC:TEMP ID 4:0x00D8,0x006A,0x007A,0x0090,
[17:47:00:024]724542:[DBG]:CMD:[0x37]->[0x00]
[17:47:00:024]724542:[DBG]:CMD:[0x01]->[0x00]
[17:47:00:024]724544:[DBG]:CMD:[0x20]->[0x00]
[17:47:00:336]724844:[DBG]:CMD:[0x37]->[0x00]
[17:47:00:336]724846:[DBG]:CMD:[0x01]->[0x00]
[17:47:00:336]724846:[DBG]:CMD:[0x20]->[0x00]
[17:47:00:633]725148:[DBG]:CMD:[0x37]->[0x00]
[17:47:00:633]725148:[DBG]:CMD:[0x01]->[0x00]
[17:47:00:633]725150:[DBG]:CMD:[0x20]->[0x00]
[17:47:00:945]725452:[DBG]:CMD:[0x37]->[0x00]
[17:47:00:945]725452:[DBG]:CMD:[0x01]->[0x00]
[17:47:00:945]725454:[DBG]:CMD:[0x20]->[0x00]
[17:47:01:242]725756:[DBG]:CMD:[0x37]->[0x00]
[17:47:01:242]725756:[DBG]:CMD:[0x01]->[0x00]
[17:47:01:242]725756:[DBG]:CMD:[0x20]->[0x00]
[17:47:01:539]726060:[DBG]:CMD:[0x37]->[0x00]
[17:47:01:539]726060:[DBG]:CMD:[0x01]->[0x00]
[17:47:01:539]726062:[DBG]:CMD:[0x20]->[0x00]
[17:47:01:852]726362:[DBG]:CMD:[0x37]->[0x00]
[17:47:01:852]726364:[DBG]:CMD:[0x01]->[0x00]
[17:47:01:852]726364:[DBG]:CMD:[0x20]->[0x00]
[17:47:02:023]726534:[DBG]:IIC:TEMP ID 0:0x0081,0x0068,0x00C1,0x0099,
[17:47:02:023]726534:[DBG]:IIC:TEMP ID 4:0x00D9,0x006A,0x0083,0x0090,
[17:47:02:148]726666:[DBG]:CMD:[0x37]->[0x00]
[17:47:02:148]726666:[DBG]:CMD:[0x01]->[0x00]
[17:47:02:148]726668:[DBG]:CMD:[0x20]->[0x00]
[17:47:02:461]726970:[DBG]:CMD:[0x37]->[0x00]
[17:47:02:461]726970:[DBG]:CMD:[0x01]->[0x00]
[17:47:02:461]726972:[DBG]:CMD:[0x20]->[0x00]
[17:47:02:758]727274:[DBG]:CMD:[0x37]->[0x00]
[17:47:02:758]727274:[DBG]:CMD:[0x01]->[0x00]
[17:47:02:758]727274:[DBG]:CMD:[0x20]->[0x00]
[17:47:03:054]727576:[DBG]:CMD:[0x37]->[0x00]
[17:47:03:054]727576:[DBG]:CMD:[0x01]->[0x00]
[17:47:03:054]727578:[DBG]:CMD:[0x20]->[0x00]
[17:47:03:367]727880:[DBG]:CMD:[0x37]->[0x00]
[17:47:03:367]727880:[DBG]:CMD:[0x01]->[0x00]
[17:47:03:367]727882:[DBG]:CMD:[0x20]->[0x00]
[17:47:03:663]728184:[DBG]:CMD:[0x37]->[0x00]
[17:47:03:663]728184:[DBG]:CMD:[0x01]->[0x00]
[17:47:03:663]728184:[DBG]:CMD:[0x20]->[0x00]
[17:47:03:976]728486:[DBG]:CMD:[0x37]->[0x00]
[17:47:03:976]728488:[DBG]:CMD:[0x01]->[0x00]
[17:47:03:976]728488:[DBG]:CMD:[0x20]->[0x00]
[17:47:04:023]728534:[DBG]:IIC:TEMP ID 0:0x0076,0x0068,0x00D8,0x0099,
[17:47:04:023]728534:[DBG]:IIC:TEMP ID 4:0x00DA,0x006A,0x0070,0x0090,
[17:47:04:273]728790:[DBG]:CMD:[0x37]->[0x00]
[17:47:04:273]728790:[DBG]:CMD:[0x01]->[0x00]
[17:47:04:273]728792:[DBG]:CMD:[0x20]->[0x00]
[17:47:04:570]729094:[DBG]:CMD:[0x37]->[0x00]
[17:47:04:570]729094:[DBG]:CMD:[0x01]->[0x00]
[17:47:04:570]729096:[DBG]:CMD:[0x20]->[0x00]
[17:47:04:882]729396:[DBG]:CMD:[0x37]->[0x00]
[17:47:04:882]729398:[DBG]:CMD:[0x01]->[0x00]
[17:47:04:882]729398:[DBG]:CMD:[0x20]->[0x00]
[17:47:05:179]729700:[DBG]:CMD:[0x37]->[0x00]
[17:47:05:179]729700:[DBG]:CMD:[0x01]->[0x00]
[17:47:05:179]729702:[DBG]:CMD:[0x20]->[0x00]
[17:47:05:491]730004:[DBG]:CMD:[0x37]->[0x00]
[17:47:05:491]730004:[DBG]:CMD:[0x01]->[0x00]
[17:47:05:491]730006:[DBG]:CMD:[0x20]->[0x00]
[17:47:05:788]730306:[DBG]:CMD:[0x37]->[0x00]
[17:47:05:788]730308:[DBG]:CMD:[0x01]->[0x00]
[17:47:05:788]730308:[DBG]:CMD:[0x20]->[0x00]
[17:47:06:023]730534:[DBG]:IIC:TEMP ID 0:0x0067,0x0068,0x00CD,0x0099,
[17:47:06:023]730534:[DBG]:IIC:TEMP ID 4:0x00DF,0x006A,0x0083,0x0090,
[17:47:06:101]730610:[DBG]:CMD:[0x37]->[0x00]
[17:47:06:101]730610:[DBG]:CMD:[0x01]->[0x00]
[17:47:06:101]730612:[DBG]:CMD:[0x20]->[0x00]
[17:47:06:397]730914:[DBG]:CMD:[0x37]->[0x00]
[17:47:06:397]730914:[DBG]:CMD:[0x01]->[0x00]
[17:47:06:397]730918:[DBG]:CMD:[0x20]->[0x00]
[17:47:06:710]731220:[DBG]:CMD:[0x37]->[0x00]
[17:47:06:710]731222:[DBG]:CMD:[0x01]->[0x00]
[17:47:06:710]731222:[DBG]:CMD:[0x20]->[0x00]
[17:47:07:007]731524:[DBG]:CMD:[0x37]->[0x00]
[17:47:07:007]731524:[DBG]:CMD:[0x01]->[0x00]
[17:47:07:007]731526:[DBG]:CMD:[0x20]->[0x00]
[17:47:07:303]731826:[DBG]:CMD:[0x37]->[0x00]
[17:47:07:303]731828:[DBG]:CMD:[0x01]->[0x00]
[17:47:07:303]731828:[DBG]:CMD:[0x20]->[0x00]
[17:47:07:616]732130:[DBG]:CMD:[0x37]->[0x00]
[17:47:07:616]732130:[DBG]:CMD:[0x01]->[0x00]
[17:47:07:616]732132:[DBG]:CMD:[0x20]->[0x00]
[17:47:07:913]732434:[DBG]:CMD:[0x37]->[0x00]
[17:47:07:913]732434:[DBG]:CMD:[0x01]->[0x00]
[17:47:07:913]732436:[DBG]:CMD:[0x20]->[0x00]
[17:47:08:022]732534:[DBG]:IIC:TEMP ID 0:0x0062,0x0068,0x00DC,0x0099,
[17:47:08:022]732534:[DBG]:IIC:TEMP ID 4:0x00D8,0x006A,0x0086,0x0090,
[17:47:08:209]732738:[DBG]:CMD:[0x37]->[0x00]
[17:47:08:209]732738:[DBG]:CMD:[0x01]->[0x00]
[17:47:08:209]732738:[DBG]:CMD:[0x20]->[0x00]
[17:47:08:522]733040:[DBG]:CMD:[0x37]->[0x00]
[17:47:08:522]733040:[DBG]:CMD:[0x01]->[0x00]
[17:47:08:522]733042:[DBG]:CMD:[0x20]->[0x00]
[17:47:08:819]733344:[DBG]:CMD:[0x37]->[0x00]
[17:47:08:819]733344:[DBG]:CMD:[0x01]->[0x00]
[17:47:08:819]733346:[DBG]:CMD:[0x20]->[0x00]
[17:47:09:131]733646:[DBG]:CMD:[0x37]->[0x00]
[17:47:09:131]733648:[DBG]:CMD:[0x01]->[0x00]
[17:47:09:131]733648:[DBG]:CMD:[0x20]->[0x00]
[17:47:09:428]733950:[DBG]:CMD:[0x37]->[0x00]
[17:47:09:428]733950:[DBG]:CMD:[0x01]->[0x00]
[17:47:09:428]733952:[DBG]:CMD:[0x20]->[0x00]
[17:47:09:725]734252:[DBG]:CMD:[0x37]->[0x00]
[17:47:09:725]734254:[DBG]:CMD:[0x01]->[0x00]
[17:47:09:725]734254:[DBG]:CMD:[0x20]->[0x00]
[17:47:09:990]734534:[DBG]:IIC:TEMP ID 0:0x0081,0x0068,0x00D9,0x0099,
[17:47:09:990]734534:[DBG]:IIC:TEMP ID 4:0x00DB,0x006A,0x007B,0x0090,
[17:47:10:037]734556:[DBG]:CMD:[0x37]->[0x00]
[17:47:10:037]734556:[DBG]:CMD:[0x01]->[0x00]
[17:47:10:037]734560:[DBG]:CMD:[0x20]->[0x00]
[17:47:10:334]734860:[DBG]:CMD:[0x37]->[0x00]
[17:47:10:334]734860:[DBG]:CMD:[0x01]->[0x00]
[17:47:10:334]734862:[DBG]:CMD:[0x20]->[0x00]
[17:47:10:646]735164:[DBG]:CMD:[0x37]->[0x00]
[17:47:10:646]735164:[DBG]:CMD:[0x01]->[0x00]
[17:47:10:646]735164:[DBG]:CMD:[0x20]->[0x00]
[17:47:10:943]735466:[DBG]:CMD:[0x37]->[0x00]
[17:47:10:943]735468:[DBG]:CMD:[0x01]->[0x00]
[17:47:10:943]735468:[DBG]:CMD:[0x20]->[0x00]
[17:47:11:240]735770:[DBG]:CMD:[0x37]->[0x00]
[17:47:11:240]735770:[DBG]:CMD:[0x01]->[0x00]
[17:47:11:240]735772:[DBG]:CMD:[0x20]->[0x00]
[17:47:11:552]736074:[DBG]:CMD:[0x37]->[0x00]
[17:47:11:552]736074:[DBG]:CMD:[0x01]->[0x00]
[17:47:11:552]736076:[DBG]:CMD:[0x20]->[0x00]
[17:47:11:849]736376:[DBG]:CMD:[0x37]->[0x00]
[17:47:11:849]736378:[DBG]:CMD:[0x01]->[0x00]
[17:47:11:849]736378:[DBG]:CMD:[0x20]->[0x00]
[17:47:12:005]736534:[DBG]:IIC:TEMP ID 0:0x006A,0x0068,0x00C8,0x0099,
[17:47:12:005]736534:[DBG]:IIC:TEMP ID 4:0x00DA,0x006A,0x007C,0x0090,
[17:47:12:162]736680:[DBG]:CMD:[0x37]->[0x00]
[17:47:12:162]736680:[DBG]:CMD:[0x01]->[0x00]
[17:47:12:162]736682:[DBG]:CMD:[0x20]->[0x00]
[17:47:12:458]736984:[DBG]:CMD:[0x37]->[0x00]
[17:47:12:458]736984:[DBG]:CMD:[0x01]->[0x00]
[17:47:12:458]736984:[DBG]:CMD:[0x20]->[0x00]
[17:47:12:755]737286:[DBG]:CMD:[0x37]->[0x00]
[17:47:12:755]737288:[DBG]:CMD:[0x01]->[0x00]
[17:47:12:755]737288:[DBG]:CMD:[0x20]->[0x00]
[17:47:13:068]737590:[DBG]:CMD:[0x37]->[0x00]
[17:47:13:068]737590:[DBG]:CMD:[0x01]->[0x00]
[17:47:13:068]737592:[DBG]:CMD:[0x20]->[0x00]
[17:47:13:365]737894:[DBG]:CMD:[0x37]->[0x00]
[17:47:13:365]737894:[DBG]:CMD:[0x01]->[0x00]
[17:47:13:365]737894:[DBG]:CMD:[0x20]->[0x00]
[17:47:13:677]738196:[DBG]:CMD:[0x37]->[0x00]
[17:47:13:677]738198:[DBG]:CMD:[0x01]->[0x00]
[17:47:13:677]738198:[DBG]:CMD:[0x20]->[0x00]
[17:47:13:974]738500:[DBG]:CMD:[0x37]->[0x00]
[17:47:13:974]738500:[DBG]:CMD:[0x01]->[0x00]
[17:47:13:974]738502:[DBG]:CMD:[0x20]->[0x00]
[17:47:14:005]738534:[DBG]:IIC:TEMP ID 0:0x007F,0x0068,0x00CB,0x0099,
[17:47:14:005]738534:[DBG]:IIC:TEMP ID 4:0x00D9,0x006A,0x006D,0x0090,
[17:47:14:270]738804:[DBG]:CMD:[0x37]->[0x00]
[17:47:14:270]738804:[DBG]:CMD:[0x01]->[0x00]
[17:47:14:270]738806:[DBG]:CMD:[0x20]->[0x00]
[17:47:14:583]739106:[DBG]:CMD:[0x37]->[0x00]
[17:47:14:583]739108:[DBG]:CMD:[0x01]->[0x00]
[17:47:14:583]739108:[DBG]:CMD:[0x20]->[0x00]
[17:47:14:895]739410:[DBG]:CMD:[0x37]->[0x00]
[17:47:14:895]739410:[DBG]:CMD:[0x01]->[0x00]
[17:47:14:895]739412:[DBG]:CMD:[0x20]->[0x00]
[17:47:15:192]739712:[DBG]:CMD:[0x37]->[0x00]
[17:47:15:192]739714:[DBG]:CMD:[0x01]->[0x00]
[17:47:15:192]739714:[DBG]:CMD:[0x20]->[0x00]
[17:47:15:489]740018:[DBG]:CMD:[0x37]->[0x00]
[17:47:15:489]740020:[DBG]:CMD:[0x01]->[0x00]
[17:47:15:489]740022:[DBG]:CMD:[0x20]->[0x00]
[17:47:15:801]740322:[DBG]:CMD:[0x37]->[0x00]
[17:47:15:801]740322:[DBG]:CMD:[0x01]->[0x00]
[17:47:15:801]740324:[DBG]:CMD:[0x20]->[0x00]
[17:47:16:005]740534:[DBG]:IIC:TEMP ID 0:0x0082,0x0068,0x00F0,0x0099,
[17:47:16:005]740534:[DBG]:IIC:TEMP ID 4:0x00DA,0x006A,0x0078,0x0090,
[17:47:16:098]740626:[DBG]:CMD:[0x37]->[0x00]
[17:47:16:098]740626:[DBG]:CMD:[0x01]->[0x00]
[17:47:16:098]740628:[DBG]:CMD:[0x20]->[0x00]
[17:47:16:395]740928:[DBG]:CMD:[0x37]->[0x00]
[17:47:16:395]740928:[DBG]:CMD:[0x01]->[0x00]
[17:47:16:395]740930:[DBG]:CMD:[0x20]->[0x00]
[17:47:16:707]741232:[DBG]:CMD:[0x37]->[0x00]
[17:47:16:707]741232:[DBG]:CMD:[0x01]->[0x00]
[17:47:16:707]741232:[DBG]:CMD:[0x20]->[0x00]
[17:47:17:004]741534:[DBG]:CMD:[0x37]->[0x00]
[17:47:17:004]741534:[DBG]:CMD:[0x01]->[0x00]
[17:47:17:004]741536:[DBG]:CMD:[0x20]->[0x00]
[17:47:17:301]741836:[DBG]:CMD:[0x37]->[0x00]
[17:47:17:301]741838:[DBG]:CMD:[0x01]->[0x00]
[17:47:17:301]741838:[DBG]:CMD:[0x20]->[0x00]
[17:47:17:614]742140:[DBG]:CMD:[0x37]->[0x00]
[17:47:17:614]742140:[DBG]:CMD:[0x01]->[0x00]
[17:47:17:614]742142:[DBG]:CMD:[0x20]->[0x00]
[17:47:17:910]742444:[DBG]:CMD:[0x37]->[0x00]
[17:47:17:910]742444:[DBG]:CMD:[0x01]->[0x00]
[17:47:17:910]742446:[DBG]:CMD:[0x20]->[0x00]
[17:47:18:004]742534:[DBG]:IIC:TEMP ID 0:0x0071,0x0068,0x00DB,0x0099,
[17:47:18:004]742534:[DBG]:IIC:TEMP ID 4:0x00DF,0x006A,0x006B,0x0090,
[17:47:18:223]742746:[DBG]:CMD:[0x37]->[0x00]
[17:47:18:223]742748:[DBG]:CMD:[0x01]->[0x00]
[17:47:18:223]742748:[DBG]:CMD:[0x20]->[0x00]
[17:47:18:520]743050:[DBG]:CMD:[0x37]->[0x00]
[17:47:18:520]743050:[DBG]:CMD:[0x01]->[0x00]
[17:47:18:520]743052:[DBG]:CMD:[0x20]->[0x00]
[17:47:18:816]743352:[DBG]:CMD:[0x37]->[0x00]
[17:47:18:816]743352:[DBG]:CMD:[0x01]->[0x00]
[17:47:18:816]743354:[DBG]:CMD:[0x20]->[0x00]
[17:47:19:129]743656:[DBG]:CMD:[0x37]->[0x00]
[17:47:19:129]743656:[DBG]:CMD:[0x01]->[0x00]
[17:47:19:129]743660:[DBG]:CMD:[0x20]->[0x00]
[17:47:19:426]743960:[DBG]:CMD:[0x37]->[0x00]
[17:47:19:426]743962:[DBG]:CMD:[0x01]->[0x00]
[17:47:19:426]743962:[DBG]:CMD:[0x20]->[0x00]
[17:47:19:738]744264:[DBG]:CMD:[0x37]->[0x00]
[17:47:19:738]744264:[DBG]:CMD:[0x01]->[0x00]
[17:47:19:738]744266:[DBG]:CMD:[0x20]->[0x00]
[17:47:19:988]744534:[DBG]:IIC:TEMP ID 0:0x007C,0x0068,0x00C6,0x0099,
[17:47:19:988]744534:[DBG]:IIC:TEMP ID 4:0x00D8,0x006A,0x0080,0x0090,
[17:47:20:035]744566:[DBG]:CMD:[0x37]->[0x00]
[17:47:20:035]744566:[DBG]:CMD:[0x01]->[0x00]
[17:47:20:035]744568:[DBG]:CMD:[0x20]->[0x00]
[17:47:20:332]744868:[DBG]:CMD:[0x37]->[0x00]
[17:47:20:332]744870:[DBG]:CMD:[0x01]->[0x00]
[17:47:20:332]744870:[DBG]:CMD:[0x20]->[0x00]
[17:47:20:644]745172:[DBG]:CMD:[0x37]->[0x00]
[17:47:20:644]745172:[DBG]:CMD:[0x01]->[0x00]
[17:47:20:644]745174:[DBG]:CMD:[0x20]->[0x00]
[17:47:20:941]745476:[DBG]:CMD:[0x37]->[0x00]
[17:47:20:941]745476:[DBG]:CMD:[0x01]->[0x00]
[17:47:20:941]745476:[DBG]:CMD:[0x20]->[0x00]
[17:47:21:238]745778:[DBG]:CMD:[0x37]->[0x00]
[17:47:21:238]745780:[DBG]:CMD:[0x01]->[0x00]
[17:47:21:238]745780:[DBG]:CMD:[0x20]->[0x00]
[17:47:21:550]746082:[DBG]:CMD:[0x37]->[0x00]
[17:47:21:550]746082:[DBG]:CMD:[0x01]->[0x00]
[17:47:21:550]746084:[DBG]:CMD:[0x20]->[0x00]
[17:47:21:847]746384:[DBG]:CMD:[0x37]->[0x00]
[17:47:21:847]746384:[DBG]:CMD:[0x01]->[0x00]
[17:47:21:847]746386:[DBG]:CMD:[0x20]->[0x00]
[17:47:22:003]746534:[DBG]:IIC:TEMP ID 0:0x0067,0x0068,0x00DB,0x0099,
[17:47:22:003]746534:[DBG]:IIC:TEMP ID 4:0x00DF,0x006A,0x006B,0x0090,
[17:47:22:159]746688:[DBG]:CMD:[0x37]->[0x00]
[17:47:22:159]746688:[DBG]:CMD:[0x01]->[0x00]
[17:47:22:159]746688:[DBG]:CMD:[0x20]->[0x00]
[17:47:22:456]746990:[DBG]:CMD:[0x37]->[0x00]
[17:47:22:456]746992:[DBG]:CMD:[0x01]->[0x00]
[17:47:22:456]746992:[DBG]:CMD:[0x20]->[0x00]
[17:47:22:753]747294:[DBG]:CMD:[0x37]->[0x00]
[17:47:22:753]747294:[DBG]:CMD:[0x01]->[0x00]
[17:47:22:753]747296:[DBG]:CMD:[0x20]->[0x00]
[17:47:23:065]747596:[DBG]:CMD:[0x37]->[0x00]
[17:47:23:065]747598:[DBG]:CMD:[0x01]->[0x00]
[17:47:23:065]747598:[DBG]:CMD:[0x20]->[0x00]
[17:47:23:362]747900:[DBG]:CMD:[0x37]->[0x00]
[17:47:23:362]747900:[DBG]:CMD:[0x01]->[0x00]
[17:47:23:362]747904:[DBG]:CMD:[0x20]->[0x00]
[17:47:23:675]748206:[DBG]:CMD:[0x37]->[0x00]
[17:47:23:675]748206:[DBG]:CMD:[0x01]->[0x00]
[17:47:23:675]748208:[DBG]:CMD:[0x20]->[0x00]
[17:47:23:955]748510:[DBG]:CMD:[0x37]->[0x00]
[17:47:23:955]748510:[DBG]:CMD:[0x01]->[0x00]
[17:47:23:955]748512:[DBG]:CMD:[0x20]->[0x00]
[17:47:24:003]748534:[DBG]:IIC:TEMP ID 0:0x0068,0x0068,0x00E0,0x0099,
[17:47:24:003]748534:[DBG]:IIC:TEMP ID 4:0x00E0,0x006A,0x0066,0x0090,
[17:47:24:284]748812:[DBG]:CMD:[0x37]->[0x00]
[17:47:24:284]748814:[DBG]:CMD:[0x01]->[0x00]
[17:47:24:284]748814:[DBG]:CMD:[0x20]->[0x00]
[17:47:24:581]749118:[DBG]:CMD:[0x37]->[0x00]
[17:47:24:581]749120:[DBG]:CMD:[0x01]->[0x00]
[17:47:24:581]749122:[DBG]:CMD:[0x20]->[0x00]
[17:47:24:877]749422:[DBG]:CMD:[0x37]->[0x00]
[17:47:24:877]749422:[DBG]:CMD:[0x01]->[0x00]
[17:47:24:877]749424:[DBG]:CMD:[0x20]->[0x00]
[17:47:25:190]749726:[DBG]:CMD:[0x37]->[0x00]
[17:47:25:190]749726:[DBG]:CMD:[0x01]->[0x00]
[17:47:25:190]749728:[DBG]:CMD:[0x20]->[0x00]
[17:47:25:487]750028:[DBG]:CMD:[0x37]->[0x00]
[17:47:25:487]750030:[DBG]:CMD:[0x01]->[0x00]
[17:47:25:487]750030:[DBG]:CMD:[0x20]->[0x00]
[17:47:25:799]750332:[DBG]:CMD:[0x37]->[0x00]
[17:47:25:799]750332:[DBG]:CMD:[0x01]->[0x00]
[17:47:25:799]750334:[DBG]:CMD:[0x20]->[0x00]
[17:47:26:002]750534:[DBG]:IIC:TEMP ID 0:0x006D,0x0068,0x00BD,0x0099,
[17:47:26:002]750534:[DBG]:IIC:TEMP ID 4:0x00E1,0x006A,0x0071,0x0090,
[17:47:26:096]750634:[DBG]:CMD:[0x37]->[0x00]
[17:47:26:096]750634:[DBG]:CMD:[0x01]->[0x00]
[17:47:26:096]750636:[DBG]:CMD:[0x20]->[0x00]
[17:47:26:393]750936:[DBG]:CMD:[0x37]->[0x00]
[17:47:26:393]750938:[DBG]:CMD:[0x01]->[0x00]
[17:47:26:393]750938:[DBG]:CMD:[0x20]->[0x00]
[17:47:26:705]751240:[DBG]:CMD:[0x37]->[0x00]
[17:47:26:705]751240:[DBG]:CMD:[0x01]->[0x00]
[17:47:26:705]751242:[DBG]:CMD:[0x20]->[0x00]
[17:47:27:002]751544:[DBG]:CMD:[0x37]->[0x00]
[17:47:27:002]751544:[DBG]:CMD:[0x01]->[0x00]
[17:47:27:002]751544:[DBG]:CMD:[0x20]->[0x00]
[17:47:27:299]751846:[DBG]:CMD:[0x37]->[0x00]
[17:47:27:299]751848:[DBG]:CMD:[0x01]->[0x00]
[17:47:27:299]751848:[DBG]:CMD:[0x20]->[0x00]
[17:47:27:611]752150:[DBG]:CMD:[0x37]->[0x00]
[17:47:27:611]752150:[DBG]:CMD:[0x01]->[0x00]
[17:47:27:611]752152:[DBG]:CMD:[0x20]->[0x00]
[17:47:27:908]752452:[DBG]:CMD:[0x37]->[0x00]
[17:47:27:908]752454:[DBG]:CMD:[0x01]->[0x00]
[17:47:27:908]752454:[DBG]:CMD:[0x20]->[0x00]
[17:47:28:002]752534:[DBG]:IIC:TEMP ID 0:0x0088,0x0068,0x00A4,0x0099,
[17:47:28:002]752534:[DBG]:IIC:TEMP ID 4:0x00E0,0x006A,0x0070,0x0090,
[17:47:28:220]752756:[DBG]:CMD:[0x37]->[0x00]
[17:47:28:220]752756:[DBG]:CMD:[0x01]->[0x00]
[17:47:28:220]752760:[DBG]:CMD:[0x20]->[0x00]
[17:47:28:517]753060:[DBG]:CMD:[0x37]->[0x00]
[17:47:28:517]753060:[DBG]:CMD:[0x01]->[0x00]
[17:47:28:517]753062:[DBG]:CMD:[0x20]->[0x00]
[17:47:28:814]753362:[DBG]:CMD:[0x37]->[0x00]
[17:47:28:814]753364:[DBG]:CMD:[0x01]->[0x00]
[17:47:28:814]753364:[DBG]:CMD:[0x20]->[0x00]
[17:47:29:126]753666:[DBG]:CMD:[0x37]->[0x00]
[17:47:29:126]753666:[DBG]:CMD:[0x01]->[0x00]
[17:47:29:126]753668:[DBG]:CMD:[0x20]->[0x00]
[17:47:29:423]753970:[DBG]:CMD:[0x37]->[0x00]
[17:47:29:423]753970:[DBG]:CMD:[0x01]->[0x00]
[17:47:29:423]753970:[DBG]:CMD:[0x20]->[0x00]
[17:47:29:735]754272:[DBG]:CMD:[0x37]->[0x00]
[17:47:29:735]754274:[DBG]:CMD:[0x01]->[0x00]
[17:47:29:735]754274:[DBG]:CMD:[0x20]->[0x00]
[17:47:29:985]754534:[DBG]:IIC:TEMP ID 0:0x0073,0x0068,0x00AD,0x0099,
[17:47:29:985]754534:[DBG]:IIC:TEMP ID 4:0x00E5,0x006A,0x0069,0x0090,
[17:47:30:033]754576:[DBG]:CMD:[0x37]->[0x00]
[17:47:30:033]754576:[DBG]:CMD:[0x01]->[0x00]
[17:47:30:033]754578:[DBG]:CMD:[0x20]->[0x00]
[17:47:30:329]754878:[DBG]:CMD:[0x37]->[0x00]
[17:47:30:329]754878:[DBG]:CMD:[0x01]->[0x00]
[17:47:30:329]754880:[DBG]:CMD:[0x20]->[0x00]
[17:47:30:642]755180:[DBG]:CMD:[0x37]->[0x00]
[17:47:30:642]755182:[DBG]:CMD:[0x01]->[0x00]
[17:47:30:642]755182:[DBG]:CMD:[0x20]->[0x00]
[17:47:30:939]755484:[DBG]:CMD:[0x37]->[0x00]
[17:47:30:939]755484:[DBG]:CMD:[0x01]->[0x00]
[17:47:30:939]755486:[DBG]:CMD:[0x20]->[0x00]
[17:47:31:235]755788:[DBG]:CMD:[0x37]->[0x00]
[17:47:31:235]755788:[DBG]:CMD:[0x01]->[0x00]
[17:47:31:235]755788:[DBG]:CMD:[0x20]->[0x00]
[17:47:31:548]756090:[DBG]:CMD:[0x37]->[0x00]
[17:47:31:548]756092:[DBG]:CMD:[0x01]->[0x00]
[17:47:31:548]756092:[DBG]:CMD:[0x20]->[0x00]
[17:47:31:845]756394:[DBG]:CMD:[0x37]->[0x00]
[17:47:31:845]756394:[DBG]:CMD:[0x01]->[0x00]
[17:47:31:845]756396:[DBG]:CMD:[0x20]->[0x00]
[17:47:31:985]756534:[DBG]:IIC:TEMP ID 0:0x006A,0x0068,0x00AC,0x0099,
[17:47:31:985]756534:[DBG]:IIC:TEMP ID 4:0x00DE,0x006A,0x006C,0x0090,
[17:47:32:157]756696:[DBG]:CMD:[0x37]->[0x00]
[17:47:32:157]756698:[DBG]:CMD:[0x01]->[0x00]
[17:47:32:157]756698:[DBG]:CMD:[0x20]->[0x00]
[17:47:32:454]757000:[DBG]:CMD:[0x37]->[0x00]
[17:47:32:454]757000:[DBG]:CMD:[0x01]->[0x00]
[17:47:32:454]757002:[DBG]:CMD:[0x20]->[0x00]
[17:47:32:751]757302:[DBG]:CMD:[0x37]->[0x00]
[17:47:32:751]757304:[DBG]:CMD:[0x01]->[0x00]
[17:47:32:751]757304:[DBG]:CMD:[0x20]->[0x00]
[17:47:33:063]757606:[DBG]:CMD:[0x37]->[0x00]
[17:47:33:063]757606:[DBG]:CMD:[0x01]->[0x00]
[17:47:33:063]757608:[DBG]:CMD:[0x20]->[0x00]
[17:47:33:375]757908:[DBG]:CMD:[0x37]->[0x00]
[17:47:33:375]757908:[DBG]:CMD:[0x01]->[0x00]
[17:47:33:375]757910:[DBG]:CMD:[0x20]->[0x00]
[17:47:33:672]758210:[DBG]:CMD:[0x37]->[0x00]
[17:47:33:672]758212:[DBG]:CMD:[0x01]->[0x00]
[17:47:33:672]758212:[DBG]:CMD:[0x20]->[0x00]
[17:47:33:953]758514:[DBG]:CMD:[0x37]->[0x00]
[17:47:33:953]758514:[DBG]:CMD:[0x01]->[0x00]
[17:47:33:953]758518:[DBG]:CMD:[0x20]->[0x00]
[17:47:33:984]758534:[DBG]:IIC:TEMP ID 0:0x0073,0x0068,0x00AB,0x0099,
[17:47:33:984]758534:[DBG]:IIC:TEMP ID 4:0x00E3,0x006A,0x0063,0x0090,
[17:47:34:281]758820:[DBG]:CMD:[0x37]->[0x00]
[17:47:34:281]758822:[DBG]:CMD:[0x01]->[0x00]
[17:47:34:281]758822:[DBG]:CMD:[0x20]->[0x00]
[17:47:34:578]759124:[DBG]:CMD:[0x37]->[0x00]
[17:47:34:578]759124:[DBG]:CMD:[0x01]->[0x00]
[17:47:34:578]759126:[DBG]:CMD:[0x20]->[0x00]
[17:47:34:875]759426:[DBG]:CMD:[0x37]->[0x00]
[17:47:34:875]759426:[DBG]:CMD:[0x01]->[0x00]
[17:47:34:875]759428:[DBG]:CMD:[0x20]->[0x00]
[17:47:35:188]759730:[DBG]:CMD:[0x37]->[0x00]
[17:47:35:188]759730:[DBG]:CMD:[0x01]->[0x00]
[17:47:35:188]759730:[DBG]:CMD:[0x20]->[0x00]
[17:47:35:484]760032:[DBG]:CMD:[0x37]->[0x00]
[17:47:35:484]760032:[DBG]:CMD:[0x01]->[0x00]
[17:47:35:484]760034:[DBG]:CMD:[0x20]->[0x00]
[17:47:35:781]760336:[DBG]:CMD:[0x37]->[0x00]
[17:47:35:781]760336:[DBG]:CMD:[0x01]->[0x00]
[17:47:35:781]760338:[DBG]:CMD:[0x20]->[0x00]
[17:47:35:984]760534:[DBG]:IIC:TEMP ID 0:0x0088,0x0068,0x00A4,0x0099,
[17:47:35:984]760534:[DBG]:IIC:TEMP ID 4:0x00DE,0x006A,0x006A,0x0090,
[17:47:36:094]760638:[DBG]:CMD:[0x37]->[0x00]
[17:47:36:094]760640:[DBG]:CMD:[0x01]->[0x00]
[17:47:36:094]760640:[DBG]:CMD:[0x20]->[0x00]
[17:47:36:390]760942:[DBG]:CMD:[0x37]->[0x00]
[17:47:36:390]760942:[DBG]:CMD:[0x01]->[0x00]
[17:47:36:390]760944:[DBG]:CMD:[0x20]->[0x00]
[17:47:36:687]761244:[DBG]:CMD:[0x37]->[0x00]
[17:47:36:687]761244:[DBG]:CMD:[0x01]->[0x00]
[17:47:36:687]761246:[DBG]:CMD:[0x20]->[0x00]
[17:47:37:000]761548:[DBG]:CMD:[0x37]->[0x00]
[17:47:37:000]761548:[DBG]:CMD:[0x01]->[0x00]
[17:47:37:000]761548:[DBG]:CMD:[0x20]->[0x00]
[17:47:37:296]761850:[DBG]:CMD:[0x37]->[0x00]
[17:47:37:296]761852:[DBG]:CMD:[0x01]->[0x00]
[17:47:37:296]761852:[DBG]:CMD:[0x20]->[0x00]
[17:47:37:609]762154:[DBG]:CMD:[0x37]->[0x00]
[17:47:37:609]762154:[DBG]:CMD:[0x01]->[0x00]
[17:47:37:609]762156:[DBG]:CMD:[0x20]->[0x00]
[17:47:37:906]762456:[DBG]:CMD:[0x37]->[0x00]
[17:47:37:906]762456:[DBG]:CMD:[0x01]->[0x00]
[17:47:37:906]762460:[DBG]:CMD:[0x20]->[0x00]
[17:47:37:984]762534:[DBG]:IIC:TEMP ID 0:0x0071,0x0068,0x00A1,0x0099,
[17:47:37:984]762534:[DBG]:IIC:TEMP ID 4:0x00E3,0x006A,0x006D,0x0090,
[17:47:38:202]762760:[DBG]:CMD:[0x37]->[0x00]
[17:47:38:202]762760:[DBG]:CMD:[0x01]->[0x00]
[17:47:38:202]762762:[DBG]:CMD:[0x20]->[0x00]
[17:47:38:515]763064:[DBG]:CMD:[0x37]->[0x00]
[17:47:38:515]763064:[DBG]:CMD:[0x01]->[0x00]
[17:47:38:515]763064:[DBG]:CMD:[0x20]->[0x00]
[17:47:38:812]763366:[DBG]:CMD:[0x37]->[0x00]
[17:47:38:812]763366:[DBG]:CMD:[0x01]->[0x00]
[17:47:38:812]763368:[DBG]:CMD:[0x20]->[0x00]
[17:47:39:124]763670:[DBG]:CMD:[0x37]->[0x00]
[17:47:39:124]763670:[DBG]:CMD:[0x01]->[0x00]
[17:47:39:124]763672:[DBG]:CMD:[0x20]->[0x00]
[17:47:39:421]763972:[DBG]:CMD:[0x37]->[0x00]
[17:47:39:421]763972:[DBG]:CMD:[0x01]->[0x00]
[17:47:39:421]763974:[DBG]:CMD:[0x20]->[0x00]
[17:47:39:718]764276:[DBG]:CMD:[0x37]->[0x00]
[17:47:39:718]764276:[DBG]:CMD:[0x01]->[0x00]
[17:47:39:718]764276:[DBG]:CMD:[0x20]->[0x00]
[17:47:39:983]764534:[DBG]:IIC:TEMP ID 0:0x0082,0x0068,0x0096,0x0099,
[17:47:39:983]764534:[DBG]:IIC:TEMP ID 4:0x00E2,0x006A,0x005E,0x0090,
[17:47:40:030]764578:[DBG]:CMD:[0x37]->[0x00]
[17:47:40:030]764578:[DBG]:CMD:[0x01]->[0x00]
[17:47:40:030]764580:[DBG]:CMD:[0x20]->[0x00]
[17:47:40:327]764882:[DBG]:CMD:[0x37]->[0x00]
[17:47:40:327]764882:[DBG]:CMD:[0x01]->[0x00]
[17:47:40:327]764882:[DBG]:CMD:[0x20]->[0x00]
[17:47:40:623]765184:[DBG]:CMD:[0x37]->[0x00]
[17:47:40:623]765186:[DBG]:CMD:[0x01]->[0x00]
[17:47:40:623]765186:[DBG]:CMD:[0x20]->[0x00]
[17:47:40:936]765488:[DBG]:CMD:[0x37]->[0x00]
[17:47:40:936]765488:[DBG]:CMD:[0x01]->[0x00]
[17:47:40:936]765490:[DBG]:CMD:[0x20]->[0x00]
[17:47:41:233]765790:[DBG]:CMD:[0x37]->[0x00]
[17:47:41:233]765792:[DBG]:CMD:[0x01]->[0x00]
[17:47:41:233]765792:[DBG]:CMD:[0x20]->[0x00]
[17:47:41:545]766094:[DBG]:CMD:[0x37]->[0x00]
[17:47:41:545]766094:[DBG]:CMD:[0x01]->[0x00]
[17:47:41:545]766096:[DBG]:CMD:[0x20]->[0x00]
[17:47:41:842]766396:[DBG]:CMD:[0x37]->[0x00]
[17:47:41:842]766398:[DBG]:CMD:[0x01]->[0x00]
[17:47:41:842]766398:[DBG]:CMD:[0x20]->[0x00]
[17:47:41:983]766534:[DBG]:IIC:TEMP ID 0:0x0073,0x0068,0x0091,0x0099,
[17:47:41:983]766534:[DBG]:IIC:TEMP ID 4:0x00E1,0x006A,0x0055,0x0090,
[17:47:42:139]766700:[DBG]:CMD:[0x37]->[0x00]
[17:47:42:139]766700:[DBG]:CMD:[0x01]->[0x00]
[17:47:42:139]766702:[DBG]:CMD:[0x20]->[0x00]
[17:47:42:451]767004:[DBG]:CMD:[0x37]->[0x00]
[17:47:42:451]767004:[DBG]:CMD:[0x01]->[0x00]
[17:47:42:451]767004:[DBG]:CMD:[0x20]->[0x00]
[17:47:42:764]767306:[DBG]:CMD:[0x37]->[0x00]
[17:47:42:764]767308:[DBG]:CMD:[0x01]->[0x00]
[17:47:42:764]767308:[DBG]:CMD:[0x20]->[0x00]
[17:47:43:061]767610:[DBG]:CMD:[0x37]->[0x00]
[17:47:43:061]767610:[DBG]:CMD:[0x01]->[0x00]
[17:47:43:061]767612:[DBG]:CMD:[0x20]->[0x00]
[17:47:43:357]767914:[DBG]:CMD:[0x37]->[0x00]
[17:47:43:357]767914:[DBG]:CMD:[0x01]->[0x00]
[17:47:43:357]767914:[DBG]:CMD:[0x20]->[0x00]
[17:47:43:670]768218:[DBG]:CMD:[0x37]->[0x00]
[17:47:43:670]768220:[DBG]:CMD:[0x01]->[0x00]
[17:47:43:670]768222:[DBG]:CMD:[0x20]->[0x00]
[17:47:43:935]768522:[DBG]:CMD:[0x37]->[0x00]
[17:47:43:935]768524:[DBG]:CMD:[0x01]->[0x00]
[17:47:43:935]768524:[DBG]:CMD:[0x20]->[0x00]
[17:47:43:982]768534:[DBG]:IIC:TEMP ID 0:0x008A,0x0068,0x008A,0x0099,
[17:47:43:982]768534:[DBG]:IIC:TEMP ID 4:0x00E2,0x006A,0x0068,0x0090,
[17:47:44:264]768826:[DBG]:CMD:[0x37]->[0x00]
[17:47:44:264]768826:[DBG]:CMD:[0x01]->[0x00]
[17:47:44:264]768828:[DBG]:CMD:[0x20]->[0x00]
[17:47:44:576]769128:[DBG]:CMD:[0x37]->[0x00]
[17:47:44:576]769130:[DBG]:CMD:[0x01]->[0x00]
[17:47:44:576]769130:[DBG]:CMD:[0x20]->[0x00]
[17:47:44:872]769432:[DBG]:CMD:[0x37]->[0x00]
[17:47:44:872]769432:[DBG]:CMD:[0x01]->[0x00]
[17:47:44:872]769434:[DBG]:CMD:[0x20]->[0x00]
[17:47:45:169]769736:[DBG]:CMD:[0x37]->[0x00]
[17:47:45:169]769736:[DBG]:CMD:[0x01]->[0x00]
[17:47:45:169]769738:[DBG]:CMD:[0x20]->[0x00]
[17:47:45:483]770038:[DBG]:CMD:[0x37]->[0x00]
[17:47:45:483]770040:[DBG]:CMD:[0x01]->[0x00]
[17:47:45:483]770040:[DBG]:CMD:[0x20]->[0x00]
[17:47:45:780]770342:[DBG]:CMD:[0x37]->[0x00]
[17:47:45:780]770342:[DBG]:CMD:[0x01]->[0x00]
[17:47:45:780]770344:[DBG]:CMD:[0x20]->[0x00]
[17:47:45:983]770534:[DBG]:IIC:TEMP ID 0:0x0081,0x0068,0x0093,0x0099,
[17:47:45:983]770534:[DBG]:IIC:TEMP ID 4:0x00E7,0x006A,0x0067,0x0090,
[17:47:46:093]770646:[DBG]:CMD:[0x37]->[0x00]
[17:47:46:093]770646:[DBG]:CMD:[0x01]->[0x00]
[17:47:46:093]770648:[DBG]:CMD:[0x20]->[0x00]
[17:47:46:389]770948:[DBG]:CMD:[0x37]->[0x00]
[17:47:46:389]770950:[DBG]:CMD:[0x01]->[0x00]
[17:47:46:389]770950:[DBG]:CMD:[0x20]->[0x00]
[17:47:46:702]771252:[DBG]:CMD:[0x37]->[0x00]
[17:47:46:702]771252:[DBG]:CMD:[0x01]->[0x00]
[17:47:46:702]771254:[DBG]:CMD:[0x20]->[0x00]
[17:47:46:999]771556:[DBG]:CMD:[0x37]->[0x00]
[17:47:46:999]771556:[DBG]:CMD:[0x01]->[0x00]
[17:47:46:999]771560:[DBG]:CMD:[0x20]->[0x00]
[17:47:47:295]771860:[DBG]:CMD:[0x37]->[0x00]
[17:47:47:295]771862:[DBG]:CMD:[0x01]->[0x00]
[17:47:47:295]771862:[DBG]:CMD:[0x20]->[0x00]
[17:47:47:608]772164:[DBG]:CMD:[0x37]->[0x00]
[17:47:47:608]772164:[DBG]:CMD:[0x01]->[0x00]
[17:47:47:608]772166:[DBG]:CMD:[0x20]->[0x00]
[17:47:47:905]772468:[DBG]:CMD:[0x37]->[0x00]
[17:47:47:905]772468:[DBG]:CMD:[0x01]->[0x00]
[17:47:47:905]772470:[DBG]:CMD:[0x20]->[0x00]
[17:47:47:967]772534:[DBG]:IIC:TEMP ID 0:0x008C,0x0068,0x0084,0x0099,
[17:47:47:967]772534:[DBG]:IIC:TEMP ID 4:0x00DC,0x006A,0x0058,0x0090,
[17:47:48:201]772770:[DBG]:CMD:[0x37]->[0x00]
[17:47:48:201]772772:[DBG]:CMD:[0x01]->[0x00]
[17:47:48:201]772772:[DBG]:CMD:[0x20]->[0x00]
[17:47:48:514]773074:[DBG]:CMD:[0x37]->[0x00]
[17:47:48:514]773074:[DBG]:CMD:[0x01]->[0x00]
[17:47:48:514]773076:[DBG]:CMD:[0x20]->[0x00]
[17:47:48:811]773378:[DBG]:CMD:[0x37]->[0x00]
[17:47:48:811]773378:[DBG]:CMD:[0x01]->[0x00]
[17:47:48:811]773380:[DBG]:CMD:[0x20]->[0x00]
[17:47:49:123]773680:[DBG]:CMD:[0x37]->[0x00]
[17:47:49:123]773682:[DBG]:CMD:[0x01]->[0x00]
[17:47:49:123]773682:[DBG]:CMD:[0x20]->[0x00]
[17:47:49:420]773984:[DBG]:CMD:[0x37]->[0x00]
[17:47:49:420]773984:[DBG]:CMD:[0x01]->[0x00]
[17:47:49:420]773986:[DBG]:CMD:[0x20]->[0x00]
[17:47:49:717]774288:[DBG]:CMD:[0x37]->[0x00]
[17:47:49:717]774288:[DBG]:CMD:[0x01]->[0x00]
[17:47:49:717]774290:[DBG]:CMD:[0x20]->[0x00]
[17:47:49:967]774534:[DBG]:IIC:TEMP ID 0:0x0075,0x0068,0x0091,0x0099,
[17:47:49:967]774534:[DBG]:IIC:TEMP ID 4:0x00E5,0x006A,0x0051,0x0090,
[17:47:50:029]774590:[DBG]:CMD:[0x37]->[0x00]
[17:47:50:029]774592:[DBG]:CMD:[0x01]->[0x00]
[17:47:50:029]774592:[DBG]:CMD:[0x20]->[0x00]
[17:47:50:326]774894:[DBG]:CMD:[0x37]->[0x00]
[17:47:50:326]774894:[DBG]:CMD:[0x01]->[0x00]
[17:47:50:326]774896:[DBG]:CMD:[0x20]->[0x00]
[17:47:50:638]775198:[DBG]:CMD:[0x37]->[0x00]
[17:47:50:638]775198:[DBG]:CMD:[0x01]->[0x00]
[17:47:50:638]775200:[DBG]:CMD:[0x20]->[0x00]
[17:47:50:935]775500:[DBG]:CMD:[0x37]->[0x00]
[17:47:50:935]775502:[DBG]:CMD:[0x01]->[0x00]
[17:47:50:935]775502:[DBG]:CMD:[0x20]->[0x00]
[17:47:51:232]775804:[DBG]:CMD:[0x37]->[0x00]
[17:47:51:232]775804:[DBG]:CMD:[0x01]->[0x00]
[17:47:51:232]775806:[DBG]:CMD:[0x20]->[0x00]
[17:47:51:544]776108:[DBG]:CMD:[0x37]->[0x00]
[17:47:51:544]776108:[DBG]:CMD:[0x01]->[0x00]
[17:47:51:544]776110:[DBG]:CMD:[0x20]->[0x00]
[17:47:51:857]776410:[DBG]:CMD:[0x37]->[0x00]
[17:47:51:857]776412:[DBG]:CMD:[0x01]->[0x00]
[17:47:51:857]776412:[DBG]:CMD:[0x20]->[0x00]
[17:47:51:966]776534:[DBG]:IIC:TEMP ID 0:0x0074,0x0068,0x007E,0x0099,
[17:47:51:966]776534:[DBG]:IIC:TEMP ID 4:0x00E0,0x006A,0x006A,0x0090,
[17:47:52:154]776714:[DBG]:CMD:[0x37]->[0x00]
[17:47:52:154]776714:[DBG]:CMD:[0x01]->[0x00]
[17:47:52:154]776718:[DBG]:CMD:[0x20]->[0x00]
[17:47:52:451]777020:[DBG]:CMD:[0x37]->[0x00]
[17:47:52:451]777022:[DBG]:CMD:[0x01]->[0x00]
[17:47:52:451]777022:[DBG]:CMD:[0x20]->[0x00]
[17:47:52:763]777324:[DBG]:CMD:[0x37]->[0x00]
[17:47:52:763]777324:[DBG]:CMD:[0x01]->[0x00]
[17:47:52:763]777326:[DBG]:CMD:[0x20]->[0x00]
[17:47:53:060]777626:[DBG]:CMD:[0x37]->[0x00]
[17:47:53:060]777628:[DBG]:CMD:[0x01]->[0x00]
[17:47:53:060]777628:[DBG]:CMD:[0x20]->[0x00]
[17:47:53:357]777930:[DBG]:CMD:[0x37]->[0x00]
[17:47:53:357]777930:[DBG]:CMD:[0x01]->[0x00]
[17:47:53:357]777932:[DBG]:CMD:[0x20]->[0x00]
[17:47:53:669]778234:[DBG]:CMD:[0x37]->[0x00]
[17:47:53:669]778234:[DBG]:CMD:[0x01]->[0x00]
[17:47:53:669]778236:[DBG]:CMD:[0x20]->[0x00]
[17:47:53:935]778534:[DBG]:IIC:TEMP ID 0:0x0077,0x0068,0x0067,0x0099,
[17:47:53:935]778534:[DBG]:IIC:TEMP ID 4:0x00E3,0x006A,0x0057,0x0090,
[17:47:53:981]778536:[DBG]:CMD:[0x37]->[0x00]
[17:47:53:981]778538:[DBG]:CMD:[0x01]->[0x00]
[17:47:53:981]778538:[DBG]:CMD:[0x20]->[0x00]
[17:47:54:278]778840:[DBG]:CMD:[0x37]->[0x00]
[17:47:54:278]778842:[DBG]:CMD:[0x01]->[0x00]
[17:47:54:278]778842:[DBG]:CMD:[0x20]->[0x00]
[17:47:54:575]779144:[DBG]:CMD:[0x37]->[0x00]
[17:47:54:575]779144:[DBG]:CMD:[0x01]->[0x00]
[17:47:54:575]779146:[DBG]:CMD:[0x20]->[0x00]
[17:47:54:872]779448:[DBG]:CMD:[0x37]->[0x00]
[17:47:54:872]779448:[DBG]:CMD:[0x01]->[0x00]
[17:47:54:872]779450:[DBG]:CMD:[0x20]->[0x00]
[17:47:55:184]779752:[DBG]:CMD:[0x37]->[0x00]
[17:47:55:184]779752:[DBG]:CMD:[0x01]->[0x00]
[17:47:55:184]779752:[DBG]:CMD:[0x20]->[0x00]
[17:47:55:481]780054:[DBG]:CMD:[0x37]->[0x00]
[17:47:55:481]780054:[DBG]:CMD:[0x01]->[0x00]
[17:47:55:481]780056:[DBG]:CMD:[0x20]->[0x00]
[17:47:55:793]780360:[DBG]:CMD:[0x37]->[0x00]
[17:47:55:793]780360:[DBG]:CMD:[0x01]->[0x00]
[17:47:55:793]780362:[DBG]:CMD:[0x20]->[0x00]
[17:47:55:965]780534:[DBG]:IIC:TEMP ID 0:0x0070,0x0068,0x0070,0x0099,
[17:47:55:965]780534:[DBG]:IIC:TEMP ID 4:0x00E2,0x006A,0x006C,0x0090,
[17:47:56:090]780662:[DBG]:CMD:[0x37]->[0x00]
[17:47:56:090]780664:[DBG]:CMD:[0x01]->[0x00]
[17:47:56:090]780664:[DBG]:CMD:[0x20]->[0x00]
[17:47:56:403]780966:[DBG]:CMD:[0x37]->[0x00]
[17:47:56:403]780966:[DBG]:CMD:[0x01]->[0x00]
[17:47:56:403]780968:[DBG]:CMD:[0x20]->[0x00]
[17:47:56:699]781270:[DBG]:CMD:[0x37]->[0x00]
[17:47:56:699]781270:[DBG]:CMD:[0x01]->[0x00]
[17:47:56:699]781272:[DBG]:CMD:[0x20]->[0x00]
[17:47:56:996]781572:[DBG]:CMD:[0x37]->[0x00]
[17:47:56:996]781574:[DBG]:CMD:[0x01]->[0x00]
[17:47:56:996]781574:[DBG]:CMD:[0x20]->[0x00]
[17:47:57:309]781876:[DBG]:CMD:[0x37]->[0x00]
[17:47:57:309]781876:[DBG]:CMD:[0x01]->[0x00]
[17:47:57:309]781878:[DBG]:CMD:[0x20]->[0x00]
[17:47:57:606]782180:[DBG]:CMD:[0x37]->[0x00]
[17:47:57:606]782180:[DBG]:CMD:[0x01]->[0x00]
[17:47:57:606]782182:[DBG]:CMD:[0x20]->[0x00]
[17:47:57:918]782482:[DBG]:CMD:[0x37]->[0x00]
[17:47:57:918]782484:[DBG]:CMD:[0x01]->[0x00]
[17:47:57:918]782484:[DBG]:CMD:[0x20]->[0x00]
[17:47:57:965]782534:[DBG]:IIC:TEMP ID 0:0x007F,0x0068,0x006D,0x0099,
[17:47:57:965]782534:[DBG]:IIC:TEMP ID 4:0x00E5,0x006A,0x007B,0x0090,
[17:47:58:215]782786:[DBG]:CMD:[0x37]->[0x00]
[17:47:58:215]782786:[DBG]:CMD:[0x01]->[0x00]
[17:47:58:215]782788:[DBG]:CMD:[0x20]->[0x00]
[17:47:58:511]783090:[DBG]:CMD:[0x37]->[0x00]
[17:47:58:511]783090:[DBG]:CMD:[0x01]->[0x00]
[17:47:58:511]783092:[DBG]:CMD:[0x20]->[0x00]
[17:47:58:824]783394:[DBG]:CMD:[0x37]->[0x00]
[17:47:58:824]783394:[DBG]:CMD:[0x01]->[0x00]
[17:47:58:824]783394:[DBG]:CMD:[0x20]->[0x00]
[17:47:59:121]783696:[DBG]:CMD:[0x37]->[0x00]
[17:47:59:121]783698:[DBG]:CMD:[0x01]->[0x00]
[17:47:59:121]783698:[DBG]:CMD:[0x20]->[0x00]
[17:47:59:433]784000:[DBG]:CMD:[0x37]->[0x00]
[17:47:59:433]784000:[DBG]:CMD:[0x01]->[0x00]
[17:47:59:433]784002:[DBG]:CMD:[0x20]->[0x00]
[17:47:59:730]784304:[DBG]:CMD:[0x37]->[0x00]
[17:47:59:730]784304:[DBG]:CMD:[0x01]->[0x00]
[17:47:59:730]784304:[DBG]:CMD:[0x20]->[0x00]
[17:47:59:964]784534:[DBG]:IIC:TEMP ID 0:0x006E,0x0068,0x0086,0x0099,
[17:47:59:964]784534:[DBG]:IIC:TEMP ID 4:0x00E6,0x006A,0x0078,0x0090,
[17:48:00:042]784606:[DBG]:CMD:[0x37]->[0x00]
[17:48:00:042]784608:[DBG]:CMD:[0x01]->[0x00]
[17:48:00:042]784608:[DBG]:CMD:[0x20]->[0x00]
[17:48:00:339]784910:[DBG]:CMD:[0x37]->[0x00]
[17:48:00:339]784910:[DBG]:CMD:[0x01]->[0x00]
[17:48:00:339]784912:[DBG]:CMD:[0x20]->[0x00]
[17:48:00:652]785214:[DBG]:CMD:[0x37]->[0x00]
[17:48:00:652]785214:[DBG]:CMD:[0x01]->[0x00]
[17:48:00:652]785216:[DBG]:CMD:[0x20]->[0x00]
[17:48:00:948]785518:[DBG]:CMD:[0x37]->[0x00]
[17:48:00:948]785520:[DBG]:CMD:[0x01]->[0x00]
[17:48:00:948]785522:[DBG]:CMD:[0x20]->[0x00]
[17:48:01:245]785822:[DBG]:CMD:[0x37]->[0x00]
[17:48:01:245]785822:[DBG]:CMD:[0x01]->[0x00]
[17:48:01:245]785824:[DBG]:CMD:[0x20]->[0x00]
[17:48:01:558]786126:[DBG]:CMD:[0x37]->[0x00]
[17:48:01:558]786126:[DBG]:CMD:[0x01]->[0x00]
[17:48:01:558]786128:[DBG]:CMD:[0x20]->[0x00]
[17:48:01:855]786430:[DBG]:CMD:[0x37]->[0x00]
[17:48:01:855]786430:[DBG]:CMD:[0x01]->[0x00]
[17:48:01:855]786430:[DBG]:CMD:[0x20]->[0x00]
[17:48:01:964]786534:[DBG]:IIC:TEMP ID 0:0x007B,0x0068,0x006D,0x0099,
[17:48:01:964]786534:[DBG]:IIC:TEMP ID 4:0x00EB,0x006A,0x005D,0x0090,
[17:48:02:151]786732:[DBG]:CMD:[0x37]->[0x00]
[17:48:02:151]786732:[DBG]:CMD:[0x01]->[0x00]
[17:48:02:151]786734:[DBG]:CMD:[0x20]->[0x00]
[17:48:02:464]787036:[DBG]:CMD:[0x37]->[0x00]
[17:48:02:464]787036:[DBG]:CMD:[0x01]->[0x00]
[17:48:02:464]787038:[DBG]:CMD:[0x20]->[0x00]
[17:48:02:761]787340:[DBG]:CMD:[0x37]->[0x00]
[17:48:02:761]787340:[DBG]:CMD:[0x01]->[0x00]
[17:48:02:761]787340:[DBG]:CMD:[0x20]->[0x00]
[17:48:03:073]787642:[DBG]:CMD:[0x37]->[0x00]
[17:48:03:073]787644:[DBG]:CMD:[0x01]->[0x00]
[17:48:03:073]787644:[DBG]:CMD:[0x20]->[0x00]
[17:48:03:381]787946:[DBG]:CMD:[0x37]->[0x00]
[17:48:03:381]787946:[DBG]:CMD:[0x01]->[0x00]
[17:48:03:381]787948:[DBG]:CMD:[0x20]->[0x00]
[17:48:03:678]788250:[DBG]:CMD:[0x37]->[0x00]
[17:48:03:678]788250:[DBG]:CMD:[0x01]->[0x00]
[17:48:03:678]788250:[DBG]:CMD:[0x20]->[0x00]
[17:48:03:943]788534:[DBG]:IIC:TEMP ID 0:0x0074,0x0068,0x0088,0x0099,
[17:48:03:943]788534:[DBG]:IIC:TEMP ID 4:0x00E8,0x006A,0x0060,0x0090,
[17:48:03:975]788552:[DBG]:CMD:[0x37]->[0x00]
[17:48:03:975]788554:[DBG]:CMD:[0x01]->[0x00]
[17:48:03:975]788554:[DBG]:CMD:[0x20]->[0x00]
[17:48:04:287]788856:[DBG]:CMD:[0x37]->[0x00]
[17:48:04:287]788856:[DBG]:CMD:[0x01]->[0x00]
[17:48:04:287]788860:[DBG]:CMD:[0x20]->[0x00]
[17:48:04:586]789160:[DBG]:CMD:[0x37]->[0x00]
[17:48:04:586]789160:[DBG]:CMD:[0x01]->[0x00]
[17:48:04:586]789162:[DBG]:CMD:[0x20]->[0x00]
[17:48:04:882]789464:[DBG]:CMD:[0x37]->[0x00]
[17:48:04:882]789464:[DBG]:CMD:[0x01]->[0x00]
[17:48:04:882]789466:[DBG]:CMD:[0x20]->[0x00]
[17:48:05:194]789768:[DBG]:CMD:[0x37]->[0x00]
[17:48:05:194]789768:[DBG]:CMD:[0x01]->[0x00]
[17:48:05:194]789768:[DBG]:CMD:[0x20]->[0x00]
[17:48:05:492]790070:[DBG]:CMD:[0x37]->[0x00]
[17:48:05:492]790070:[DBG]:CMD:[0x01]->[0x00]
[17:48:05:492]790072:[DBG]:CMD:[0x20]->[0x00]
[17:48:05:788]790374:[DBG]:CMD:[0x37]->[0x00]
[17:48:05:788]790374:[DBG]:CMD:[0x01]->[0x00]
[17:48:05:788]790376:[DBG]:CMD:[0x20]->[0x00]
[17:48:05:960]790534:[DBG]:IIC:TEMP ID 0:0x0079,0x0068,0x0081,0x0099,
[17:48:05:960]790534:[DBG]:IIC:TEMP ID 4:0x00E7,0x006A,0x0063,0x0090,
[17:48:06:101]790678:[DBG]:CMD:[0x37]->[0x00]
[17:48:06:101]790678:[DBG]:CMD:[0x01]->[0x00]
[17:48:06:101]790678:[DBG]:CMD:[0x20]->[0x00]
[17:48:06:398]790980:[DBG]:CMD:[0x37]->[0x00]
[17:48:06:398]790982:[DBG]:CMD:[0x01]->[0x00]
[17:48:06:398]790982:[DBG]:CMD:[0x20]->[0x00]
[17:48:06:710]791284:[DBG]:CMD:[0x37]->[0x00]
[17:48:06:710]791284:[DBG]:CMD:[0x01]->[0x00]
[17:48:06:710]791286:[DBG]:CMD:[0x20]->[0x00]
[17:48:07:007]791588:[DBG]:CMD:[0x37]->[0x00]
[17:48:07:007]791588:[DBG]:CMD:[0x01]->[0x00]
[17:48:07:007]791588:[DBG]:CMD:[0x20]->[0x00]
[17:48:07:304]791890:[DBG]:CMD:[0x37]->[0x00]
[17:48:07:304]791892:[DBG]:CMD:[0x01]->[0x00]
[17:48:07:304]791892:[DBG]:CMD:[0x20]->[0x00]
[17:48:07:616]792194:[DBG]:CMD:[0x37]->[0x00]
[17:48:07:616]792194:[DBG]:CMD:[0x01]->[0x00]
[17:48:07:616]792196:[DBG]:CMD:[0x20]->[0x00]
[17:48:07:913]792498:[DBG]:CMD:[0x37]->[0x00]
[17:48:07:913]792498:[DBG]:CMD:[0x01]->[0x00]
[17:48:07:913]792498:[DBG]:CMD:[0x20]->[0x00]
[17:48:07:960]792534:[DBG]:IIC:TEMP ID 0:0x007A,0x0068,0x0090,0x0099,
[17:48:07:960]792534:[DBG]:IIC:TEMP ID 4:0x00E4,0x006A,0x004C,0x0090,
[17:48:08:225]792800:[DBG]:CMD:[0x37]->[0x00]
[17:48:08:225]792802:[DBG]:CMD:[0x01]->[0x00]
[17:48:08:225]792802:[DBG]:CMD:[0x20]->[0x00]
[17:48:08:522]793104:[DBG]:CMD:[0x37]->[0x00]
[17:48:08:522]793104:[DBG]:CMD:[0x01]->[0x00]
[17:48:08:522]793106:[DBG]:CMD:[0x20]->[0x00]
[17:48:08:835]793406:[DBG]:CMD:[0x37]->[0x00]
[17:48:08:835]793408:[DBG]:CMD:[0x01]->[0x00]
[17:48:08:835]793408:[DBG]:CMD:[0x20]->[0x00]
[17:48:09:131]793710:[DBG]:CMD:[0x37]->[0x00]
[17:48:09:131]793710:[DBG]:CMD:[0x01]->[0x00]
[17:48:09:131]793712:[DBG]:CMD:[0x20]->[0x00]
[17:48:09:444]794014:[DBG]:CMD:[0x37]->[0x00]
[17:48:09:444]794014:[DBG]:CMD:[0x01]->[0x00]
[17:48:09:444]794014:[DBG]:CMD:[0x20]->[0x00]
[17:48:09:741]794318:[DBG]:CMD:[0x37]->[0x00]
[17:48:09:741]794320:[DBG]:CMD:[0x01]->[0x00]
[17:48:09:741]794322:[DBG]:CMD:[0x20]->[0x00]
[17:48:09:959]794534:[DBG]:IIC:TEMP ID 0:0x0071,0x0068,0x009F,0x0099,
[17:48:09:959]794534:[DBG]:IIC:TEMP ID 4:0x00EB,0x006A,0x004D,0x0090,
[17:48:10:037]794622:[DBG]:CMD:[0x37]->[0x00]
[17:48:10:037]794624:[DBG]:CMD:[0x01]->[0x00]
[17:48:10:037]794624:[DBG]:CMD:[0x20]->[0x00]
[17:48:10:334]794926:[DBG]:CMD:[0x37]->[0x00]
[17:48:10:334]794926:[DBG]:CMD:[0x01]->[0x00]
[17:48:10:334]794928:[DBG]:CMD:[0x20]->[0x00]
[17:48:10:647]795228:[DBG]:CMD:[0x37]->[0x00]
[17:48:10:647]795230:[DBG]:CMD:[0x01]->[0x00]
[17:48:10:647]795230:[DBG]:CMD:[0x20]->[0x00]
[17:48:10:943]795532:[DBG]:CMD:[0x37]->[0x00]
[17:48:10:943]795532:[DBG]:CMD:[0x01]->[0x00]
[17:48:10:943]795534:[DBG]:CMD:[0x20]->[0x00]
[17:48:11:256]795834:[DBG]:CMD:[0x37]->[0x00]
[17:48:11:256]795834:[DBG]:CMD:[0x01]->[0x00]
[17:48:11:256]795836:[DBG]:CMD:[0x20]->[0x00]
[17:48:11:553]796136:[DBG]:CMD:[0x37]->[0x00]
[17:48:11:553]796138:[DBG]:CMD:[0x01]->[0x00]
[17:48:11:553]796138:[DBG]:CMD:[0x20]->[0x00]
[17:48:11:849]796440:[DBG]:CMD:[0x37]->[0x00]
[17:48:11:849]796440:[DBG]:CMD:[0x01]->[0x00]
[17:48:11:849]796442:[DBG]:CMD:[0x20]->[0x00]
[17:48:11:943]796534:[DBG]:IIC:TEMP ID 0:0x007C,0x0068,0x008C,0x0099,
[17:48:11:943]796534:[DBG]:IIC:TEMP ID 4:0x00EC,0x006A,0x004E,0x0090,
[17:48:12:162]796742:[DBG]:CMD:[0x37]->[0x00]
[17:48:12:162]796744:[DBG]:CMD:[0x01]->[0x00]
[17:48:12:162]796744:[DBG]:CMD:[0x20]->[0x00]
[17:48:12:459]797046:[DBG]:CMD:[0x37]->[0x00]
[17:48:12:459]797046:[DBG]:CMD:[0x01]->[0x00]
[17:48:12:459]797048:[DBG]:CMD:[0x20]->[0x00]
[17:48:12:771]797348:[DBG]:CMD:[0x37]->[0x00]
[17:48:12:771]797348:[DBG]:CMD:[0x01]->[0x00]
[17:48:12:771]797350:[DBG]:CMD:[0x20]->[0x00]
[17:48:13:068]797652:[DBG]:CMD:[0x37]->[0x00]
[17:48:13:068]797652:[DBG]:CMD:[0x01]->[0x00]
[17:48:13:068]797652:[DBG]:CMD:[0x20]->[0x00]
[17:48:13:365]797954:[DBG]:CMD:[0x37]->[0x00]
[17:48:13:365]797956:[DBG]:CMD:[0x01]->[0x00]
[17:48:13:365]797956:[DBG]:CMD:[0x20]->[0x00]
[17:48:13:677]798260:[DBG]:CMD:[0x37]->[0x00]
[17:48:13:677]798260:[DBG]:CMD:[0x01]->[0x00]
[17:48:13:677]798260:[DBG]:CMD:[0x20]->[0x00]
[17:48:13:942]798534:[DBG]:IIC:TEMP ID 0:0x006F,0x0068,0x00AD,0x0099,
[17:48:13:942]798534:[DBG]:IIC:TEMP ID 4:0x00E5,0x006A,0x004F,0x0090,
[17:48:13:974]798562:[DBG]:CMD:[0x37]->[0x00]
[17:48:13:974]798564:[DBG]:CMD:[0x01]->[0x00]
[17:48:13:974]798564:[DBG]:CMD:[0x20]->[0x00]
[17:48:14:271]798866:[DBG]:CMD:[0x37]->[0x00]
[17:48:14:271]798866:[DBG]:CMD:[0x01]->[0x00]
[17:48:14:271]798868:[DBG]:CMD:[0x20]->[0x00]
[17:48:14:583]799168:[DBG]:CMD:[0x37]->[0x00]
[17:48:14:583]799168:[DBG]:CMD:[0x01]->[0x00]
[17:48:14:583]799170:[DBG]:CMD:[0x20]->[0x00]
[17:48:14:880]799472:[DBG]:CMD:[0x37]->[0x00]
[17:48:14:880]799472:[DBG]:CMD:[0x01]->[0x00]
[17:48:14:880]799474:[DBG]:CMD:[0x20]->[0x00]
[17:48:15:192]799774:[DBG]:CMD:[0x37]->[0x00]
[17:48:15:192]799774:[DBG]:CMD:[0x01]->[0x00]
[17:48:15:192]799776:[DBG]:CMD:[0x20]->[0x00]
[17:48:15:489]800078:[DBG]:CMD:[0x37]->[0x00]
[17:48:15:489]800078:[DBG]:CMD:[0x01]->[0x00]
[17:48:15:489]800080:[DBG]:CMD:[0x20]->[0x00]
[17:48:15:786]800382:[DBG]:CMD:[0x37]->[0x00]
[17:48:15:786]800382:[DBG]:CMD:[0x01]->[0x00]
[17:48:15:786]800382:[DBG]:CMD:[0x20]->[0x00]
[17:48:15:942]800534:[DBG]:IIC:TEMP ID 0:0x007C,0x0068,0x00AE,0x0099,
[17:48:15:942]800534:[DBG]:IIC:TEMP ID 4:0x00E6,0x006A,0x005C,0x0090,
[17:48:16:098]800684:[DBG]:CMD:[0x37]->[0x00]
[17:48:16:098]800684:[DBG]:CMD:[0x01]->[0x00]
[17:48:16:098]800686:[DBG]:CMD:[0x20]->[0x00]
[17:48:16:395]800988:[DBG]:CMD:[0x37]->[0x00]
[17:48:16:395]800988:[DBG]:CMD:[0x01]->[0x00]
[17:48:16:395]800988:[DBG]:CMD:[0x20]->[0x00]
[17:48:16:692]801290:[DBG]:CMD:[0x37]->[0x00]
[17:48:16:692]801292:[DBG]:CMD:[0x01]->[0x00]
[17:48:16:692]801292:[DBG]:CMD:[0x20]->[0x00]
[17:48:17:005]801594:[DBG]:CMD:[0x37]->[0x00]
[17:48:17:005]801594:[DBG]:CMD:[0x01]->[0x00]
[17:48:17:005]801596:[DBG]:CMD:[0x20]->[0x00]
[17:48:17:301]801896:[DBG]:CMD:[0x37]->[0x00]
[17:48:17:301]801896:[DBG]:CMD:[0x01]->[0x00]
[17:48:17:301]801898:[DBG]:CMD:[0x20]->[0x00]
[17:48:17:614]802200:[DBG]:CMD:[0x37]->[0x00]
[17:48:17:614]802200:[DBG]:CMD:[0x01]->[0x00]
[17:48:17:614]802200:[DBG]:CMD:[0x20]->[0x00]
[17:48:17:910]802502:[DBG]:CMD:[0x37]->[0x00]
[17:48:17:910]802504:[DBG]:CMD:[0x01]->[0x00]
[17:48:17:910]802504:[DBG]:CMD:[0x20]->[0x00]
[17:48:17:942]802534:[DBG]:IIC:TEMP ID 0:0x0087,0x0068,0x009D,0x0099,
[17:48:17:942]802534:[DBG]:IIC:TEMP ID 4:0x00EB,0x006A,0x0057,0x0090,
[17:48:18:207]802806:[DBG]:CMD:[0x37]->[0x00]
[17:48:18:207]802806:[DBG]:CMD:[0x01]->[0x00]
[17:48:18:207]802808:[DBG]:CMD:[0x20]->[0x00]
[17:48:18:520]803108:[DBG]:CMD:[0x37]->[0x00]
[17:48:18:520]803108:[DBG]:CMD:[0x01]->[0x00]
[17:48:18:520]803110:[DBG]:CMD:[0x20]->[0x00]
[17:48:18:832]803410:[DBG]:CMD:[0x37]->[0x00]
[17:48:18:832]803412:[DBG]:CMD:[0x01]->[0x00]
[17:48:18:832]803412:[DBG]:CMD:[0x20]->[0x00]
[17:48:19:129]803714:[DBG]:CMD:[0x37]->[0x00]
[17:48:19:129]803714:[DBG]:CMD:[0x01]->[0x00]
[17:48:19:129]803718:[DBG]:CMD:[0x20]->[0x00]
[17:48:19:426]804020:[DBG]:CMD:[0x37]->[0x00]
[17:48:19:426]804022:[DBG]:CMD:[0x01]->[0x00]
[17:48:19:426]804022:[DBG]:CMD:[0x20]->[0x00]
[17:48:19:723]804324:[DBG]:CMD:[0x37]->[0x00]
[17:48:19:723]804324:[DBG]:CMD:[0x01]->[0x00]
[17:48:19:723]804326:[DBG]:CMD:[0x20]->[0x00]
[17:48:19:941]804534:[DBG]:IIC:TEMP ID 0:0x0082,0x0068,0x009A,0x0099,
[17:48:19:941]804534:[DBG]:IIC:TEMP ID 4:0x00E8,0x006A,0x004E,0x0090,
[17:48:20:035]804626:[DBG]:CMD:[0x37]->[0x00]
[17:48:20:035]804626:[DBG]:CMD:[0x01]->[0x00]
[17:48:20:035]804628:[DBG]:CMD:[0x20]->[0x00]
[17:48:20:332]804930:[DBG]:CMD:[0x37]->[0x00]
[17:48:20:332]804930:[DBG]:CMD:[0x01]->[0x00]
[17:48:20:332]804930:[DBG]:CMD:[0x20]->[0x00]
[17:48:20:644]805232:[DBG]:CMD:[0x37]->[0x00]
[17:48:20:644]805232:[DBG]:CMD:[0x01]->[0x00]
[17:48:20:644]805234:[DBG]:CMD:[0x20]->[0x00]
[17:48:20:941]805534:[DBG]:CMD:[0x37]->[0x00]
[17:48:20:941]805536:[DBG]:CMD:[0x01]->[0x00]
[17:48:20:941]805536:[DBG]:CMD:[0x20]->[0x00]
[17:48:21:238]805838:[DBG]:CMD:[0x37]->[0x00]
[17:48:21:238]805838:[DBG]:CMD:[0x01]->[0x00]
[17:48:21:238]805840:[DBG]:CMD:[0x20]->[0x00]
[17:48:21:550]806142:[DBG]:CMD:[0x37]->[0x00]
[17:48:21:550]806142:[DBG]:CMD:[0x01]->[0x00]
[17:48:21:550]806142:[DBG]:CMD:[0x20]->[0x00]
[17:48:21:847]806444:[DBG]:CMD:[0x37]->[0x00]
[17:48:21:847]806444:[DBG]:CMD:[0x01]->[0x00]
[17:48:21:847]806446:[DBG]:CMD:[0x20]->[0x00]
[17:48:21:941]806534:[DBG]:IIC:TEMP ID 0:0x0073,0x0068,0x00A1,0x0099,
[17:48:21:941]806534:[DBG]:IIC:TEMP ID 4:0x00ED,0x006A,0x004B,0x0090,
[17:48:22:144]806748:[DBG]:CMD:[0x37]->[0x00]
[17:48:22:144]806748:[DBG]:CMD:[0x01]->[0x00]
[17:48:22:144]806748:[DBG]:CMD:[0x20]->[0x00]
[17:48:22:456]807050:[DBG]:CMD:[0x37]->[0x00]
[17:48:22:456]807052:[DBG]:CMD:[0x01]->[0x00]
[17:48:22:456]807052:[DBG]:CMD:[0x20]->[0x00]
[17:48:22:753]807354:[DBG]:CMD:[0x37]->[0x00]
[17:48:22:753]807354:[DBG]:CMD:[0x01]->[0x00]
[17:48:22:753]807356:[DBG]:CMD:[0x20]->[0x00]
[17:48:23:066]807660:[DBG]:CMD:[0x37]->[0x00]
[17:48:23:066]807660:[DBG]:CMD:[0x01]->[0x00]
[17:48:23:066]807660:[DBG]:CMD:[0x20]->[0x00]
[17:48:23:362]807962:[DBG]:CMD:[0x37]->[0x00]
[17:48:23:362]807964:[DBG]:CMD:[0x01]->[0x00]
[17:48:23:362]807964:[DBG]:CMD:[0x20]->[0x00]
[17:48:23:674]808266:[DBG]:CMD:[0x37]->[0x00]
[17:48:23:674]808266:[DBG]:CMD:[0x01]->[0x00]
[17:48:23:674]808268:[DBG]:CMD:[0x20]->[0x00]
[17:48:23:940]808534:[DBG]:IIC:TEMP ID 0:0x007C,0x0068,0x008A,0x0099,
[17:48:23:940]808534:[DBG]:IIC:TEMP ID 4:0x00EC,0x006A,0x0048,0x0090,
[17:48:23:972]808568:[DBG]:CMD:[0x37]->[0x00]
[17:48:23:972]808570:[DBG]:CMD:[0x01]->[0x00]
[17:48:23:972]808570:[DBG]:CMD:[0x20]->[0x00]
[17:48:24:268]808872:[DBG]:CMD:[0x37]->[0x00]
[17:48:24:268]808872:[DBG]:CMD:[0x01]->[0x00]
[17:48:24:268]808874:[DBG]:CMD:[0x20]->[0x00]
[17:48:24:581]809174:[DBG]:CMD:[0x37]->[0x00]
[17:48:24:581]809176:[DBG]:CMD:[0x01]->[0x00]
[17:48:24:581]809176:[DBG]:CMD:[0x20]->[0x00]
[17:48:24:878]809478:[DBG]:CMD:[0x37]->[0x00]
[17:48:24:878]809478:[DBG]:CMD:[0x01]->[0x00]
[17:48:24:878]809480:[DBG]:CMD:[0x20]->[0x00]
[17:48:25:174]809780:[DBG]:CMD:[0x37]->[0x00]
[17:48:25:174]809782:[DBG]:CMD:[0x01]->[0x00]
[17:48:25:174]809782:[DBG]:CMD:[0x20]->[0x00]
[17:48:25:487]810084:[DBG]:CMD:[0x37]->[0x00]
[17:48:25:487]810084:[DBG]:CMD:[0x01]->[0x00]
[17:48:25:487]810086:[DBG]:CMD:[0x20]->[0x00]
[17:48:25:784]810386:[DBG]:CMD:[0x37]->[0x00]
[17:48:25:784]810388:[DBG]:CMD:[0x01]->[0x00]
[17:48:25:784]810388:[DBG]:CMD:[0x20]->[0x00]
[17:48:25:940]810534:[DBG]:IIC:TEMP ID 0:0x0091,0x0068,0x0083,0x0099,
[17:48:25:940]810534:[DBG]:IIC:TEMP ID 4:0x00ED,0x006A,0x0049,0x0090,
[17:48:26:096]810690:[DBG]:CMD:[0x37]->[0x00]
[17:48:26:096]810690:[DBG]:CMD:[0x01]->[0x00]
[17:48:26:096]810692:[DBG]:CMD:[0x20]->[0x00]
[17:48:26:393]810992:[DBG]:CMD:[0x37]->[0x00]
[17:48:26:393]810994:[DBG]:CMD:[0x01]->[0x00]
[17:48:26:393]810994:[DBG]:CMD:[0x20]->[0x00]
[17:48:26:690]811296:[DBG]:CMD:[0x37]->[0x00]
[17:48:26:690]811296:[DBG]:CMD:[0x01]->[0x00]
[17:48:26:690]811298:[DBG]:CMD:[0x20]->[0x00]
[17:48:27:002]811600:[DBG]:CMD:[0x37]->[0x00]
[17:48:27:002]811600:[DBG]:CMD:[0x01]->[0x00]
[17:48:27:002]811600:[DBG]:CMD:[0x20]->[0x00]
[17:48:27:299]811902:[DBG]:CMD:[0x37]->[0x00]
[17:48:27:299]811902:[DBG]:CMD:[0x01]->[0x00]
[17:48:27:299]811904:[DBG]:CMD:[0x20]->[0x00]
[17:48:27:611]812206:[DBG]:CMD:[0x37]->[0x00]
[17:48:27:611]812206:[DBG]:CMD:[0x01]->[0x00]
[17:48:27:611]812206:[DBG]:CMD:[0x20]->[0x00]
[17:48:27:892]812508:[DBG]:CMD:[0x37]->[0x00]
[17:48:27:892]812510:[DBG]:CMD:[0x01]->[0x00]
[17:48:27:892]812510:[DBG]:CMD:[0x20]->[0x00]
[17:48:27:939]812534:[DBG]:IIC:TEMP ID 0:0x007C,0x0068,0x0074,0x0099,
[17:48:27:939]812534:[DBG]:IIC:TEMP ID 4:0x00EC,0x006A,0x0046,0x0090,
[17:48:28:221]812812:[DBG]:CMD:[0x37]->[0x00]
[17:48:28:221]812812:[DBG]:CMD:[0x01]->[0x00]
[17:48:28:221]812814:[DBG]:CMD:[0x20]->[0x00]
[17:48:28:517]813114:[DBG]:CMD:[0x37]->[0x00]
[17:48:28:517]813118:[DBG]:CMD:[0x01]->[0x00]
[17:48:28:517]813120:[DBG]:CMD:[0x20]->[0x00]
[17:48:28:814]813422:[DBG]:CMD:[0x37]->[0x00]
[17:48:28:814]813422:[DBG]:CMD:[0x01]->[0x00]
[17:48:28:814]813422:[DBG]:CMD:[0x20]->[0x00]
[17:48:29:127]813724:[DBG]:CMD:[0x37]->[0x00]
[17:48:29:127]813726:[DBG]:CMD:[0x01]->[0x00]
[17:48:29:127]813726:[DBG]:CMD:[0x20]->[0x00]
[17:48:29:423]814028:[DBG]:CMD:[0x37]->[0x00]
[17:48:29:423]814028:[DBG]:CMD:[0x01]->[0x00]
[17:48:29:423]814030:[DBG]:CMD:[0x20]->[0x00]
[17:48:29:720]814330:[DBG]:CMD:[0x37]->[0x00]
[17:48:29:720]814332:[DBG]:CMD:[0x01]->[0x00]
[17:48:29:720]814332:[DBG]:CMD:[0x20]->[0x00]
[17:48:29:939]814534:[DBG]:IIC:TEMP ID 0:0x0075,0x0068,0x0071,0x0099,
[17:48:29:939]814534:[DBG]:IIC:TEMP ID 4:0x00EB,0x006A,0x0043,0x0090,
[17:48:30:033]814634:[DBG]:CMD:[0x37]->[0x00]
[17:48:30:033]814634:[DBG]:CMD:[0x01]->[0x00]
[17:48:30:033]814636:[DBG]:CMD:[0x20]->[0x00]
[17:48:30:330]814936:[DBG]:CMD:[0x37]->[0x00]
[17:48:30:330]814938:[DBG]:CMD:[0x01]->[0x00]
[17:48:30:330]814938:[DBG]:CMD:[0x20]->[0x00]
[17:48:30:642]815240:[DBG]:CMD:[0x37]->[0x00]
[17:48:30:642]815240:[DBG]:CMD:[0x01]->[0x00]
[17:48:30:642]815242:[DBG]:CMD:[0x20]->[0x00]
[17:48:30:939]815542:[DBG]:CMD:[0x37]->[0x00]
[17:48:30:939]815544:[DBG]:CMD:[0x01]->[0x00]
[17:48:30:939]815544:[DBG]:CMD:[0x20]->[0x00]
[17:48:31:236]815846:[DBG]:CMD:[0x37]->[0x00]
[17:48:31:236]815846:[DBG]:CMD:[0x01]->[0x00]
[17:48:31:236]815848:[DBG]:CMD:[0x20]->[0x00]
[17:48:31:548]816148:[DBG]:CMD:[0x37]->[0x00]
[17:48:31:548]816148:[DBG]:CMD:[0x01]->[0x00]
[17:48:31:548]816150:[DBG]:CMD:[0x20]->[0x00]
[17:48:31:845]816450:[DBG]:CMD:[0x37]->[0x00]
[17:48:31:845]816452:[DBG]:CMD:[0x01]->[0x00]
[17:48:31:845]816452:[DBG]:CMD:[0x20]->[0x00]
[17:48:31:923]816534:[DBG]:IIC:TEMP ID 0:0x006E,0x0068,0x0086,0x0099,
[17:48:31:923]816534:[DBG]:IIC:TEMP ID 4:0x00EE,0x006A,0x0048,0x0090,
[17:48:32:157]816754:[DBG]:CMD:[0x37]->[0x00]
[17:48:32:157]816754:[DBG]:CMD:[0x01]->[0x00]
[17:48:32:157]816756:[DBG]:CMD:[0x20]->[0x00]
[17:48:32:454]817056:[DBG]:CMD:[0x37]->[0x00]
[17:48:32:454]817060:[DBG]:CMD:[0x01]->[0x00]
[17:48:32:454]817060:[DBG]:CMD:[0x20]->[0x00]
[17:48:32:751]817362:[DBG]:CMD:[0x37]->[0x00]
[17:48:32:751]817362:[DBG]:CMD:[0x01]->[0x00]
[17:48:32:751]817364:[DBG]:CMD:[0x20]->[0x00]
[17:48:33:063]817664:[DBG]:CMD:[0x37]->[0x00]
[17:48:33:063]817666:[DBG]:CMD:[0x01]->[0x00]
[17:48:33:063]817666:[DBG]:CMD:[0x20]->[0x00]
[17:48:33:360]817968:[DBG]:CMD:[0x37]->[0x00]
[17:48:33:360]817968:[DBG]:CMD:[0x01]->[0x00]
[17:48:33:360]817970:[DBG]:CMD:[0x20]->[0x00]
[17:48:33:656]818270:[DBG]:CMD:[0x37]->[0x00]
[17:48:33:656]818272:[DBG]:CMD:[0x01]->[0x00]
[17:48:33:656]818272:[DBG]:CMD:[0x20]->[0x00]
[17:48:33:922]818534:[DBG]:IIC:TEMP ID 0:0x007D,0x0068,0x008B,0x0099,
[17:48:33:922]818534:[DBG]:IIC:TEMP ID 4:0x00F1,0x006A,0x0041,0x0090,
[17:48:33:969]818574:[DBG]:CMD:[0x37]->[0x00]
[17:48:33:969]818574:[DBG]:CMD:[0x01]->[0x00]
[17:48:33:969]818576:[DBG]:CMD:[0x20]->[0x00]
[17:48:34:266]818878:[DBG]:CMD:[0x37]->[0x00]
[17:48:34:266]818878:[DBG]:CMD:[0x01]->[0x00]
[17:48:34:266]818880:[DBG]:CMD:[0x20]->[0x00]
[17:48:34:579]819180:[DBG]:CMD:[0x37]->[0x00]
[17:48:34:579]819182:[DBG]:CMD:[0x01]->[0x00]
[17:48:34:579]819182:[DBG]:CMD:[0x20]->[0x00]
[17:48:34:875]819484:[DBG]:CMD:[0x37]->[0x00]
[17:48:34:875]819484:[DBG]:CMD:[0x01]->[0x00]
[17:48:34:875]819486:[DBG]:CMD:[0x20]->[0x00]
[17:48:35:172]819788:[DBG]:CMD:[0x37]->[0x00]
[17:48:35:172]819788:[DBG]:CMD:[0x01]->[0x00]
[17:48:35:172]819790:[DBG]:CMD:[0x20]->[0x00]
[17:48:35:485]820090:[DBG]:CMD:[0x37]->[0x00]
[17:48:35:485]820092:[DBG]:CMD:[0x01]->[0x00]
[17:48:35:485]820092:[DBG]:CMD:[0x20]->[0x00]
[17:48:35:781]820394:[DBG]:CMD:[0x37]->[0x00]
[17:48:35:781]820394:[DBG]:CMD:[0x01]->[0x00]
[17:48:35:781]820396:[DBG]:CMD:[0x20]->[0x00]
[17:48:35:922]820534:[DBG]:IIC:TEMP ID 0:0x007E,0x0068,0x0080,0x0099,
[17:48:35:922]820534:[DBG]:IIC:TEMP ID 4:0x00EA,0x006A,0x0040,0x0090,
[17:48:36:093]820698:[DBG]:CMD:[0x37]->[0x00]
[17:48:36:093]820698:[DBG]:CMD:[0x01]->[0x00]
[17:48:36:093]820700:[DBG]:CMD:[0x20]->[0x00]
[17:48:36:391]821002:[DBG]:CMD:[0x37]->[0x00]
[17:48:36:391]821002:[DBG]:CMD:[0x01]->[0x00]
[17:48:36:391]821002:[DBG]:CMD:[0x20]->[0x00]
[17:48:36:687]821304:[DBG]:CMD:[0x37]->[0x00]
[17:48:36:687]821304:[DBG]:CMD:[0x01]->[0x00]
[17:48:36:687]821306:[DBG]:CMD:[0x20]->[0x00]
[17:48:37:000]821608:[DBG]:CMD:[0x37]->[0x00]
[17:48:37:000]821608:[DBG]:CMD:[0x01]->[0x00]
[17:48:37:000]821610:[DBG]:CMD:[0x20]->[0x00]
[17:48:37:312]821910:[DBG]:CMD:[0x37]->[0x00]
[17:48:37:312]821912:[DBG]:CMD:[0x01]->[0x00]
[17:48:37:312]821912:[DBG]:CMD:[0x20]->[0x00]
[17:48:37:609]822214:[DBG]:CMD:[0x37]->[0x00]
[17:48:37:609]822214:[DBG]:CMD:[0x01]->[0x00]
[17:48:37:609]822218:[DBG]:CMD:[0x20]->[0x00]
[17:48:37:890]822520:[DBG]:CMD:[0x37]->[0x00]
[17:48:37:890]822522:[DBG]:CMD:[0x01]->[0x00]
[17:48:37:890]822522:[DBG]:CMD:[0x20]->[0x00]
[17:48:37:921]822534:[DBG]:IIC:TEMP ID 0:0x0087,0x0068,0x008B,0x0099,
[17:48:37:921]822534:[DBG]:IIC:TEMP ID 4:0x00EF,0x006A,0x0035,0x0090,
[17:48:38:218]822824:[DBG]:CMD:[0x37]->[0x00]
[17:48:38:218]822824:[DBG]:CMD:[0x01]->[0x00]
[17:48:38:218]822826:[DBG]:CMD:[0x20]->[0x00]
[17:48:38:515]823126:[DBG]:CMD:[0x37]->[0x00]
[17:48:38:515]823128:[DBG]:CMD:[0x01]->[0x00]
[17:48:38:515]823128:[DBG]:CMD:[0x20]->[0x00]
[17:48:38:812]823430:[DBG]:CMD:[0x37]->[0x00]
[17:48:38:812]823432:[DBG]:CMD:[0x01]->[0x00]
[17:48:38:812]823432:[DBG]:CMD:[0x20]->[0x00]
[17:48:39:124]823734:[DBG]:CMD:[0x37]->[0x00]
[17:48:39:124]823734:[DBG]:CMD:[0x01]->[0x00]
[17:48:39:124]823736:[DBG]:CMD:[0x20]->[0x00]
[17:48:39:421]824038:[DBG]:CMD:[0x37]->[0x00]
[17:48:39:421]824038:[DBG]:CMD:[0x01]->[0x00]
[17:48:39:421]824038:[DBG]:CMD:[0x20]->[0x00]
[17:48:39:734]824340:[DBG]:CMD:[0x37]->[0x00]
[17:48:39:734]824342:[DBG]:CMD:[0x01]->[0x00]
[17:48:39:734]824342:[DBG]:CMD:[0x20]->[0x00]
[17:48:39:921]824534:[DBG]:IIC:TEMP ID 0:0x0078,0x0068,0x0078,0x0099,
[17:48:39:921]824534:[DBG]:IIC:TEMP ID 4:0x00EE,0x006A,0x004C,0x0090,
[17:48:40:030]824644:[DBG]:CMD:[0x37]->[0x00]
[17:48:40:030]824644:[DBG]:CMD:[0x01]->[0x00]
[17:48:40:030]824646:[DBG]:CMD:[0x20]->[0x00]
[17:48:40:327]824948:[DBG]:CMD:[0x37]->[0x00]
[17:48:40:327]824948:[DBG]:CMD:[0x01]->[0x00]
[17:48:40:327]824948:[DBG]:CMD:[0x20]->[0x00]
[17:48:40:638]825250:[DBG]:CMD:[0x37]->[0x00]
[17:48:40:638]825252:[DBG]:CMD:[0x01]->[0x00]
[17:48:40:638]825252:[DBG]:CMD:[0x20]->[0x00]
[17:48:40:943]825554:[DBG]:CMD:[0x37]->[0x00]
[17:48:40:943]825554:[DBG]:CMD:[0x01]->[0x00]
[17:48:40:943]825556:[DBG]:CMD:[0x20]->[0x00]
[17:48:41:249]825860:[DBG]:CMD:[0x37]->[0x00]
[17:48:41:249]825860:[DBG]:CMD:[0x01]->[0x00]
[17:48:41:249]825862:[DBG]:CMD:[0x20]->[0x00]
[17:48:41:546]826162:[DBG]:CMD:[0x37]->[0x00]
[17:48:41:546]826162:[DBG]:CMD:[0x01]->[0x00]
[17:48:41:546]826164:[DBG]:CMD:[0x20]->[0x00]
[17:48:41:843]826466:[DBG]:CMD:[0x37]->[0x00]
[17:48:41:843]826466:[DBG]:CMD:[0x01]->[0x00]
[17:48:41:843]826468:[DBG]:CMD:[0x20]->[0x00]
[17:48:41:921]826534:[DBG]:IIC:TEMP ID 0:0x0087,0x0068,0x0081,0x0099,
[17:48:41:921]826534:[DBG]:IIC:TEMP ID 4:0x00EF,0x006A,0x0035,0x0090,
[17:48:42:154]826768:[DBG]:CMD:[0x37]->[0x00]
[17:48:42:154]826770:[DBG]:CMD:[0x01]->[0x00]
[17:48:42:154]826770:[DBG]:CMD:[0x20]->[0x00]
[17:48:42:457]827072:[DBG]:CMD:[0x37]->[0x00]
[17:48:42:457]827072:[DBG]:CMD:[0x01]->[0x00]
[17:48:42:457]827074:[DBG]:CMD:[0x20]->[0x00]
[17:48:42:757]827374:[DBG]:CMD:[0x37]->[0x00]
[17:48:42:757]827374:[DBG]:CMD:[0x01]->[0x00]
[17:48:42:757]827376:[DBG]:CMD:[0x20]->[0x00]
[17:48:43:066]827678:[DBG]:CMD:[0x37]->[0x00]
[17:48:43:066]827678:[DBG]:CMD:[0x01]->[0x00]
[17:48:43:066]827678:[DBG]:CMD:[0x20]->[0x00]
[17:48:43:361]827980:[DBG]:CMD:[0x37]->[0x00]
[17:48:43:362]827980:[DBG]:CMD:[0x01]->[0x00]
[17:48:43:362]827982:[DBG]:CMD:[0x20]->[0x00]
[17:48:43:667]828282:[DBG]:CMD:[0x37]->[0x00]
[17:48:43:667]828284:[DBG]:CMD:[0x01]->[0x00]
[17:48:43:667]828284:[DBG]:CMD:[0x20]->[0x00]
[17:48:43:913]828534:[DBG]:IIC:TEMP ID 0:0x0092,0x0068,0x0080,0x0099,
[17:48:43:919]828534:[DBG]:IIC:TEMP ID 4:0x00EC,0x006A,0x0042,0x0090,
[17:48:43:972]828586:[DBG]:CMD:[0x37]->[0x00]
[17:48:43:972]828586:[DBG]:CMD:[0x01]->[0x00]
[17:48:43:972]828588:[DBG]:CMD:[0x20]->[0x00]
[17:48:44:275]828888:[DBG]:CMD:[0x37]->[0x00]
[17:48:44:275]828890:[DBG]:CMD:[0x01]->[0x00]
[17:48:44:275]828890:[DBG]:CMD:[0x20]->[0x00]
[17:48:44:573]829192:[DBG]:CMD:[0x37]->[0x00]
[17:48:44:573]829192:[DBG]:CMD:[0x01]->[0x00]
[17:48:44:573]829194:[DBG]:CMD:[0x20]->[0x00]
[17:48:44:869]829494:[DBG]:CMD:[0x37]->[0x00]
[17:48:44:869]829496:[DBG]:CMD:[0x01]->[0x00]
[17:48:44:869]829496:[DBG]:CMD:[0x20]->[0x00]
[17:48:45:182]829798:[DBG]:CMD:[0x37]->[0x00]
[17:48:45:182]829798:[DBG]:CMD:[0x01]->[0x00]
[17:48:45:182]829800:[DBG]:CMD:[0x20]->[0x00]
[17:48:45:487]830100:[DBG]:CMD:[0x37]->[0x00]
[17:48:45:487]830102:[DBG]:CMD:[0x01]->[0x00]
[17:48:45:487]830102:[DBG]:CMD:[0x20]->[0x00]
[17:48:45:784]830404:[DBG]:CMD:[0x37]->[0x00]
[17:48:45:784]830404:[DBG]:CMD:[0x01]->[0x00]
[17:48:45:784]830406:[DBG]:CMD:[0x20]->[0x00]
[17:48:45:909]830534:[DBG]:IIC:TEMP ID 0:0x0071,0x0068,0x0099,0x0099,
[17:48:45:909]830534:[DBG]:IIC:TEMP ID 4:0x00EF,0x006A,0x0027,0x0090,
[17:48:46:096]830708:[DBG]:CMD:[0x37]->[0x00]
[17:48:46:096]830708:[DBG]:CMD:[0x01]->[0x00]
[17:48:46:096]830708:[DBG]:CMD:[0x20]->[0x00]
[17:48:46:393]831010:[DBG]:CMD:[0x37]->[0x00]
[17:48:46:393]831010:[DBG]:CMD:[0x01]->[0x00]
[17:48:46:393]831012:[DBG]:CMD:[0x20]->[0x00]
[17:48:46:706]831314:[DBG]:CMD:[0x37]->[0x00]
[17:48:46:706]831314:[DBG]:CMD:[0x01]->[0x00]
[17:48:46:706]831314:[DBG]:CMD:[0x20]->[0x00]
[17:48:47:002]831618:[DBG]:CMD:[0x37]->[0x00]
[17:48:47:002]831620:[DBG]:CMD:[0x01]->[0x00]
[17:48:47:002]831622:[DBG]:CMD:[0x20]->[0x00]
[17:48:47:299]831922:[DBG]:CMD:[0x37]->[0x00]
[17:48:47:299]831922:[DBG]:CMD:[0x01]->[0x00]
[17:48:47:299]831924:[DBG]:CMD:[0x20]->[0x00]
[17:48:47:612]832226:[DBG]:CMD:[0x37]->[0x00]
[17:48:47:612]832226:[DBG]:CMD:[0x01]->[0x00]
[17:48:47:612]832228:[DBG]:CMD:[0x20]->[0x00]
[17:48:47:877]832530:[DBG]:CMD:[0x37]->[0x00]
[17:48:47:877]832530:[DBG]:CMD:[0x01]->[0x00]
[17:48:47:877]832530:[DBG]:CMD:[0x20]->[0x00]
[17:48:47:924]832534:[DBG]:IIC:TEMP ID 0:0x007C,0x0068,0x009E,0x0099,
[17:48:47:924]832534:[DBG]:IIC:TEMP ID 4:0x00EE,0x006A,0x003C,0x0090,
[17:48:48:205]832832:[DBG]:CMD:[0x37]->[0x00]
[17:48:48:205]832832:[DBG]:CMD:[0x01]->[0x00]
[17:48:48:205]832834:[DBG]:CMD:[0x20]->[0x00]
[17:48:48:518]833134:[DBG]:CMD:[0x37]->[0x00]
[17:48:48:518]833136:[DBG]:CMD:[0x01]->[0x00]
[17:48:48:518]833136:[DBG]:CMD:[0x20]->[0x00]
[17:48:48:814]833438:[DBG]:CMD:[0x37]->[0x00]
[17:48:48:814]833438:[DBG]:CMD:[0x01]->[0x00]
[17:48:48:814]833440:[DBG]:CMD:[0x20]->[0x00]
[17:48:49:111]833742:[DBG]:CMD:[0x37]->[0x00]
[17:48:49:111]833742:[DBG]:CMD:[0x01]->[0x00]
[17:48:49:111]833744:[DBG]:CMD:[0x20]->[0x00]
[17:48:49:423]834044:[DBG]:CMD:[0x37]->[0x00]
[17:48:49:423]834044:[DBG]:CMD:[0x01]->[0x00]
[17:48:49:423]834046:[DBG]:CMD:[0x20]->[0x00]
[17:48:49:721]834348:[DBG]:CMD:[0x37]->[0x00]
[17:48:49:721]834348:[DBG]:CMD:[0x01]->[0x00]
[17:48:49:721]834348:[DBG]:CMD:[0x20]->[0x00]
[17:48:49:908]834534:[DBG]:IIC:TEMP ID 0:0x0073,0x0068,0x00A1,0x0099,
[17:48:49:908]834534:[DBG]:IIC:TEMP ID 4:0x00F3,0x006A,0x0021,0x0090,
[17:48:50:033]834650:[DBG]:CMD:[0x37]->[0x00]
[17:48:50:033]834652:[DBG]:CMD:[0x01]->[0x00]
[17:48:50:033]834652:[DBG]:CMD:[0x20]->[0x00]
[17:48:50:330]834954:[DBG]:CMD:[0x37]->[0x00]
[17:48:50:330]834954:[DBG]:CMD:[0x01]->[0x00]
[17:48:50:330]834956:[DBG]:CMD:[0x20]->[0x00]
[17:48:50:627]835256:[DBG]:CMD:[0x37]->[0x00]
[17:48:50:627]835256:[DBG]:CMD:[0x01]->[0x00]
[17:48:50:627]835260:[DBG]:CMD:[0x20]->[0x00]
[17:48:50:939]835560:[DBG]:CMD:[0x37]->[0x00]
[17:48:50:939]835560:[DBG]:CMD:[0x01]->[0x00]
[17:48:50:939]835562:[DBG]:CMD:[0x20]->[0x00]
[17:48:51:236]835862:[DBG]:CMD:[0x37]->[0x00]
[17:48:51:236]835864:[DBG]:CMD:[0x01]->[0x00]
[17:48:51:236]835864:[DBG]:CMD:[0x20]->[0x00]
[17:48:51:533]836166:[DBG]:CMD:[0x37]->[0x00]
[17:48:51:533]836166:[DBG]:CMD:[0x01]->[0x00]
[17:48:51:533]836168:[DBG]:CMD:[0x20]->[0x00]
[17:48:51:845]836468:[DBG]:CMD:[0x37]->[0x00]
[17:48:51:845]836470:[DBG]:CMD:[0x01]->[0x00]
[17:48:51:845]836470:[DBG]:CMD:[0x20]->[0x00]
[17:48:51:908]836534:[DBG]:IIC:TEMP ID 0:0x008C,0x0068,0x008E,0x0099,
[17:48:51:908]836534:[DBG]:IIC:TEMP ID 4:0x00F0,0x006A,0x003C,0x0090,
[17:48:52:142]836772:[DBG]:CMD:[0x37]->[0x00]
[17:48:52:142]836772:[DBG]:CMD:[0x01]->[0x00]
[17:48:52:142]836774:[DBG]:CMD:[0x20]->[0x00]
[17:48:52:454]837076:[DBG]:CMD:[0x37]->[0x00]
[17:48:52:454]837076:[DBG]:CMD:[0x01]->[0x00]
[17:48:52:454]837076:[DBG]:CMD:[0x20]->[0x00]
[17:48:52:751]837378:[DBG]:CMD:[0x37]->[0x00]
[17:48:52:751]837380:[DBG]:CMD:[0x01]->[0x00]
[17:48:52:751]837380:[DBG]:CMD:[0x20]->[0x00]
[17:48:53:048]837682:[DBG]:CMD:[0x37]->[0x00]
[17:48:53:048]837682:[DBG]:CMD:[0x01]->[0x00]
[17:48:53:048]837684:[DBG]:CMD:[0x20]->[0x00]
[17:48:53:360]837984:[DBG]:CMD:[0x37]->[0x00]
[17:48:53:360]837986:[DBG]:CMD:[0x01]->[0x00]
[17:48:53:360]837986:[DBG]:CMD:[0x20]->[0x00]
[17:48:53:657]838288:[DBG]:CMD:[0x37]->[0x00]
[17:48:53:657]838288:[DBG]:CMD:[0x01]->[0x00]
[17:48:53:657]838290:[DBG]:CMD:[0x20]->[0x00]
[17:48:53:907]838534:[DBG]:IIC:TEMP ID 0:0x0089,0x0068,0x00A3,0x0099,
[17:48:53:907]838534:[DBG]:IIC:TEMP ID 4:0x00F3,0x006A,0x0043,0x0090,
[17:48:53:970]838590:[DBG]:CMD:[0x37]->[0x00]
[17:48:53:970]838592:[DBG]:CMD:[0x01]->[0x00]
[17:48:53:970]838592:[DBG]:CMD:[0x20]->[0x00]
[17:48:54:266]838894:[DBG]:CMD:[0x37]->[0x00]
[17:48:54:266]838894:[DBG]:CMD:[0x01]->[0x00]
[17:48:54:266]838896:[DBG]:CMD:[0x20]->[0x00]
[17:48:54:563]839198:[DBG]:CMD:[0x37]->[0x00]
[17:48:54:563]839198:[DBG]:CMD:[0x01]->[0x00]
[17:48:54:563]839198:[DBG]:CMD:[0x20]->[0x00]
[17:48:54:876]839500:[DBG]:CMD:[0x37]->[0x00]
[17:48:54:876]839500:[DBG]:CMD:[0x01]->[0x00]
[17:48:54:876]839502:[DBG]:CMD:[0x20]->[0x00]
[17:48:55:172]839804:[DBG]:CMD:[0x37]->[0x00]
[17:48:55:172]839804:[DBG]:CMD:[0x01]->[0x00]
[17:48:55:172]839804:[DBG]:CMD:[0x20]->[0x00]
[17:48:55:485]840106:[DBG]:CMD:[0x37]->[0x00]
[17:48:55:485]840106:[DBG]:CMD:[0x01]->[0x00]
[17:48:55:485]840108:[DBG]:CMD:[0x20]->[0x00]
[17:48:55:782]840408:[DBG]:CMD:[0x37]->[0x00]
[17:48:55:782]840410:[DBG]:CMD:[0x01]->[0x00]
[17:48:55:782]840410:[DBG]:CMD:[0x20]->[0x00]
[17:48:55:907]840534:[DBG]:IIC:TEMP ID 0:0x007A,0x0068,0x00A4,0x0099,
[17:48:55:907]840534:[DBG]:IIC:TEMP ID 4:0x00F2,0x006A,0x0040,0x0090,
[17:48:56:094]840712:[DBG]:CMD:[0x37]->[0x00]
[17:48:56:094]840712:[DBG]:CMD:[0x01]->[0x00]
[17:48:56:094]840714:[DBG]:CMD:[0x20]->[0x00]
[17:48:56:391]841014:[DBG]:CMD:[0x37]->[0x00]
[17:48:56:391]841016:[DBG]:CMD:[0x01]->[0x00]
[17:48:56:391]841018:[DBG]:CMD:[0x20]->[0x00]
[17:48:56:687]841320:[DBG]:CMD:[0x37]->[0x00]
[17:48:56:687]841322:[DBG]:CMD:[0x01]->[0x00]
[17:48:56:687]841322:[DBG]:CMD:[0x20]->[0x00]
[17:48:56:979]841624:[DBG]:CMD:[0x37]->[0x00]
[17:48:56:979]841624:[DBG]:CMD:[0x01]->[0x00]
[17:48:56:979]841626:[DBG]:CMD:[0x20]->[0x00]
[17:48:57:280]841926:[DBG]:CMD:[0x37]->[0x00]
[17:48:57:280]841928:[DBG]:CMD:[0x01]->[0x00]
[17:48:57:280]841928:[DBG]:CMD:[0x20]->[0x00]
[17:48:57:580]842230:[DBG]:CMD:[0x37]->[0x00]
[17:48:57:580]842230:[DBG]:CMD:[0x01]->[0x00]
[17:48:57:580]842232:[DBG]:CMD:[0x20]->[0x00]
[17:48:57:866]842534:[DBG]:IIC:TEMP ID 0:0x008D,0x0068,0x009D,0x0099,
[17:48:57:866]842534:[DBG]:IIC:TEMP ID 4:0x00F3,0x006A,0x003F,0x0090,
[17:48:57:913]842534:[DBG]:CMD:[0x37]->[0x00]
[17:48:57:913]842534:[DBG]:CMD:[0x01]->[0x00]
[17:48:57:913]842536:[DBG]:CMD:[0x20]->[0x00]
[17:48:58:210]842838:[DBG]:CMD:[0x37]->[0x00]
[17:48:58:210]842838:[DBG]:CMD:[0x01]->[0x00]
[17:48:58:210]842840:[DBG]:CMD:[0x20]->[0x00]
[17:48:58:507]843140:[DBG]:CMD:[0x37]->[0x00]
[17:48:58:507]843142:[DBG]:CMD:[0x01]->[0x00]
[17:48:58:507]843142:[DBG]:CMD:[0x20]->[0x00]
[17:48:58:804]843444:[DBG]:CMD:[0x37]->[0x00]
[17:48:58:804]843444:[DBG]:CMD:[0x01]->[0x00]
[17:48:58:804]843446:[DBG]:CMD:[0x20]->[0x00]
[17:48:59:116]843746:[DBG]:CMD:[0x37]->[0x00]
[17:48:59:116]843748:[DBG]:CMD:[0x01]->[0x00]
[17:48:59:116]843748:[DBG]:CMD:[0x20]->[0x00]
[17:48:59:413]844050:[DBG]:CMD:[0x37]->[0x00]
[17:48:59:413]844050:[DBG]:CMD:[0x01]->[0x00]
[17:48:59:413]844052:[DBG]:CMD:[0x20]->[0x00]
[17:48:59:725]844352:[DBG]:CMD:[0x37]->[0x00]
[17:48:59:725]844354:[DBG]:CMD:[0x01]->[0x00]
[17:48:59:725]844354:[DBG]:CMD:[0x20]->[0x00]
[17:48:59:897]844534:[DBG]:IIC:TEMP ID 0:0x0096,0x0068,0x009A,0x0099,
[17:48:59:897]844534:[DBG]:IIC:TEMP ID 4:0x00F0,0x006A,0x0040,0x0090,
[17:49:00:022]844656:[DBG]:CMD:[0x37]->[0x00]
[17:49:00:022]844656:[DBG]:CMD:[0x01]->[0x00]
[17:49:00:022]844660:[DBG]:CMD:[0x20]->[0x00]
[17:49:00:319]844960:[DBG]:CMD:[0x37]->[0x00]
[17:49:00:319]844960:[DBG]:CMD:[0x01]->[0x00]
[17:49:00:319]844962:[DBG]:CMD:[0x20]->[0x00]
[17:49:00:631]845264:[DBG]:CMD:[0x37]->[0x00]
[17:49:00:631]845264:[DBG]:CMD:[0x01]->[0x00]
[17:49:00:631]845264:[DBG]:CMD:[0x20]->[0x00]
[17:49:00:928]845566:[DBG]:CMD:[0x37]->[0x00]
[17:49:00:928]845568:[DBG]:CMD:[0x01]->[0x00]
[17:49:00:928]845568:[DBG]:CMD:[0x20]->[0x00]
[17:49:01:241]845870:[DBG]:CMD:[0x37]->[0x00]
[17:49:01:241]845870:[DBG]:CMD:[0x01]->[0x00]
[17:49:01:241]845872:[DBG]:CMD:[0x20]->[0x00]
[17:49:01:537]846172:[DBG]:CMD:[0x37]->[0x00]
[17:49:01:537]846172:[DBG]:CMD:[0x01]->[0x00]
[17:49:01:537]846174:[DBG]:CMD:[0x20]->[0x00]
[17:49:01:834]846476:[DBG]:CMD:[0x37]->[0x00]
[17:49:01:834]846476:[DBG]:CMD:[0x01]->[0x00]
[17:49:01:834]846478:[DBG]:CMD:[0x20]->[0x00]
[17:49:01:897]846534:[DBG]:IIC:TEMP ID 0:0x007F,0x0068,0x009B,0x0099,
[17:49:01:897]846534:[DBG]:IIC:TEMP ID 4:0x00F5,0x006A,0x0043,0x0090,
[17:49:02:147]846778:[DBG]:CMD:[0x37]->[0x00]
[17:49:02:147]846778:[DBG]:CMD:[0x01]->[0x00]
[17:49:02:147]846780:[DBG]:CMD:[0x20]->[0x00]
[17:49:02:444]847082:[DBG]:CMD:[0x37]->[0x00]
[17:49:02:444]847082:[DBG]:CMD:[0x01]->[0x00]
[17:49:02:444]847084:[DBG]:CMD:[0x20]->[0x00]
[17:49:02:756]847386:[DBG]:CMD:[0x37]->[0x00]
[17:49:02:756]847386:[DBG]:CMD:[0x01]->[0x00]
[17:49:02:756]847386:[DBG]:CMD:[0x20]->[0x00]
[17:49:03:053]847688:[DBG]:CMD:[0x37]->[0x00]
[17:49:03:053]847690:[DBG]:CMD:[0x01]->[0x00]
[17:49:03:053]847690:[DBG]:CMD:[0x20]->[0x00]
[17:49:03:350]847992:[DBG]:CMD:[0x37]->[0x00]
[17:49:03:350]847992:[DBG]:CMD:[0x01]->[0x00]
[17:49:03:350]847994:[DBG]:CMD:[0x20]->[0x00]
[17:49:03:662]848294:[DBG]:CMD:[0x37]->[0x00]
[17:49:03:662]848296:[DBG]:CMD:[0x01]->[0x00]
[17:49:03:662]848296:[DBG]:CMD:[0x20]->[0x00]
[17:49:03:896]848534:[DBG]:IIC:TEMP ID 0:0x0088,0x0068,0x007C,0x0099,
[17:49:03:896]848534:[DBG]:IIC:TEMP ID 4:0x00F0,0x006A,0x0034,0x0090,
[17:49:03:958]848598:[DBG]:CMD:[0x37]->[0x00]
[17:49:03:958]848598:[DBG]:CMD:[0x01]->[0x00]
[17:49:03:958]848600:[DBG]:CMD:[0x20]->[0x00]
[17:49:04:256]848900:[DBG]:CMD:[0x37]->[0x00]
[17:49:04:256]848902:[DBG]:CMD:[0x01]->[0x00]
[17:49:04:256]848902:[DBG]:CMD:[0x20]->[0x00]
[17:49:04:568]849204:[DBG]:CMD:[0x37]->[0x00]
[17:49:04:568]849204:[DBG]:CMD:[0x01]->[0x00]
[17:49:04:568]849206:[DBG]:CMD:[0x20]->[0x00]
[17:49:04:880]849506:[DBG]:CMD:[0x37]->[0x00]
[17:49:04:880]849508:[DBG]:CMD:[0x01]->[0x00]
[17:49:04:880]849508:[DBG]:CMD:[0x20]->[0x00]
[17:49:05:177]849810:[DBG]:CMD:[0x37]->[0x00]
[17:49:05:177]849810:[DBG]:CMD:[0x01]->[0x00]
[17:49:05:177]849812:[DBG]:CMD:[0x20]->[0x00]
[17:49:05:474]850112:[DBG]:CMD:[0x37]->[0x00]
[17:49:05:474]850114:[DBG]:CMD:[0x01]->[0x00]
[17:49:05:474]850114:[DBG]:CMD:[0x20]->[0x00]
[17:49:05:786]850418:[DBG]:CMD:[0x37]->[0x00]
[17:49:05:786]850420:[DBG]:CMD:[0x01]->[0x00]
[17:49:05:786]850422:[DBG]:CMD:[0x20]->[0x00]
[17:49:05:896]850534:[DBG]:IIC:TEMP ID 0:0x0089,0x0068,0x008F,0x0099,
[17:49:05:896]850534:[DBG]:IIC:TEMP ID 4:0x00F9,0x006A,0x0047,0x0090,
[17:49:06:083]850722:[DBG]:CMD:[0x37]->[0x00]
[17:49:06:083]850724:[DBG]:CMD:[0x01]->[0x00]
[17:49:06:083]850724:[DBG]:CMD:[0x20]->[0x00]
[17:49:06:380]851026:[DBG]:CMD:[0x37]->[0x00]
[17:49:06:380]851026:[DBG]:CMD:[0x01]->[0x00]
[17:49:06:380]851028:[DBG]:CMD:[0x20]->[0x00]
[17:49:06:693]851328:[DBG]:CMD:[0x37]->[0x00]
[17:49:06:693]851328:[DBG]:CMD:[0x01]->[0x00]
[17:49:06:693]851330:[DBG]:CMD:[0x20]->[0x00]
[17:49:06:989]851632:[DBG]:CMD:[0x37]->[0x00]
[17:49:06:989]851632:[DBG]:CMD:[0x01]->[0x00]
[17:49:06:989]851632:[DBG]:CMD:[0x20]->[0x00]
[17:49:07:286]851934:[DBG]:CMD:[0x37]->[0x00]
[17:49:07:286]851934:[DBG]:CMD:[0x01]->[0x00]
[17:49:07:286]851936:[DBG]:CMD:[0x20]->[0x00]
[17:49:07:599]852238:[DBG]:CMD:[0x37]->[0x00]
[17:49:07:599]852238:[DBG]:CMD:[0x01]->[0x00]
[17:49:07:599]852240:[DBG]:CMD:[0x20]->[0x00]
[17:49:07:864]852534:[DBG]:IIC:TEMP ID 0:0x0084,0x0068,0x0094,0x0099,
[17:49:07:864]852534:[DBG]:IIC:TEMP ID 4:0x00F4,0x006A,0x002E,0x0090,
[17:49:07:895]852540:[DBG]:CMD:[0x37]->[0x00]
[17:49:07:895]852540:[DBG]:CMD:[0x01]->[0x00]
[17:49:07:895]852542:[DBG]:CMD:[0x20]->[0x00]
[17:49:08:208]852844:[DBG]:CMD:[0x37]->[0x00]
[17:49:08:208]852844:[DBG]:CMD:[0x01]->[0x00]
[17:49:08:208]852846:[DBG]:CMD:[0x20]->[0x00]
[17:49:08:505]853146:[DBG]:CMD:[0x37]->[0x00]
[17:49:08:505]853148:[DBG]:CMD:[0x01]->[0x00]
[17:49:08:505]853148:[DBG]:CMD:[0x20]->[0x00]
[17:49:08:801]853450:[DBG]:CMD:[0x37]->[0x00]
[17:49:08:801]853450:[DBG]:CMD:[0x01]->[0x00]
[17:49:08:801]853452:[DBG]:CMD:[0x20]->[0x00]
[17:49:09:114]853752:[DBG]:CMD:[0x37]->[0x00]
[17:49:09:114]853754:[DBG]:CMD:[0x01]->[0x00]
[17:49:09:114]853754:[DBG]:CMD:[0x20]->[0x00]
[17:49:09:411]854056:[DBG]:CMD:[0x37]->[0x00]
[17:49:09:411]854056:[DBG]:CMD:[0x01]->[0x00]
[17:49:09:411]854060:[DBG]:CMD:[0x20]->[0x00]
[17:49:09:723]854360:[DBG]:CMD:[0x37]->[0x00]
[17:49:09:723]854360:[DBG]:CMD:[0x01]->[0x00]
[17:49:09:723]854362:[DBG]:CMD:[0x20]->[0x00]
[17:49:09:895]854534:[DBG]:IIC:TEMP ID 0:0x009B,0x0068,0x0077,0x0099,
[17:49:09:895]854534:[DBG]:IIC:TEMP ID 4:0x00F7,0x006A,0x0027,0x0090,
[17:49:10:020]854662:[DBG]:CMD:[0x37]->[0x00]
[17:49:10:020]854664:[DBG]:CMD:[0x01]->[0x00]
[17:49:10:020]854664:[DBG]:CMD:[0x20]->[0x00]
[17:49:10:317]854966:[DBG]:CMD:[0x37]->[0x00]
[17:49:10:317]854966:[DBG]:CMD:[0x01]->[0x00]
[17:49:10:317]854968:[DBG]:CMD:[0x20]->[0x00]
[17:49:10:629]855268:[DBG]:CMD:[0x37]->[0x00]
[17:49:10:629]855270:[DBG]:CMD:[0x01]->[0x00]
[17:49:10:629]855270:[DBG]:CMD:[0x20]->[0x00]
[17:49:10:926]855572:[DBG]:CMD:[0x37]->[0x00]
[17:49:10:926]855572:[DBG]:CMD:[0x01]->[0x00]
[17:49:10:926]855574:[DBG]:CMD:[0x20]->[0x00]
[17:49:11:223]855874:[DBG]:CMD:[0x37]->[0x00]
[17:49:11:223]855876:[DBG]:CMD:[0x01]->[0x00]
[17:49:11:223]855876:[DBG]:CMD:[0x20]->[0x00]
[17:49:11:535]856178:[DBG]:CMD:[0x37]->[0x00]
[17:49:11:535]856178:[DBG]:CMD:[0x01]->[0x00]
[17:49:11:535]856180:[DBG]:CMD:[0x20]->[0x00]
[17:49:11:832]856480:[DBG]:CMD:[0x37]->[0x00]
[17:49:11:832]856482:[DBG]:CMD:[0x01]->[0x00]
[17:49:11:832]856482:[DBG]:CMD:[0x20]->[0x00]
[17:49:11:894]856534:[DBG]:IIC:TEMP ID 0:0x0090,0x0068,0x008C,0x0099,
[17:49:11:894]856534:[DBG]:IIC:TEMP ID 4:0x00F6,0x006A,0x0026,0x0090,
[17:49:12:144]856784:[DBG]:CMD:[0x37]->[0x00]
[17:49:12:144]856784:[DBG]:CMD:[0x01]->[0x00]
[17:49:12:144]856786:[DBG]:CMD:[0x20]->[0x00]
[17:49:12:441]857086:[DBG]:CMD:[0x37]->[0x00]
[17:49:12:441]857086:[DBG]:CMD:[0x01]->[0x00]
[17:49:12:441]857088:[DBG]:CMD:[0x20]->[0x00]
[17:49:12:738]857390:[DBG]:CMD:[0x37]->[0x00]
[17:49:12:738]857390:[DBG]:CMD:[0x01]->[0x00]
[17:49:12:738]857390:[DBG]:CMD:[0x20]->[0x00]
[17:49:13:050]857692:[DBG]:CMD:[0x37]->[0x00]
[17:49:13:050]857692:[DBG]:CMD:[0x01]->[0x00]
[17:49:13:050]857694:[DBG]:CMD:[0x20]->[0x00]
[17:49:13:347]857996:[DBG]:CMD:[0x37]->[0x00]
[17:49:13:347]857996:[DBG]:CMD:[0x01]->[0x00]
[17:49:13:347]857996:[DBG]:CMD:[0x20]->[0x00]
[17:49:13:644]858298:[DBG]:CMD:[0x37]->[0x00]
[17:49:13:644]858298:[DBG]:CMD:[0x01]->[0x00]
[17:49:13:644]858300:[DBG]:CMD:[0x20]->[0x00]
[17:49:13:894]858534:[DBG]:IIC:TEMP ID 0:0x008D,0x0068,0x0083,0x0099,
[17:49:13:894]858534:[DBG]:IIC:TEMP ID 4:0x00F3,0x006A,0x0047,0x0090,
[17:49:13:956]858600:[DBG]:CMD:[0x37]->[0x00]
[17:49:13:956]858602:[DBG]:CMD:[0x01]->[0x00]
[17:49:13:956]858602:[DBG]:CMD:[0x20]->[0x00]
[17:49:14:253]858904:[DBG]:CMD:[0x37]->[0x00]
[17:49:14:253]858904:[DBG]:CMD:[0x01]->[0x00]
[17:49:14:253]858906:[DBG]:CMD:[0x20]->[0x00]
[17:49:14:566]859212:[DBG]:CMD:[0x37]->[0x00]
[17:49:14:566]859212:[DBG]:CMD:[0x01]->[0x00]
[17:49:14:566]859214:[DBG]:CMD:[0x20]->[0x00]
[17:49:14:878]859514:[DBG]:CMD:[0x37]->[0x00]
[17:49:14:878]859518:[DBG]:CMD:[0x01]->[0x00]
[17:49:14:878]859520:[DBG]:CMD:[0x20]->[0x00]
[17:49:15:175]859822:[DBG]:CMD:[0x37]->[0x00]
[17:49:15:175]859822:[DBG]:CMD:[0x01]->[0x00]
[17:49:15:175]859822:[DBG]:CMD:[0x20]->[0x00]
[17:49:15:471]860124:[DBG]:CMD:[0x37]->[0x00]
[17:49:15:471]860126:[DBG]:CMD:[0x01]->[0x00]
[17:49:15:471]860126:[DBG]:CMD:[0x20]->[0x00]
[17:49:15:784]860428:[DBG]:CMD:[0x37]->[0x00]
[17:49:15:784]860428:[DBG]:CMD:[0x01]->[0x00]
[17:49:15:784]860430:[DBG]:CMD:[0x20]->[0x00]
[17:49:15:878]860534:[DBG]:IIC:TEMP ID 0:0x0090,0x0068,0x0086,0x0099,
[17:49:15:878]860534:[DBG]:IIC:TEMP ID 4:0x00F6,0x006A,0x0050,0x0090,
[17:49:16:081]860732:[DBG]:CMD:[0x37]->[0x00]
[17:49:16:081]860732:[DBG]:CMD:[0x01]->[0x00]
[17:49:16:081]860732:[DBG]:CMD:[0x20]->[0x00]
[17:49:16:377]861034:[DBG]:CMD:[0x37]->[0x00]
[17:49:16:377]861036:[DBG]:CMD:[0x01]->[0x00]
[17:49:16:377]861036:[DBG]:CMD:[0x20]->[0x00]
[17:49:16:690]861338:[DBG]:CMD:[0x37]->[0x00]
[17:49:16:690]861338:[DBG]:CMD:[0x01]->[0x00]
[17:49:16:690]861340:[DBG]:CMD:[0x20]->[0x00]
[17:49:16:987]861642:[DBG]:CMD:[0x37]->[0x00]
[17:49:16:987]861642:[DBG]:CMD:[0x01]->[0x00]
[17:49:16:987]861642:[DBG]:CMD:[0x20]->[0x00]
[17:49:17:299]861944:[DBG]:CMD:[0x37]->[0x00]
[17:49:17:299]861946:[DBG]:CMD:[0x01]->[0x00]
[17:49:17:299]861946:[DBG]:CMD:[0x20]->[0x00]
[17:49:17:596]862248:[DBG]:CMD:[0x37]->[0x00]
[17:49:17:596]862248:[DBG]:CMD:[0x01]->[0x00]
[17:49:17:596]862250:[DBG]:CMD:[0x20]->[0x00]
[17:49:17:861]862534:[DBG]:IIC:TEMP ID 0:0x007D,0x0068,0x0093,0x0099,
[17:49:17:861]862534:[DBG]:IIC:TEMP ID 4:0x00F7,0x006A,0x0039,0x0090,
[17:49:17:909]862552:[DBG]:CMD:[0x37]->[0x00]
[17:49:17:909]862552:[DBG]:CMD:[0x01]->[0x00]
[17:49:17:909]862554:[DBG]:CMD:[0x20]->[0x00]
[17:49:18:205]862854:[DBG]:CMD:[0x37]->[0x00]
[17:49:18:205]862856:[DBG]:CMD:[0x01]->[0x00]
[17:49:18:205]862856:[DBG]:CMD:[0x20]->[0x00]
[17:49:18:502]863160:[DBG]:CMD:[0x37]->[0x00]
[17:49:18:502]863160:[DBG]:CMD:[0x01]->[0x00]
[17:49:18:502]863160:[DBG]:CMD:[0x20]->[0x00]
[17:49:18:815]863462:[DBG]:CMD:[0x37]->[0x00]
[17:49:18:815]863464:[DBG]:CMD:[0x01]->[0x00]
[17:49:18:815]863464:[DBG]:CMD:[0x20]->[0x00]
[17:49:19:111]863766:[DBG]:CMD:[0x37]->[0x00]
[17:49:19:111]863766:[DBG]:CMD:[0x01]->[0x00]
[17:49:19:111]863768:[DBG]:CMD:[0x20]->[0x00]
[17:49:19:408]864070:[DBG]:CMD:[0x37]->[0x00]
[17:49:19:408]864070:[DBG]:CMD:[0x01]->[0x00]
[17:49:19:408]864072:[DBG]:CMD:[0x20]->[0x00]
[17:49:19:721]864372:[DBG]:CMD:[0x37]->[0x00]
[17:49:19:721]864374:[DBG]:CMD:[0x01]->[0x00]
[17:49:19:721]864374:[DBG]:CMD:[0x20]->[0x00]
[17:49:19:877]864534:[DBG]:IIC:TEMP ID 0:0x0078,0x0068,0x0092,0x0099,
[17:49:19:877]864534:[DBG]:IIC:TEMP ID 4:0x00F8,0x006A,0x0028,0x0090,
[17:49:20:017]864676:[DBG]:CMD:[0x37]->[0x00]
[17:49:20:017]864676:[DBG]:CMD:[0x01]->[0x00]
[17:49:20:017]864678:[DBG]:CMD:[0x20]->[0x00]
[17:49:20:330]864980:[DBG]:CMD:[0x37]->[0x00]
[17:49:20:330]864980:[DBG]:CMD:[0x01]->[0x00]
[17:49:20:330]864982:[DBG]:CMD:[0x20]->[0x00]
[17:49:20:626]865282:[DBG]:CMD:[0x37]->[0x00]
[17:49:20:626]865284:[DBG]:CMD:[0x01]->[0x00]
[17:49:20:626]865284:[DBG]:CMD:[0x20]->[0x00]
[17:49:20:924]865586:[DBG]:CMD:[0x37]->[0x00]
[17:49:20:924]865586:[DBG]:CMD:[0x01]->[0x00]
[17:49:20:924]865588:[DBG]:CMD:[0x20]->[0x00]
[17:49:21:236]865890:[DBG]:CMD:[0x37]->[0x00]
[17:49:21:236]865890:[DBG]:CMD:[0x01]->[0x00]
[17:49:21:236]865892:[DBG]:CMD:[0x20]->[0x00]
[17:49:21:533]866194:[DBG]:CMD:[0x37]->[0x00]
[17:49:21:533]866194:[DBG]:CMD:[0x01]->[0x00]
[17:49:21:533]866194:[DBG]:CMD:[0x20]->[0x00]
[17:49:21:845]866496:[DBG]:CMD:[0x37]->[0x00]
[17:49:21:845]866496:[DBG]:CMD:[0x01]->[0x00]
[17:49:21:845]866498:[DBG]:CMD:[0x20]->[0x00]
[17:49:21:876]866534:[DBG]:IIC:TEMP ID 0:0x006F,0x0068,0x00A9,0x0099,
[17:49:21:876]866534:[DBG]:IIC:TEMP ID 4:0x00F9,0x006A,0x001F,0x0090,
[17:49:22:142]866800:[DBG]:CMD:[0x37]->[0x00]
[17:49:22:142]866800:[DBG]:CMD:[0x01]->[0x00]
[17:49:22:142]866802:[DBG]:CMD:[0x20]->[0x00]
[17:49:22:454]867104:[DBG]:CMD:[0x37]->[0x00]
[17:49:22:454]867104:[DBG]:CMD:[0x01]->[0x00]
[17:49:22:454]867104:[DBG]:CMD:[0x20]->[0x00]
[17:49:22:751]867406:[DBG]:CMD:[0x37]->[0x00]
[17:49:22:751]867408:[DBG]:CMD:[0x01]->[0x00]
[17:49:22:751]867408:[DBG]:CMD:[0x20]->[0x00]
[17:49:23:064]867710:[DBG]:CMD:[0x37]->[0x00]
[17:49:23:064]867710:[DBG]:CMD:[0x01]->[0x00]
[17:49:23:064]867712:[DBG]:CMD:[0x20]->[0x00]
[17:49:23:360]868014:[DBG]:CMD:[0x37]->[0x00]
[17:49:23:360]868014:[DBG]:CMD:[0x01]->[0x00]
[17:49:23:360]868014:[DBG]:CMD:[0x20]->[0x00]
[17:49:23:657]868318:[DBG]:CMD:[0x37]->[0x00]
[17:49:23:657]868320:[DBG]:CMD:[0x01]->[0x00]
[17:49:23:657]868322:[DBG]:CMD:[0x20]->[0x00]
[17:49:23:876]868534:[DBG]:IIC:TEMP ID 0:0x0088,0x0068,0x0092,0x0099,
[17:49:23:876]868534:[DBG]:IIC:TEMP ID 4:0x00F8,0x006A,0x001E,0x0090,
[17:49:23:970]868622:[DBG]:CMD:[0x37]->[0x00]
[17:49:23:970]868622:[DBG]:CMD:[0x01]->[0x00]
[17:49:23:970]868624:[DBG]:CMD:[0x20]->[0x00]
[17:49:24:266]868926:[DBG]:CMD:[0x37]->[0x00]
[17:49:24:266]868926:[DBG]:CMD:[0x01]->[0x00]
[17:49:24:266]868928:[DBG]:CMD:[0x20]->[0x00]
[17:49:24:563]869230:[DBG]:CMD:[0x37]->[0x00]
[17:49:24:563]869230:[DBG]:CMD:[0x01]->[0x00]
[17:49:24:563]869230:[DBG]:CMD:[0x20]->[0x00]
[17:49:24:876]869532:[DBG]:CMD:[0x37]->[0x00]
[17:49:24:876]869534:[DBG]:CMD:[0x01]->[0x00]
[17:49:24:876]869534:[DBG]:CMD:[0x20]->[0x00]
[17:49:25:173]869836:[DBG]:CMD:[0x37]->[0x00]
[17:49:25:173]869836:[DBG]:CMD:[0x01]->[0x00]
[17:49:25:173]869838:[DBG]:CMD:[0x20]->[0x00]
[17:49:25:485]870140:[DBG]:CMD:[0x37]->[0x00]
[17:49:25:485]870140:[DBG]:CMD:[0x01]->[0x00]
[17:49:25:485]870140:[DBG]:CMD:[0x20]->[0x00]
[17:49:25:782]870442:[DBG]:CMD:[0x37]->[0x00]
[17:49:25:782]870444:[DBG]:CMD:[0x01]->[0x00]
[17:49:25:782]870444:[DBG]:CMD:[0x20]->[0x00]
[17:49:25:875]870534:[DBG]:IIC:TEMP ID 0:0x0095,0x0068,0x009B,0x0099,
[17:49:25:875]870534:[DBG]:IIC:TEMP ID 4:0x00FB,0x006A,0x002F,0x0090,
[17:49:26:078]870746:[DBG]:CMD:[0x37]->[0x00]
[17:49:26:078]870746:[DBG]:CMD:[0x01]->[0x00]
[17:49:26:078]870748:[DBG]:CMD:[0x20]->[0x00]
[17:49:26:391]871050:[DBG]:CMD:[0x37]->[0x00]
[17:49:26:391]871050:[DBG]:CMD:[0x01]->[0x00]
[17:49:26:391]871052:[DBG]:CMD:[0x20]->[0x00]
[17:49:26:688]871352:[DBG]:CMD:[0x37]->[0x00]
[17:49:26:688]871354:[DBG]:CMD:[0x01]->[0x00]
[17:49:26:688]871354:[DBG]:CMD:[0x20]->[0x00]
[17:49:27:000]871656:[DBG]:CMD:[0x37]->[0x00]
[17:49:27:000]871656:[DBG]:CMD:[0x01]->[0x00]
[17:49:27:000]871660:[DBG]:CMD:[0x20]->[0x00]
[17:49:27:297]871960:[DBG]:CMD:[0x37]->[0x00]
[17:49:27:297]871962:[DBG]:CMD:[0x01]->[0x00]
[17:49:27:297]871962:[DBG]:CMD:[0x20]->[0x00]
[17:49:27:609]872264:[DBG]:CMD:[0x37]->[0x00]
[17:49:27:609]872264:[DBG]:CMD:[0x01]->[0x00]
[17:49:27:609]872266:[DBG]:CMD:[0x20]->[0x00]
[17:49:27:859]872534:[DBG]:IIC:TEMP ID 0:0x0096,0x0068,0x00A8,0x0099,
[17:49:27:859]872534:[DBG]:IIC:TEMP ID 4:0x00FA,0x006A,0x003C,0x0090,
[17:49:27:906]872568:[DBG]:CMD:[0x37]->[0x00]
[17:49:27:906]872568:[DBG]:CMD:[0x01]->[0x00]
[17:49:27:906]872570:[DBG]:CMD:[0x20]->[0x00]
[17:49:28:203]872870:[DBG]:CMD:[0x37]->[0x00]
[17:49:28:203]872872:[DBG]:CMD:[0x01]->[0x00]
[17:49:28:203]872872:[DBG]:CMD:[0x20]->[0x00]
[17:49:28:515]873174:[DBG]:CMD:[0x37]->[0x00]
[17:49:28:515]873174:[DBG]:CMD:[0x01]->[0x00]
[17:49:28:515]873176:[DBG]:CMD:[0x20]->[0x00]
[17:49:28:812]873478:[DBG]:CMD:[0x37]->[0x00]
[17:49:28:812]873478:[DBG]:CMD:[0x01]->[0x00]
[17:49:28:812]873480:[DBG]:CMD:[0x20]->[0x00]
[17:49:29:125]873780:[DBG]:CMD:[0x37]->[0x00]
[17:49:29:125]873782:[DBG]:CMD:[0x01]->[0x00]
[17:49:29:125]873782:[DBG]:CMD:[0x20]->[0x00]
[17:49:29:422]874084:[DBG]:CMD:[0x37]->[0x00]
[17:49:29:422]874084:[DBG]:CMD:[0x01]->[0x00]
[17:49:29:422]874086:[DBG]:CMD:[0x20]->[0x00]
[17:49:29:718]874388:[DBG]:CMD:[0x37]->[0x00]
[17:49:29:718]874388:[DBG]:CMD:[0x01]->[0x00]
[17:49:29:718]874390:[DBG]:CMD:[0x20]->[0x00]
[17:49:29:875]874534:[DBG]:IIC:TEMP ID 0:0x0083,0x0068,0x00C7,0x0099,
[17:49:29:875]874534:[DBG]:IIC:TEMP ID 4:0x00FD,0x006A,0x002D,0x0090,
[17:49:30:031]874690:[DBG]:CMD:[0x37]->[0x00]
[17:49:30:031]874692:[DBG]:CMD:[0x01]->[0x00]
[17:49:30:031]874692:[DBG]:CMD:[0x20]->[0x00]
[17:49:30:328]874994:[DBG]:CMD:[0x37]->[0x00]
[17:49:30:328]874994:[DBG]:CMD:[0x01]->[0x00]
[17:49:30:328]874996:[DBG]:CMD:[0x20]->[0x00]
[17:49:30:624]875298:[DBG]:CMD:[0x37]->[0x00]
[17:49:30:624]875298:[DBG]:CMD:[0x01]->[0x00]
[17:49:30:624]875300:[DBG]:CMD:[0x20]->[0x00]
[17:49:30:937]875600:[DBG]:CMD:[0x37]->[0x00]
[17:49:30:937]875602:[DBG]:CMD:[0x01]->[0x00]
[17:49:30:937]875602:[DBG]:CMD:[0x20]->[0x00]
[17:49:31:234]875904:[DBG]:CMD:[0x37]->[0x00]
[17:49:31:234]875904:[DBG]:CMD:[0x01]->[0x00]
[17:49:31:234]875906:[DBG]:CMD:[0x20]->[0x00]
[17:49:31:546]876208:[DBG]:CMD:[0x37]->[0x00]
[17:49:31:546]876208:[DBG]:CMD:[0x01]->[0x00]
[17:49:31:546]876210:[DBG]:CMD:[0x20]->[0x00]
[17:49:31:827]876510:[DBG]:CMD:[0x37]->[0x00]
[17:49:31:827]876512:[DBG]:CMD:[0x01]->[0x00]
[17:49:31:827]876512:[DBG]:CMD:[0x20]->[0x00]
[17:49:31:874]876534:[DBG]:IIC:TEMP ID 0:0x0084,0x0068,0x00A8,0x0099,
[17:49:31:874]876534:[DBG]:IIC:TEMP ID 4:0x00FA,0x006A,0x002C,0x0090,
[17:49:32:155]876814:[DBG]:CMD:[0x37]->[0x00]
[17:49:32:155]876814:[DBG]:CMD:[0x01]->[0x00]
[17:49:32:155]876818:[DBG]:CMD:[0x20]->[0x00]
[17:49:32:452]877120:[DBG]:CMD:[0x37]->[0x00]
[17:49:32:452]877122:[DBG]:CMD:[0x01]->[0x00]
[17:49:32:452]877122:[DBG]:CMD:[0x20]->[0x00]
[17:49:32:749]877424:[DBG]:CMD:[0x37]->[0x00]
[17:49:32:749]877424:[DBG]:CMD:[0x01]->[0x00]
[17:49:32:749]877426:[DBG]:CMD:[0x20]->[0x00]
[17:49:33:061]877726:[DBG]:CMD:[0x37]->[0x00]
[17:49:33:061]877728:[DBG]:CMD:[0x01]->[0x00]
[17:49:33:061]877728:[DBG]:CMD:[0x20]->[0x00]
[17:49:33:358]878030:[DBG]:CMD:[0x37]->[0x00]
[17:49:33:358]878030:[DBG]:CMD:[0x01]->[0x00]
[17:49:33:358]878032:[DBG]:CMD:[0x20]->[0x00]
[17:49:33:670]878334:[DBG]:CMD:[0x37]->[0x00]
[17:49:33:670]878334:[DBG]:CMD:[0x01]->[0x00]
[17:49:33:670]878336:[DBG]:CMD:[0x20]->[0x00]
[17:49:33:873]878534:[DBG]:IIC:TEMP ID 0:0x0093,0x0068,0x00AB,0x0099,
[17:49:33:873]878534:[DBG]:IIC:TEMP ID 4:0x00F9,0x006A,0x002F,0x0090,
[17:49:33:967]878636:[DBG]:CMD:[0x37]->[0x00]
[17:49:33:967]878638:[DBG]:CMD:[0x01]->[0x00]
[17:49:33:967]878638:[DBG]:CMD:[0x20]->[0x00]
[17:49:34:264]878940:[DBG]:CMD:[0x37]->[0x00]
[17:49:34:264]878940:[DBG]:CMD:[0x01]->[0x00]
[17:49:34:264]878942:[DBG]:CMD:[0x20]->[0x00]
[17:49:34:577]879244:[DBG]:CMD:[0x37]->[0x00]
[17:49:34:577]879244:[DBG]:CMD:[0x01]->[0x00]
[17:49:34:577]879246:[DBG]:CMD:[0x20]->[0x00]
[17:49:34:873]879548:[DBG]:CMD:[0x37]->[0x00]
[17:49:34:873]879548:[DBG]:CMD:[0x01]->[0x00]
[17:49:34:873]879548:[DBG]:CMD:[0x20]->[0x00]
[17:49:35:186]879850:[DBG]:CMD:[0x37]->[0x00]
[17:49:35:186]879852:[DBG]:CMD:[0x01]->[0x00]
[17:49:35:186]879852:[DBG]:CMD:[0x20]->[0x00]
[17:49:35:482]880154:[DBG]:CMD:[0x37]->[0x00]
[17:49:35:482]880154:[DBG]:CMD:[0x01]->[0x00]
[17:49:35:482]880156:[DBG]:CMD:[0x20]->[0x00]
[17:49:35:795]880460:[DBG]:CMD:[0x37]->[0x00]
[17:49:35:795]880460:[DBG]:CMD:[0x01]->[0x00]
[17:49:35:795]880460:[DBG]:CMD:[0x20]->[0x00]
[17:49:35:858]880534:[DBG]:IIC:TEMP ID 0:0x008A,0x0068,0x00B6,0x0099,
[17:49:35:858]880534:[DBG]:IIC:TEMP ID 4:0x00FA,0x006A,0x002E,0x0090,
[17:49:36:092]880762:[DBG]:CMD:[0x37]->[0x00]
[17:49:36:092]880764:[DBG]:CMD:[0x01]->[0x00]
[17:49:36:092]880764:[DBG]:CMD:[0x20]->[0x00]
[17:49:36:389]881066:[DBG]:CMD:[0x37]->[0x00]
[17:49:36:389]881066:[DBG]:CMD:[0x01]->[0x00]
[17:49:36:389]881068:[DBG]:CMD:[0x20]->[0x00]
[17:49:36:701]881370:[DBG]:CMD:[0x37]->[0x00]
[17:49:36:701]881370:[DBG]:CMD:[0x01]->[0x00]
[17:49:36:701]881370:[DBG]:CMD:[0x20]->[0x00]
[17:49:36:998]881672:[DBG]:CMD:[0x37]->[0x00]
[17:49:36:998]881674:[DBG]:CMD:[0x01]->[0x00]
[17:49:36:998]881674:[DBG]:CMD:[0x20]->[0x00]
[17:49:37:310]881976:[DBG]:CMD:[0x37]->[0x00]
[17:49:37:310]881976:[DBG]:CMD:[0x01]->[0x00]
[17:49:37:310]881978:[DBG]:CMD:[0x20]->[0x00]
[17:49:37:607]882280:[DBG]:CMD:[0x37]->[0x00]
[17:49:37:607]882280:[DBG]:CMD:[0x01]->[0x00]
[17:49:37:607]882280:[DBG]:CMD:[0x20]->[0x00]
[17:49:37:857]882534:[DBG]:IIC:TEMP ID 0:0x006F,0x0068,0x00AF,0x0099,
[17:49:37:857]882534:[DBG]:IIC:TEMP ID 4:0x00F9,0x006A,0x0035,0x0090,
[17:49:37:904]882582:[DBG]:CMD:[0x37]->[0x00]
[17:49:37:904]882584:[DBG]:CMD:[0x01]->[0x00]
[17:49:37:904]882584:[DBG]:CMD:[0x20]->[0x00]
[17:49:38:216]882886:[DBG]:CMD:[0x37]->[0x00]
[17:49:38:216]882886:[DBG]:CMD:[0x01]->[0x00]
[17:49:38:216]882888:[DBG]:CMD:[0x20]->[0x00]
[17:49:38:513]883190:[DBG]:CMD:[0x37]->[0x00]
[17:49:38:513]883190:[DBG]:CMD:[0x01]->[0x00]
[17:49:38:513]883192:[DBG]:CMD:[0x20]->[0x00]
[17:49:38:826]883492:[DBG]:CMD:[0x37]->[0x00]
[17:49:38:826]883494:[DBG]:CMD:[0x01]->[0x00]
[17:49:38:826]883494:[DBG]:CMD:[0x20]->[0x00]
[17:49:39:122]883796:[DBG]:CMD:[0x37]->[0x00]
[17:49:39:122]883796:[DBG]:CMD:[0x01]->[0x00]
[17:49:39:122]883798:[DBG]:CMD:[0x20]->[0x00]
[17:49:39:419]884100:[DBG]:CMD:[0x37]->[0x00]
[17:49:39:419]884100:[DBG]:CMD:[0x01]->[0x00]
[17:49:39:419]884102:[DBG]:CMD:[0x20]->[0x00]
[17:49:39:731]884402:[DBG]:CMD:[0x37]->[0x00]
[17:49:39:731]884404:[DBG]:CMD:[0x01]->[0x00]
[17:49:39:731]884404:[DBG]:CMD:[0x20]->[0x00]
[17:49:39:857]884534:[DBG]:IIC:TEMP ID 0:0x007A,0x0068,0x009A,0x0099,
[17:49:39:857]884534:[DBG]:IIC:TEMP ID 4:0x0000,0x006B,0x0034,0x0090,
[17:49:40:044]884706:[DBG]:CMD:[0x37]->[0x00]
[17:49:40:044]884706:[DBG]:CMD:[0x01]->[0x00]
[17:49:40:044]884708:[DBG]:CMD:[0x20]->[0x00]
[17:49:40:341]885010:[DBG]:CMD:[0x37]->[0x00]
[17:49:40:341]885010:[DBG]:CMD:[0x01]->[0x00]
[17:49:40:341]885012:[DBG]:CMD:[0x20]->[0x00]
[17:49:40:637]885312:[DBG]:CMD:[0x37]->[0x00]
[17:49:40:637]885314:[DBG]:CMD:[0x01]->[0x00]
[17:49:40:637]885314:[DBG]:CMD:[0x20]->[0x00]
[17:49:40:950]885618:[DBG]:CMD:[0x37]->[0x00]
[17:49:40:950]885620:[DBG]:CMD:[0x01]->[0x00]
[17:49:40:950]885622:[DBG]:CMD:[0x20]->[0x00]
[17:49:41:247]885922:[DBG]:CMD:[0x37]->[0x00]
[17:49:41:247]885924:[DBG]:CMD:[0x01]->[0x00]
[17:49:41:247]885924:[DBG]:CMD:[0x20]->[0x00]
[17:49:41:544]886226:[DBG]:CMD:[0x37]->[0x00]
[17:49:41:544]886226:[DBG]:CMD:[0x01]->[0x00]
[17:49:41:544]886228:[DBG]:CMD:[0x20]->[0x00]
[17:49:41:825]886530:[DBG]:CMD:[0x37]->[0x00]
[17:49:41:825]886530:[DBG]:CMD:[0x01]->[0x00]
[17:49:41:825]886530:[DBG]:CMD:[0x20]->[0x00]
[17:49:41:872]886534:[DBG]:IIC:TEMP ID 0:0x0093,0x0068,0x008B,0x0099,
[17:49:41:872]886534:[DBG]:IIC:TEMP ID 4:0x00FD,0x006A,0x0017,0x0090,
[17:49:42:153]886832:[DBG]:CMD:[0x37]->[0x00]
[17:49:42:153]886834:[DBG]:CMD:[0x01]->[0x00]
[17:49:42:153]886834:[DBG]:CMD:[0x20]->[0x00]
[17:49:42:465]887136:[DBG]:CMD:[0x37]->[0x00]
[17:49:42:465]887136:[DBG]:CMD:[0x01]->[0x00]
[17:49:42:465]887138:[DBG]:CMD:[0x20]->[0x00]
[17:49:42:762]887440:[DBG]:CMD:[0x37]->[0x00]
[17:49:42:762]887440:[DBG]:CMD:[0x01]->[0x00]
[17:49:42:762]887442:[DBG]:CMD:[0x20]->[0x00]
[17:49:43:059]887742:[DBG]:CMD:[0x37]->[0x00]
[17:49:43:059]887744:[DBG]:CMD:[0x01]->[0x00]
[17:49:43:059]887744:[DBG]:CMD:[0x20]->[0x00]
[17:49:43:371]888046:[DBG]:CMD:[0x37]->[0x00]
[17:49:43:371]888046:[DBG]:CMD:[0x01]->[0x00]
[17:49:43:371]888048:[DBG]:CMD:[0x20]->[0x00]
[17:49:43:668]888350:[DBG]:CMD:[0x37]->[0x00]
[17:49:43:668]888350:[DBG]:CMD:[0x01]->[0x00]
[17:49:43:668]888352:[DBG]:CMD:[0x20]->[0x00]
[17:49:43:856]888534:[DBG]:IIC:TEMP ID 0:0x008A,0x0068,0x009A,0x0099,
[17:49:43:856]888534:[DBG]:IIC:TEMP ID 4:0x00FA,0x006A,0x0048,0x0090,
[17:49:43:980]888652:[DBG]:CMD:[0x37]->[0x00]
[17:49:43:980]888654:[DBG]:CMD:[0x01]->[0x00]
[17:49:43:980]888654:[DBG]:CMD:[0x20]->[0x00]
[17:49:44:277]888956:[DBG]:CMD:[0x37]->[0x00]
[17:49:44:277]888956:[DBG]:CMD:[0x01]->[0x00]
[17:49:44:277]888960:[DBG]:CMD:[0x20]->[0x00]
[17:49:44:574]889260:[DBG]:CMD:[0x37]->[0x00]
[17:49:44:574]889260:[DBG]:CMD:[0x01]->[0x00]
[17:49:44:574]889262:[DBG]:CMD:[0x20]->[0x00]
[17:49:44:887]889564:[DBG]:CMD:[0x37]->[0x00]
[17:49:44:887]889564:[DBG]:CMD:[0x01]->[0x00]
[17:49:44:887]889566:[DBG]:CMD:[0x20]->[0x00]
[17:49:45:183]889866:[DBG]:CMD:[0x37]->[0x00]
[17:49:45:183]889868:[DBG]:CMD:[0x01]->[0x00]
[17:49:45:183]889868:[DBG]:CMD:[0x20]->[0x00]
[17:49:45:496]890170:[DBG]:CMD:[0x37]->[0x00]
[17:49:45:496]890170:[DBG]:CMD:[0x01]->[0x00]
[17:49:45:496]890172:[DBG]:CMD:[0x20]->[0x00]
[17:49:45:793]890474:[DBG]:CMD:[0x37]->[0x00]
[17:49:45:793]890474:[DBG]:CMD:[0x01]->[0x00]
[17:49:45:793]890476:[DBG]:CMD:[0x20]->[0x00]
[17:49:45:855]890534:[DBG]:IIC:TEMP ID 0:0x008F,0x0068,0x0089,0x0099,
[17:49:45:855]890534:[DBG]:IIC:TEMP ID 4:0x00FD,0x006A,0x003B,0x0090,
[17:49:46:090]890776:[DBG]:CMD:[0x37]->[0x00]
[17:49:46:090]890778:[DBG]:CMD:[0x01]->[0x00]
[17:49:46:090]890778:[DBG]:CMD:[0x20]->[0x00]
[17:49:46:402]891080:[DBG]:CMD:[0x37]->[0x00]
[17:49:46:402]891080:[DBG]:CMD:[0x01]->[0x00]
[17:49:46:402]891082:[DBG]:CMD:[0x20]->[0x00]
[17:49:46:699]891384:[DBG]:CMD:[0x37]->[0x00]
[17:49:46:699]891384:[DBG]:CMD:[0x01]->[0x00]
[17:49:46:699]891386:[DBG]:CMD:[0x20]->[0x00]
[17:49:47:011]891688:[DBG]:CMD:[0x37]->[0x00]
[17:49:47:011]891688:[DBG]:CMD:[0x01]->[0x00]
[17:49:47:011]891688:[DBG]:CMD:[0x20]->[0x00]
[17:49:47:308]891990:[DBG]:CMD:[0x37]->[0x00]
[17:49:47:308]891990:[DBG]:CMD:[0x01]->[0x00]
[17:49:47:308]891992:[DBG]:CMD:[0x20]->[0x00]
[17:49:47:605]892294:[DBG]:CMD:[0x37]->[0x00]
[17:49:47:605]892294:[DBG]:CMD:[0x01]->[0x00]
[17:49:47:605]892296:[DBG]:CMD:[0x20]->[0x00]
[17:49:47:855]892534:[DBG]:IIC:TEMP ID 0:0x0092,0x0068,0x008C,0x0099,
[17:49:47:855]892534:[DBG]:IIC:TEMP ID 4:0x0000,0x006B,0x002E,0x0090,
[17:49:47:917]892598:[DBG]:CMD:[0x37]->[0x00]
[17:49:47:917]892598:[DBG]:CMD:[0x01]->[0x00]
[17:49:47:917]892598:[DBG]:CMD:[0x20]->[0x00]
[17:49:48:214]892900:[DBG]:CMD:[0x37]->[0x00]
[17:49:48:214]892902:[DBG]:CMD:[0x01]->[0x00]
[17:49:48:214]892902:[DBG]:CMD:[0x20]->[0x00]
[17:49:48:526]893204:[DBG]:CMD:[0x37]->[0x00]
[17:49:48:526]893204:[DBG]:CMD:[0x01]->[0x00]
[17:49:48:526]893206:[DBG]:CMD:[0x20]->[0x00]
[17:49:48:839]893508:[DBG]:CMD:[0x37]->[0x00]
[17:49:48:839]893508:[DBG]:CMD:[0x01]->[0x00]
[17:49:48:839]893508:[DBG]:CMD:[0x20]->[0x00]
[17:49:49:136]893810:[DBG]:CMD:[0x37]->[0x00]
[17:49:49:136]893812:[DBG]:CMD:[0x01]->[0x00]
[17:49:49:136]893812:[DBG]:CMD:[0x20]->[0x00]
[17:49:49:432]894114:[DBG]:CMD:[0x37]->[0x00]
[17:49:49:432]894114:[DBG]:CMD:[0x01]->[0x00]
[17:49:49:432]894118:[DBG]:CMD:[0x20]->[0x00]
[17:49:49:745]894420:[DBG]:CMD:[0x37]->[0x00]
[17:49:49:745]894422:[DBG]:CMD:[0x01]->[0x00]
[17:49:49:745]894422:[DBG]:CMD:[0x20]->[0x00]
[17:49:49:854]894534:[DBG]:IIC:TEMP ID 0:0x0087,0x0068,0x009B,0x0099,
[17:49:49:854]894534:[DBG]:IIC:TEMP ID 4:0x00FF,0x006A,0x0023,0x0090,
[17:49:50:042]894724:[DBG]:CMD:[0x37]->[0x00]
[17:49:50:042]894724:[DBG]:CMD:[0x01]->[0x00]
[17:49:50:042]894726:[DBG]:CMD:[0x20]->[0x00]
[17:49:50:339]895026:[DBG]:CMD:[0x37]->[0x00]
[17:49:50:339]895028:[DBG]:CMD:[0x01]->[0x00]
[17:49:50:339]895028:[DBG]:CMD:[0x20]->[0x00]
[17:49:50:651]895330:[DBG]:CMD:[0x37]->[0x00]
[17:49:50:651]895330:[DBG]:CMD:[0x01]->[0x00]
[17:49:50:651]895332:[DBG]:CMD:[0x20]->[0x00]
[17:49:50:947]895634:[DBG]:CMD:[0x37]->[0x00]
[17:49:50:947]895634:[DBG]:CMD:[0x01]->[0x00]
[17:49:50:947]895636:[DBG]:CMD:[0x20]->[0x00]
[17:49:51:244]895936:[DBG]:CMD:[0x37]->[0x00]
[17:49:51:244]895938:[DBG]:CMD:[0x01]->[0x00]
[17:49:51:244]895938:[DBG]:CMD:[0x20]->[0x00]
[17:49:51:557]896240:[DBG]:CMD:[0x37]->[0x00]
[17:49:51:557]896240:[DBG]:CMD:[0x01]->[0x00]
[17:49:51:557]896242:[DBG]:CMD:[0x20]->[0x00]
[17:49:51:822]896534:[DBG]:IIC:TEMP ID 0:0x007E,0x0068,0x007A,0x0099,
[17:49:51:822]896534:[DBG]:IIC:TEMP ID 4:0x00FC,0x006A,0x002A,0x0090,
[17:49:51:854]896544:[DBG]:CMD:[0x37]->[0x00]
[17:49:51:854]896544:[DBG]:CMD:[0x01]->[0x00]
[17:49:51:854]896546:[DBG]:CMD:[0x20]->[0x00]
[17:49:52:166]896848:[DBG]:CMD:[0x37]->[0x00]
[17:49:52:166]896848:[DBG]:CMD:[0x01]->[0x00]
[17:49:52:166]896848:[DBG]:CMD:[0x20]->[0x00]
[17:49:52:463]897150:[DBG]:CMD:[0x37]->[0x00]
[17:49:52:463]897150:[DBG]:CMD:[0x01]->[0x00]
[17:49:52:463]897152:[DBG]:CMD:[0x20]->[0x00]
[17:49:52:775]897454:[DBG]:CMD:[0x37]->[0x00]
[17:49:52:775]897454:[DBG]:CMD:[0x01]->[0x00]
[17:49:52:775]897456:[DBG]:CMD:[0x20]->[0x00]
[17:49:53:072]897760:[DBG]:CMD:[0x37]->[0x00]
[17:49:53:072]897760:[DBG]:CMD:[0x01]->[0x00]
[17:49:53:072]897762:[DBG]:CMD:[0x20]->[0x00]
[17:49:53:369]898062:[DBG]:CMD:[0x37]->[0x00]
[17:49:53:369]898064:[DBG]:CMD:[0x01]->[0x00]
[17:49:53:369]898064:[DBG]:CMD:[0x20]->[0x00]
[17:49:53:681]898366:[DBG]:CMD:[0x37]->[0x00]
[17:49:53:681]898366:[DBG]:CMD:[0x01]->[0x00]
[17:49:53:681]898368:[DBG]:CMD:[0x20]->[0x00]
[17:49:53:853]898534:[DBG]:IIC:TEMP ID 0:0x0073,0x0068,0x0095,0x0099,
[17:49:53:853]898534:[DBG]:IIC:TEMP ID 4:0x0001,0x006B,0x002D,0x0090,
[17:49:53:978]898670:[DBG]:CMD:[0x37]->[0x00]
[17:49:53:978]898670:[DBG]:CMD:[0x01]->[0x00]
[17:49:53:978]898672:[DBG]:CMD:[0x20]->[0x00]
[17:49:54:291]898972:[DBG]:CMD:[0x37]->[0x00]
[17:49:54:291]898974:[DBG]:CMD:[0x01]->[0x00]
[17:49:54:291]898974:[DBG]:CMD:[0x20]->[0x00]
[17:49:54:588]899276:[DBG]:CMD:[0x37]->[0x00]
[17:49:54:588]899276:[DBG]:CMD:[0x01]->[0x00]
[17:49:54:588]899278:[DBG]:CMD:[0x20]->[0x00]
[17:49:54:884]899580:[DBG]:CMD:[0x37]->[0x00]
[17:49:54:884]899580:[DBG]:CMD:[0x01]->[0x00]
[17:49:54:884]899580:[DBG]:CMD:[0x20]->[0x00]
[17:49:55:197]899882:[DBG]:CMD:[0x37]->[0x00]
[17:49:55:197]899884:[DBG]:CMD:[0x01]->[0x00]
[17:49:55:197]899884:[DBG]:CMD:[0x20]->[0x00]
[17:49:55:493]900186:[DBG]:CMD:[0x37]->[0x00]
[17:49:55:493]900186:[DBG]:CMD:[0x01]->[0x00]
[17:49:55:493]900188:[DBG]:CMD:[0x20]->[0x00]
[17:49:55:806]900490:[DBG]:CMD:[0x37]->[0x00]
[17:49:55:806]900490:[DBG]:CMD:[0x01]->[0x00]
[17:49:55:806]900490:[DBG]:CMD:[0x20]->[0x00]
[17:49:55:837]900534:[DBG]:IIC:TEMP ID 0:0x007C,0x0068,0x00A0,0x0099,
[17:49:55:837]900534:[DBG]:IIC:TEMP ID 4:0x0000,0x006B,0x0026,0x0090,
[17:49:56:103]900792:[DBG]:CMD:[0x37]->[0x00]
[17:49:56:103]900794:[DBG]:CMD:[0x01]->[0x00]
[17:49:56:103]900794:[DBG]:CMD:[0x20]->[0x00]
[17:49:56:400]901096:[DBG]:CMD:[0x37]->[0x00]
[17:49:56:400]901096:[DBG]:CMD:[0x01]->[0x00]
[17:49:56:400]901098:[DBG]:CMD:[0x20]->[0x00]
[17:49:56:712]901400:[DBG]:CMD:[0x37]->[0x00]
[17:49:56:712]901400:[DBG]:CMD:[0x01]->[0x00]
[17:49:56:712]901402:[DBG]:CMD:[0x20]->[0x00]
[17:49:57:009]901702:[DBG]:CMD:[0x37]->[0x00]
[17:49:57:009]901704:[DBG]:CMD:[0x01]->[0x00]
[17:49:57:009]901704:[DBG]:CMD:[0x20]->[0x00]
[17:49:57:321]902006:[DBG]:CMD:[0x37]->[0x00]
[17:49:57:321]902006:[DBG]:CMD:[0x01]->[0x00]
[17:49:57:321]902008:[DBG]:CMD:[0x20]->[0x00]
[17:49:57:618]902310:[DBG]:CMD:[0x37]->[0x00]
[17:49:57:618]902310:[DBG]:CMD:[0x01]->[0x00]
[17:49:57:618]902312:[DBG]:CMD:[0x20]->[0x00]
[17:49:57:837]902534:[DBG]:IIC:TEMP ID 0:0x009F,0x0068,0x0083,0x0099,
[17:49:57:837]902534:[DBG]:IIC:TEMP ID 4:0x0003,0x006B,0x0019,0x0090,
[17:49:57:930]902612:[DBG]:CMD:[0x37]->[0x00]
[17:49:57:930]902614:[DBG]:CMD:[0x01]->[0x00]
[17:49:57:930]902614:[DBG]:CMD:[0x20]->[0x00]
[17:49:58:227]902918:[DBG]:CMD:[0x37]->[0x00]
[17:49:58:227]902920:[DBG]:CMD:[0x01]->[0x00]
[17:49:58:227]902922:[DBG]:CMD:[0x20]->[0x00]
[17:49:58:524]903222:[DBG]:CMD:[0x37]->[0x00]
[17:49:58:524]903222:[DBG]:CMD:[0x01]->[0x00]
[17:49:58:524]903224:[DBG]:CMD:[0x20]->[0x00]
[17:49:58:837]903526:[DBG]:CMD:[0x37]->[0x00]
[17:49:58:837]903526:[DBG]:CMD:[0x01]->[0x00]
[17:49:58:837]903528:[DBG]:CMD:[0x20]->[0x00]
[17:49:59:133]903830:[DBG]:CMD:[0x37]->[0x00]
[17:49:59:133]903830:[DBG]:CMD:[0x01]->[0x00]
[17:49:59:133]903830:[DBG]:CMD:[0x20]->[0x00]
[17:49:59:446]904132:[DBG]:CMD:[0x37]->[0x00]
[17:49:59:446]904134:[DBG]:CMD:[0x01]->[0x00]
[17:49:59:446]904134:[DBG]:CMD:[0x20]->[0x00]
[17:49:59:742]904436:[DBG]:CMD:[0x37]->[0x00]
[17:49:59:742]904436:[DBG]:CMD:[0x01]->[0x00]
[17:49:59:742]904438:[DBG]:CMD:[0x20]->[0x00]
[17:49:59:836]904534:[DBG]:IIC:TEMP ID 0:0x008E,0x0068,0x0088,0x0099,
[17:49:59:836]904534:[DBG]:IIC:TEMP ID 4:0x0002,0x006B,0x001A,0x0090,
[17:50:00:039]904740:[DBG]:CMD:[0x37]->[0x00]
[17:50:00:039]904740:[DBG]:CMD:[0x01]->[0x00]
[17:50:00:039]904740:[DBG]:CMD:[0x20]->[0x00]
[17:50:00:352]905042:[DBG]:CMD:[0x37]->[0x00]
[17:50:00:352]905044:[DBG]:CMD:[0x01]->[0x00]
[17:50:00:352]905044:[DBG]:CMD:[0x20]->[0x00]
[17:50:00:648]905346:[DBG]:CMD:[0x37]->[0x00]
[17:50:00:648]905346:[DBG]:CMD:[0x01]->[0x00]
[17:50:00:648]905348:[DBG]:CMD:[0x20]->[0x00]
[17:50:00:961]905650:[DBG]:CMD:[0x37]->[0x00]
[17:50:00:961]905650:[DBG]:CMD:[0x01]->[0x00]
[17:50:00:961]905652:[DBG]:CMD:[0x20]->[0x00]
[17:50:01:257]905952:[DBG]:CMD:[0x37]->[0x00]
[17:50:01:257]905954:[DBG]:CMD:[0x01]->[0x00]
[17:50:01:257]905954:[DBG]:CMD:[0x20]->[0x00]
[17:50:01:555]906256:[DBG]:CMD:[0x37]->[0x00]
[17:50:01:555]906256:[DBG]:CMD:[0x01]->[0x00]
[17:50:01:555]906260:[DBG]:CMD:[0x20]->[0x00]
[17:50:01:820]906534:[DBG]:IIC:TEMP ID 0:0x008D,0x0068,0x007B,0x0099,
[17:50:01:820]906534:[DBG]:IIC:TEMP ID 4:0x00FD,0x006A,0x001B,0x0090,
[17:50:01:867]906560:[DBG]:CMD:[0x37]->[0x00]
[17:50:01:867]906562:[DBG]:CMD:[0x01]->[0x00]
[17:50:01:867]906562:[DBG]:CMD:[0x20]->[0x00]
[17:50:02:164]906864:[DBG]:CMD:[0x37]->[0x00]
[17:50:02:164]906864:[DBG]:CMD:[0x01]->[0x00]
[17:50:02:164]906866:[DBG]:CMD:[0x20]->[0x00]
[17:50:02:476]907168:[DBG]:CMD:[0x37]->[0x00]
[17:50:02:476]907168:[DBG]:CMD:[0x01]->[0x00]
[17:50:02:476]907170:[DBG]:CMD:[0x20]->[0x00]
[17:50:02:773]907472:[DBG]:CMD:[0x37]->[0x00]
[17:50:02:773]907472:[DBG]:CMD:[0x01]->[0x00]
[17:50:02:773]907474:[DBG]:CMD:[0x20]->[0x00]
[17:50:03:070]907774:[DBG]:CMD:[0x37]->[0x00]
[17:50:03:070]907774:[DBG]:CMD:[0x01]->[0x00]
[17:50:03:070]907776:[DBG]:CMD:[0x20]->[0x00]
[17:50:03:382]908078:[DBG]:CMD:[0x37]->[0x00]
[17:50:03:382]908078:[DBG]:CMD:[0x01]->[0x00]
[17:50:03:382]908080:[DBG]:CMD:[0x20]->[0x00]
[17:50:03:679]908382:[DBG]:CMD:[0x37]->[0x00]
[17:50:03:679]908382:[DBG]:CMD:[0x01]->[0x00]
[17:50:03:679]908382:[DBG]:CMD:[0x20]->[0x00]
[17:50:03:835]908534:[DBG]:IIC:TEMP ID 0:0x0094,0x0068,0x0090,0x0099,
[17:50:03:835]908534:[DBG]:IIC:TEMP ID 4:0x0000,0x006B,0x002C,0x0090,
[17:50:03:992]908684:[DBG]:CMD:[0x37]->[0x00]
[17:50:03:992]908684:[DBG]:CMD:[0x01]->[0x00]
[17:50:03:992]908686:[DBG]:CMD:[0x20]->[0x00]
[17:50:04:288]908988:[DBG]:CMD:[0x37]->[0x00]
[17:50:04:288]908988:[DBG]:CMD:[0x01]->[0x00]
[17:50:04:288]908990:[DBG]:CMD:[0x20]->[0x00]
[17:50:04:585]909292:[DBG]:CMD:[0x37]->[0x00]
[17:50:04:585]909292:[DBG]:CMD:[0x01]->[0x00]
[17:50:04:585]909292:[DBG]:CMD:[0x20]->[0x00]
[17:50:04:898]909594:[DBG]:CMD:[0x37]->[0x00]
[17:50:04:898]909596:[DBG]:CMD:[0x01]->[0x00]
[17:50:04:898]909596:[DBG]:CMD:[0x20]->[0x00]
[17:50:05:194]909898:[DBG]:CMD:[0x37]->[0x00]
[17:50:05:194]909898:[DBG]:CMD:[0x01]->[0x00]
[17:50:05:194]909900:[DBG]:CMD:[0x20]->[0x00]
[17:50:05:507]910202:[DBG]:CMD:[0x37]->[0x00]
[17:50:05:507]910202:[DBG]:CMD:[0x01]->[0x00]
[17:50:05:507]910202:[DBG]:CMD:[0x20]->[0x00]
[17:50:05:803]910504:[DBG]:CMD:[0x37]->[0x00]
[17:50:05:803]910506:[DBG]:CMD:[0x01]->[0x00]
[17:50:05:803]910506:[DBG]:CMD:[0x20]->[0x00]
[17:50:05:835]910534:[DBG]:IIC:TEMP ID 0:0x0089,0x0068,0x0083,0x0099,
[17:50:05:835]910534:[DBG]:IIC:TEMP ID 4:0x0001,0x006B,0x0025,0x0090,
[17:50:06:116]910808:[DBG]:CMD:[0x37]->[0x00]
[17:50:06:116]910808:[DBG]:CMD:[0x01]->[0x00]
[17:50:06:116]910810:[DBG]:CMD:[0x20]->[0x00]
[17:50:06:413]911112:[DBG]:CMD:[0x37]->[0x00]
[17:50:06:413]911112:[DBG]:CMD:[0x01]->[0x00]
[17:50:06:413]911112:[DBG]:CMD:[0x20]->[0x00]
[17:50:06:725]911414:[DBG]:CMD:[0x37]->[0x00]
[17:50:06:725]911418:[DBG]:CMD:[0x01]->[0x00]
[17:50:06:725]911420:[DBG]:CMD:[0x20]->[0x00]
[17:50:07:022]911722:[DBG]:CMD:[0x37]->[0x00]
[17:50:07:022]911722:[DBG]:CMD:[0x01]->[0x00]
[17:50:07:022]911724:[DBG]:CMD:[0x20]->[0x00]
[17:50:07:319]912024:[DBG]:CMD:[0x37]->[0x00]
[17:50:07:319]912026:[DBG]:CMD:[0x01]->[0x00]
[17:50:07:319]912026:[DBG]:CMD:[0x20]->[0x00]
[17:50:07:631]912328:[DBG]:CMD:[0x37]->[0x00]
[17:50:07:631]912328:[DBG]:CMD:[0x01]->[0x00]
[17:50:07:631]912330:[DBG]:CMD:[0x20]->[0x00]
[17:50:07:834]912534:[DBG]:IIC:TEMP ID 0:0x008E,0x0068,0x009A,0x0099,
[17:50:07:834]912534:[DBG]:IIC:TEMP ID 4:0x0004,0x006B,0x001C,0x0090,
[17:50:07:928]912632:[DBG]:CMD:[0x37]->[0x00]
[17:50:07:928]912632:[DBG]:CMD:[0x01]->[0x00]
[17:50:07:928]912634:[DBG]:CMD:[0x20]->[0x00]
[17:50:08:225]912934:[DBG]:CMD:[0x37]->[0x00]
[17:50:08:225]912936:[DBG]:CMD:[0x01]->[0x00]
[17:50:08:225]912936:[DBG]:CMD:[0x20]->[0x00]
[17:50:08:537]913238:[DBG]:CMD:[0x37]->[0x00]
[17:50:08:537]913238:[DBG]:CMD:[0x01]->[0x00]
[17:50:08:537]913240:[DBG]:CMD:[0x20]->[0x00]
[17:50:08:834]913542:[DBG]:CMD:[0x37]->[0x00]
[17:50:08:834]913542:[DBG]:CMD:[0x01]->[0x00]
[17:50:08:834]913544:[DBG]:CMD:[0x20]->[0x00]
[17:50:09:147]913844:[DBG]:CMD:[0x37]->[0x00]
[17:50:09:147]913846:[DBG]:CMD:[0x01]->[0x00]
[17:50:09:147]913846:[DBG]:CMD:[0x20]->[0x00]
[17:50:09:443]914148:[DBG]:CMD:[0x37]->[0x00]
[17:50:09:443]914148:[DBG]:CMD:[0x01]->[0x00]
[17:50:09:443]914150:[DBG]:CMD:[0x20]->[0x00]
[17:50:09:756]914452:[DBG]:CMD:[0x37]->[0x00]
[17:50:09:756]914452:[DBG]:CMD:[0x01]->[0x00]
[17:50:09:756]914454:[DBG]:CMD:[0x20]->[0x00]
[17:50:09:834]914534:[DBG]:IIC:TEMP ID 0:0x0087,0x0068,0x0097,0x0099,
[17:50:09:834]914534:[DBG]:IIC:TEMP ID 4:0x0005,0x006B,0x0009,0x0090,
[17:50:10:053]914756:[DBG]:CMD:[0x37]->[0x00]
[17:50:10:053]914756:[DBG]:CMD:[0x01]->[0x00]
[17:50:10:053]914756:[DBG]:CMD:[0x20]->[0x00]
[17:50:10:349]915060:[DBG]:CMD:[0x37]->[0x00]
[17:50:10:349]915060:[DBG]:CMD:[0x01]->[0x00]
[17:50:10:349]915062:[DBG]:CMD:[0x20]->[0x00]
[17:50:10:662]915362:[DBG]:CMD:[0x37]->[0x00]
[17:50:10:662]915364:[DBG]:CMD:[0x01]->[0x00]
[17:50:10:662]915364:[DBG]:CMD:[0x20]->[0x00]
[17:50:10:958]915666:[DBG]:CMD:[0x37]->[0x00]
[17:50:10:958]915666:[DBG]:CMD:[0x01]->[0x00]
[17:50:10:958]915668:[DBG]:CMD:[0x20]->[0x00]
[17:50:11:271]915970:[DBG]:CMD:[0x37]->[0x00]
[17:50:11:271]915970:[DBG]:CMD:[0x01]->[0x00]
[17:50:11:271]915972:[DBG]:CMD:[0x20]->[0x00]
[17:50:11:568]916272:[DBG]:CMD:[0x37]->[0x00]
[17:50:11:568]916274:[DBG]:CMD:[0x01]->[0x00]
[17:50:11:568]916274:[DBG]:CMD:[0x20]->[0x00]
[17:50:11:833]916534:[DBG]:IIC:TEMP ID 0:0x0078,0x0068,0x00A0,0x0099,
[17:50:11:833]916534:[DBG]:IIC:TEMP ID 4:0x0004,0x006B,0x001A,0x0090,
[17:50:11:865]916576:[DBG]:CMD:[0x37]->[0x00]
[17:50:11:865]916576:[DBG]:CMD:[0x01]->[0x00]
[17:50:11:865]916578:[DBG]:CMD:[0x20]->[0x00]
[17:50:12:177]916880:[DBG]:CMD:[0x37]->[0x00]
[17:50:12:177]916880:[DBG]:CMD:[0x01]->[0x00]
[17:50:12:177]916882:[DBG]:CMD:[0x20]->[0x00]
[17:50:12:474]917184:[DBG]:CMD:[0x37]->[0x00]
[17:50:12:474]917184:[DBG]:CMD:[0x01]->[0x00]
[17:50:12:474]917184:[DBG]:CMD:[0x20]->[0x00]
[17:50:12:786]917486:[DBG]:CMD:[0x37]->[0x00]
[17:50:12:786]917486:[DBG]:CMD:[0x01]->[0x00]
[17:50:12:786]917488:[DBG]:CMD:[0x20]->[0x00]
[17:50:13:083]917790:[DBG]:CMD:[0x37]->[0x00]
[17:50:13:083]917790:[DBG]:CMD:[0x01]->[0x00]
[17:50:13:083]917792:[DBG]:CMD:[0x20]->[0x00]
[17:50:13:380]918094:[DBG]:CMD:[0x37]->[0x00]
[17:50:13:380]918094:[DBG]:CMD:[0x01]->[0x00]
[17:50:13:380]918094:[DBG]:CMD:[0x20]->[0x00]
[17:50:13:692]918396:[DBG]:CMD:[0x37]->[0x00]
[17:50:13:692]918398:[DBG]:CMD:[0x01]->[0x00]
[17:50:13:692]918398:[DBG]:CMD:[0x20]->[0x00]
[17:50:13:833]918534:[DBG]:IIC:TEMP ID 0:0x007B,0x0068,0x009F,0x0099,
[17:50:13:833]918534:[DBG]:IIC:TEMP ID 4:0x0007,0x006B,0x0011,0x0090,
[17:50:13:989]918700:[DBG]:CMD:[0x37]->[0x00]
[17:50:13:989]918700:[DBG]:CMD:[0x01]->[0x00]
[17:50:13:989]918702:[DBG]:CMD:[0x20]->[0x00]
[17:50:14:302]919004:[DBG]:CMD:[0x37]->[0x00]
[17:50:14:302]919004:[DBG]:CMD:[0x01]->[0x00]
[17:50:14:302]919006:[DBG]:CMD:[0x20]->[0x00]
[17:50:14:598]919306:[DBG]:CMD:[0x37]->[0x00]
[17:50:14:598]919308:[DBG]:CMD:[0x01]->[0x00]
[17:50:14:598]919308:[DBG]:CMD:[0x20]->[0x00]
[17:50:14:911]919610:[DBG]:CMD:[0x37]->[0x00]
[17:50:14:911]919610:[DBG]:CMD:[0x01]->[0x00]
[17:50:14:911]919612:[DBG]:CMD:[0x20]->[0x00]
[17:50:15:208]919914:[DBG]:CMD:[0x37]->[0x00]
[17:50:15:208]919914:[DBG]:CMD:[0x01]->[0x00]
[17:50:15:208]919918:[DBG]:CMD:[0x20]->[0x00]
[17:50:15:520]920220:[DBG]:CMD:[0x37]->[0x00]
[17:50:15:520]920222:[DBG]:CMD:[0x01]->[0x00]
[17:50:15:520]920222:[DBG]:CMD:[0x20]->[0x00]
[17:50:15:785]920524:[DBG]:CMD:[0x37]->[0x00]
[17:50:15:785]920524:[DBG]:CMD:[0x01]->[0x00]
[17:50:15:785]920526:[DBG]:CMD:[0x20]->[0x00]
[17:50:15:832]920534:[DBG]:IIC:TEMP ID 0:0x0082,0x0068,0x009E,0x0099,
[17:50:15:832]920534:[DBG]:IIC:TEMP ID 4:0x0004,0x006B,0x00F6,0x008F,
[17:50:16:114]920826:[DBG]:CMD:[0x37]->[0x00]
[17:50:16:114]920828:[DBG]:CMD:[0x01]->[0x00]
[17:50:16:114]920828:[DBG]:CMD:[0x20]->[0x00]
[17:50:16:426]921130:[DBG]:CMD:[0x37]->[0x00]
[17:50:16:426]921130:[DBG]:CMD:[0x01]->[0x00]
[17:50:16:426]921132:[DBG]:CMD:[0x20]->[0x00]
[17:50:16:723]921434:[DBG]:CMD:[0x37]->[0x00]
[17:50:16:723]921434:[DBG]:CMD:[0x01]->[0x00]
[17:50:16:723]921436:[DBG]:CMD:[0x20]->[0x00]
[17:50:17:020]921736:[DBG]:CMD:[0x37]->[0x00]
[17:50:17:020]921738:[DBG]:CMD:[0x01]->[0x00]
[17:50:17:020]921738:[DBG]:CMD:[0x20]->[0x00]
[17:50:17:332]922040:[DBG]:CMD:[0x37]->[0x00]
[17:50:17:332]922040:[DBG]:CMD:[0x01]->[0x00]
[17:50:17:332]922042:[DBG]:CMD:[0x20]->[0x00]
[17:50:17:629]922344:[DBG]:CMD:[0x37]->[0x00]
[17:50:17:629]922344:[DBG]:CMD:[0x01]->[0x00]
[17:50:17:629]922346:[DBG]:CMD:[0x20]->[0x00]
[17:50:17:816]922534:[DBG]:IIC:TEMP ID 0:0x0091,0x0068,0x0099,0x0099,
[17:50:17:816]922534:[DBG]:IIC:TEMP ID 4:0x000B,0x006B,0x0001,0x0090,
[17:50:17:941]922646:[DBG]:CMD:[0x37]->[0x00]
[17:50:17:941]922648:[DBG]:CMD:[0x01]->[0x00]
[17:50:17:941]922648:[DBG]:CMD:[0x20]->[0x00]
[17:50:18:238]922950:[DBG]:CMD:[0x37]->[0x00]
[17:50:18:238]922950:[DBG]:CMD:[0x01]->[0x00]
[17:50:18:238]922952:[DBG]:CMD:[0x20]->[0x00]
[17:50:18:535]923254:[DBG]:CMD:[0x37]->[0x00]
[17:50:18:535]92325:[DBG]:CMD:[0x01]->[0x00]
[17:50:18:535]923256:[DBG]:CMD:[0x20]->[0x00]
[17:50:18:847]923556:[DBG]:CMD:[0x37]->[0x00]
[17:50:18:847]923560:[DBG]:CMD:[0x01]->[0x00]
[17:50:18:847]923560:[DBG]:CMD:[0x20]->[0x00]
[17:50:19:144]923862:[DBG]:CMD:[0x37]->[0x00]
[17:50:19:144]923862:[DBG]:CMD:[0x01]->[0x00]
[17:50:19:144]923864:[DBG]:CMD:[0x20]->[0x00]
[17:50:19:457]924166:[DBG]:CMD:[0x37]->[0x00]
[17:50:19:457]924166:[DBG]:CMD:[0x01]->[0x00]
[17:50:19:457]924166:[DBG]:CMD:[0x20]->[0x00]
[17:50:19:753]924468:[DBG]:CMD:[0x37]->[0x00]
[17:50:19:753]924470:[DBG]:CMD:[0x01]->[0x00]
[17:50:19:753]924470:[DBG]:CMD:[0x20]->[0x00]
[17:50:19:816]924534:[DBG]:IIC:TEMP ID 0:0x0092,0x0068,0x008C,0x0099,
[17:50:19:816]924534:[DBG]:IIC:TEMP ID 4:0x0006,0x006B,0x000A,0x0090,
[17:50:20:050]924772:[DBG]:CMD:[0x37]->[0x00]
[17:50:20:050]924772:[DBG]:CMD:[0x01]->[0x00]
[17:50:20:050]924774:[DBG]:CMD:[0x20]->[0x00]
[17:50:20:363]925076:[DBG]:CMD:[0x37]->[0x00]
[17:50:20:363]925076:[DBG]:CMD:[0x01]->[0x00]
[17:50:20:363]925078:[DBG]:CMD:[0x20]->[0x00]
[17:50:20:659]925378:[DBG]:CMD:[0x37]->[0x00]
[17:50:20:659]925380:[DBG]:CMD:[0x01]->[0x00]
[17:50:20:659]925380:[DBG]:CMD:[0x20]->[0x00]
[17:50:20:972]925682:[DBG]:CMD:[0x37]->[0x00]
[17:50:20:972]925682:[DBG]:CMD:[0x01]->[0x00]
[17:50:20:972]925684:[DBG]:CMD:[0x20]->[0x00]
[17:50:21:269]925986:[DBG]:CMD:[0x37]->[0x00]
[17:50:21:269]925986:[DBG]:CMD:[0x01]->[0x00]
[17:50:21:269]925988:[DBG]:CMD:[0x20]->[0x00]
[17:50:21:565]926288:[DBG]:CMD:[0x37]->[0x00]
[17:50:21:565]926290:[DBG]:CMD:[0x01]->[0x00]
[17:50:21:565]926290:[DBG]:CMD:[0x20]->[0x00]
[17:50:21:815]926534:[DBG]:IIC:TEMP ID 0:0x007D,0x0068,0x0099,0x0099,
[17:50:21:815]926534:[DBG]:IIC:TEMP ID 4:0x0005,0x006B,0x000B,0x0090,
[17:50:21:878]926592:[DBG]:CMD:[0x37]->[0x00]
[17:50:21:878]926592:[DBG]:CMD:[0x01]->[0x00]
[17:50:21:878]926594:[DBG]:CMD:[0x20]->[0x00]
[17:50:22:175]926896:[DBG]:CMD:[0x37]->[0x00]
[17:50:22:175]926896:[DBG]:CMD:[0x01]->[0x00]
[17:50:22:175]926898:[DBG]:CMD:[0x20]->[0x00]
[17:50:22:487]927198:[DBG]:CMD:[0x37]->[0x00]
[17:50:22:487]927200:[DBG]:CMD:[0x01]->[0x00]
[17:50:22:487]927200:[DBG]:CMD:[0x20]->[0x00]
[17:50:22:784]927502:[DBG]:CMD:[0x37]->[0x00]
[17:50:22:784]927502:[DBG]:CMD:[0x01]->[0x00]
[17:50:22:784]927504:[DBG]:CMD:[0x20]->[0x00]
[17:50:23:081]927806:[DBG]:CMD:[0x37]->[0x00]
[17:50:23:081]927806:[DBG]:CMD:[0x01]->[0x00]
[17:50:23:081]927808:[DBG]:CMD:[0x20]->[0x00]
[17:50:23:393]928108:[DBG]:CMD:[0x37]->[0x00]
[17:50:23:393]928110:[DBG]:CMD:[0x01]->[0x00]
[17:50:23:393]928110:[DBG]:CMD:[0x20]->[0x00]
[17:50:23:705]928412:[DBG]:CMD:[0x37]->[0x00]
[17:50:23:705]928412:[DBG]:CMD:[0x01]->[0x00]
[17:50:23:705]928414:[DBG]:CMD:[0x20]->[0x00]
[17:50:23:815]928534:[DBG]:IIC:TEMP ID 0:0x0082,0x0068,0x00A2,0x0099,
[17:50:23:815]928534:[DBG]:IIC:TEMP ID 4:0x0006,0x006B,0x0004,0x0090,
[17:50:24:002]928718:[DBG]:CMD:[0x37]->[0x00]
[17:50:24:002]928720:[DBG]:CMD:[0x01]->[0x00]
[17:50:24:002]928722:[DBG]:CMD:[0x20]->[0x00]
[17:50:24:299]929022:[DBG]:CMD:[0x37]->[0x00]
[17:50:24:299]929022:[DBG]:CMD:[0x01]->[0x00]
[17:50:24:299]929024:[DBG]:CMD:[0x20]->[0x00]
[17:50:24:612]929326:[DBG]:CMD:[0x37]->[0x00]
[17:50:24:612]929326:[DBG]:CMD:[0x01]->[0x00]
[17:50:24:612]929328:[DBG]:CMD:[0x20]->[0x00]
[17:50:24:908]929630:[DBG]:CMD:[0x37]->[0x00]
[17:50:24:908]929630:[DBG]:CMD:[0x01]->[0x00]
[17:50:24:908]929630:[DBG]:CMD:[0x20]->[0x00]
[17:50:25:205]929932:[DBG]:CMD:[0x37]->[0x00]
[17:50:25:205]929934:[DBG]:CMD:[0x01]->[0x00]
[17:50:25:205]929934:[DBG]:CMD:[0x20]->[0x00]
[17:50:25:518]930236:[DBG]:CMD:[0x37]->[0x00]
[17:50:25:518]930236:[DBG]:CMD:[0x01]->[0x00]
[17:50:25:518]930238:[DBG]:CMD:[0x20]->[0x00]
[17:50:25:783]930534:[DBG]:IIC:TEMP ID 0:0x008F,0x0068,0x009F,0x0099,
[17:50:25:783]930534:[DBG]:IIC:TEMP ID 4:0x0005,0x006B,0x00FF,0x008F,
[17:50:25:830]930540:[DBG]:CMD:[0x37]->[0x00]
[17:50:25:830]930540:[DBG]:CMD:[0x01]->[0x00]
[17:50:25:830]930542:[DBG]:CMD:[0x20]->[0x00]
[17:50:26:127]930842:[DBG]:CMD:[0x37]->[0x00]
[17:50:26:127]930844:[DBG]:CMD:[0x01]->[0x00]
[17:50:26:127]930844:[DBG]:CMD:[0x20]->[0x00]
[17:50:26:424]931146:[DBG]:CMD:[0x37]->[0x00]
[17:50:26:424]931146:[DBG]:CMD:[0x01]->[0x00]
[17:50:26:424]931148:[DBG]:CMD:[0x20]->[0x00]
[17:50:26:736]931450:[DBG]:CMD:[0x37]->[0x00]
[17:50:26:736]931450:[DBG]:CMD:[0x01]->[0x00]
[17:50:26:736]931452:[DBG]:CMD:[0x20]->[0x00]
[17:50:27:033]931752:[DBG]:CMD:[0x37]->[0x00]
[17:50:27:033]931754:[DBG]:CMD:[0x01]->[0x00]
[17:50:27:033]931754:[DBG]:CMD:[0x20]->[0x00]
[17:50:27:330]932056:[DBG]:CMD:[0x37]->[0x00]
[17:50:27:330]932056:[DBG]:CMD:[0x01]->[0x00]
[17:50:27:330]932060:[DBG]:CMD:[0x20]->[0x00]
[17:50:27:642]932360:[DBG]:CMD:[0x37]->[0x00]
[17:50:27:642]932362:[DBG]:CMD:[0x01]->[0x00]
[17:50:27:642]932362:[DBG]:CMD:[0x20]->[0x00]
[17:50:27:814]932534:[DBG]:IIC:TEMP ID 0:0x0082,0x0068,0x009A,0x0099,
[17:50:27:814]932534:[DBG]:IIC:TEMP ID 4:0x0002,0x006B,0x00EA,0x008F,
[17:50:27:939]932664:[DBG]:CMD:[0x37]->[0x00]
[17:50:27:939]932664:[DBG]:CMD:[0x01]->[0x00]
[17:50:27:939]932666:[DBG]:CMD:[0x20]->[0x00]
[17:50:28:251]932968:[DBG]:CMD:[0x37]->[0x00]
[17:50:28:251]932968:[DBG]:CMD:[0x01]->[0x00]
[17:50:28:251]932970:[DBG]:CMD:[0x20]->[0x00]
[17:50:28:548]933270:[DBG]:CMD:[0x37]->[0x00]
[17:50:28:548]933270:[DBG]:CMD:[0x01]->[0x00]
[17:50:28:548]933272:[DBG]:CMD:[0x20]->[0x00]
[17:50:28:845]933574:[DBG]:CMD:[0x37]->[0x00]
[17:50:28:845]933574:[DBG]:CMD:[0x01]->[0x00]
[17:50:28:845]933576:[DBG]:CMD:[0x20]->[0x00]
[17:50:29:157]933878:[DBG]:CMD:[0x37]->[0x00]
[17:50:29:157]933878:[DBG]:CMD:[0x01]->[0x00]
[17:50:29:157]933878:[DBG]:CMD:[0x20]->[0x00]
[17:50:29:454]934180:[DBG]:CMD:[0x37]->[0x00]
[17:50:29:454]934180:[DBG]:CMD:[0x01]->[0x00]
[17:50:29:454]934182:[DBG]:CMD:[0x20]->[0x00]
[17:50:29:767]934484:[DBG]:CMD:[0x37]->[0x00]
[17:50:29:767]934484:[DBG]:CMD:[0x01]->[0x00]
[17:50:29:767]934486:[DBG]:CMD:[0x20]->[0x00]
[17:50:29:814]934534:[DBG]:IIC:TEMP ID 0:0x0095,0x0068,0x00B3,0x0099,
[17:50:29:814]934534:[DBG]:IIC:TEMP ID 4:0x0007,0x006B,0x00EB,0x008F,
[17:50:30:063]934786:[DBG]:CMD:[0x37]->[0x00]
[17:50:30:063]934788:[DBG]:CMD:[0x01]->[0x00]
[17:50:30:063]934788:[DBG]:CMD:[0x20]->[0x00]
[17:50:30:360]935090:[DBG]:CMD:[0x37]->[0x00]
[17:50:30:360]935090:[DBG]:CMD:[0x01]->[0x00]
[17:50:30:360]935092:[DBG]:CMD:[0x20]->[0x00]
[17:50:30:673]935394:[DBG]:CMD:[0x37]->[0x00]
[17:50:30:673]935394:[DBG]:CMD:[0x01]->[0x00]
[17:50:30:673]935396:[DBG]:CMD:[0x20]->[0x00]
[17:50:30:969]935696:[DBG]:CMD:[0x37]->[0x00]
[17:50:30:969]935698:[DBG]:CMD:[0x01]->[0x00]
[17:50:30:969]935698:[DBG]:CMD:[0x20]->[0x00]
[17:50:31:266]936000:[DBG]:CMD:[0x37]->[0x00]
[17:50:31:266]936000:[DBG]:CMD:[0x01]->[0x00]
[17:50:31:266]936002:[DBG]:CMD:[0x20]->[0x00]
[17:50:31:579]936304:[DBG]:CMD:[0x37]->[0x00]
[17:50:31:579]936304:[DBG]:CMD:[0x01]->[0x00]
[17:50:31:579]936306:[DBG]:CMD:[0x20]->[0x00]
[17:50:31:813]936534:[DBG]:IIC:TEMP ID 0:0x0074,0x0068,0x00A8,0x0099,
[17:50:31:813]936534:[DBG]:IIC:TEMP ID 4:0x0004,0x006B,0x00DA,0x008F,
[17:50:31:891]936606:[DBG]:CMD:[0x37]->[0x00]
[17:50:31:891]936608:[DBG]:CMD:[0x01]->[0x00]
[17:50:31:891]936608:[DBG]:CMD:[0x20]->[0x00]
[17:50:32:188]936910:[DBG]:CMD:[0x37]->[0x00]
[17:50:32:188]936910:[DBG]:CMD:[0x01]->[0x00]
[17:50:32:188]936912:[DBG]:CMD:[0x20]->[0x00]
[17:50:32:500]937214:[DBG]:CMD:[0x37]->[0x00]
[17:50:32:500]937214:[DBG]:CMD:[0x01]->[0x00]
[17:50:32:500]937218:[DBG]:CMD:[0x20]->[0x00]
[17:50:32:797]937520:[DBG]:CMD:[0x37]->[0x00]
[17:50:32:797]937522:[DBG]:CMD:[0x01]->[0x00]
[17:50:32:797]937522:[DBG]:CMD:[0x20]->[0x00]
[17:50:33:094]937824:[DBG]:CMD:[0x37]->[0x00]
[17:50:33:094]937824:[DBG]:CMD:[0x01]->[0x00]
[17:50:33:094]937826:[DBG]:CMD:[0x20]->[0x00]
[17:50:33:407]938126:[DBG]:CMD:[0x37]->[0x00]
[17:50:33:407]938128:[DBG]:CMD:[0x01]->[0x00]
[17:50:33:407]938128:[DBG]:CMD:[0x20]->[0x00]
[17:50:33:703]938430:[DBG]:CMD:[0x37]->[0x00]
[17:50:33:703]938430:[DBG]:CMD:[0x01]->[0x00]
[17:50:33:703]938432:[DBG]:CMD:[0x20]->[0x00]
[17:50:33:813]938534:[DBG]:IIC:TEMP ID 0:0x0095,0x0068,0x00A5,0x0099,
[17:50:33:813]938534:[DBG]:IIC:TEMP ID 4:0x0007,0x006B,0x00E3,0x008F,
[17:50:34:000]938734:[DBG]:CMD:[0x37]->[0x00]
[17:50:34:000]938734:[DBG]:CMD:[0x01]->[0x00]
[17:50:34:000]938736:[DBG]:CMD:[0x20]->[0x00]
[17:50:34:313]939038:[DBG]:CMD:[0x37]->[0x00]
[17:50:34:313]939038:[DBG]:CMD:[0x01]->[0x00]
[17:50:34:313]939040:[DBG]:CMD:[0x20]->[0x00]
[17:50:34:609]939340:[DBG]:CMD:[0x37]->[0x00]
[17:50:34:609]939340:[DBG]:CMD:[0x01]->[0x00]
[17:50:34:609]939342:[DBG]:CMD:[0x20]->[0x00]
[17:50:34:906]939642:[DBG]:CMD:[0x37]->[0x00]
[17:50:34:906]939644:[DBG]:CMD:[0x01]->[0x00]
[17:50:34:906]939644:[DBG]:CMD:[0x20]->[0x00]
[17:50:35:219]939946:[DBG]:CMD:[0x37]->[0x00]
[17:50:35:219]939946:[DBG]:CMD:[0x01]->[0x00]
[17:50:35:219]939948:[DBG]:CMD:[0x20]->[0x00]
[17:50:35:515]940248:[DBG]:CMD:[0x37]->[0x00]
[17:50:35:515]940250:[DBG]:CMD:[0x01]->[0x00]
[17:50:35:515]940250:[DBG]:CMD:[0x20]->[0x00]
[17:50:35:781]940534:[DBG]:IIC:TEMP ID 0:0x008C,0x0068,0x00A6,0x0099,
[17:50:35:781]940534:[DBG]:IIC:TEMP ID 4:0x0008,0x006B,0x00F4,0x008F,
[17:50:35:828]940552:[DBG]:CMD:[0x37]->[0x00]
[17:50:35:828]940552:[DBG]:CMD:[0x01]->[0x00]
[17:50:35:828]940554:[DBG]:CMD:[0x20]->[0x00]
[17:50:36:125]940854:[DBG]:CMD:[0x37]->[0x00]
[17:50:36:125]940854:[DBG]:CMD:[0x01]->[0x00]
[17:50:36:125]940856:[DBG]:CMD:[0x20]->[0x00]
[17:50:36:421]941160:[DBG]:CMD:[0x37]->[0x00]
[17:50:36:421]941160:[DBG]:CMD:[0x01]->[0x00]
[17:50:36:421]941162:[DBG]:CMD:[0x20]->[0x00]
[17:50:36:734]941462:[DBG]:CMD:[0x37]->[0x00]
[17:50:36:734]941464:[DBG]:CMD:[0x01]->[0x00]
[17:50:36:734]941464:[DBG]:CMD:[0x20]->[0x00]
[17:50:37:031]941766:[DBG]:CMD:[0x37]->[0x00]
[17:50:37:031]941766:[DBG]:CMD:[0x01]->[0x00]
[17:50:37:031]941768:[DBG]:CMD:[0x20]->[0x00]
[17:50:37:343]942068:[DBG]:CMD:[0x37]->[0x00]
[17:50:37:343]942068:[DBG]:CMD:[0x01]->[0x00]
[17:50:37:343]942070:[DBG]:CMD:[0x20]->[0x00]
[17:50:37:640]942372:[DBG]:CMD:[0x37]->[0x00]
[17:50:37:640]942372:[DBG]:CMD:[0x01]->[0x00]
[17:50:37:640]942374:[DBG]:CMD:[0x20]->[0x00]
[17:50:37:796]942534:[DBG]:IIC:TEMP ID 0:0x008D,0x0068,0x00B1,0x0099,
[17:50:37:796]942534:[DBG]:IIC:TEMP ID 4:0x0009,0x006B,0x00EF,0x008F,
[17:50:37:937]942674:[DBG]:CMD:[0x37]->[0x00]
[17:50:37:937]942674:[DBG]:CMD:[0x01]->[0x00]
[17:50:37:937]942676:[DBG]:CMD:[0x20]->[0x00]
[17:50:38:249]942978:[DBG]:CMD:[0x37]->[0x00]
[17:50:38:249]942978:[DBG]:CMD:[0x01]->[0x00]
[17:50:38:249]942980:[DBG]:CMD:[0x20]->[0x00]
[17:50:38:546]943280:[DBG]:CMD:[0x37]->[0x00]
[17:50:38:546]943280:[DBG]:CMD:[0x01]->[0x00]
[17:50:38:546]943282:[DBG]:CMD:[0x20]->[0x00]
[17:50:38:843]943584:[DBG]:CMD:[0x37]->[0x00]
[17:50:38:843]943584:[DBG]:CMD:[0x01]->[0x00]
[17:50:38:843]943584:[DBG]:CMD:[0x20]->[0x00]
[17:50:39:155]943886:[DBG]:CMD:[0x37]->[0x00]
[17:50:39:155]943886:[DBG]:CMD:[0x01]->[0x00]
[17:50:39:155]943888:[DBG]:CMD:[0x20]->[0x00]
[17:50:39:452]944188:[DBG]:CMD:[0x37]->[0x00]
[17:50:39:452]944190:[DBG]:CMD:[0x01]->[0x00]
[17:50:39:452]944190:[DBG]:CMD:[0x20]->[0x00]
[17:50:39:749]944492:[DBG]:CMD:[0x37]->[0x00]
[17:50:39:749]944492:[DBG]:CMD:[0x01]->[0x00]
[17:50:39:749]944494:[DBG]:CMD:[0x20]->[0x00]
[17:50:39:796]944534:[DBG]:IIC:TEMP ID 0:0x008E,0x0068,0x00C2,0x0099,
[17:50:39:796]944534:[DBG]:IIC:TEMP ID 4:0x0008,0x006B,0x00EC,0x008F,
[17:50:40:061]944794:[DBG]:CMD:[0x37]->[0x00]
[17:50:40:061]944796:[DBG]:CMD:[0x01]->[0x00]
[17:50:40:061]944796:[DBG]:CMD:[0x20]->[0x00]
[17:50:40:358]945098:[DBG]:CMD:[0x37]->[0x00]
[17:50:40:358]945098:[DBG]:CMD:[0x01]->[0x00]
[17:50:40:358]945100:[DBG]:CMD:[0x20]->[0x00]
[17:50:40:670]945400:[DBG]:CMD:[0x37]->[0x00]
[17:50:40:670]945400:[DBG]:CMD:[0x01]->[0x00]
[17:50:40:670]945402:[DBG]:CMD:[0x20]->[0x00]
[17:50:40:967]945704:[DBG]:CMD:[0x37]->[0x00]
[17:50:40:967]945704:[DBG]:CMD:[0x01]->[0x00]
[17:50:40:967]945706:[DBG]:CMD:[0x20]->[0x00]
[17:50:41:280]946006:[DBG]:CMD:[0x37]->[0x00]
[17:50:41:280]946006:[DBG]:CMD:[0x01]->[0x00]
[17:50:41:280]946008:[DBG]:CMD:[0x20]->[0x00]
[17:50:41:576]946310:[DBG]:CMD:[0x37]->[0x00]
[17:50:41:576]946310:[DBG]:CMD:[0x01]->[0x00]
[17:50:41:576]946310:[DBG]:CMD:[0x20]->[0x00]
[17:50:41:795]946534:[DBG]:IIC:TEMP ID 0:0x0087,0x0068,0x00B9,0x0099,
[17:50:41:795]946534:[DBG]:IIC:TEMP ID 4:0x0009,0x006B,0x00ED,0x008F,
[17:50:41:889]946612:[DBG]:CMD:[0x37]->[0x00]
[17:50:41:889]946612:[DBG]:CMD:[0x01]->[0x00]
[17:50:41:889]946614:[DBG]:CMD:[0x20]->[0x00]
[17:50:42:186]946914:[DBG]:CMD:[0x37]->[0x00]
[17:50:42:186]946918:[DBG]:CMD:[0x01]->[0x00]
[17:50:42:186]946920:[DBG]:CMD:[0x20]->[0x00]
[17:50:42:482]947222:[DBG]:CMD:[0x37]->[0x00]
[17:50:42:482]947222:[DBG]:CMD:[0x01]->[0x00]
[17:50:42:482]947222:[DBG]:CMD:[0x20]->[0x00]
[17:50:42:779]947524:[DBG]:CMD:[0x37]->[0x00]
[17:50:42:779]947526:[DBG]:CMD:[0x01]->[0x00]
[17:50:42:779]947526:[DBG]:CMD:[0x20]->[0x00]
[17:50:43:092]947828:[DBG]:CMD:[0x37]->[0x00]
[17:50:43:092]947828:[DBG]:CMD:[0x01]->[0x00]
[17:50:43:092]947830:[DBG]:CMD:[0x20]->[0x00]
[17:50:43:389]948130:[DBG]:CMD:[0x37]->[0x00]
[17:50:43:389]948132:[DBG]:CMD:[0x01]->[0x00]
[17:50:43:389]948132:[DBG]:CMD:[0x20]->[0x00]
[17:50:43:701]948434:[DBG]:CMD:[0x37]->[0x00]
[17:50:43:701]948434:[DBG]:CMD:[0x01]->[0x00]
[17:50:43:701]948436:[DBG]:CMD:[0x20]->[0x00]
[17:50:43:795]948534:[DBG]:IIC:TEMP ID 0:0x009A,0x0068,0x00AE,0x0099,
[17:50:43:795]948534:[DBG]:IIC:TEMP ID 4:0x0008,0x006B,0x00EE,0x008F,
[17:50:43:998]948736:[DBG]:CMD:[0x37]->[0x00]
[17:50:43:998]948736:[DBG]:CMD:[0x01]->[0x00]
[17:50:43:998]948738:[DBG]:CMD:[0x20]->[0x00]
[17:50:44:294]949040:[DBG]:CMD:[0x37]->[0x00]
[17:50:44:294]949040:[DBG]:CMD:[0x01]->[0x00]
[17:50:44:294]949042:[DBG]:CMD:[0x20]->[0x00]
[17:50:44:607]949342:[DBG]:CMD:[0x37]->[0x00]
[17:50:44:607]949344:[DBG]:CMD:[0x01]->[0x00]
[17:50:44:607]949344:[DBG]:CMD:[0x20]->[0x00]
[17:50:44:903]949646:[DBG]:CMD:[0x37]->[0x00]
[17:50:44:903]949646:[DBG]:CMD:[0x01]->[0x00]
[17:50:44:903]949648:[DBG]:CMD:[0x20]->[0x00]
[17:50:45:216]949950:[DBG]:CMD:[0x37]->[0x00]
[17:50:45:216]949950:[DBG]:CMD:[0x01]->[0x00]
[17:50:45:216]949952:[DBG]:CMD:[0x20]->[0x00]
[17:50:45:513]950252:[DBG]:CMD:[0x37]->[0x00]
[17:50:45:513]950254:[DBG]:CMD:[0x01]->[0x00]
[17:50:45:513]950254:[DBG]:CMD:[0x20]->[0x00]
[17:50:45:779]950534:[DBG]:IIC:TEMP ID 0:0x0081,0x0068,0x00BB,0x0099,
[17:50:45:779]950534:[DBG]:IIC:TEMP ID 4:0x0009,0x006B,0x00ED,0x008F,
[17:50:45:809]950556:[DBG]:CMD:[0x37]->[0x00]
[17:50:45:809]950556:[DBG]:CMD:[0x01]->[0x00]
[17:50:45:809]950560:[DBG]:CMD:[0x20]->[0x00]
[17:50:46:122]950860:[DBG]:CMD:[0x37]->[0x00]
[17:50:46:122]950860:[DBG]:CMD:[0x01]->[0x00]
[17:50:46:122]950862:[DBG]:CMD:[0x20]->[0x00]
[17:50:46:419]951164:[DBG]:CMD:[0x37]->[0x00]
[17:50:46:419]951164:[DBG]:CMD:[0x01]->[0x00]
[17:50:46:419]951166:[DBG]:CMD:[0x20]->[0x00]
[17:50:46:732]951466:[DBG]:CMD:[0x37]->[0x00]
[17:50:46:732]951468:[DBG]:CMD:[0x01]->[0x00]
[17:50:46:732]951468:[DBG]:CMD:[0x20]->[0x00]
[17:50:47:028]951770:[DBG]:CMD:[0x37]->[0x00]
[17:50:47:028]951770:[DBG]:CMD:[0x01]->[0x00]
[17:50:47:028]951772:[DBG]:CMD:[0x20]->[0x00]
[17:50:47:325]952074:[DBG]:CMD:[0x37]->[0x00]
[17:50:47:325]952074:[DBG]:CMD:[0x01]->[0x00]
[17:50:47:325]952076:[DBG]:CMD:[0x20]->[0x00]
[17:50:47:638]952376:[DBG]:CMD:[0x37]->[0x00]
[17:50:47:638]952378:[DBG]:CMD:[0x01]->[0x00]
[17:50:47:638]952378:[DBG]:CMD:[0x20]->[0x00]
[17:50:47:793]952534:[DBG]:IIC:TEMP ID 0:0x0088,0x0068,0x00C0,0x0099,
[17:50:47:793]952534:[DBG]:IIC:TEMP ID 4:0x000C,0x006B,0x00F8,0x008F,
[17:50:47:934]952680:[DBG]:CMD:[0x37]->[0x00]
[17:50:47:934]952680:[DBG]:CMD:[0x01]->[0x00]
[17:50:47:934]952682:[DBG]:CMD:[0x20]->[0x00]
[17:50:48:247]952984:[DBG]:CMD:[0x37]->[0x00]
[17:50:48:247]952984:[DBG]:CMD:[0x01]->[0x00]
[17:50:48:247]952986:[DBG]:CMD:[0x20]->[0x00]
[17:50:48:544]953286:[DBG]:CMD:[0x37]->[0x00]
[17:50:48:544]953286:[DBG]:CMD:[0x01]->[0x00]
[17:50:48:544]953288:[DBG]:CMD:[0x20]->[0x00]
[17:50:48:840]953588:[DBG]:CMD:[0x37]->[0x00]
[17:50:48:840]953590:[DBG]:CMD:[0x01]->[0x00]
[17:50:48:840]953590:[DBG]:CMD:[0x20]->[0x00]
[17:50:49:153]953892:[DBG]:CMD:[0x37]->[0x00]
[17:50:49:153]953892:[DBG]:CMD:[0x01]->[0x00]
[17:50:49:153]953894:[DBG]:CMD:[0x20]->[0x00]
[17:50:49:449]954194:[DBG]:CMD:[0x37]->[0x00]
[17:50:49:449]954196:[DBG]:CMD:[0x01]->[0x00]
[17:50:49:449]954196:[DBG]:CMD:[0x20]->[0x00]
[17:50:49:746]954498:[DBG]:CMD:[0x37]->[0x00]
[17:50:49:746]954498:[DBG]:CMD:[0x01]->[0x00]
[17:50:49:746]954500:[DBG]:CMD:[0x20]->[0x00]
[17:50:49:793]954534:[DBG]:IIC:TEMP ID 0:0x0089,0x0068,0x00D1,0x0099,
[17:50:49:793]954534:[DBG]:IIC:TEMP ID 4:0x000B,0x006B,0x00E3,0x008F,
[17:50:50:059]954800:[DBG]:CMD:[0x37]->[0x00]
[17:50:50:059]954802:[DBG]:CMD:[0x01]->[0x00]
[17:50:50:059]954802:[DBG]:CMD:[0x20]->[0x00]
[17:50:50:355]955104:[DBG]:CMD:[0x37]->[0x00]
[17:50:50:355]955104:[DBG]:CMD:[0x01]->[0x00]
[17:50:50:355]955106:[DBG]:CMD:[0x20]->[0x00]
[17:50:50:668]955406:[DBG]:CMD:[0x37]->[0x00]
[17:50:50:668]955408:[DBG]:CMD:[0x01]->[0x00]
[17:50:50:668]955408:[DBG]:CMD:[0x20]->[0x00]
[17:50:50:965]955710:[DBG]:CMD:[0x37]->[0x00]
[17:50:50:965]955712:[DBG]:CMD:[0x01]->[0x00]
[17:50:50:965]955712:[DBG]:CMD:[0x20]->[0x00]
[17:50:51:277]956014:[DBG]:CMD:[0x37]->[0x00]
[17:50:51:277]956014:[DBG]:CMD:[0x01]->[0x00]
[17:50:51:277]956016:[DBG]:CMD:[0x20]->[0x00]
[17:50:51:574]956318:[DBG]:CMD:[0x37]->[0x00]
[17:50:51:574]956320:[DBG]:CMD:[0x01]->[0x00]
[17:50:51:574]956322:[DBG]:CMD:[0x20]->[0x00]
[17:50:51:793]956534:[DBG]:IIC:TEMP ID 0:0x008E,0x0068,0x00CA,0x0099,
[17:50:51:793]956534:[DBG]:IIC:TEMP ID 4:0x0008,0x006B,0x00EA,0x008F,
[17:50:51:871]956622:[DBG]:CMD:[0x37]->[0x00]
[17:50:51:871]956624:[DBG]:CMD:[0x01]->[0x00]
[17:50:51:871]956624:[DBG]:CMD:[0x20]->[0x00]
[17:50:52:183]956926:[DBG]:CMD:[0x37]->[0x00]
[17:50:52:183]956926:[DBG]:CMD:[0x01]->[0x00]
[17:50:52:183]956928:[DBG]:CMD:[0x20]->[0x00]
[17:50:52:480]957230:[DBG]:CMD:[0x37]->[0x00]
[17:50:52:480]957230:[DBG]:CMD:[0x01]->[0x00]
[17:50:52:480]957230:[DBG]:CMD:[0x20]->[0x00]
[17:50:52:777]957532:[DBG]:CMD:[0x37]->[0x00]
[17:50:52:777]957532:[DBG]:CMD:[0x01]->[0x00]
[17:50:52:777]957534:[DBG]:CMD:[0x20]->[0x00]
[17:50:53:089]957834:[DBG]:CMD:[0x37]->[0x00]
[17:50:53:089]957836:[DBG]:CMD:[0x01]->[0x00]
[17:50:53:089]957836:[DBG]:CMD:[0x20]->[0x00]
[17:50:53:386]958138:[DBG]:CMD:[0x37]->[0x00]
[17:50:53:386]958138:[DBG]:CMD:[0x01]->[0x00]
[17:50:53:386]958140:[DBG]:CMD:[0x20]->[0x00]
[17:50:53:698]958440:[DBG]:CMD:[0x37]->[0x00]
[17:50:53:698]958442:[DBG]:CMD:[0x01]->[0x00]
[17:50:53:698]958442:[DBG]:CMD:[0x20]->[0x00]
[17:50:53:792]958534:[DBG]:IIC:TEMP ID 0:0x008B,0x0068,0x00F1,0x0099,
[17:50:53:792]958534:[DBG]:IIC:TEMP ID 4:0x0011,0x006B,0x00D1,0x008F,
[17:50:53:995]958744:[DBG]:CMD:[0x37]->[0x00]
[17:50:53:995]958744:[DBG]:CMD:[0x01]->[0x00]
[17:50:53:995]958746:[DBG]:CMD:[0x20]->[0x00]
[17:50:54:292]959046:[DBG]:CMD:[0x37]->[0x00]
[17:50:54:292]959048:[DBG]:CMD:[0x01]->[0x00]
[17:50:54:292]959048:[DBG]:CMD:[0x20]->[0x00]
[17:50:54:605]959350:[DBG]:CMD:[0x37]->[0x00]
[17:50:54:605]959350:[DBG]:CMD:[0x01]->[0x00]
[17:50:54:605]959352:[DBG]:CMD:[0x20]->[0x00]
[17:50:54:901]959654:[DBG]:CMD:[0x37]->[0x00]
[17:50:54:901]959654:[DBG]:CMD:[0x01]->[0x00]
[17:50:54:901]959656:[DBG]:CMD:[0x20]->[0x00]
[17:50:55:214]959956:[DBG]:CMD:[0x37]->[0x00]
[17:50:55:214]959956:[DBG]:CMD:[0x01]->[0x00]
[17:50:55:214]959960:[DBG]:CMD:[0x20]->[0x00]
[17:50:55:511]960260:[DBG]:CMD:[0x37]->[0x00]
[17:50:55:511]960260:[DBG]:CMD:[0x01]->[0x00]
[17:50:55:511]960262:[DBG]:CMD:[0x20]->[0x00]
[17:50:55:776]960534:[DBG]:IIC:TEMP ID 0:0x009E,0x0068,0x00E2,0x0099,
[17:50:55:776]960534:[DBG]:IIC:TEMP ID 4:0x000A,0x006B,0x00F4,0x008F,
[17:50:55:807]960564:[DBG]:CMD:[0x37]->[0x00]
[17:50:55:807]960564:[DBG]:CMD:[0x01]->[0x00]
[17:50:55:807]960566:[DBG]:CMD:[0x20]->[0x00]
[17:50:56:120]960866:[DBG]:CMD:[0x37]->[0x00]
[17:50:56:120]960866:[DBG]:CMD:[0x01]->[0x00]
[17:50:56:120]960868:[DBG]:CMD:[0x20]->[0x00]
[17:50:56:417]961170:[DBG]:CMD:[0x37]->[0x00]
[17:50:56:417]961170:[DBG]:CMD:[0x01]->[0x00]
[17:50:56:417]961170:[DBG]:CMD:[0x20]->[0x00]
[17:50:56:714]961472:[DBG]:CMD:[0x37]->[0x00]
[17:50:56:714]961472:[DBG]:CMD:[0x01]->[0x00]
[17:50:56:714]961474:[DBG]:CMD:[0x20]->[0x00]
[17:50:57:026]961774:[DBG]:CMD:[0x37]->[0x00]
[17:50:57:026]961776:[DBG]:CMD:[0x01]->[0x00]
[17:50:57:026]961776:[DBG]:CMD:[0x20]->[0x00]
[17:50:57:323]962078:[DBG]:CMD:[0x37]->[0x00]
[17:50:57:323]962078:[DBG]:CMD:[0x01]->[0x00]
[17:50:57:323]962080:[DBG]:CMD:[0x20]->[0x00]
[17:50:57:635]962380:[DBG]:CMD:[0x37]->[0x00]
[17:50:57:635]962382:[DBG]:CMD:[0x01]->[0x00]
[17:50:57:635]962382:[DBG]:CMD:[0x20]->[0x00]
[17:50:57:776]962534:[DBG]:IIC:TEMP ID 0:0x0087,0x0068,0x00E1,0x0099,
[17:50:57:776]962534:[DBG]:IIC:TEMP ID 4:0x000F,0x006B,0x00D5,0x008F,
[17:50:57:932]962684:[DBG]:CMD:[0x37]->[0x00]
[17:50:57:932]962684:[DBG]:CMD:[0x01]->[0x00]
[17:50:57:932]962686:[DBG]:CMD:[0x20]->[0x00]
[17:50:58:229]962986:[DBG]:CMD:[0x37]->[0x00]
[17:50:58:229]962986:[DBG]:CMD:[0x01]->[0x00]
[17:50:58:229]962988:[DBG]:CMD:[0x20]->[0x00]
[17:50:58:541]963290:[DBG]:CMD:[0x37]->[0x00]
[17:50:58:541]963290:[DBG]:CMD:[0x01]->[0x00]
[17:50:58:541]963290:[DBG]:CMD:[0x20]->[0x00]
[17:50:58:838]963592:[DBG]:CMD:[0x37]->[0x00]
[17:50:58:838]963592:[DBG]:CMD:[0x01]->[0x00]
[17:50:58:838]963594:[DBG]:CMD:[0x20]->[0x00]
[17:50:59:135]963896:[DBG]:CMD:[0x37]->[0x00]
[17:50:59:135]963896:[DBG]:CMD:[0x01]->[0x00]
[17:50:59:135]963896:[DBG]:CMD:[0x20]->[0x00]
[17:50:59:447]964198:[DBG]:CMD:[0x37]->[0x00]
[17:50:59:447]964198:[DBG]:CMD:[0x01]->[0x00]
[17:50:59:447]964200:[DBG]:CMD:[0x20]->[0x00]
[17:50:59:744]964500:[DBG]:CMD:[0x37]->[0x00]
[17:50:59:744]964502:[DBG]:CMD:[0x01]->[0x00]
[17:50:59:744]964502:[DBG]:CMD:[0x20]->[0x00]
[17:50:59:775]964534:[DBG]:IIC:TEMP ID 0:0x008E,0x0068,0x00DE,0x0099,
[17:50:59:775]964534:[DBG]:IIC:TEMP ID 4:0x000C,0x006B,0x00DC,0x008F,
[17:51:00:056]964806:[DBG]:CMD:[0x37]->[0x00]
[17:51:00:056]964806:[DBG]:CMD:[0x01]->[0x00]
[17:51:00:056]964806:[DBG]:CMD:[0x20]->[0x00]
[17:51:00:353]965108:[DBG]:CMD:[0x37]->[0x00]
[17:51:00:353]965110:[DBG]:CMD:[0x01]->[0x00]
[17:51:00:353]965110:[DBG]:CMD:[0x20]->[0x00]
[17:51:00:666]965412:[DBG]:CMD:[0x37]->[0x00]
[17:51:00:666]965412:[DBG]:CMD:[0x01]->[0x00]
[17:51:00:666]965414:[DBG]:CMD:[0x20]->[0x00]
[17:51:00:963]965718:[DBG]:CMD:[0x37]->[0x00]
[17:51:00:963]965720:[DBG]:CMD:[0x01]->[0x00]
[17:51:00:963]965722:[DBG]:CMD:[0x20]->[0x00]
[17:51:01:259]966022:[DBG]:CMD:[0x37]->[0x00]
[17:51:01:259]966024:[DBG]:CMD:[0x01]->[0x00]
[17:51:01:259]966024:[DBG]:CMD:[0x20]->[0x00]
[17:51:01:572]966326:[DBG]:CMD:[037]->[0x00]
[17:51:01:572]966326:[DBG]:CMD:[0x01]->[0x00]
[17:51:01:572]966328:[DBG]:CMD:[0x20]->[0x00]
[17:51:01:775]966534:[DBG]:IIC:TEMP ID 0:0x008B,0x0068,0x00FB,0x0099,
[17:51:01:775]966534:[DBG]:IIC:TEMP ID 4:0x0011,0x006B,0x00D7,0x008F,
[17:51:01:869]966628:[DBG]:CMD:[0x37]->[0x00]
[17:51:01:869]966630:[DBG]:CMD:[0x01]->[0x00]
[17:51:01:869]966630:[DBG]:CMD:[0x20]->[0x00]
[17:51:02:181]966932:[DBG]:CMD:[0x37]->[0x00]
[17:51:02:181]966932:[DBG]:CMD:[0x01]->[0x00]
[17:51:02:181]966934:[DBG]:CMD:[0x20]->[0x00]
[17:51:02:478]967236:[DBG]:CMD:[0x37]->[0x00]
[17:51:02:478]967236:[DBG]:CMD:[0x01]->[0x00]
[17:51:02:478]967238:[DBG]:CMD:[0x20]->[0x00]
[17:51:02:775]967538:[DBG]:CMD:[0x37]->[0x00]
[17:51:02:775]967540:[DBG]:CMD:[0x01]->[0x00]
[17:51:02:775]967540:[DBG]:CMD:[0x20]->[0x00]
[17:51:03:087]967842:[DBG]:CMD:[0x37]->[0x00]
[17:51:03:087]967842:[DBG]:CMD:[0x01]->[0x00]
[17:51:03:087]967844:[DBG]:CMD:[0x20]->[0x00]
[17:51:03:384]968146:[DBG]:CMD:[0x37]->[0x00]
[17:51:03:384]968146:[DBG]:CMD:[0x01]->[0x00]
[17:51:03:384]968148:[DBG]:CMD:[0x20]->[0x00]
[17:51:03:696]968448:[DBG]:CMD:[0x37]->[0x00]
[17:51:03:696]968450:[DBG]:CMD:[0x01]->[0x00]
[17:51:03:696]968450:[DBG]:CMD:[0x20]->[0x00]
[17:51:03:774]968534:[DBG]:IIC:TEMP ID 0:0x0090,0x0068,0x00FA,0x0099,
[17:51:03:774]968534:[DBG]:IIC:TEMP ID 4:0x0010,0x006B,0x00E0,0x008F,
[17:51:03:993]968752:[DBG]:CMD:[0x37]->[0x00]
[17:51:03:993]968752:[DBG]:CMD:[0x01]->[0x00]
[17:51:03:993]968754:[DBG]:CMD:[0x20]->[0x00]
[17:51:04:305]969056:[DBG]:CMD:[0x37]->[0x00]
[17:51:04:305]969056:[DBG]:CMD:[0x01]->[0x00]
[17:51:04:305]969060:[DBG]:CMD:[0x20]->[0x00]
[17:51:04:602]969360:[DBG]:CMD:[0x37]->[0x00]
[17:51:04:602]969362:[DBG]:CMD:[0x01]->[0x00]
[17:51:04:602]969362:[DBG]:CMD:[0x20]->[0x00]
[17:51:04:899]969664:[DBG]:CMD:[0x37]->[0x00]
[17:51:04:899]969664:[DBG]:CMD:[0x01]->[0x00]
[17:51:04:899]969666:[DBG]:CMD:[0x20]->[0x00]
[17:51:05:212]969968:[DBG]:CMD:[0x37]->[0x00]
[17:51:05:212]969968:[DBG]:CMD:[0x01]->[0x00]
[17:51:05:212]969970:[DBG]:CMD:[0x20]->[0x00]
[17:51:05:508]970270:[DBG]:CMD:[0x37]->[0x00]
[17:51:05:508]970272:[DBG]:CMD:[0x01]->[0x00]
[17:51:05:508]970272:[DBG]:CMD:[0x20]->[0x00]
[17:51:05:774]970534:[DBG]:IIC:TEMP ID 0:0x007D,0x0068,0x0017,0x009A,
[17:51:05:774]970534:[DBG]:IIC:TEMP ID 4:0x000D,0x006B,0x00ED,0x008F,
[17:51:05:805]970574:[DBG]:CMD:[0x37]->[0x00]
[17:51:05:805]970574:[DBG]:CMD:[0x01]->[0x00]
[17:51:05:805]970576:[DBG]:CMD:[0x20]->[0x00]
[17:51:06:118]970878:[DBG]:CMD:[0x37]->[0x00]
[17:51:06:118]970878:[DBG]:CMD:[0x01]->[0x00]
[17:51:06:118]970880:[DBG]:CMD:[0x20]->[0x00]
[17:51:06:414]971180:[DBG]:CMD:[0x37]->[0x00]
[17:51:06:414]971182:[DBG]:CMD:[0x01]->[0x00]
[17:51:06:414]971182:[DBG]:CMD:[0x20]->[0x00]
[17:51:06:727]971484:[DBG]:CMD:[0x37]->[0x00]
[17:51:06:727]971484:[DBG]:CMD:[0x01]->[0x00]
[17:51:06:727]971486:[DBG]:CMD:[0x20]->[0x00]
[17:51:07:024]971788:[DBG]:CMD:[0x37]->[0x00]
[17:51:07:024]971788:[DBG]:CMD:[0x01]->[0x00]
[17:51:07:024]971790:[DBG]:CMD:[0x20]->[0x00]
[17:51:07:320]972092:[DBG]:CMD:[0x37]->[0x00]
[17:51:07:320]972092:[DBG]:CMD:[0x01]->[0x00]
[17:51:07:320]972092:[DBG]:CMD:[0x20]->[0x00]
[17:51:07:633]972394:[DBG]:CMD:[0x37]->[0x00]
[17:51:07:633]972394:[DBG]:CMD:[0x01]->[0x00]
[17:51:07:633]972396:[DBG]:CMD:[0x20]->[0x00]
[17:51:07:773]972534:[DBG]:IIC:TEMP ID 0:0x0084,0x0068,0x0014,0x009A,
[17:51:07:773]972534:[DBG]:IIC:TEMP ID 4:0x0014,0x006B,0x00E4,0x008F,
[17:51:07:930]972698:[DBG]:CMD:[0x37]->[0x00]
[17:51:07:930]972698:[DBG]:CMD:[0x01]->[0x00]
[17:51:07:930]972700:[DBG]:CMD:[0x20]->[0x00]
[17:51:08:242]973002:[DBG]:CMD:[0x37]->[0x00]
[17:51:08:242]973002:[DBG]:CMD:[0x01]->[0x00]
[17:51:08:242]973002:[DBG]:CMD:[0x20]->[0x00]
[17:51:08:539]973304:[DBG]:CMD:[0x37]->[0x00]
[17:51:08:539]973306:[DBG]:CMD:[0x01]->[0x00]
[17:51:08:539]973306:[DBG]:CMD:[0x20]->[0x00]
[17:51:08:851]973608:[DBG]:CMD:[0x37]->[0x00]
[17:51:08:851]973608:[DBG]:CMD:[0x01]->[0x00]
[17:51:08:851]973610:[DBG]:CMD:[0x20]->[0x00]
[17:51:09:148]973912:[DBG]:CMD:[0x37]->[0x00]
[17:51:09:148]973912:[DBG]:CMD:[0x01]->[0x00]
[17:51:09:148]973912:[DBG]:CMD:[0x20]->[0x00]
[17:51:09:461]974214:[DBG]:CMD:[0x37]->[0x00]
[17:51:09:461]974216:[DBG]:CMD:[0x01]->[0x00]
[17:51:09:461]974218:[DBG]:CMD:[0x20]->[0x00]
[17:51:09:726]974520:[DBG]:CMD:[0x37]->[0x00]
[17:51:09:726]974522:[DBG]:CMD:[0x01]->[0x00]
[17:51:09:726]974522:[DBG]:CMD:[0x20]->[0x00]
[17:51:09:773]974534:[DBG]:IIC:TEMP ID 0:0x00A3,0x0068,0x0019,0x009A,
[17:51:09:773]974534:[DBG]:IIC:TEMP ID 4:0x0011,0x006B,0x00E1,0x008F,
[17:51:10:054]974824:[DBG]:CMD:[0x37]->[0x00]
[17:51:10:054]974824:[DBG]:CMD:[0x01]->[0x00]
[17:51:10:054]974826:[DBG]:CMD:[0x20]->[0x00]
[17:51:10:367]975126:[DBG]:CMD:[0x37]->[0x00]
[17:51:10:367]975128:[DBG]:CMD:[0x01]->[0x00]
[17:51:10:367]975128:[DBG]:CMD:[0x20]->[0x00]
[17:51:10:663]975430:[DBG]:CMD:[0x37]->[0x00]
[17:51:10:663]975430:[DBG]:CMD:[0x01]->[0x00]
[17:51:10:663]975432:[DBG]:CMD:[0x20]->[0x00]
[17:51:10:960]975734:[DBG]:CMD:[0x37]->[0x00]
[17:51:10:960]975734:[DBG]:CMD:[0x01]->[0x00]
[17:51:10:960]975736:[DBG]:CMD:[0x20]->[0x00]
[17:51:11:272]976036:[DBG]:CMD:[0x37]->[0x00]
[17:51:11:272]976038:[DBG]:CMD:[0x01]->[0x00]
[17:51:11:272]976038:[DBG]:CMD:[0x20]->[0x00]
[17:51:11:569]976340:[DBG]:CMD:[0x37]->[0x00]
[17:51:11:569]976340:[DBG]:CMD:[0x01]->[0x00]
[17:51:11:569]976342:[DBG]:CMD:[0x20]->[0x00]
[17:51:11:772]976534:[DBG]:IIC:TEMP ID 0:0x0084,0x0068,0x0010,0x009A,
[17:51:11:772]976534:[DBG]:IIC:TEMP ID 4:0x000E,0x006B,0x00EA,0x008F,
[17:51:11:882]976644:[DBG]:CMD:[0x37]->[0x00]
[17:51:11:882]976644:[DBG]:CMD:[0x01]->[0x00]
[17:51:11:882]976646:[DBG]:CMD:[0x20]->[0x00]
[17:51:12:178]976946:[DBG]:CMD:[0x37]->[0x00]
[17:51:12:178]976948:[DBG]:CMD:[0x01]->[0x00]
[17:51:12:178]976948:[DBG]:CMD:[0x20]->[0x00]
[17:51:12:491]977250:[DBG]:CMD:[0x37]->[0x00]
[17:51:12:491]977250:[DBG]:CMD:[0x01]->[0x00]
[17:51:12:491]977252:[DBG]:CMD:[0x20]->[0x00]
[17:51:12:788]977554:[DBG]:CMD:[0x37]->[0x00]
[17:51:12:788]977554:[DBG]:CMD:[0x01]->[0x00]
[17:51:12:788]977554:[DBG]:CMD:[0x20]->[0x00]
[17:51:13:085]977856:[DBG]:CMD:[0x37]->[0x00]
[17:51:13:085]977860:[DBG]:CMD:[0x01]->[0x00]
[17:51:13:085]977860:[DBG]:CMD:[0x20]->[0x00]
[17:51:13:397]978162:[DBG]:CMD:[0x37]->[0x00]
[17:51:13:397]978162:[DBG]:CMD:[0x01]->[0x00]
[17:51:13:397]978164:[DBG]:CMD:[0x20]->[0x00]
[17:51:13:694]978464:[DBG]:CMD:[0x37]->[0x00]
[17:51:13:694]978466:[DBG]:CMD:[0x01]->[0x00]
[17:51:13:694]978466:[DBG]:CMD:[0x20]->[0x00]
[17:51:13:772]978534:[DBG]:IIC:TEMP ID 0:0x0095,0x0068,0x0027,0x009A,
[17:51:13:772]978534:[DBG]:IIC:TEMP ID 4:0x0013,0x006B,0x00E7,0x008F,
[17:51:14:006]978768:[DBG]:CMD:[0x37]->[0x00]
[17:51:14:006]978768:[DBG]:CMD:[0x01]->[0x00]
[17:51:14:006]978770:[DBG]:CMD:[0x20]->[0x00]
[17:51:14:303]979072:[DBG]:CMD:[0x37]->[0x00]
[17:51:14:303]979072:[DBG]:CMD:[0x01]->[0x00]
[17:51:14:303]979072:[DBG]:CMD:[0x20]->[0x00]
[17:51:14:600]979374:[DBG]:CMD:[0x37]->[0x00]
[17:51:14:600]979376:[DBG]:CMD:[0x01]->[0x00]
[17:51:14:600]979376:[DBG]:CMD:[0x20]->[0x00]
[17:51:14:912]979678:[DBG]:CMD:[0x37]->[0x00]
[17:51:14:912]979678:[DBG]:CMD:[0x01]->[0x00]
[17:51:14:912]979680:[DBG]:CMD:[0x20]->[0x00]
[17:51:15:209]979980:[DBG]:CMD:[0x37]->[0x00]
[17:51:15:209]979980:[DBG]:CMD:[0x01]->[0x00]
[17:51:15:209]979982:[DBG]:CMD:[0x20]->[0x00]
[17:51:15:506]980284:[DBG]:CMD:[0x37]->[0x00]
[17:51:15:506]980284:[DBG]:CMD:[0x01]->[0x00]
[17:51:15:506]980284:[DBG]:CMD:[0x20]->[0x00]
[17:51:15:772]980534:[DBG]:IIC:TEMP ID 0:0x0096,0x0068,0x000E,0x009A,
[17:51:15:772]980534:[DBG]:IIC:TEMP ID 4:0x0012,0x006B,0x00EA,0x008F,
[17:51:15:818]980586:[DBG]:CMD:[0x37]->[0x00]
[17:51:15:818]980586:[DBG]:CMD:[0x01]->[0x00]
[17:51:15:818]980588:[DBG]:CMD:[0x20]->[0x00]
[17:51:16:115]980890:[DBG]:CMD:[0x37]->[0x00]
[17:51:16:115]980890:[DBG]:CMD:[0x01]->[0x00]
[17:51:16:115]980892:[DBG]:CMD:[0x20]->[0x00]
[17:51:16:428]981194:[DBG]:CMD:[0x37]->[0x00]
[17:51:16:428]981194:[DBG]:CMD:[0x01]->[0x00]
[17:51:16:428]981194:[DBG]:CMD:[0x20]->[0x00]
[17:51:16:724]981496:[DBG]:CMD:[0x37]->[0x00]
[17:51:16:724]981496:[DBG]:CMD:[0x01]->[0x00]
[17:51:16:724]981498:[DBG]:CMD:[0x20]->[0x00]
[17:51:17:021]981798:[DBG]:CMD:[0x37]->[0x00]
[17:51:17:021]981800:[DBG]:CMD:[0x01]->[0x00]
[17:51:17:021]981800:[DBG]:CMD:[0x20]->[0x00]
[17:51:17:334]982102:[DBG]:CMD:[0x37]->[0x00]
[17:51:17:334]982102:[DBG]:CMD:[0x01]->[0x00]
[17:51:17:334]982104:[DBG]:CMD:[0x20]->[0x00]
[17:51:17:630]982404:[DBG]:CMD:[0x37]->[0x00]
[17:51:17:630]982404:[DBG]:CMD:[0x01]->[0x00]
[17:51:17:630]982406:[DBG]:CMD:[0x20]->[0x00]
[17:51:17:755]982534:[DBG]:IIC:TEMP ID 0:0x0095,0x0068,0x0027,0x009A,
[17:51:17:755]982534:[DBG]:IIC:TEMP ID 4:0x0013,0x006B,0x00ED,0x008F,
[17:51:17:943]982708:[DBG]:CMD:[0x37]->[0x00]
[17:51:17:943]982708:[DBG]:CMD:[0x01]->[0x00]
[17:51:17:943]982710:[DBG]:CMD:[0x20]->[0x00]
[17:51:18:240]983010:[DBG]:CMD:[0x37]->[0x00]
[17:51:18:240]983012:[DBG]:CMD:[0x01]->[0x00]
[17:51:18:240]983012:[DBG]:CMD:[0x20]->[0x00]
[17:51:18:552]983314:[DBG]:CMD:[0x37]->[0x00]
[17:51:18:552]983314:[DBG]:CMD:[0x01]->[0x00]
[17:51:18:552]983318:[DBG]:CMD:[0x20]->[0x00]
[17:51:18:849]983620:[DBG]:CMD:[0x37]->[0x00]
[17:51:18:849]983622:[DBG]:CMD:[0x01]->[0x00]
[17:51:18:849]983622:[DBG]:CMD:[0x20]->[0x00]
[17:51:19:145]983924:[DBG]:CMD:[0x37]->[0x00]
[17:51:19:145]983924:[DBG]:CMD:[0x01]->[0x00]
[17:51:19:145]983926:[DBG]:CMD:[0x20]->[0x00]
[17:51:19:458]984226:[DBG]:CMD:[0x37]->[0x00]
[17:51:19:458]984228:[DBG]:CMD:[0x01]->[0x00]
[17:51:19:458]984228:[DBG]:CMD:[0x20]->[0x00]
[17:51:19:723]984530:[DBG]:CMD:[0x37]->[0x00]
[17:51:19:723]984530:[DBG]:CMD:[0x01]->[0x00]
[17:51:19:723]984532:[DBG]:CMD:[0x20]->[0x00]
[17:51:19:771]984534:[DBG]:IIC:TEMP ID 0:0x0084,0x0068,0x0034,0x009A,
[17:51:19:771]984534:[DBG]:IIC:TEMP ID 4:0x0014,0x006B,0x00FC,0x008F,
[17:51:20:052]984834:[DBG]:CMD:[0x37]->[0x00]
[17:51:20:052]984834:[DBG]:CMD:[0x01]->[0x00]
[17:51:20:052]984834:[DBG]:CMD:[0x20]->[0x00]
[17:51:20:364]985136:[DBG]:CMD:[0x37]->[0x00]
[17:51:20:364]985136:[DBG]:CMD:[0x01]->[0x00]
[17:51:20:364]985138:[DBG]:CMD:[0x20]->[0x00]
[17:51:20:661]985438:[DBG]:CMD:[0x37]->[0x00]
[17:51:20:661]985440:[DBG]:CMD:[0x01]->[0x00]
[17:51:20:661]985440:[DBG]:CMD:[0x20]->[0x00]
[17:51:20:958]985742:[DBG]:CMD:[0x37]->[0x00]
[17:51:20:958]985742:[DBG]:CMD:[0x01]->[0x00]
[17:51:20:958]985744:[DBG]:CMD:[0x20]->[0x00]
[17:51:21:270]986044:[DBG]:CMD:[0x37]->[0x00]
[17:51:21:270]986046:[DBG]:CMD:[0x01]->[0x00]
[17:51:21:270]986046:[DBG]:CMD:[0x20]->[0x00]
[17:51:21:567]986348:[DBG]:CMD:[0x37]->[0x00]
[17:51:21:567]986348:[DBG]:CMD:[0x01]->[0x00]
[17:51:21:567]986350:[DBG]:CMD:[0x20]->[0x00]
[17:51:21:754]986534:[DBG]:IIC:TEMP ID 0:0x0093,0x0068,0x003F,0x009A,
[17:51:21:754]986534:[DBG]:IIC:TEMP ID 4:0x0015,0x006B,0x00EB,0x008F,
[17:51:21:879]986650:[DBG]:CMD:[0x37]->[0x00]
[17:51:21:879]986652:[DBG]:CMD:[0x01]->[0x00]
[17:51:21:879]986652:[DBG]:CMD:[0x20]->[0x00]
[17:51:22:176]986954:[DBG]:CMD:[0x37]->[0x00]
[17:51:22:176]986954:[DBG]:CMD:[0x01]->[0x00]
[17:51:22:176]986956:[DBG]:CMD:[0x20]->[0x00]
[17:51:22:473]987256:[DBG]:CMD:[0x37]->[0x00]
[17:51:22:473]987256:[DBG]:CMD:[0x01]->[0x00]
[17:51:22:473]987260:[DBG]:CMD:[0x20]->[0x00]
[17:51:22:786]987560:[DBG]:CMD:[0x37]->[0x00]
[17:51:22:786]987562:[DBG]:CMD:[0x01]->[0x00]
[17:51:22:786]987562:[DBG]:CMD:[0x20]->[0x00]
[17:51:23:082]987864:[DBG]:CMD:[0x37]->[0x00]
[17:51:23:082]987864:[DBG]:CMD:[0x01]->[0x00]
[17:51:23:082]987866:[DBG]:CMD:[0x20]->[0x00]
[17:51:23:395]988168:[DBG]:CMD:[0x37]->[0x00]
[17:51:23:395]988168:[DBG]:CMD:[0x01]->[0x00]
[17:51:23:395]988170:[DBG]:CMD:[0x20]->[0x00]
[17:51:23:691]988470:[DBG]:CMD:[0x37]->[0x00]
[17:51:23:691]988472:[DBG]:CMD:[0x01]->[0x00]
[17:51:23:691]988472:[DBG]:CMD:[0x20]->[0x00]
[17:51:23:754]988534:[DBG]:IIC:TEMP ID 0:0x0086,0x0068,0x0042,0x009A,
[17:51:23:754]988534:[DBG]:IIC:TEMP ID 4:0x0018,0x006B,0x00FA,0x008F,
[17:51:23:988]988774:[DBG]:CMD:[0x37]->[0x00]
[17:51:23:988]988774:[DBG]:CMD:[0x01]->[0x00]
[17:51:23:988]988776:[DBG]:CMD:[0x20]->[0x00]
[17:51:24:301]989078:[DBG]:CMD:[0x37]->[0x00]
[17:51:24:301]989078:[DBG]:CMD:[0x01]->[0x00]
[17:51:24:301]989080:[DBG]:CMD:[0x20]->[0x00]
[17:51:24:598]989382:[DBG]:CMD:[0x37]->[0x00]
[17:51:24:598]989382:[DBG]:CMD:[0x01]->[0x00]
[17:51:24:598]989382:[DBG]:CMD:[0x20]->[0x00]
[17:51:24:910]989684:[DBG]:CMD:[0x37]->[0x00]
[17:51:24:910]989684:[DBG]:CMD:[0x01]->[0x00]
[17:51:24:910]989686:[DBG]:CMD:[0x20]->[0x00]
[17:51:25:207]989988:[DBG]:CMD:[0x37]->[0x00]
[17:51:25:207]989988:[DBG]:CMD:[0x01]->[0x00]
[17:51:25:207]989990:[DBG]:CMD:[0x20]->[0x00]
[17:51:25:504]990292:[DBG]:CMD:[0x37]->[0x00]
[17:51:25:504]990292:[DBG]:CMD:[0x01]->[0x00]
[17:51:25:504]990292:[DBG]:CMD:[0x20]->[0x00]
[17:51:25:754]990534:[DBG]:IIC:TEMP ID 0:0x0093,0x0068,0x0041,0x009A,
[17:51:25:754]990534:[DBG]:IIC:TEMP ID 4:0x0017,0x006B,0x00F7,0x008F,
[17:51:25:816]990594:[DBG]:CMD:[0x37]->[0x00]
[17:51:25:816]990596:[DBG]:CMD:[0x01]->[0x00]
[17:51:25:816]990596:[DBG]:CMD:[0x20]->[0x00]
[17:51:26:113]990898:[DBG]:CMD:[0x37]->[0x00]
[17:51:26:113]990898:[DBG]:CMD:[0x01]->[0x00]
[17:51:26:113]990900:[DBG]:CMD:[0x20]->[0x00]
[17:51:26:425]991202:[DBG]:CMD:[0x37]->[0x00]
[17:51:26:425]991202:[DBG]:CMD:[0x01]->[0x00]
[17:51:26:425]991202:[DBG]:CMD:[0x20]->[0x00]
[17:51:26:722]991504:[DBG]:CMD:[0x37]->[0x00]
[17:51:26:722]991506:[DBG]:CMD:[0x01]->[0x00]
[17:51:26:722]991506:[DBG]:CMD:[0x20]->[0x00]
[17:51:27:035]991808:[DBG]:CMD:[0x37]->[0x00]
[17:51:27:035]991808:[DBG]:CMD:[0x01]->[0x00]
[17:51:27:035]991810:[DBG]:CMD:[0x20]->[0x00]
[17:51:27:331]992112:[DBG]:CMD:[0x37]->[0x00]
[17:51:27:331]992112:[DBG]:CMD:[0x01]->[0x00]
[17:51:27:331]992114:[DBG]:CMD:[0x20]->[0x00]
[17:51:27:644]992414:[DBG]:CMD:[0x37]->[0x00]
[17:51:27:644]992418:[DBG]:CMD:[0x01]->[0x00]
[17:51:27:644]992420:[DBG]:CMD:[0x20]->[0x00]
[17:51:27:753]992534:[DBG]:IIC:TEMP ID 0:0x00A0,0x0068,0x0038,0x009A,
[17:51:27:753]992534:[DBG]:IIC:TEMP ID 4:0x0012,0x006B,0x0006,0x0090,
[17:51:27:941]992722:[DBG]:CMD:[0x37]->[0x00]
[17:51:27:941]992722:[DBG]:CMD:[0x01]->[0x00]
[17:51:27:941]992722:[DBG]:CMD:[0x20]->[0x00]
[17:51:28:237]993024:[DBG]:CMD:[0x37]->[0x00]
[17:51:28:237]993026:[DBG]:CMD:[0x01]->[0x00]
[17:51:28:237]993026:[DBG]:CMD:[0x20]->[0x00]
[17:51:28:550]993328:[DBG]:CMD:[0x37]->[0x00]
[17:51:28:550]993328:[DBG]:CMD:[0x01]->[0x00]
[17:51:28:550]993330:[DBG]:CMD:[0x20]->[0x00]
[17:51:28:847]993632:[DBG]:CMD:[0x37]->[0x00]
[17:51:28:847]993632:[DBG]:CMD:[0x01]->[0x00]
[17:51:28:847]993632:[DBG]:CMD:[0x20]->[0x00]
[17:51:29:143]993934:[DBG]:CMD:[0x37]->[0x00]
[17:51:29:143]993936:[DBG]:CMD:[0x01]->[0x00]
[17:51:29:143]993936:[DBG]:CMD:[0x20]->[0x00]
[17:51:29:455]994238:[DBG]:CMD:[0x37]->[0x00]
[17:51:29:455]994238:[DBG]:CMD:[0x01]->[0x00]
[17:51:29:455]994240:[DBG]:CMD:[0x20]->[0x00]
[17:51:29:721]994534:[DBG]:IIC:TEMP ID 0:0x007B,0x0068,0x0041,0x009A,
[17:51:29:721]994534:[DBG]:IIC:TEMP ID 4:0x0015,0x006B,0x0005,0x0090,
[17:51:29:753]994542:[DBG]:CMD:[0x37]->[0x00]
[17:51:29:753]994542:[DBG]:CMD:[0x01]->[0x00]
[17:51:29:753]994544:[DBG]:CMD:[0x20]->[0x00]
[17:51:30:065]994844:[DBG]:CMD:[0x37]->[0x00]
[17:51:30:065]994846:[DBG]:CMD:[0x01]->[0x00]
[17:51:30:065]994846:[DBG]:CMD:[0x20]->[0x00]
[17:51:30:362]995148:[DBG]:CMD:[0x37]->[0x00]
[17:51:30:362]995148:[DBG]:CMD:[0x01]->[0x00]
[17:51:30:362]995150:[DBG]:CMD:[0x20]->[0x00]
[17:51:30:674]995452:[DBG]:CMD:[0x37]->[0x00]
[17:51:30:674]995452:[DBG]:CMD:[0x01]->[0x00]
[17:51:30:674]995454:[DBG]:CMD:[0x20]->[0x00]
[17:51:30:971]995754:[DBG]:CMD:[0x37]->[0x00]
[17:51:30:971]995756:[DBG]:CMD:[0x01]->[0x00]
[17:51:30:971]995756:[DBG]:CMD:[0x20]->[0x00]
[17:51:31:268]996060:[DBG]:CMD:[0x37]->[0x00]
[17:51:31:268]996060:[DBG]:CMD:[0x01]->[0x00]
[17:51:31:268]996062:[DBG]:CMD:[0x20]->[0x00]
[17:51:31:580]996362:[DBG]:CMD:[0x37]->[0x00]
[17:51:31:580]996364:[DBG]:CMD:[0x01]->[0x00]
[17:51:31:580]996364:[DBG]:CMD:[0x20]->[0x00]
[17:51:31:752]996534:[DBG]:IIC:TEMP ID 0:0x007E,0x0068,0x002A,0x009A,
[17:51:31:752]996534:[DBG]:IIC:TEMP ID 4:0x0012,0x006B,0x0016,0x0090,
[17:51:31:877]996666:[DBG]:CMD:[0x37]->[0x00]
[17:51:31:877]996668:[DBG]:CMD:[0x01]->[0x00]
[17:51:31:877]996668:[DBG]:CMD:[0x20]->[0x00]
[17:51:32:174]996970:[DBG]:CMD:[0x37]->[0x00]
[17:51:32:174]996970:[DBG]:CMD:[0x01]->[0x00]
[17:51:32:174]996972:[DBG]:CMD:[0x20]->[0x00]
[17:51:32:486]997272:[DBG]:CMD:[0x37]->[0x00]
[17:51:32:486]997274:[DBG]:CMD:[0x01]->[0x00]
[17:51:32:486]997274:[DBG]:CMD:[0x20]->[0x00]
[17:51:32:783]997576:[DBG]:CMD:[0x37]->[0x00]
[17:51:32:783]997576:[DBG]:CMD:[0x01]->[0x00]
[17:51:32:783]997578:[DBG]:CMD:[0x20]->[0x00]
[17:51:33:095]997880:[DBG]:CMD:[0x37]->[0x00]
[17:51:33:095]997880:[DBG]:CMD:[0x01]->[0x00]
[17:51:33:095]997882:[DBG]:CMD:[0x20]->[0x00]
[17:51:33:392]998182:[DBG]:CMD:[0x37]->[0x00]
[17:51:33:392]998184:[DBG]:CMD:[0x01]->[0x00]
[17:51:33:392]998184:[DBG]:CMD:[0x20]->[0x00]
[17:51:33:689]998486:[DBG]:CMD:[0x37]->[0x00]
[17:51:33:689]998486:[DBG]:CMD:[0x01]->[0x00]
[17:51:33:689]998488:[DBG]:CMD:[0x20]->[0x00]
[17:51:33:752]998534:[DBG]:IIC:TEMP ID 0:0x0091,0x0068,0x0035,0x009A,
[17:51:33:752]998534:[DBG]:IIC:TEMP ID 4:0x0017,0x006B,0x0007,0x0090,
[17:51:34:002]998790:[DBG]:CMD:[0x37]->[0x00]
[17:51:34:002]998790:[DBG]:CMD:[0x01]->[0x00]
[17:51:34:002]998790:[DBG]:CMD:[0x20]->[0x00]
[17:51:34:298]999092:[DBG]:CMD:[0x37]->[0x00]
[17:51:34:298]999094:[DBG]:CMD:[0x01]->[0x00]
[17:51:34:298]999094:[DBG]:CMD:[0x20]->[0x00]
[17:51:34:611]999396:[DBG]:CMD:[0x37]->[0x00]
[17:51:34:611]999396:[DBG]:CMD:[0x01]->[0x00]
[17:51:34:611]999398:[DBG]:CMD:[0x20]->[0x00]
[17:51:34:908]999700:[DBG]:CMD:[0x37]->[0x00]
[17:51:34:908]999700:[DBG]:CMD:[0x01]->[0x00]
[17:51:34:908]999702:[DBG]:CMD:[0x20]->[0x00]
[17:51:35:204]1000002:[DBG]:CMD:[0x37]->[0x00]
[17:51:35:204]1000002:[DBG]:CMD:[0x01]->[0x00]
[17:51:35:204]1000004:[DBG]:CMD:[0x20]->[0x00]
[17:51:35:517]1000306:[DBG]:CMD:[0x37]->[0x00]
[17:51:35:517]1000306:[DBG]:CMD:[0x01]->[0x00]
[17:51:35:517]1000308:[DBG]:CMD:[0x20]->[0x00]
[17:51:35:751]1000534:[DBG]:IIC:TEMP ID 0:0x0088,0x0068,0x0032,0x009A,
[17:51:35:751]1000534:[DBG]:IIC:TEMP ID 4:0x0016,0x006B,0x00FE,0x008F,
[17:51:35:829]1000608:[DBG]:CMD:[0x37]->[0x00]
[17:51:35:829]1000610:[DBG]:CMD:[0x01]->[0x00]
[17:51:35:829]1000610:[DBG]:CMD:[0x20]->[0x00]
[17:51:36:126]1000912:[DBG]:CMD:[0x37]->[0x00]
[17:51:36:126]1000912:[DBG]:CMD:[0x01]->[0x00]
[17:51:36:126]1000914:[DBG]:CMD:[0x20]->[0x00]
[17:51:36:439]1001218:[DBG]:CMD:[0x37]->[0x00]
[17:51:36:439]1001220:[DBG]:CMD:[0x01]->[0x00]
[17:51:36:439]1001222:[DBG]:CMD:[0x20]->[0x00]
[17:51:36:735]1001522:[DBG]:CMD:[0x37]->[0x00]
[17:51:36:735]1001522:[DBG]:CMD:[0x01]->[0x00]
[17:51:36:735]1001524:[DBG]:CMD:[0x20]->[0x00]
[17:51:37:032]1001826:[DBG]:CMD:[0x37]->[0x00]
[17:51:37:032]1001826:[DBG]:CMD:[0x01]->[0x00]
[17:51:37:032]1001828:[DBG]:CMD:[0x20]->[0x00]
[17:51:37:329]1002130:[DBG]:CMD:[0x37]->[0x00]
[17:51:37:329]1002130:[DBG]:CMD:[0x01]->[0x00]
[17:51:37:329]1002130:[DBG]:CMD:[0x20]->[0x00]
[17:51:37:641]1002432:[DBG]:CMD:[0x37]->[0x00]
[17:51:37:641]1002434:[DBG]:CMD:[0x01]->[0x00]
[17:51:37:641]1002434:[DBG]:CMD:[0x20]->[0x00]
[17:51:37:735]1002534:[DBG]:IIC:TEMP ID 0:0x00A1,0x0068,0x0031,0x009A,
[17:51:37:735]1002534:[DBG]:IIC:TEMP ID 4:0x0017,0x006B,0x000B,0x0090,
[17:51:37:938]1002736:[DBG]:CMD:[0x37]->[0x00]
[17:51:37:938]1002736:[DBG]:CMD:[0x01]->[0x00]
[17:51:37:938]1002738:[DBG]:CMD:[0x20]->[0x00]
[17:51:38:251]1003038:[DBG]:CMD:[0x37]->[0x00]
[17:51:38:251]1003038:[DBG]:CMD:[0x01]->[0x00]
[17:51:38:251]1003040:[DBG]:CMD:[0x20]->[0x00]
[17:51:38:547]1003342:[DBG]:CMD:[0x37]->[0x00]
[17:51:38:547]1003342:[DBG]:CMD:[0x01]->[0x00]
[17:51:38:547]1003344:[DBG]:CMD:[0x20]->[0x00]
[17:51:38:844]1003644:[DBG]:CMD:[0x37]->[0x00]
[17:51:38:844]1003644:[DBG]:CMD:[0x01]->[0x00]
[17:51:38:844]1003646:[DBG]:CMD:[0x20]->[0x00]
[17:51:39:156]1003948:[DBG]:CMD:[0x37]->[0x00]
[17:51:39:156]1003948:[DBG]:CMD:[0x01]->[0x00]
[17:51:39:156]1003948:[DBG]:CMD:[0x20]->[0x00]
[17:51:39:453]1004250:[DBG]:CMD:[0x37]->[0x00]
[17:51:39:453]1004252:[DBG]:CMD:[0x01]->[0x00]
[17:51:39:453]1004252:[DBG]:CMD:[0x20]->[0x00]
[17:51:39:719]1004534:[DBG]:IIC:TEMP ID 0:0x0094,0x0068,0x001A,0x009A,
[17:51:39:719]1004534:[DBG]:IIC:TEMP ID 4:0x0016,0x006B,0x0020,0x0090,
[17:51:39:766]1004554:[DBG]:CMD:[0x37]->[0x00]
[17:51:39:766]1004554:[DBG]:CMD:[0x01]->[0x00]
[17:51:39:766]1004556:[DBG]:CMD:[0x20]->[0x00]
[17:51:40:063]1004856:[DBG]:CMD:[0x37]->[0x00]
[17:51:40:063]1004856:[DBG]:CMD:[0x01]->[0x00]
[17:51:40:063]1004860:[DBG]:CMD:[0x20]->[0x00]
[17:51:40:360]1005160:[DBG]:CMD:[0x37]->[0x00]
[17:51:40:360]1005160:[DBG]:CMD:[0x01]->[0x00]
[17:51:40:360]1005162:[DBG]:CMD:[0x20]->[0x00]
[17:51:40:672]1005464:[DBG]:CMD:[0x37]->[0x00]
[17:51:40:672]1005464:[DBG]:CMD:[0x01]->[0x00]
[17:51:40:672]1005464:[DBG]:CMD:[0x20]->[0x00]
[17:51:40:969]1005766:[DBG]:CMD:[0x37]->[0x00]
[17:51:40:969]1005766:[DBG]:CMD:[0x01]->[0x00]
[17:51:40:969]1005768:[DBG]:CMD:[0x20]->[0x00]
[17:51:41:266]1006070:[DBG]:CMD:[0x37]->[0x00]
[17:51:41:266]1006070:[DBG]:CMD:[0x01]->[0x00]
[17:51:41:266]1006072:[DBG]:CMD:[0x20]->[0x00]
[17:51:41:578]1006372:[DBG]:CMD:[0x37]->[0x00]
[17:51:41:578]1006372:[DBG]:CMD:[0x01]->[0x00]
[17:51:41:578]1006374:[DBG]:CMD:[0x20]->[0x00]
[17:51:41:734]1006534:[DBG]:IIC:TEMP ID 0:0x0097,0x0068,0x001D,0x009A,
[17:51:41:734]1006534:[DBG]:IIC:TEMP ID 4:0x0017,0x006B,0x001F,0x0090,
[17:51:41:875]1006674:[DBG]:CMD:[0x37]->[0x00]
[17:51:41:875]1006676:[DBG]:CMD:[0x01]->[0x00]
[17:51:41:875]1006676:[DBG]:CMD:[0x20]->[0x00]
[17:51:42:187]1006978:[DBG]:CMD:[0x37]->[0x00]
[17:51:42:187]1006978:[DBG]:CMD:[0x01]->[0x00]
[17:51:42:187]1006980:[DBG]:CMD:[0x20]->[0x00]
[17:51:42:484]1007280:[DBG]:CMD:[0x37]->[0x00]
[17:51:42:484]1007282:[DBG]:CMD:[0x01]->[0x00]
[17:51:42:484]1007282:[DBG]:CMD:[0x20]->[0x00]
[17:51:42:781]1007584:[DBG]:CMD:[0x37]->[0x00]
[17:51:42:781]1007584:[DBG]:CMD:[0x01]->[0x00]
[17:51:42:781]1007586:[DBG]:CMD:[0x20]->[0x00]
[17:51:43:093]1007886:[DBG]:CMD:[0x37]->[0x00]
[17:51:43:093]1007886:[DBG]:CMD:[0x01]->[0x00]
[17:51:43:093]1007888:[DBG]:CMD:[0x20]->[0x00]
[17:51:43:390]1008190:[DBG]:CMD:[0x37]->[0x00]
[17:51:43:390]1008190:[DBG]:CMD:[0x01]->[0x00]
[17:51:43:390]1008192:[DBG]:CMD:[0x20]->[0x00]
[17:51:43:687]1008492:[DBG]:CMD:[0x37]->[0x00]
[17:51:43:687]1008494:[DBG]:CMD:[0x01]->[0x00]
[17:51:43:687]1008494:[DBG]:CMD:[0x20]->[0x00]
[17:51:43:734]1008534:[DBG]:IIC:TEMP ID 0:0x009E,0x0068,0x000A,0x009A,
[17:51:43:734]1008534:[DBG]:IIC:TEMP ID 4:0x0018,0x006B,0x0020,0x0090,
[17:51:43:999]1008796:[DBG]:CMD:[0x37]->[0x00]
[17:51:43:999]1008796:[DBG]:CMD:[0x01]->[0x00]
[17:51:43:999]1008798:[DBG]:CMD:[0x20]->[0x00]
[17:51:44:296]1009100:[DBG]:CMD:[0x37]->[0x00]
[17:51:44:296]1009100:[DBG]:CMD:[0x01]->[0x00]
[17:51:44:296]1009100:[DBG]:CMD:[0x20]->[0x00]
[17:51:44:608]1009402:[DBG]:CMD:[0x37]->[0x00]
[17:51:44:608]1009402:[DBG]:CMD:[0x01]->[0x00]
[17:51:44:608]1009404:[DBG]:CMD:[0x20]->[0x00]
[17:51:44:905]1009706:[DBG]:CMD:[0x37]->[0x00]
[17:51:44:905]1009706:[DBG]:CMD:[0x01]->[0x00]
[17:51:44:905]1009708:[DBG]:CMD:[0x20]->[0x00]
[17:51:45:218]1010008:[DBG]:CMD:[0x37]->[0x00]
[17:51:45:218]1010008:[DBG]:CMD:[0x01]->[0x00]
[17:51:45:218]1010010:[DBG]:CMD:[0x20]->[0x00]
[17:51:45:515]1010312:[DBG]:CMD:[0x37]->[0x00]
[17:51:45:515]1010312:[DBG]:CMD:[0x01]->[0x00]
[17:51:45:515]1010312:[DBG]:CMD:[0x20]->[0x00]
[17:51:45:733]1010534:[DBG]:IIC:TEMP ID 0:0x00A3,0x0068,0x0011,0x009A,
[17:51:45:733]1010534:[DBG]:IIC:TEMP ID 4:0x001B,0x006B,0x002D,0x0090,
[17:51:45:827]1010614:[DBG]:CMD:[0x37]->[0x00]
[17:51:45:827]1010614:[DBG]:CMD:[0x01]->[0x00]
[17:51:45:827]1010618:[DBG]:CMD:[0x20]->[0x00]
[17:51:46:124]1010920:[DBG]:CMD:[0x37]->[0x00]
[17:51:46:124]1010922:[DBG]:CMD:[0x01]->[0x00]
[17:51:46:124]1010922:[DBG]:CMD:[0x20]->[0x00]
[17:51:46:421]1011224:[DBG]:CMD:[0x37]->[0x00]
[17:51:46:421]1011224:[DBG]:CMD:[0x01]->[0x00]
[17:51:46:421]1011226:[DBG]:CMD:[0x20]->[0x00]
[17:51:46:717]1011526:[DBG]:CMD:[0x37]->[0x00]
[17:51:46:717]1011526:[DBG]:CMD:[0x01]->[0x00]
[17:51:46:717]1011528:[DBG]:CMD:[0x20]->[0x00]
[17:51:47:030]1011830:[DBG]:CMD:[0x37]->[0x00]
[17:51:47:030]1011830:[DBG]:CMD:[0x01]->[0x00]
[17:51:47:030]1011830:[DBG]:CMD:[0x20]->[0x00]
[17:51:47:327]1012132:[DBG]:CMD:[0x37]->[0x00]
[17:51:47:327]1012132:[DBG]:CMD:[0x01]->[0x00]
[17:51:47:327]1012134:[DBG]:CMD:[0x20]->[0x00]
[17:51:47:639]1012434:[DBG]:CMD:[0x37]->[0x00]
[17:51:47:639]1012436:[DBG]:CMD:[0x01]->[0x00]
[17:51:47:639]1012436:[DBG]:CMD:[0x20]->[0x00]
[17:51:47:733]1012534:[DBG]:IIC:TEMP ID 0:0x00A4,0x0068,0x0004,0x009A,
[17:51:47:733]1012534:[DBG]:IIC:TEMP ID 4:0x0016,0x006B,0x002A,0x0090,
[17:51:47:936]1012738:[DBG]:CMD:[0x37]->[0x00]
[17:51:47:936]1012738:[DBG]:CMD:[0x01]->[0x00]
[17:51:47:936]1012740:[DBG]:CMD:[0x20]->[0x00]
[17:51:48:233]1013042:[DBG]:CMD:[0x37]->[0x00]
[17:51:48:233]1013042:[DBG]:CMD:[0x01]->[0x00]
[17:51:48:233]1013042:[DBG]:CMD:[0x20]->[0x00]
[17:51:48:545]1013344:[DBG]:CMD:[0x37]->[0x00]
[17:51:48:545]1013344:[DBG]:CMD:[0x01]->[0x00]
[17:51:48:545]1013346:[DBG]:CMD:[0x20]->[0x00]
[17:51:48:842]1013648:[DBG]:CMD:[0x37]->[0x00]
[17:51:48:842]1013648:[DBG]:CMD:[0x01]->[0x00]
[17:51:48:842]1013650:[DBG]:CMD:[0x20]->[0x00]
[17:51:49:154]1013950:[DBG]:CMD:[0x37]->[0x00]
[17:51:49:154]1013952:[DBG]:CMD:[0x01]->[0x00]
[17:51:49:154]1013952:[DBG]:CMD:[0x20]->[0x00]
[17:51:49:451]1014254:[DBG]:CMD:[0x37]->[0x00]
[17:51:49:451]1014254:[DBG]:CMD:[0x01]->[0x00]
[17:51:49:451]1014256:[DBG]:CMD:[0x20]->[0x00]
[17:51:49:717]1014534:[DBG]:IIC:TEMP ID 0:0x009B,0x0068,0x00FD,0x0099,
[17:51:49:717]1014534:[DBG]:IIC:TEMP ID 4:0x0019,0x006B,0x003D,0x0090,
[17:51:49:748]1014556:[DBG]:CMD:[0x37]->[0x00]
[17:51:49:748]1014556:[DBG]:CMD:[0x01]->[0x00]
[17:51:49:748]1014560:[DBG]:CMD:[0x20]->[0x00]
[17:51:50:060]1014860:[DBG]:CMD:[0x37]->[0x00]
[17:51:50:060]1014860:[DBG]:CMD:[0x01]->[0x00]
[17:51:50:060]1014862:[DBG]:CMD:[0x20]->[0x00]
[17:51:50:357]1015164:[DBG]:CMD:[0x37]->[0x00]
[17:51:50:357]1015164:[DBG]:CMD:[0x01]->[0x00]
[17:51:50:357]1015164:[DBG]:CMD:[0x20]->[0x00]
[17:51:50:654]1015466:[DBG]:CMD:[0x37]->[0x00]
[17:51:50:654]1015466:[DBG]:CMD:[0x01]->[0x00]
[17:51:50:654]1015468:[DBG]:CMD:[0x20]->[0x00]
[17:51:50:966]1015770:[DBG]:CMD:[0x37]->[0x00]
[17:51:50:966]1015770:[DBG]:CMD:[0x01]->[0x00]
[17:51:50:966]1015772:[DBG]:CMD:[0x20]->[0x00]
[17:51:51:263]1016074:[DBG]:CMD:[0x37]->[0x00]
[17:51:51:263]1016074:[DBG]:CMD:[0x01]->[0x00]
[17:51:51:263]1016074:[DBG]:CMD:[0x20]->[0x00]
[17:51:51:575]1016376:[DBG]:CMD:[0x37]->[0x00]
[17:51:51:575]1016376:[DBG]:CMD:[0x01]->[0x00]
[17:51:51:575]1016378:[DBG]:CMD:[0x20]->[0x00]
[17:51:51:732]1016534:[DBG]:IIC:TEMP ID 0:0x0098,0x0068,0x00F2,0x0099,
[17:51:51:732]1016534:[DBG]:IIC:TEMP ID 4:0x0018,0x006B,0x0046,0x0090,
[17:51:51:872]1016680:[DBG]:CMD:[0x37]->[0x00]
[17:51:51:872]1016680:[DBG]:CMD:[0x01]->[0x00]
[17:51:51:872]1016680:[DBG]:CMD:[0x20]->[0x00]
[17:51:52:169]1016982:[DBG]:CMD:[0x37]->[0x00]
[17:51:52:169]1016984:[DBG]:CMD:[0x01]->[0x00]
[17:51:52:169]1016984:[DBG]:CMD:[0x20]->[0x00]
[17:51:52:482]1017286:[DBG]:CMD:[0x37]->[0x00]
[17:51:52:482]1017286:[DBG]:CMD:[0x01]->[0x00]
[17:51:52:482]1017288:[DBG]:CMD:[0x20]->[0x00]
[17:51:52:778]1017588:[DBG]:CMD:[0x37]->[0x00]
[17:51:52:778]1017588:[DBG]:CMD:[0x01]->[0x00]
[17:51:52:778]1017590:[DBG]:CMD:[0x20]->[0x00]
[17:51:53:075]1017892:[DBG]:CMD:[0x37]->[0x00]
[17:51:53:075]1017892:[DBG]:CMD:[0x01]->[0x00]
[17:51:53:075]1017892:[DBG]:CMD:[0x20]->[0x00]
[17:51:53:387]1018194:[DBG]:CMD:[0x37]->[0x00]
[17:51:53:387]1018194:[DBG]:CMD:[0x01]->[0x00]
[17:51:53:387]1018196:[DBG]:CMD:[0x20]->[0x00]
[17:51:53:684]1018498:[DBG]:CMD:[0x37]->[0x00]
[17:51:53:684]1018498:[DBG]:CMD:[0x01]->[0x00]
[17:51:53:684]1018500:[DBG]:CMD:[0x20]->[0x00]
[17:51:53:731]1018534:[DBG]:IIC:TEMP ID 0:0x008B,0x0068,0x00FD,0x0099,
[17:51:53:731]1018534:[DBG]:IIC:TEMP ID 4:0x001B,0x006B,0x0041,0x0090,
[17:51:53:997]1018800:[DBG]:CMD:[0x37]->[0x00]
[17:51:53:997]1018802:[DBG]:CMD:[0x01]->[0x00]
[17:51:53:997]1018802:[DBG]:CMD:[0x20]->[0x00]
[17:51:54:294]1019104:[DBG]:CMD:[0x37]->[0x00]
[17:51:54:294]1019104:[DBG]:CMD:[0x01]->[0x00]
[17:51:54:294]1019106:[DBG]:CMD:[0x20]->[0x00]
[17:51:54:606]1019406:[DBG]:CMD:[0x37]->[0x00]
[17:51:54:606]1019406:[DBG]:CMD:[0x01]->[0x00]
[17:51:54:606]1019408:[DBG]:CMD:[0x20]->[0x00]
[17:51:54:903]1019710:[DBG]:CMD:[0x37]->[0x00]
[17:51:54:903]1019710:[DBG]:CMD:[0x01]->[0x00]
[17:51:54:903]1019712:[DBG]:CMD:[0x20]->[0x00]
[17:51:55:215]1020012:[DBG]:CMD:[0x37]->[0x00]
[17:51:55:215]1020012:[DBG]:CMD:[0x01]->[0x00]
[17:51:55:215]1020014:[DBG]:CMD:[0x20]->[0x00]
[17:51:55:512]1020314:[DBG]:CMD:[0x37]->[0x00]
[17:51:55:512]1020318:[DBG]:CMD:[0x01]->[0x00]
[17:51:55:512]1020320:[DBG]:CMD:[0x20]->[0x00]
[17:51:55:731]1020534:[DBG]:IIC:TEMP ID 0:0x0082,0x0068,0x00EA,0x0099,
[17:51:55:731]1020534:[DBG]:IIC:TEMP ID 4:0x0016,0x006B,0x004A,0x0090,
[17:51:55:809]1020622:[DBG]:CMD:[0x37]->[0x00]
[17:51:55:809]1020622:[DBG]:CMD:[0x01]->[0x00]
[17:51:55:809]1020624:[DBG]:CMD:[0x20]->[0x00]
[17:51:56:106]1020924:[DBG]:CMD:[0x37]->[0x00]
[17:51:56:106]1020926:[DBG]:CMD:[0x01]->[0x00]
[17:51:56:106]1020926:[DBG]:CMD:[0x20]->[0x00]
[17:51:56:418]1021228:[DBG]:CMD:[0x37]->[0x00]
[17:51:56:418]1021228:[DBG]:CMD:[0x01]->[0x00]
[17:51:56:418]1021230:[DBG]:CMD:[0x20]->[0x00]
[17:51:56:715]1021530:[DBG]:CMD:[0x37]->[0x00]
[17:51:56:715]1021532:[DBG]:CMD:[0x01]->[0x00]
[17:51:56:715]1021532:[DBG]:CMD:[0x20]->[0x00]
[17:51:57:027]1021834:[DBG]:CMD:[0x37]->[0x00]
[17:51:57:027]1021834:[DBG]:CMD:[0x01]->[0x00]
[17:51:57:027]1021836:[DBG]:CMD:[0x20]->[0x00]
[17:51:57:324]1022136:[DBG]:CMD:[0x37]->[0x00]
[17:51:57:324]1022138:[DBG]:CMD:[0x01]->[0x00]
[17:51:57:324]1022138:[DBG]:CMD:[0x20]->[0x00]
[17:51:57:621]1022440:[DBG]:CMD:[0x37]->[0x00]
[17:51:57:621]1022440:[DBG]:CMD:[0x01]->[0x00]
[17:51:57:621]1022442:[DBG]:CMD:[0x20]->[0x00]
[17:51:57:715]1022534:[DBG]:IIC:TEMP ID 0:0x0081,0x0068,0x00EB,0x0099,
[17:51:57:715]1022534:[DBG]:IIC:TEMP ID 4:0x0017,0x006B,0x0037,0x0090,
[17:51:57:933]1022744:[DBG]:CMD:[0x37]->[0x00]
[17:51:57:933]1022744:[DBG]:CMD:[0x01]->[0x00]
[17:51:57:933]1022744:[DBG]:CMD:[0x20]->[0x00]
[17:51:58:230]1023046:[DBG]:CMD:[0x37]->[0x00]
[17:51:58:230]1023046:[DBG]:CMD:[0x01]->[0x00]
[17:51:58:230]1023048:[DBG]:CMD:[0x20]->[0x00]
[17:51:58:543]1023348:[DBG]:CMD:[0x37]->[0x00]
[17:51:58:543]1023350:[DBG]:CMD:[0x01]->[0x00]
[17:51:58:543]1023350:[DBG]:CMD:[0x20]->[0x00]
[17:51:58:840]1023652:[DBG]:CMD:[0x37]->[0x00]
[17:51:58:840]1023652:[DBG]:CMD:[0x01]->[0x00]
[17:51:58:840]1023654:[DBG]:CMD:[0x20]->[0x00]
[17:51:59:136]1023954:[DBG]:CMD:[0x37]->[0x00]
[17:51:59:136]1023956:[DBG]:CMD:[0x01]->[0x00]
[17:51:59:136]1023956:[DBG]:CMD:[0x20]->[0x00]
[17:51:59:449]1024260:[DBG]:CMD:[0x37]->[0x00]
[17:51:59:449]1024260:[DBG]:CMD:[0x01]->[0x00]
[17:51:59:449]1024260:[DBG]:CMD:[0x20]->[0x00]
[17:51:59:714]1024534:[DBG]:IIC:TEMP ID 0:0x008E,0x0068,0x00E4,0x0099,
[17:51:59:714]1024534:[DBG]:IIC:TEMP ID 4:0x001C,0x006B,0x0030,0x0090,
[17:51:59:746]1024562:[DBG]:CMD:[0x37]->[0x00]
[17:51:59:746]1024564:[DBG]:CMD:[0x01]->[0x00]
[17:51:59:746]1024564:[DBG]:CMD:[0x20]->[0x00]
[17:52:00:058]1024866:[DBG]:CMD:[0x37]->[0x00]
[17:52:00:058]1024866:[DBG]:CMD:[0x01]->[0x00]
[17:52:00:058]1024868:[DBG]:CMD:[0x20]->[0x00]
[17:52:00:355]1025168:[DBG]:CMD:[0x37]->[0x00]
[17:52:00:355]1025170:[DBG]:CMD:[0x01]->[0x00]
[17:52:00:355]1025170:[DBG]:CMD:[0x20]->[0x00]
[17:52:00:652]1025472:[DBG]:CMD:[0x37]->[0x00]
[17:52:00:652]1025472:[DBG]:CMD:[0x01]->[0x00]
[17:52:00:652]1025474:[DBG]:CMD:[0x20]->[0x00]
[17:52:00:964]1025774:[DBG]:CMD:[0x37]->[0x00]
[17:52:00:964]1025776:[DBG]:CMD:[0x01]->[0x00]
[17:52:00:964]1025776:[DBG]:CMD:[0x20]->[0x00]
[17:52:01:260]1026078:[DBG]:CMD:[0x37]->[0x00]
[17:52:01:260]1026078:[DBG]:CMD:[0x01]->[0x00]
[17:52:01:260]1026080:[DBG]:CMD:[0x20]->[0x00]
[17:52:01:558]1026380:[DBG]:CMD:[0x37]->[0x00]
[17:52:01:558]1026380:[DBG]:CMD:[0x01]->[0x00]
[17:52:01:558]1026382:[DBG]:CMD:[0x20]->[0x00]
[17:52:01:714]1026534:[DBG]:IIC:TEMP ID 0:0x00A7,0x0068,0x00DF,0x0099,
[17:52:01:714]1026534:[DBG]:IIC:TEMP ID 4:0x001D,0x006B,0x0047,0x0090,
[17:52:01:870]1026682:[DBG]:CMD:[0x37]->[0x00]
[17:52:01:870]1026684:[DBG]:CMD:[0x01]->[0x00]
[17:52:01:870]1026684:[DBG]:CMD:[0x20]->[0x00]
[17:52:02:167]1026986:[DBG]:CMD:[0x37]->[0x00]
[17:52:02:167]1026986:[DBG]:CMD:[0x01]->[0x00]
[17:52:02:167]1026988:[DBG]:CMD:[0x20]->[0x00]
[17:52:02:464]1027290:[DBG]:CMD:[0x37]->[0x00]
[17:52:02:464]1027290:[DBG]:CMD:[0x01]->[0x00]
[17:52:02:464]1027290:[DBG]:CMD:[0x20]->[0x00]
[17:52:02:776]1027592:[DBG]:CMD:[0x37]->[0x00]
[17:52:02:776]1027592:[DBG]:CMD:[0x01]->[0x00]
[17:52:02:776]1027594:[DBG]:CMD:[0x20]->[0x00]
[17:52:03:073]1027894:[DBG]:CMD:[0x37]->[0x00]
[17:52:03:073]1027896:[DBG]:CMD:[0x01]->[0x00]
[17:52:03:073]1027896:[DBG]:CMD:[0x20]->[0x00]
[17:52:03:385]1028198:[DBG]:CMD:[0x37]->[0x00]
[17:52:03:385]1028198:[DBG]:CMD:[0x01]->[0x00]
[17:52:03:385]1028200:[DBG]:CMD:[0x20]->[0x00]
[17:52:03:682]1028500:[DBG]:CMD:[0x37]->[0x00]
[17:52:03:682]1028502:[DBG]:CMD:[0x01]->[0x00]
[17:52:03:682]1028502:[DBG]:CMD:[0x20]->[0x00]
[17:52:03:713]1028534:[DBG]:IIC:TEMP ID 0:0x0098,0x0068,0x00E4,0x0099,
[17:52:03:713]1028534:[DBG]:IIC:TEMP ID 4:0x001A,0x006B,0x0048,0x0090,
[17:52:03:979]1028804:[DBG]:CMD:[0x37]->[0x00]
[17:52:03:979]1028804:[DBG]:CMD:[0x01]->[0x00]
[17:52:03:979]1028806:[DBG]:CMD:[0x20]->[0x00]
[17:52:04:291]1029108:[DBG]:CMD:[0x37]->[0x00]
[17:52:04:291]1029108:[DBG]:CMD:[0x01]->[0x00]
[17:52:04:291]1029108:[DBG]:CMD:[0x20]->[0x00]
[17:52:04:604]1029410:[DBG]:CMD:[0x37]->[0x00]
[17:52:04:604]1029412:[DBG]:CMD:[0x01]->[0x00]
[17:52:04:604]1029412:[DBG]:CMD:[0x20]->[0x00]
[17:52:04:901]1029714:[DBG]:CMD:[0x37]->[0x00]
[17:52:04:901]1029714:[DBG]:CMD:[0x01]->[0x00]
[17:52:04:901]1029718:[DBG]:CMD:[0x20]->[0x00]
[17:52:05:197]1030020:[DBG]:CMD:[0x37]->[0x00]
[17:52:05:197]1030022:[DBG]:CMD:[0x01]->[0x00]
[17:52:05:197]1030022:[DBG]:CMD:[0x20]->[0x00]
[17:52:05:509]1030324:[DBG]:CMD:[0x37]->[0x00]
[17:52:05:509]1030324:[DBG]:CMD:[0x01]->[0x00]
[17:52:05:509]1030326:[DBG]:CMD:[0x20]->[0x00]
[17:52:05:713]1030534:[DBG]:IIC:TEMP ID 0:0x00A9,0x0068,0x00F7,0x0099,
[17:52:05:713]1030534:[DBG]:IIC:TEMP ID 4:0x001B,0x006B,0x0049,0x0090,
[17:52:05:807]1030628:[DBG]:CMD:[0x37]->[0x00]
[17:52:05:807]1030628:[DBG]:CMD:[0x01]->[0x00]
[17:52:05:807]1030628:[DBG]:CMD:[0x20]->[0x00]
[17:52:06:103]1030930:[DBG]:CMD:[0x37]->[0x00]
[17:52:06:103]1030932:[DBG]:CMD:[0x01]->[0x00]
[17:52:06:103]1030932:[DBG]:CMD:[0x20]->[0x00]
[17:52:06:416]1031234:[DBG]:CMD:[0x37]->[0x00]
[17:52:06:416]1031234:[DBG]:CMD:[0x01]->[0x00]
[17:52:06:416]1031236:[DBG]:CMD:[0x20]->[0x00]
[17:52:06:713]1031536:[DBG]:CMD:[0x37]->[0x00]
[17:52:06:713]1031536:[DBG]:CMD:[0x01]->[0x00]
[17:52:06:713]1031538:[DBG]:CMD:[0x20]->[0x00]
[17:52:07:009]1031838:[DBG]:CMD:[0x37]->[0x00]
[17:52:07:009]1031840:[DBG]:CMD:[0x01]->[0x00]
[17:52:07:009]1031840:[DBG]:CMD:[0x20]->[0x00]
[17:52:07:322]1032142:[DBG]:CMD:[0x37]->[0x00]
[17:52:07:322]1032142:[DBG]:CMD:[0x01]->[0x00]
[17:52:07:322]1032144:[DBG]:CMD:[0x20]->[0x00]
[17:52:07:618]1032446:[DBG]:CMD:[0x37]->[0x00]
[17:52:07:618]1032446:[DBG]:CMD:[0x01]->[0x00]
[17:52:07:618]1032448:[DBG]:CMD:[0x20]->[0x00]
[17:52:07:712]1032534:[DBG]:IIC:TEMP ID 0:0x009A,0x0068,0x00FE,0x0099,
[17:52:07:712]1032534:[DBG]:IIC:TEMP ID 4:0x001A,0x006B,0x0050,0x0090,
[17:52:07:931]1032748:[DBG]:CMD:[0x37]->[0x00]
[17:52:07:931]1032750:[DBG]:CMD:[0x01]->[0x00]
[17:52:07:931]1032750:[DBG]:CMD:[0x20]->[0x00]
[17:52:08:228]1033052:[DBG]:CMD:[0x37]->[0x00]
[17:52:08:228]1033052:[DBG]:CMD:[0x01]->[0x00]
[17:52:08:228]1033054:[DBG]:CMD:[0x20]->[0x00]
[17:52:08:525]1033354:[DBG]:CMD:[0x37]->[0x00]
[17:52:08:525]1033354:[DBG]:CMD:[0x01]->[0x00]
[17:52:08:525]1033356:[DBG]:CMD:[0x20]->[0x00]
[17:52:08:837]1033656:[DBG]:CMD:[0x37]->[0x00]
[17:52:08:837]1033660:[DBG]:CMD:[0x01]->[0x00]
[17:52:08:837]1033662:[DBG]:CMD:[0x20]->[0x00]
[17:52:09:134]1033962:[DBG]:CMD:[0x37]->[0x00]
[17:52:09:134]1033964:[DBG]:CMD:[0x01]->[0x00]
[17:52:09:134]1033964:[DBG]:CMD:[0x20]->[0x00]
[17:52:09:446]1034266:[DBG]:CMD:[0x37]->[0x00]
[17:52:09:446]1034266:[DBG]:CMD:[0x01]->[0x00]
[17:52:09:446]1034268:[DBG]:CMD:[0x20]->[0x00]
[17:52:09:712]1034534:[DBG]:IIC:TEMP ID 0:0x00A1,0x0068,0x000D,0x009A,
[17:52:09:712]1034534:[DBG]:IIC:TEMP ID 4:0x001D,0x006B,0x0055,0x0090,
[17:52:09:743]1034568:[DBG]:CMD:[0x37]->[0x00]
[17:52:09:743]1034568:[DBG]:CMD:[0x01]->[0x00]
[17:52:09:743]1034570:[DBG]:CMD:[0x20]->[0x00]
[17:52:10:040]1034872:[DBG]:CMD:[0x37]->[0x00]
[17:52:10:040]1034872:[DBG]:CMD:[0x01]->[0x00]
[17:52:10:040]1034872:[DBG]:CMD:[0x20]->[0x00]
[17:52:10:352]1035174:[DBG]:CMD:[0x37]->[0x00]
[17:52:10:352]1035176:[DBG]:CMD:[0x01]->[0x00]
[17:52:10:352]1035176:[DBG]:CMD:[0x20]->[0x00]
[17:52:10:649]1035478:[DBG]:CMD:[0x37]->[0x00]
[17:52:10:649]1035478:[DBG]:CMD:[0x01]->[0x00]
[17:52:10:649]1035480:[DBG]:CMD:[0x20]->[0x00]
[17:52:10:961]1035780:[DBG]:CMD:[0x37]->[0x00]
[17:52:10:961]1035782:[DBG]:CMD:[0x01]->[0x00]
[17:52:10:961]1035782:[DBG]:CMD:[0x20]->[0x00]
[17:52:11:258]1036084:[DBG]:CMD:[0x37]->[0x00]
[17:52:11:258]1036084:[DBG]:CMD:[0x01]->[0x00]
[17:52:11:258]1036086:[DBG]:CMD:[0x20]->[0x00]
[17:52:11:555]1036390:[DBG]:CMD:[0x37]->[0x00]
[17:52:11:555]1036390:[DBG]:CMD:[0x01]->[0x00]
[17:52:11:555]1036390:[DBG]:CMD:[0x20]->[0x00]
[17:52:11:711]1036534:[DBG]:IIC:TEMP ID 0:0x0082,0x0068,0x002C,0x009A,
[17:52:11:711]1036534:[DBG]:IIC:TEMP ID 4:0x001E,0x006B,0x003C,0x0090,
[17:52:11:867]1036692:[DBG]:CMD:[0x37]->[0x00]
[17:52:11:867]1036692:[DBG]:CMD:[0x01]->[0x00]
[17:52:11:867]1036694:[DBG]:CMD:[0x20]->[0x00]
[17:52:12:164]1036994:[DBG]:CMD:[0x37]->[0x00]
[17:52:12:164]1036996:[DBG]:CMD:[0x01]->[0x00]
[17:52:12:164]1036996:[DBG]:CMD:[0x20]->[0x00]
[17:52:12:477]1037298:[DBG]:CMD:[0x37]->[0x00]
[17:52:12:477]1037298:[DBG]:CMD:[0x01]->[0x00]
[17:52:12:477]1037300:[DBG]:CMD:[0x20]->[0x00]
[17:52:12:774]1037600:[DBG]:CMD:[0x37]->[0x00]
[17:52:12:774]1037602:[DBG]:CMD:[0x01]->[0x00]
[17:52:12:774]1037602:[DBG]:CMD:[0x20]->[0x00]
[17:52:13:070]1037904:[DBG]:CMD:[0x37]->[0x00]
[17:52:13:070]1037904:[DBG]:CMD:[0x01]->[0x00]
[17:52:13:070]1037906:[DBG]:CMD:[0x20]->[0x00]
[17:52:13:383]1038208:[DBG]:CMD:[0x37]->[0x00]
[17:52:13:383]1038208:[DBG]:CMD:[0x01]->[0x00]
[17:52:13:383]1038208:[DBG]:CMD:[0x20]->[0x00]
[17:52:13:664]1038510:[DBG]:CMD:[0x37]->[0x00]
[17:52:13:664]1038512:[DBG]:CMD:[0x01]->[0x00]
[17:52:13:664]1038512:[DBG]:CMD:[0x20]->[0x00]
[17:52:13:711]1038534:[DBG]:IIC:TEMP ID 0:0x0089,0x0068,0x0027,0x009A,
[17:52:13:711]1038534:[DBG]:IIC:TEMP ID 4:0x001F,0x006B,0x0041,0x0090,
[17:52:13:992]1038814:[DBG]:CMD:[0x37]->[0x00]
[17:52:13:992]1038814:[DBG]:CMD:[0x01]->[0x00]
[17:52:13:992]1038818:[DBG]:CMD:[0x20]->[0x00]
[17:52:14:289]1039120:[DBG]:CMD:[0x37]->[0x00]
[17:52:14:289]1039122:[DBG]:CMD:[0x01]->[0x00]
[17:52:14:289]1039122:[DBG]:CMD:[0x20]->[0x00]
[17:52:14:601]1039424:[DBG]:CMD:[0x37]->[0x00]
[17:52:14:601]1039424:[DBG]:CMD:[0x01]->[0x00]
[17:52:14:601]1039426:[DBG]:CMD:[0x20]->[0x00]
[17:52:14:898]1039726:[DBG]:CMD:[0x37]->[0x00]
[17:52:14:898]1039728:[DBG]:CMD:[0x01]->[0x00]
[17:52:14:898]1039728:[DBG]:CMD:[0x20]->[0x00]
[17:52:15:195]1040030:[DBG]:CMD:[0x37]->[0x00]
[17:52:15:195]1040032:[DBG]:CMD:[0x01]->[0x00]
[17:52:15:195]1040032:[DBG]:CMD:[0x20]->[0x00]
[17:52:15:507]1040334:[DBG]:CMD:[0x37]->[0x00]
[17:52:15:507]1040334:[DBG]:CMD:[0x01]->[0x00]
[17:52:15:507]1040336:[DBG]:CMD:[0x20]->[0x00]
[17:52:15:711]1040534:[DBG]:IIC:TEMP ID 0:0x0084,0x0068,0x0024,0x009A,
[17:52:15:711]1040534:[DBG]:IIC:TEMP ID 4:0x0022,0x006B,0x0042,0x0090,
[17:52:15:804]1040636:[DBG]:CMD:[0x37]->[0x00]
[17:52:15:804]1040638:[DBG]:CMD:[0x01]->[0x00]
[17:52:15:804]1040638:[DBG]:CMD:[0x20]->[0x00]
[17:52:16:101]1040940:[DBG]:CMD:[0x37]->[0x00]
[17:52:16:101]1040940:[DBG]:CMD:[0x01]->[0x00]
[17:52:16:101]1040942:[DBG]:CMD:[0x20]->[0x00]
[17:52:16:414]1041242:[DBG]:CMD:[0x37]->[0x00]
[17:52:16:414]1041244:[DBG]:CMD:[0x01]->[0x00]
[17:52:16:414]1041244:[DBG]:CMD:[0x20]->[0x00]
[17:52:16:710]1041546:[DBG]:CMD:[0x37]->[0x00]
[17:52:16:710]1041546:[DBG]:CMD:[0x01]->[0x00]
[17:52:16:710]1041548:[DBG]:CMD:[0x20]->[0x00]
[17:52:17:023]1041848:[DBG]:CMD:[0x37]->[0x00]
[17:52:17:023]1041850:[DBG]:CMD:[0x01]->[0x00]
[17:52:17:023]1041850:[DBG]:CMD:[0x20]->[0x00]
[17:52:17:320]1042152:[DBG]:CMD:[0x37]->[0x00]
[17:52:17:320]1042152:[DBG]:CMD:[0x01]->[0x00]
[17:52:17:320]1042154:[DBG]:CMD:[0x20]->[0x00]
[17:52:17:616]1042454:[DBG]:CMD:[0x37]->[0x00]
[17:52:17:616]1042456:[DBG]:CMD:[0x01]->[0x00]
[17:52:17:616]1042456:[DBG]:CMD:[0x20]->[0x00]
[17:52:17:694]1042534:[DBG]:IIC:TEMP ID 0:0x00A3,0x0068,0x00FB,0x0099,
[17:52:17:694]1042534:[DBG]:IIC:TEMP ID 4:0x0021,0x006B,0x004F,0x0090,
[17:52:17:929]1042760:[DBG]:CMD:[0x37]->[0x00]
[17:52:17:929]1042760:[DBG]:CMD:[0x01]->[0x00]
[17:52:17:929]1042762:[DBG]:CMD:[0x20]->[0x00]
[17:52:18:226]1043062:[DBG]:CMD:[0x37]->[0x00]
[17:52:18:226]1043064:[DBG]:CMD:[0x01]->[0x00]
[17:52:18:226]1043064:[DBG]:CMD:[0x20]->[0x00]
[17:52:18:538]1043366:[DBG]:CMD:[0x37]->[0x00]
[17:52:18:538]1043366:[DBG]:CMD:[0x01]->[0x00]
[17:52:18:538]1043368:[DBG]:CMD:[0x20]->[0x00]
[17:52:18:835]1043668:[DBG]:CMD:[0x37]->[0x00]
[17:52:18:835]1043670:[DBG]:CMD:[0x01]->[0x00]
[17:52:18:835]1043670:[DBG]:CMD:[0x20]->[0x00]
[17:52:19:132]1043972:[DBG]:CMD:[0x37]->[0x00]
[17:52:19:132]1043972:[DBG]:CMD:[0x01]->[0x00]
[17:52:19:132]1043974:[DBG]:CMD:[0x20]->[0x00]
[17:52:19:444]1044274:[DBG]:CMD:[0x37]->[0x00]
[17:52:19:444]1044276:[DBG]:CMD:[0x01]->[0x00]
[17:52:19:444]1044276:[DBG]:CMD:[0x20]->[0x00]
[17:52:19:694]1044534:[DBG]:IIC:TEMP ID 0:0x0092,0x0068,0x0016,0x009A,
[17:52:19:694]1044534:[DBG]:IIC:TEMP ID 4:0x001E,0x006B,0x004E,0x0090,
[17:52:19:741]1044578:[DBG]:CMD:[0x37]->[0x00]
[17:52:19:741]1044578:[DBG]:CMD:[0x01]->[0x00]
[17:52:19:741]1044580:[DBG]:CMD:[0x20]->[0x00]
[17:52:20:038]1044880:[DBG]:CMD:[0x37]->[0x00]
[17:52:20:038]1044882:[DBG]:CMD:[0x01]->[0x00]
[17:52:20:038]1044882:[DBG]:CMD:[0x20]->[0x00]
[17:52:20:350]1045184:[DBG]:CMD:[0x37]->[0x00]
[17:52:20:350]1045184:[DBG]:CMD:[0x01]->[0x00]
[17:52:20:350]1045186:[DBG]:CMD:[0x20]->[0x00]
[17:52:20:647]1045486:[DBG]:CMD:[0x37]->[0x00]
[17:52:20:647]1045486:[DBG]:CMD:[0x01]->[0x00]
[17:52:20:647]1045488:[DBG]:CMD:[0x20]->[0x00]
[17:52:20:959]1045790:[DBG]:CMD:[0x37]->[0x00]
[17:52:20:959]1045790:[DBG]:CMD:[0x01]->[0x00]
[17:52:20:959]1045790:[DBG]:CMD:[0x20]->[0x00]
[17:52:21:256]1046092:[DBG]:CMD:[0x37]->[0x00]
[17:52:21:256]1046092:[DBG]:CMD:[0x01]->[0x00]
[17:52:21:256]1046094:[DBG]:CMD:[0x20]->[0x00]
[17:52:21:553]1046394:[DBG]:CMD:[0x37]->[0x00]
[17:52:21:553]1046396:[DBG]:CMD:[0x01]->[0x00]
[17:52:21:553]1046396:[DBG]:CMD:[0x20]->[0x00]
[17:52:21:693]1046534:[DBG]:IIC:TEMP ID 0:0x00A5,0x0068,0x00F7,0x0099,
[17:52:21:693]1046534:[DBG]:IIC:TEMP ID 4:0x001D,0x006B,0x003B,0x0090,
[17:52:21:865]1046698:[DBG]:CMD:[0x37]->[0x00]
[17:52:21:865]1046698:[DBG]:CMD:[0x01]->[0x00]
[17:52:21:865]1046700:[DBG]:CMD:[0x20]->[0x00]
[17:52:22:162]1047000:[DBG]:CMD:[0x37]->[0x00]
[17:52:22:162]1047002:[DBG]:CMD:[0x01]->[0x00]
[17:52:22:162]1047002:[DBG]:CMD:[0x20]->[0x00]
[17:52:22:459]1047304:[DBG]:CMD:[0x37]->[0x00]
[17:52:22:459]1047304:[DBG]:CMD:[0x01]->[0x00]
[17:52:22:459]1047306:[DBG]:CMD:[0x20]->[0x00]
[17:52:22:771]1047606:[DBG]:CMD:[0x37]->[0x00]
[17:52:22:771]1047606:[DBG]:CMD:[0x01]->[0x00]
[17:52:22:771]1047608:[DBG]:CMD:[0x20]->[0x00]
[17:52:23:083]1047908:[DBG]:CMD:[0x37]->[0x00]
[17:52:23:083]1047910:[DBG]:CMD:[0x01]->[0x00]
[17:52:23:083]1047910:[DBG]:CMD:[0x20]->[0x00]
[17:52:23:380]1048212:[DBG]:CMD:[0x37]->[0x00]
[17:52:23:380]1048212:[DBG]:CMD:[0x01]->[0x00]
[17:52:23:380]1048214:[DBG]:CMD:[0x20]->[0x00]
[17:52:23:661]1048514:[DBG]:CMD:[0x37]->[0x00]
[17:52:23:661]1048518:[DBG]:CMD:[0x01]->[0x00]
[17:52:23:661]1048520:[DBG]:CMD:[0x20]->[0x00]
[17:52:23:693]1048534:[DBG]:IIC:TEMP ID 0:0x008E,0x0068,0x00FE,0x0099,
[17:52:23:693]1048534:[DBG]:IIC:TEMP ID 4:0x001E,0x006B,0x0036,0x0090,
[17:52:23:990]1048822:[DBG]:CMD:[0x37]->[0x00]
[17:52:23:990]1048822:[DBG]:CMD:[0x01]->[0x00]
[17:52:23:990]1048824:[DBG]:CMD:[0x20]->[0x00]
[17:52:24:286]1049124:[DBG]:CMD:[0x37]->[0x00]
[17:52:24:286]1049126:[DBG]:CMD:[0x01]->[0x00]
[17:52:24:286]1049126:[DBG]:CMD:[0x20]->[0x00]
[17:52:24:588]1049428:[DBG]:CMD:[0x37]->[0x00]
[17:52:24:588]1049428:[DBG]:CMD:[0x01]->[0x00]
[17:52:24:588]1049430:[DBG]:CMD:[0x20]->[0x00]
[17:52:24:885]1049730:[DBG]:CMD:[0x37]->[0x00]
[17:52:24:885]1049730:[DBG]:CMD:[0x01]->[0x00]
[17:52:24:885]1049732:[DBG]:CMD:[0x20]->[0x00]
[17:52:25:197]1050034:[DBG]:CMD:[0x37]->[0x00]
[17:52:25:197]1050034:[DBG]:CMD:[0x01]->[0x00]
[17:52:25:197]1050034:[DBG]:CMD:[0x20]->[0x00]
[17:52:25:494]1050336:[DBG]:CMD:[0x37]->[0x00]
[17:52:25:494]1050336:[DBG]:CMD:[0x01]->[0x00]
[17:52:25:494]1050338:[DBG]:CMD:[0x20]->[0x00]
[17:52:25:697]1050534:[DBG]:IIC:TEMP ID 0:0x0093,0x0068,0x00FB,0x0099,
[17:52:25:697]1050534:[DBG]:IIC:TEMP ID 4:0x001F,0x006B,0x003F,0x0090,
[17:52:25:791]1050638:[DBG]:CMD:[0x37]->[0x00]
[17:52:25:791]1050640:[DBG]:CMD:[0x01]->[0x00]
[17:52:25:791]1050640:[DBG]:CMD:[0x20]->[0x00]
[17:52:26:103]1050942:[DBG]:CMD:[0x37]->[0x00]
[17:52:26:103]1050942:[DBG]:CMD:[0x01]->[0x00]
[17:52:26:103]1050944:[DBG]:CMD:[0x20]->[0x00]
[17:52:26:400]1051244:[DBG]:CMD:[0x37]->[0x00]
[17:52:26:400]1051246:[DBG]:CMD:[0x01]->[0x00]
[17:52:26:400]1051246:[DBG]:CMD:[0x20]->[0x00]
[17:52:26:698]1051548:[DBG]:CMD:[0x37]->[0x00]
[17:52:26:698]1051548:[DBG]:CMD:[0x01]->[0x00]
[17:52:26:698]1051550:[DBG]:CMD:[0x20]->[0x00]
[17:52:27:011]1051850:[DBG]:CMD:[0x37]->[0x00]
[17:52:27:011]1051852:[DBG]:CMD:[0x01]->[0x00]
[17:52:27:011]1051852:[DBG]:CMD:[0x20]->[0x00]
[17:52:27:308]1052154:[DBG]:CMD:[0x37]->[0x00]
[17:52:27:308]1052154:[DBG]:CMD:[0x01]->[0x00]
[17:52:27:308]1052156:[DBG]:CMD:[0x20]->[0x00]
[17:52:27:623]1052456:[DBG]:CMD:[0x37]->[0x00]
[17:52:27:623]1052456:[DBG]:CMD:[0x01]->[0x00]
[17:52:27:623]1052460:[DBG]:CMD:[0x20]->[0x00]
[17:52:27:685]1052534:[DBG]:IIC:TEMP ID 0:0x008C,0x0068,0x0004,0x009A,
[17:52:27:685]1052534:[DBG]:IIC:TEMP ID 4:0x0024,0x006B,0x002A,0x0090,
[17:52:27:920]1052760:[DBG]:CMD:[0x37]->[0x00]
[17:52:27:920]1052762:[DBG]:CMD:[0x01]->[0x00]
[17:52:27:920]1052762:[DBG]:CMD:[0x20]->[0x00]
[17:52:28:216]1053064:[DBG]:CMD:[0x37]->[0x00]
[17:52:28:216]1053064:[DBG]:CMD:[0x01]->[0x00]
[17:52:28:216]1053066:[DBG]:CMD:[0x20]->[0x00]
[17:52:28:529]1053366:[DBG]:CMD:[0x37]->[0x00]
[17:52:28:529]1053368:[DBG]:CMD:[0x01]->[0x00]
[17:52:28:529]1053368:[DBG]:CMD:[0x20]->[0x00]
[17:52:28:825]1053670:[DBG]:CMD:[0x37]->[0x00]
[17:52:28:825]1053670:[DBG]:CMD:[0x01]->[0x00]
[17:52:28:825]1053672:[DBG]:CMD:[0x20]->[0x00]
[17:52:29:123]1053972:[DBG]:CMD:[0x37]->[0x00]
[17:52:29:123]1053972:[DBG]:CMD:[0x01]->[0x00]
[17:52:29:123]1053974:[DBG]:CMD:[0x20]->[0x00]
[17:52:29:435]1054276:[DBG]:CMD:[0x37]->[0x00]
[17:52:29:435]1054276:[DBG]:CMD:[0x01]->[0x00]
[17:52:29:435]1054278:[DBG]:CMD:[0x20]->[0x00]
[17:52:29:684]1054534:[DBG]:IIC:TEMP ID 0:0x0087,0x0068,0x0007,0x009A,
[17:52:29:684]1054534:[DBG]:IIC:TEMP ID 4:0x0023,0x006B,0x0047,0x0090,
[17:52:29:734]1054578:[DBG]:CMD:[0x37]->[0x00]
[17:52:29:734]1054578:[DBG]:CMD:[0x01]->[0x00]
[17:52:29:734]1054580:[DBG]:CMD:[0x20]->[0x00]
[17:52:30:032]1054882:[DBG]:CMD:[0x37]->[0x00]
[17:52:30:032]1054882:[DBG]:CMD:[0x01]->[0x00]
[17:52:30:032]1054882:[DBG]:CMD:[0x20]->[0x00]
[17:52:30:349]1055184:[DBG]:CMD:[0x37]->[0x00]
[17:52:30:349]1055186:[DBG]:CMD:[0x01]->[0x00]
[17:52:30:349]1055186:[DBG]:CMD:[0x20]->[0x00]
[17:52:30:649]1055488:[DBG]:CMD:[0x37]->[0x00]
[17:52:30:649]1055488:[DBG]:CMD:[0x01]->[0x00]
[17:52:30:649]1055490:[DBG]:CMD:[0x20]->[0x00]
[17:52:30:949]1055790:[DBG]:CMD:[0x37]->[0x00]
[17:52:30:949]1055792:[DBG]:CMD:[0x01]->[0x00]
[17:52:30:949]1055792:[DBG]:CMD:[0x20]->[0x00]
[17:52:31:249]1056094:[DBG]:CMD:[0x37]->[0x00]
[17:52:31:249]1056094:[DBG]:CMD:[0x01]->[0x00]
[17:52:31:249]1056096:[DBG]:CMD:[0x20]->[0x00]
[17:52:31:548]1056396:[DBG]:CMD:[0x37]->[0x00]
[17:52:31:548]1056398:[DBG]:CMD:[0x01]->[0x00]
[17:52:31:548]1056398:[DBG]:CMD:[0x20]->[0x00]
[17:52:31:682]1056534:[DBG]:IIC:TEMP ID 0:0x009A,0x0068,0x00EC,0x0099,
[17:52:31:682]1056534:[DBG]:IIC:TEMP ID 4:0x0024,0x006B,0x002C,0x0090,
[17:52:31:848]1056700:[DBG]:CMD:[0x37]->[0x00]
[17:52:31:848]1056700:[DBG]:CMD:[0x01]->[0x00]
[17:52:31:848]1056702:[DBG]:CMD:[0x20]->[0x00]
[17:52:32:165]1057002:[DBG]:CMD:[0x37]->[0x00]
[17:52:32:165]1057002:[DBG]:CMD:[0x01]->[0x00]
[17:52:32:165]1057004:[DBG]:CMD:[0x20]->[0x00]
[17:52:32:464]1057304:[DBG]:CMD:[0x37]->[0x00]
[17:52:32:464]1057306:[DBG]:CMD:[0x01]->[0x00]
[17:52:32:464]1057306:[DBG]:CMD:[0x20]->[0x00]
[17:52:32:765]1057608:[DBG]:CMD:[0x37]->[0x00]
[17:52:32:765]1057608:[DBG]:CMD:[0x01]->[0x00]
[17:52:32:765]1057610:[DBG]:CMD:[0x20]->[0x00]
[17:52:33:065]1057910:[DBG]:CMD:[0x37]->[0x00]
[17:52:33:065]1057912:[DBG]:CMD:[0x01]->[0x00]
[17:52:33:065]1057912:[DBG]:CMD:[0x20]->[0x00]
[17:52:33:381]1058214:[DBG]:CMD:[0x37]->[0x00]
[17:52:33:381]1058214:[DBG]:CMD:[0x01]->[0x00]
[17:52:33:381]1058218:[DBG]:CMD:[0x20]->[0x00]
[17:52:33:648]1058520:[DBG]:CMD:[0x37]->[0x00]
[17:52:33:648]1058522:[DBG]:CMD:[0x01]->[0x00]
[17:52:33:648]1058522:[DBG]:CMD:[0x20]->[0x00]
[17:52:33:681]1058534:[DBG]:IIC:TEMP ID 0:0x0093,0x0068,0x00FF,0x0099,
[17:52:33:681]1058534:[DBG]:IIC:TEMP ID 4:0x0021,0x006B,0x0033,0x0090,
[17:52:33:981]1058824:[DBG]:CMD:[0x37]->[0x00]
[17:52:33:981]1058824:[DBG]:CMD:[0x01]->[0x00]
[17:52:33:981]1058826:[DBG]:CMD:[0x20]->[0x00]
[17:52:34:281]1059126:[DBG]:CMD:[0x37]->[0x00]
[17:52:34:281]1059128:[DBG]:CMD:[0x01]->[0x00]
[17:52:34:281]1059128:[DBG]:CMD:[0x20]->[0x00]
[17:52:34:582]1059430:[DBG]:CMD:[0x37]->[0x00]
[17:52:34:583]1059430:[DBG]:CMD:[0x01]->[0x00]
[17:52:34:583]1059432:[DBG]:CMD:[0x20]->[0x00]
[17:52:34:881]1059732:[DBG]:CMD:[0x37]->[0x00]
[17:52:34:881]1059734:[DBG]:CMD:[0x01]->[0x00]
[17:52:34:881]1059734:[DBG]:CMD:[0x20]->[0x00]
[17:52:35:182]1060036:[DBG]:CMD:[0x37]->[0x00]
[17:52:35:182]1060036:[DBG]:CMD:[0x01]->[0x00]
[17:52:35:182]1060038:[DBG]:CMD:[0x20]->[0x00]
[17:52:35:487]1060338:[DBG]:CMD:[0x37]->[0x00]
[17:52:35:487]1060340:[DBG]:CMD:[0x01]->[0x00]
[17:52:35:487]1060340:[DBG]:CMD:[0x20]->[0x00]
[17:52:35:690]1060534:[DBG]:IIC:TEMP ID 0:0x0098,0x0068,0x00EA,0x0099,
[17:52:35:690]1060534:[DBG]:IIC:TEMP ID 4:0x0022,0x006B,0x001E,0x0090,
[17:52:35:784]1060642:[DBG]:CMD:[0x37]->[0x00]
[17:52:35:784]1060642:[DBG]:CMD:[0x01]->[0x00]
[17:52:35:784]1060644:[DBG]:CMD:[0x20]->[0x00]
[17:52:36:096]1060944:[DBG]:CMD:[0x37]->[0x00]
[17:52:36:096]1060946:[DBG]:CMD:[0x01]->[0x00]
[17:52:36:096]1060946:[DBG]:CMD:[0x20]->[0x00]
[17:52:36:395]1061248:[DBG]:CMD:[0x37]->[0x00]
[17:52:36:395]1061248:[DBG]:CMD:[0x01]->[0x00]
[17:52:36:395]1061250:[DBG]:CMD:[0x20]->[0x00]
[17:52:36:692]1061550:[DBG]:CMD:[0x37]->[0x00]
[17:52:36:692]1061552:[DBG]:CMD:[0x01]->[0x00]
[17:52:36:692]1061552:[DBG]:CMD:[0x20]->[0x00]
[17:52:37:005]1061854:[DBG]:CMD:[0x37]->[0x00]
[17:52:37:005]1061854:[DBG]:CMD:[0x01]->[0x00]
[17:52:37:005]1061856:[DBG]:CMD:[0x20]->[0x00]
[17:52:37:301]1062156:[DBG]:CMD:[0x37]->[0x00]
[17:52:37:301]1062156:[DBG]:CMD:[0x01]->[0x00]
[17:52:37:301]1062160:[DBG]:CMD:[0x20]->[0x00]
[17:52:37:614]1062460:[DBG]:CMD:[0x37]->[0x00]
[17:52:37:614]1062460:[DBG]:CMD:[0x01]->[0x00]
[17:52:37:614]1062462:[DBG]:CMD:[0x20]->[0x00]
[17:52:37:676]1062534:[DBG]:IIC:TEMP ID 0:0x009F,0x0068,0x00E1,0x0099,
[17:52:37:676]1062534:[DBG]:IIC:TEMP ID 4:0x0023,0x006B,0x001F,0x0090,
[17:52:37:910]1062762:[DBG]:CMD:[0x37]->[0x00]
[17:52:37:910]1062764:[DBG]:CMD:[0x01]->[0x00]
[17:52:37:910]1062764:[DBG]:CMD:[0x20]->[0x00]
[17:52:38:207]1063066:[DBG]:CMD:[0x37]->[0x00]
[17:52:38:207]1063066:[DBG]:CMD:[0x01]->[0x00]
[17:52:38:207]1063068:[DBG]:CMD:[0x20]->[0x00]
[17:52:38:520]1063368:[DBG]:CMD:[0x37]->[0x00]
[17:52:38:520]1063370:[DBG]:CMD:[0x01]->[0x00]
[17:52:38:520]1063370:[DBG]:CMD:[0x20]->[0x00]
[17:52:38:832]1063672:[DBG]:CMD:[0x37]->[0x00]
[17:52:38:832]1063672:[DBG]:CMD:[0x01]->[0x00]
[17:52:38:832]1063674:[DBG]:CMD:[0x20]->[0x00]
[17:52:39:113]1063976:[DBG]:CMD:[0x37]->[0x00]
[17:52:39:113]1063976:[DBG]:CMD:[0x01]->[0x00]
[17:52:39:113]1063978:[DBG]:CMD:[0x20]->[0x00]
[17:52:39:426]1064278:[DBG]:CMD:[0x37]->[0x00]
[17:52:39:426]1064280:[DBG]:CMD:[0x01]->[0x00]
[17:52:39:426]1064280:[DBG]:CMD:[0x20]->[0x00]
[17:52:39:676]1064534:[DBG]:IIC:TEMP ID 0:0x0090,0x0068,0x00E4,0x0099,
[17:52:39:676]1064534:[DBG]:IIC:TEMP ID 4:0x0022,0x006B,0x001C,0x0090,
[17:52:39:722]1064582:[DBG]:CMD:[0x37]->[0x00]
[17:52:39:722]1064582:[DBG]:CMD:[0x01]->[0x00]
[17:52:39:722]1064584:[DBG]:CMD:[0x20]->[0x00]
[17:52:40:035]1064884:[DBG]:CMD:[0x37]->[0x00]
[17:52:40:035]1064886:[DBG]:CMD:[0x01]->[0x00]
[17:52:40:035]1064886:[DBG]:CMD:[0x20]->[0x00]
[17:52:40:332]1065188:[DBG]:CMD:[0x37]->[0x00]
[17:52:40:332]1065188:[DBG]:CMD:[0x01]->[0x00]
[17:52:40:332]1065190:[DBG]:CMD:[0x20]->[0x00]
[17:52:40:629]1065490:[DBG]:CMD:[0x37]->[0x00]
[17:52:40:629]1065492:[DBG]:CMD:[0x01]->[0x00]
[17:52:40:629]1065492:[DBG]:CMD:[0x20]->[0x00]
[17:52:40:941]1065794:[DBG]:CMD:[0x37]->[0x00]
[17:52:40:941]1065794:[DBG]:CMD:[0x01]->[0x00]
[17:52:40:941]1065796:[DBG]:CMD:[0x20]->[0x00]
[17:52:41:238]1066096:[DBG]:CMD:[0x37]->[0x00]
[17:52:41:238]1066096:[DBG]:CMD:[0x01]->[0x00]
[17:52:41:238]1066098:[DBG]:CMD:[0x20]->[0x00]
[17:52:41:535]1066398:[DBG]:CMD:[0x37]->[0x00]
[17:52:41:535]1066400:[DBG]:CMD:[0x01]->[0x00]
[17:52:41:535]1066400:[DBG]:CMD:[0x20]->[0x00]
[17:52:41:675]1066534:[DBG]:IIC:TEMP ID 0:0x00AB,0x0068,0x00CF,0x0099,
[17:52:41:675]1066534:[DBG]:IIC:TEMP ID 4:0x001D,0x006B,0x0015,0x0090,
[17:52:41:847]1066702:[DBG]:CMD:[0x37]->[0x00]
[17:52:41:847]1066702:[DBG]:CMD:[0x01]->[0x00]
[17:52:41:847]1066704:[DBG]:CMD:[0x20]->[0x00]
[17:52:42:144]1067006:[DBG]:CMD:[0x37]->[0x00]
[17:52:42:144]1067006:[DBG]:CMD:[0x01]->[0x00]
[17:52:42:144]1067006:[DBG]:CMD:[0x20]->[0x00]
[17:52:42:456]1067308:[DBG]:CMD:[0x37]->[0x00]
[17:52:42:456]1067308:[DBG]:CMD:[0x01]->[0x00]
[17:52:42:456]1067310:[DBG]:CMD:[0x20]->[0x00]
[17:52:42:753]1067610:[DBG]:CMD:[0x37]->[0x00]
[17:52:42:753]1067612:[DBG]:CMD:[0x01]->[0x00]
[17:52:42:753]1067612:[DBG]:CMD:[0x20]->[0x00]
[17:52:43:066]1067914:[DBG]:CMD:[0x37]->[0x00]
[17:52:43:066]1067914:[DBG]:CMD:[0x01]->[0x00]
[17:52:43:066]1067918:[DBG]:CMD:[0x20]->[0x00]
[17:52:43:362]1068220:[DBG]:CMD:[0x37]->[0x00]
[17:52:43:362]1068222:[DBG]:CMD:[0x01]->[0x00]
[17:52:43:362]1068222:[DBG]:CMD:[0x20]->[0x00]
[17:52:43:643]1068524:[DBG]:CMD:[0x37]->[0x00]
[17:52:43:643]1068524:[DBG]:CMD:[0x01]->[0x00]
[17:52:43:643]1068526:[DBG]:CMD:[0x20]->[0x00]
[17:52:43:675]1068534:[DBG]:IIC:TEMP ID 0:0x0096,0x0068,0x00DA,0x0099,
[17:52:43:675]1068534:[DBG]:IIC:TEMP ID 4:0x0024,0x006B,0x000C,0x0090,
[17:52:43:972]1068826:[DBG]:CMD:[0x37]->[0x00]
[17:52:43:972]1068828:[DBG]:CMD:[0x01]->[0x00]
[17:52:43:972]1068828:[DBG]:CMD:[0x20]->[0x00]
[17:52:44:269]1069130:[DBG]:CMD:[0x37]->[0x00]
[17:52:44:269]1069130:[DBG]:CMD:[0x01]->[0x00]
[17:52:44:269]1069132:[DBG]:CMD:[0x20]->[0x00]
[17:52:44:565]1069432:[DBG]:CMD:[0x37]->[0x00]
[17:52:44:565]1069434:[DBG]:CMD:[0x01]->[0x00]
[17:52:44:565]1069434:[DBG]:CMD:[0x20]->[0x00]
[17:52:44:878]1069736:[DBG]:CMD:[0x37]->[0x00]
[17:52:44:878]1069736:[DBG]:CMD:[0x01]->[0x00]
[17:52:44:878]1069738:[DBG]:CMD:[0x20]->[0x00]
[17:52:45:175]1070040:[DBG]:CMD:[0x37]->[0x00]
[17:52:45:175]1070040:[DBG]:CMD:[0x01]->[0x00]
[17:52:45:175]1070040:[DBG]:CMD:[0x20]->[0x00]
[17:52:45:487]1070342:[DBG]:CMD:[0x37]->[0x00]
[17:52:45:487]1070344:[DBG]:CMD:[0x01]->[0x00]
[17:52:45:487]1070344:[DBG]:CMD:[0x20]->[0x00]
[17:52:45:674]1070534:[DBG]:IIC:TEMP ID 0:0x0095,0x0068,0x00C9,0x0099,
[17:52:45:674]1070534:[DBG]:IIC:TEMP ID 4:0x0025,0x006B,0x0013,0x0090,
[17:52:45:784]1070646:[DBG]:CMD:[0x37]->[0x00]
[17:52:45:784]1070646:[DBG]:CMD:[0x01]->[0x00]
[17:52:45:784]1070648:[DBG]:CMD:[0x20]->[0x00]
[17:52:46:096]1070948:[DBG]:CMD:[0x37]->[0x00]
[17:52:46:096]1070948:[DBG]:CMD:[0x01]->[0x00]
[17:52:46:096]1070950:[DBG]:CMD:[0x20]->[0x00
[17:52:46:393]1071252:[DBG]:CMD:[0x37]->[0x00]
[17:52:46:393]1071252:[DBG]:CMD:[0x01]->[0x00]
[17:52:46:393]1071254:[DBG]:CMD:[0x20]->[0x00]
[17:52:46:690]1071554:[DBG]:CMD:[0x37]->[0x00]
[17:52:46:690]1071554:[DBG]:CMD:[0x01]->[0x00]
[17:52:46:690]1071556:[DBG]:CMD:[0x20]->[0x00]
[17:52:47:002]1071860:[DBG]:CMD:[0x37]->[0x00]
[17:52:47:002]1071860:[DBG]:CMD:[0x01]->[0x00]
[17:52:47:002]1071862:[DBG]:CMD:[0x20]->[0x00]
[17:52:47:299]1072162:[DBG]:CMD:[0x37]->[0x00]
[17:52:47:299]1072164:[DBG]:CMD:[0x01]->[0x00]
[17:52:47:299]1072164:[DBG]:CMD:[0x20]->[0x00]
[17:52:47:596]1072466:[DBG]:CMD:[0x37]->[0x00]
[17:52:47:596]1072466:[DBG]:CMD:[0x01]->[0x00]
[17:52:47:596]1072468:[DBG]:CMD:[0x20]->[0x00]
[17:52:47:674]1072534:[DBG]:IIC:TEMP ID 0:0x0098,0x0068,0x00BE,0x0099,
[17:52:47:674]1072534:[DBG]:IIC:TEMP ID 4:0x0024,0x006B,0x0002,0x0090,
[17:52:47:908]1072770:[DBG]:CMD:[0x37]->[0x00]
[17:52:47:908]1072770:[DBG]:CMD:[0x01]->[0x00]
[17:52:47:908]1072770:[DBG]:CMD:[0x20]->[0x00]
[17:52:48:205]1073072:[DBG]:CMD:[0x37]->[0x00]
[17:52:48:205]1073074:[DBG]:CMD:[0x01]->[0x00]
[17:52:48:205]1073074:[DBG]:CMD:[0x20]->[0x00]
[17:52:48:517]1073376:[DBG]:CMD:[0x37]->[0x00]
[17:52:48:517]1073376:[DBG]:CMD:[0x01]->[0x00]
[17:52:48:517]1073378:[DBG]:CMD:[0x20]->[0x00]
[17:52:48:814]1073680:[DBG]:CMD:[0x37]->[0x00]
[17:52:48:814]1073680:[DBG]:CMD:[0x01]->[0x00]
[17:52:48:814]1073682:[DBG]:CMD:[0x20]->[0x00]
[17:52:49:111]1073982:[DBG]:CMD:[0x37]->[0x00]
[17:52:49:111]1073984:[DBG]:CMD:[0x01]->[0x00]
[17:52:49:111]1073984:[DBG]:CMD:[0x20]->[0x00]
[17:52:49:424]1074286:[DBG]:CMD:[0x37]->[0x00]
[17:52:49:424]1074286:[DBG]:CMD:[0x01]->[0x00]
[17:52:49:424]1074288:[DBG]:CMD:[0x20]->[0x00]
[17:52:49:673]1074534:[DBG]:IIC:TEMP ID 0:0x009D,0x0068,0x00C5,0x0099,
[17:52:49:673]1074534:[DBG]:IIC:TEMP ID 4:0x0021,0x006B,0x000D,0x0090,
[17:52:49:720]1074588:[DBG]:CMD:[0x37]->[0x00]
[17:52:49:720]1074588:[DBG]:CMD:[0x01]->[0x00]
[17:52:49:720]1074590:[DBG]:CMD:[0x20]->[0x00]
[17:52:50:017]1074892:[DBG]:CMD:[0x37]->[0x00]
[17:52:50:017]1074892:[DBG]:CMD:[0x01]->[0x00]
[17:52:50:017]1074892:[DBG]:CMD:[0x20]->[0x00]
[17:52:50:330]1075194:[DBG]:CMD:[0x37]->[0x00]
[17:52:50:330]1075196:[DBG]:CMD:[0x01]->[0x00]
[17:52:50:330]1075196:[DBG]:CMD:[0x20]->[0x00]
[17:52:50:626]1075498:[DBG]:CMD:[0x37]->[0x00]
[17:52:50:626]1075498:[DBG]:CMD:[0x01]->[0x00]
[17:52:50:626]1075500:[DBG]:CMD:[0x20]->[0x00]
[17:52:50:939]1075800:[DBG]:CMD:[0x37]->[0x00]
[17:52:50:939]1075800:[DBG]:CMD:[0x01]->[0x00]
[17:52:50:939]1075802:[DBG]:CMD:[0x20]->[0x00]
[17:52:51:236]1076102:[DBG]:CMD:[0x37]->[0x00]
[17:52:51:236]1076104:[DBG]:CMD:[0x01]->[0x00]
[17:52:51:236]1076104:[DBG]:CMD:[0x20]->[0x00]
[17:52:51:548]1076406:[DBG]:CMD:[0x37]->[0x00]
[17:52:51:548]1076406:[DBG]:CMD:[0x01]->[0x00]
[17:52:51:548]1076408:[DBG]:CMD:[0x20]->[0x00]
[17:52:51:673]1076534:[DBG]:IIC:TEMP ID 0:0x0090,0x0068,0x00C2,0x0099,
[17:52:51:673]1076534:[DBG]:IIC:TEMP ID 4:0x0024,0x006B,0x0006,0x0090,
[17:52:51:845]1076710:[DBG]:CMD:[0x37]->[0x00]
[17:52:51:845]1076710:[DBG]:CMD:[0x01]->[0x00]
[17:52:51:845]1076710:[DBG]:CMD:[0x20]->[0x00]
[17:52:52:157]1077012:[DBG]:CMD:[0x37]->[0x00]
[17:52:52:157]1077012:[DBG]:CMD:[0x01]->[0x00]
[17:52:52:157]1077014:[DBG]:CMD:[0x20]->[0x00]
[17:52:52:454]1077314:[DBG]:CMD:[0x37]->[0x00]
[17:52:52:454]1077318:[DBG]:CMD:[0x01]->[0x00]
[17:52:52:454]1077320:[DBG]:CMD:[0x20]->[0x00]
[17:52:52:751]1077622:[DBG]:CMD:[0x37]->[0x00]
[17:52:52:751]1077622:[DBG]:CMD:[0x01]->[0x00]
[17:52:52:751]1077624:[DBG]:CMD:[0x20]->[0x00]
[17:52:53:063]1077924:[DBG]:CMD:[0x37]->[0x00]
[17:52:53:063]1077926:[DBG]:CMD:[0x01]->[0x00]
[17:52:53:063]1077926:[DBG]:CMD:[0x20]->[0x00]
[17:52:53:360]1078228:[DBG]:CMD:[0x37]->[0x00]
[17:52:53:360]1078228:[DBG]:CMD:[0x01]->[0x00]
[17:52:53:360]1078230:[DBG]:CMD:[0x20]->[0x00]
[17:52:53:641]1078530:[DBG]:CMD:[0x37]->[0x00]
[17:52:53:641]1078532:[DBG]:CMD:[0x01]->[0x00]
[17:52:53:641]1078532:[DBG]:CMD:[0x20]->[0x00]
[17:52:53:672]1078534:[DBG]:IIC:TEMP ID 0:0x009F,0x0068,0x00C5,0x0099,
[17:52:53:672]1078534:[DBG]:IIC:TEMP ID 4:0x0025,0x006B,0x00EF,0x008F,
[17:52:53:969]1078834:[DBG]:CMD:[0x37]->[0x00]
[17:52:53:969]1078834:[DBG]:CMD:[0x01]->[0x00]
[17:52:53:969]1078836:[DBG]:CMD:[0x20]->[0x00]
[17:52:54:266]1079138:[DBG]:CMD:[0x37]->[0x00]
[17:52:54:266]1079138:[DBG]:CMD:[0x01]->[0x00]
[17:52:54:266]1079138:[DBG]:CMD:[0x20]->[0x00]
[17:52:54:563]1079440:[DBG]:CMD:[0x37]->[0x00]
[17:52:54:563]1079442:[DBG]:CMD:[0x01]->[0x00]
[17:52:54:563]1079442:[DBG]:CMD:[0x20]->[0x00]
[17:52:54:875]1079744:[DBG]:CMD:[0x37]->[0x00]
[17:52:54:875]1079744:[DBG]:CMD:[0x01]->[0x00]
[17:52:54:875]1079746:[DBG]:CMD:[0x20]->[0x00]
[17:52:55:172]1080046:[DBG]:CMD:[0x37]->[0x00]
[17:52:55:172]1080046:[DBG]:CMD:[0x01]->[0x00]
[17:52:55:172]1080048:[DBG]:CMD:[0x20]->[0x00]
[17:52:55:485]1080350:[DBG]:CMD:[0x37]->[0x00]
[17:52:55:485]1080350:[DBG]:CMD:[0x01]->[0x00]
[17:52:55:485]1080352:[DBG]:CMD:[0x20]->[0x00]
[17:52:55:656]1080534:[DBG]:IIC:TEMP ID 0:0x0088,0x0068,0x00C4,0x0099,
[17:52:55:656]1080534:[DBG]:IIC:TEMP ID 4:0x0026,0x006B,0x00EE,0x008F,
[17:52:55:781]1080652:[DBG]:CMD:[0x37]->[0x00]
[17:52:55:781]1080654:[DBG]:CMD:[0x01]->[0x00]
[17:52:55:781]1080654:[DBG]:CMD:[0x20]->[0x00]
[17:52:56:094]1080956:[DBG]:CMD:[0x37]->[0x00]
[17:52:56:094]1080956:[DBG]:CMD:[0x01]->[0x00]
[17:52:56:094]1080960:[DBG]:CMD:[0x20]->[0x00]
[17:52:56:391]1081260:[DBG]:CMD:[0x37]->[0x00]
[17:52:56:391]1081260:[DBG]:CMD:[0x01]->[0x00]
[17:52:56:391]1081262:[DBG]:CMD:[0x20]->[0x00]
[17:52:56:687]1081564:[DBG]:CMD:[0x37]->[0x00]
[17:52:56:687]1081564:[DBG]:CMD:[0x01]->[0x00]
[17:52:56:687]1081566:[DBG]:CMD:[0x20]->[0x00]
[17:52:57:000]1081866:[DBG]:CMD:[0x37]->[0x00]
[17:52:57:000]1081868:[DBG]:CMD:[0x01]->[0x00]
[17:52:57:000]1081868:[DBG]:CMD:[0x20]->[0x00]
[17:52:57:297]1082170:[DBG]:CMD:[0x37]->[0x00]
[17:52:57:297]1082170:[DBG]:CMD:[0x01]->[0x00]
[17:52:57:297]1082172:[DBG]:CMD:[0x20]->[0x00]
[17:52:57:593]1082474:[DBG]:CMD:[0x37]->[0x00]
[17:52:57:593]1082474:[DBG]:CMD:[0x01]->[0x00]
[17:52:57:593]1082474:[DBG]:CMD:[0x20]->[0x00]
[17:52:57:656]1082534:[DBG]:IIC:TEMP ID 0:0x0093,0x0068,0x00BF,0x0099,
[17:52:57:656]1082534:[DBG]:IIC:TEMP ID 4:0x0027,0x006B,0x00EF,0x008F,
[17:52:57:906]1082776:[DBG]:CMD:[0x37]->[0x00]
[17:52:57:906]1082776:[DBG]:CMD:[0x01]->[0x00]
[17:52:57:906]1082778:[DBG]:CMD:[0x20]->[0x00]
[17:52:58:203]1083078:[DBG]:CMD:[0x37]->[0x00]
[17:52:58:203]1083080:[DBG]:CMD:[0x01]->[0x00]
[17:52:58:203]1083080:[DBG]:CMD:[0x20]->[0x00]
[17:52:58:500]1083382:[DBG]:CMD:[0x37]->[0x00]
[17:52:58:500]1083382:[DBG]:CMD:[0x01]->[0x00]
[17:52:58:500]1083384:[DBG]:CMD:[0x20]->[0x00]
[17:52:58:812]1083684:[DBG]:CMD:[0x37]->[0x00]
[17:52:58:812]1083684:[DBG]:CMD:[0x01]->[0x00]
[17:52:58:812]1083686:[DBG]:CMD:[0x20]->[0x00]
[17:52:59:108]1083988:[DBG]:CMD:[0x37]->[0x00]
[17:52:59:108]1083988:[DBG]:CMD:[0x01]->[0x00]
[17:52:59:108]1083990:[DBG]:CMD:[0x20]->[0x00]
[17:52:59:421]1084290:[DBG]:CMD:[0x37]->[0x00]
[17:52:59:421]1084292:[DBG]:CMD:[0x01]->[0x00]
[17:52:59:421]1084292:[DBG]:CMD:[0x20]->[0x00]
[17:52:59:656]1084534:[DBG]:IIC:TEMP ID 0:0x0084,0x0068,0x00B2,0x0099,
[17:52:59:656]1084534:[DBG]:IIC:TEMP ID 4:0x0026,0x006B,0x00E4,0x008F,
[17:52:59:718]1084594:[DBG]:CMD:[0x37]->[0x00]
[17:52:59:718]1084594:[DBG]:CMD:[0x01]->[0x00]
[17:52:59:718]1084596:[DBG]:CMD:[0x20]->[0x00]
[17:53:00:015]1084896:[DBG]:CMD:[0x37]->[0x00]
[17:53:00:015]1084898:[DBG]:CMD:[0x01]->[0x00]
[17:53:00:015]1084898:[DBG]:CMD:[0x20]->[0x00]
[17:53:00:327]1085200:[DBG]:CMD:[0x37]->[0x00]
[17:53:00:327]1085200:[DBG]:CMD:[0x01]->[0x00]
[17:53:00:327]1085202:[DBG]:CMD:[0x20]->[0x00]
[17:53:00:624]1085504:[DBG]:CMD:[0x37]->[0x00]
[17:53:00:624]1085504:[DBG]:CMD:[0x01]->[0x00]
[17:53:00:624]1085506:[DBG]:CMD:[0x20]->[0x00]
[17:53:00:936]1085806:[DBG]:CMD:[0x37]->[0x00]
[17:53:00:936]1085808:[DBG]:CMD:[0x01]->[0x00]
[17:53:00:936]1085808:[DBG]:CMD:[0x20]->[0x00]
[17:53:01:233]1086110:[DBG]:CMD:[0x37]->[0x00]
[17:53:01:233]1086110:[DBG]:CMD:[0x01]->[0x00]
[17:53:01:233]1086112:[DBG]:CMD:[0x20]->[0x00]
[17:53:01:545]1086412:[DBG]:CMD:[0x37]->[0x00]
[17:53:01:545]1086412:[DBG]:CMD:[0x01]->[0x00]
[17:53:01:545]1086414:[DBG]:CMD:[0x20]->[0x00]
[17:53:01:655]1086534:[DBG]:IIC:TEMP ID 0:0x00A5,0x0068,0x0093,0x0099,
[17:53:01:655]1086534:[DBG]:IIC:TEMP ID 4:0x0029,0x006B,0x00ED,0x008F,
[17:53:01:842]1086714:[DBG]:CMD:[0x37]->[0x00]
[17:53:01:842]1086718:[DBG]:CMD:[0x01]->[0x00]
[17:53:01:842]1086720:[DBG]:CMD:[0x20]->[0x00]
[17:53:02:139]1087022:[DBG]:CMD:[0x37]->[0x00]
[17:53:02:139]1087022:[DBG]:CMD:[0x01]->[0x00]
[17:53:02:139]1087024:[DBG]:CMD:[0x20]->[0x00]
[17:53:02:451]1087324:[DBG]:CMD:[0x37]->[0x00]
[17:53:02:451]1087326:[DBG]:CMD:[0x01]->[0x00]
[17:53:02:451]1087328:[DBG]:CMD:[0x20]->[0x00]
[17:53:02:748]1087630:[DBG]:CMD:[0x37]->[0x00]
[17:53:02:748]1087630:[DBG]:CMD:[0x01]->[0x00]
[17:53:02:748]1087632:[DBG]:CMD:[0x20]->[0x00]
[17:53:03:061]1087932:[DBG]:CMD:[0x37]->[0x00]
[17:53:03:061]1087934:[DBG]:CMD:[0x01]->[0x00]
[17:53:03:061]1087934:[DBG]:CMD:[0x20]->[0x00]
[17:53:03:358]1088236:[DBG]:CMD:[0x37]->[0x00]
[17:53:03:358]1088236:[DBG]:CMD:[0x01]->[0x00]
[17:53:03:358]1088238:[DBG]:CMD:[0x20]->[0x00]
[17:53:03:623]1088534:[DBG]:IIC:TEMP ID 0:0x009C,0x0068,0x00AC,0x0099,
[17:53:03:623]1088534:[DBG]:IIC:TEMP ID 4:0x0028,0x006B,0x00DC,0x008F,
[17:53:03:670]1088540:[DBG]:CMD:[0x37]->[0x00]
[17:53:03:670]1088540:[DBG]:CMD:[0x01]->[0x00]
[17:53:03:670]1088540:[DBG]:CMD:[0x20]->[0x00]
[17:53:03:967]1088842:[DBG]:CMD:[0x37]->[0x00]
[17:53:03:967]1088842:[DBG]:CMD:[0x01]->[0x00]
[17:53:03:967]1088844:[DBG]:CMD:[0x20]->[0x00]
[17:53:04:264]1089146:[DBG]:CMD:[0x37]->[0x00]
[17:53:04:264]1089146:[DBG]:CMD:[0x01]->[0x00]
[17:53:04:264]1089148:[DBG]:CMD:[0x20]->[0x00]
[17:53:04:576]1089448:[DBG]:CMD:[0x37]->[0x00]
[17:53:04:576]1089450:[DBG]:CMD:[0x01]->[0x00]
[17:53:04:576]1089450:[DBG]:CMD:[0x20]->[0x00]
[17:53:04:873]1089752:[DBG]:CMD:[0x37]->[0x00]
[17:53:04:873]1089752:[DBG]:CMD:[0x01]->[0x00]
[17:53:04:873]1089754:[DBG]:CMD:[0x20]->[0x00]
[17:53:05:170]1090054:[DBG]:CMD:[0x37]->[0x00]
[17:53:05:170]1090056:[DBG]:CMD:[0x01]->[0x00]
[17:53:05:170]1090056:[DBG]:CMD:[0x20]->[0x00]
[17:53:05:482]1090360:[DBG]:CMD:[0x37]->[0x00]
[17:53:05:482]1090360:[DBG]:CMD:[0x01]->[0x00]
[17:53:05:482]1090362:[DBG]:CMD:[0x20]->[0x00]
[17:53:05:654]1090534:[DBG]:IIC:TEMP ID 0:0x0093,0x0068,0x009F,0x0099,
[17:53:05:654]1090534:[DBG]:IIC:TEMP ID 4:0x002F,0x006B,0x00C3,0x008F,
[17:53:05:779]1090662:[DBG]:CMD:[0x37]->[0x00]
[17:53:05:779]1090662:[DBG]:CMD:[0x01]->[0x00]
[17:53:05:779]1090664:[DBG]:CMD:[0x20]->[0x00]
[17:53:06:076]1090966:[DBG]:CMD:[0x37]->[0x00]
[17:53:06:076]1090966:[DBG]:CMD:[0x01]->[0x00]
[17:53:06:076]1090966:[DBG]:CMD:[0x20]->[0x00]
[17:53:06:388]1091268:[DG]:CMD:[0x37]->[0x00]
[17:53:06:388]1091270:[DBG]:CMD:[0x01]->[0x00]
[17:53:06:388]1091270:[DBG]:CMD:[0x20]->[0x00]
[17:53:06:685]1091572:[DBG]:CMD:[0x37]->[0x00]
[17:53:06:685]1091572:[DBG]:CMD:[0x01]->[0x00]
[17:53:06:685]1091574:[DBG]:CMD:[0x20]->[0x00]
[17:53:06:997]1091874:[DBG]:CMD:[0x37]->[0x00]
[17:53:06:997]1091876:[DBG]:CMD:[0x01]->[0x00]
[17:53:06:997]1091876:[DBG]:CMD:[0x20]->[0x00]
[17:53:07:294]1092178:[DBG]:CMD:[0x37]->[0x00]
[17:53:07:294]1092178:[DBG]:CMD:[0x01]->[0x00]
[17:53:07:294]1092180:[DBG]:CMD:[0x20]->[0x00]
[17:53:07:591]1092480:[DBG]:CMD:[0x37]->[0x00]
[17:53:07:591]1092482:[DBG]:CMD:[0x01]->[0x00]
[17:53:07:591]1092482:[DBG]:CMD:[0x20]->[0x00]
[17:53:07:654]1092534:[DBG]:IIC:TEMP ID 0:0x0098,0x0068,0x00B4,0x0099,
[17:53:07:654]1092534:[DBG]:IIC:TEMP ID 4:0x0028,0x006B,0x00C6,0x008F,
[17:53:07:904]1092784:[DBG]:CMD:[0x37]->[0x00]
[17:53:07:904]1092784:[DBG]:CMD:[0x01]->[0x00]
[17:53:07:904]1092786:[DBG]:CMD:[0x20]->[0x00]
[17:53:08:200]1093086:[DBG]:CMD:[0x37]->[0x00]
[17:53:08:200]1093088:[DBG]:CMD:[0x01]->[0x00]
[17:53:08:200]1093088:[DBG]:CMD:[0x20]->[0x00]
[17:53:08:497]1093390:[DBG]:CMD:[0x37]->[0x00]
[17:53:08:497]1093390:[DBG]:CMD:[0x01]->[0x00]
[17:53:08:497]1093392:[DBG]:CMD:[0x20]->[0x00]
[17:53:08:810]1093692:[DBG]:CMD:[0x37]->[0x00]
[17:53:08:810]1093694:[DBG]:CMD:[0x01]->[0x00]
[17:53:08:810]1093694:[DBG]:CMD:[0x20]->[0x00]
[17:53:09:106]1093996:[DBG]:CMD:[0x37]->[0x00]
[17:53:09:106]1093996:[DBG]:CMD:[0x01]->[0x00]
[17:53:09:106]1093998:[DBG]:CMD:[0x20]->[0x00]
[17:53:09:419]1094298:[DBG]:CMD:[0x37]->[0x00]
[17:53:09:419]1094300:[DBG]:CMD:[0x01]->[0x00]
[17:53:09:419]1094300:[DBG]:CMD:[0x20]->[0x00]
[17:53:09:653]1094534:[DBG]:IIC:TEMP ID 0:0x0095,0x0068,0x00B1,0x0099,
[17:53:09:653]1094534:[DBG]:IIC:TEMP ID 4:0x002B,0x006B,0x00CD,0x008F,
[17:53:09:716]1094602:[DBG]:CMD:[0x37]->[0x00]
[17:53:09:716]1094602:[DBG]:CMD:[0x01]->[0x00]
[17:53:09:716]1094604:[DBG]:CMD:[0x20]->[0x00]
[17:53:10:028]1094906:[DBG]:CMD:[0x37]->[0x00]
[17:53:10:028]1094906:[DBG]:CMD:[0x01]->[0x00]
[17:53:10:028]1094908:[DBG]:CMD:[0x20]->[0x00]
[17:53:10:325]1095210:[DBG]:CMD:[0x37]->[0x00]
[17:53:10:325]1095210:[DBG]:CMD:[0x01]->[0x00]
[17:53:10:325]1095210:[DBG]:CMD:[0x20]->[0x00]
[17:53:10:637]1095512:[DBG]:CMD:[0x37]->[0x00]
[17:53:10:637]1095512:[DBG]:CMD:[0x01]->[0x00]
[17:53:10:637]1095514:[DBG]:CMD:[0x20]->[0x00]
[17:53:10:934]1095814:[DBG]:CMD:[0x37]->[0x00]
[17:53:10:934]1095818:[DBG]:CMD:[0x01]->[0x00]
[17:53:10:934]1095820:[DBG]:CMD:[0x20]->[0x00]
[17:53:11:231]1096122:[DBG]:CMD:[0x37]->[0x00]
[17:53:11:231]1096122:[DBG]:CMD:[0x01]->[0x00]
[17:53:11:231]1096122:[DBG]:CMD:[0x20]->[0x00]
[17:53:11:543]1096424:[DBG]:CMD:[0x37]->[0x00]
[17:53:11:543]1096426:[DBG]:CMD:[0x01]->[0x00]
[17:53:11:543]1096426:[DBG]:CMD:[0x20]->[0x00]
[17:53:11:653]1096534:[DBG]:IIC:TEMP ID 0:0x0086,0x0068,0x00AC,0x0099,
[17:53:11:653]1096534:[DBG]:IIC:TEMP ID 4:0x0026,0x006B,0x00C6,0x008F,
[17:53:11:840]1096728:[DBG]:CMD:[0x37]->[0x00]
[17:53:11:840]1096728:[DBG]:CMD:[0x01]->[0x00]
[17:53:11:840]1096730:[DBG]:CMD:[0x20]->[0x00]
[17:53:12:137]1097030:[DBG]:CMD:[0x37]->[0x00]
[17:53:12:137]1097032:[DBG]:CMD:[0x01]->[0x00]
[17:53:12:137]1097032:[DBG]:CMD:[0x20]->[0x00]
[17:53:12:449]1097334:[DBG]:CMD:[0x37]->[0x00]
[17:53:12:449]1097334:[DBG]:CMD:[0x01]->[0x00]
[17:53:12:449]1097336:[DBG]:CMD:[0x20]->[0x00]
[17:53:12:746]1097636:[DBG]:CMD:[0x37]->[0x00]
[17:53:12:746]1097638:[DBG]:CMD:[0x01]->[0x00]
[17:53:12:746]1097638:[DBG]:CMD:[0x20]->[0x00]
[17:53:13:043]1097940:[DBG]:CMD:[0x37]->[0x00]
[17:53:13:043]1097940:[DBG]:CMD:[0x01]->[0x00]
[17:53:13:043]1097942:[DBG]:CMD:[0x20]->[0x00]
[17:53:13:355]1098242:[DBG]:CMD:[0x37]->[0x00]
[17:53:13:355]1098244:[DBG]:CMD:[0x01]->[0x00]
[17:53:13:355]1098244:[DBG]:CMD:[0x20]->[0x00]
[17:53:13:621]1098534:[DBG]:IIC:TEMP ID 0:0x0093,0x0068,0x00A3,0x0099,
[17:53:13:621]1098534:[DBG]:IIC:TEMP ID 4:0x002B,0x006B,0x00DB,0x008F,
[17:53:13:652]1098546:[DBG]:CMD:[0x37]->[0x00]
[17:53:13:652]1098546:[DBG]:CMD:[0x01]->[0x00]
[17:53:13:652]1098548:[DBG]:CMD:[0x20]->[0x00]
[17:53:13:965]1098850:[DBG]:CMD:[0x37]->[0x00]
[17:53:13:965]1098850:[DBG]:CMD:[0x01]->[0x00]
[17:53:13:965]1098850:[DBG]:CMD:[0x20]->[0x00]
[17:53:14:261]1099152:[DBG]:CMD:[0x37]->[0x00]
[17:53:14:261]1099152:[DBG]:CMD:[0x01]->[0x00]
[17:53:14:261]1099154:[DBG]:CMD:[0x20]->[0x00]
[17:53:14:574]1099454:[DBG]:CMD:[0x37]->[0x00]
[17:53:14:574]1099456:[DBG]:CMD:[0x01]->[0x00]
[17:53:14:574]1099456:[DBG]:CMD:[0x20]->[0x00]
[17:53:14:871]1099760:[DBG]:CMD:[0x37]->[0x00]
[17:53:14:871]1099760:[DBG]:CMD:[0x01]->[0x00]
[17:53:14:871]1099762:[DBG]:CMD:[0x20]->[0x00]
[17:53:15:167]1100062:[DBG]:CMD:[0x37]->[0x00]
[17:53:15:167]1100064:[DBG]:CMD:[0x01]->[0x00]
[17:53:15:167]1100064:[DBG]:CMD:[0x20]->[0x00]
[17:53:15:480]1100366:[DBG]:CMD:[0x37]->[0x00]
[17:53:15:480]1100366:[DBG]:CMD:[0x01]->[0x00]
[17:53:15:480]1100368:[DBG]:CMD:[0x20]->[0x00]
[17:53:15:636]1100534:[DBG]:IIC:TEMP ID 0:0x0096,0x0068,0x009C,0x0099,
[17:53:15:636]1100534:[DBG]:IIC:TEMP ID 4:0x002A,0x006B,0x00B6,0x008F,
[17:53:15:777]1100668:[DBG]:CMD:[0x37]->[0x00]
[17:53:15:777]1100668:[DBG]:CMD:[0x01]->[0x00]
[17:53:15:777]1100670:[DBG]:CMD:[0x20]->[0x00]
[17:53:16:073]1100972:[DBG]:CMD:[0x37]->[0x00]
[17:53:16:073]1100972:[DBG]:CMD:[0x01]->[0x00]
[17:53:16:073]1100972:[DBG]:CMD:[0x20]->[0x00]
[17:53:16:386]1101274:[DBG]:CMD:[0x37]->[0x00]
[17:53:16:386]1101274:[DBG]:CMD:[0x01]->[0x00]
[17:53:16:386]1101276:[DBG]:CMD:[0x20]->[0x00]
[17:53:16:682]1101576:[DBG]:CMD:[0x37]->[0x00]
[17:53:16:682]1101578:[DBG]:CMD:[0x01]->[0x00]
[17:53:16:682]1101578:[DBG]:CMD:[0x20]->[0x00]
[17:53:16:980]1101880:[DBG]:CMD:[0x37]->[0x00]
[17:53:16:980]1101880:[DBG]:CMD:[0x01]->[0x00]
[17:53:16:980]1101882:[DBG]:CMD:[0x20]->[0x00]
[17:53:17:292]1102182:[DBG]:CMD:[0x37]->[0x00]
[17:53:17:292]1102184:[DBG]:CMD:[0x01]->[0x00]
[17:53:17:292]1102184:[DBG]:CMD:[0x20]->[0x00]
[17:53:17:589]1102486:[DBG]:CMD:[0x37]->[0x00]
[17:53:17:589]1102486:[DBG]:CMD:[0x01]->[0x00]
[17:53:17:589]1102488:[DBG]:CMD:[0x20]->[0x00]
[17:53:17:636]1102534:[DBG]:IIC:TEMP ID 0:0x009B,0x0068,0x00B1,0x0099,
[17:53:17:636]1102534:[DBG]:IIC:TEMP ID 4:0x0027,0x006B,0x00B1,0x008F,
[17:53:17:901]1102788:[DBG]:CMD:[0x37]->[0x00]
[17:53:17:901]1102788:[DBG]:CMD:[0x01]->[0x00]
[17:53:17:901]1102790:[DBG]:CMD:[0x20]->[0x00]
[17:53:18:198]1103092:[DBG]:CMD:[0x37]->[0x00]
[17:53:18:198]1103092:[DBG]:CMD:[0x01]->[0x00]
[17:53:18:198]1103094:[DBG]:CMD:[0x20]->[0x00]
[17:53:18:495]1103394:[DBG]:CMD:[0x37]->[0x00]
[17:53:18:495]1103394:[DBG]:CMD:[0x01]->[0x00]
[17:53:18:495]1103396:[DBG]:CMD:[0x20]->[0x00]
[17:53:18:807]1103698:[DBG]:CMD:[0x37]->[0x00]
[17:53:18:807]1103698:[DBG]:CMD:[0x01]->[0x00]
[17:53:18:807]1103698:[DBG]:CMD:[0x20]->[0x00]
[17:53:19:104]1104000:[DBG]:CMD:[0x37]->[0x00]
[17:53:19:104]1104000:[DBG]:CMD:[0x01]->[0x00]
[17:53:19:104]1104002:[DBG]:CMD:[0x20]->[0x00]
[17:53:19:401]1104304:[DBG]:CMD:[0x37]->[0x00]
[17:53:19:401]1104304:[DBG]:CMD:[0x01]->[0x00]
[17:53:19:401]1104306:[DBG]:CMD:[0x20]->[0x00]
[17:53:19:635]1104534:[DBG]:IIC:TEMP ID 0:0x0086,0x0068,0x009C,0x0099,
[17:53:19:635]1104534:[DBG]:IIC:TEMP ID 4:0x002E,0x006B,0x00C0,0x008F,
[17:53:19:713]1104606:[DBG]:CMD:[0x37]->[0x00]
[17:53:19:713]1104606:[DBG]:CMD:[0x01]->[0x00]
[17:53:19:713]1104608:[DBG]:CMD:[0x20]->[0x00]
[17:53:20:026]1104910:[DBG]:CMD:[0x37]->[0x00]
[17:53:20:026]1104910:[DBG]:CMD:[0x01]->[0x00]
[17:53:20:026]1104912:[DBG]:CMD:[0x20]->[0x00]
[17:53:20:323]1105214:[DBG]:CMD:[0x37]->[0x00]
[17:53:20:323]1105214:[DBG]:CMD:[0x01]->[0x00]
[17:53:20:323]1105214:[DBG]:CMD:[0x20]->[0x00]
[17:53:20:619]1105518:[DBG]:CMD:[0x37]->[0x00]
[17:53:20:619]1105520:[DBG]:CMD:[0x01]->[0x00]
[17:53:20:635]1105522:[DBG]:CMD:[0x20]->[0x00]
[17:53:20:932]1105822:[DBG]:CMD:[0x37]->[0x00]
[17:53:20:932]1105824:[DBG]:CMD:[0x01]->[0x00]
[17:53:20:932]1105824:[DBG]:CMD:[0x20]->[0x00]
[17:53:21:229]1106126:[DBG]:CMD:[0x37]->[0x00]
[17:53:21:229]1106126:[DBG]:CMD:[0x01]->[0x00]
[17:53:21:229]1106128:[DBG]:CMD:[0x20]->[0x00]
[17:53:21:525]1106428:[DBG]:CMD:[0x37]->[0x00]
[17:53:21:525]1106430:[DBG]:CMD:[0x01]->[0x00]
[17:53:21:525]1106430:[DBG]:CMD:[0x20]->[0x00]
[17:53:21:635]1106534:[DBG]:IIC:TEMP ID 0:0x009B,0x0068,0x009D,0x0099,
[17:53:21:635]1106534:[DBG]:IIC:TEMP ID 4:0x002B,0x006B,0x00B1,0x008F,
[17:53:21:838]1106732:[DBG]:CMD:[0x37]->[0x00]
[17:53:21:838]1106732:[DBG]:CMD:[0x01]->[0x00]
[17:53:21:838]1106734:[DBG]:CMD:[0x20]->[0x00]
[17:53:22:135]1107036:[DBG]:CMD:[0x37]->[0x00]
[17:53:22:135]1107036:[DBG]:CMD:[0x01]->[0x00]
[17:53:22:135]1107038:[DBG]:CMD:[0x20]->[0x00]
[17:53:22:447]1107338:[DBG]:CMD:[0x37]->[0x00]
[17:53:22:447]1107340:[DBG]:CMD:[0x01]->[0x00]
[17:53:22:447]1107340:[DBG]:CMD:[0x20]->[0x00]
[17:53:22:744]1107642:[DBG]:CMD:[0x37]->[0x00]
[17:53:22:744]1107642:[DBG]:CMD:[0x01]->[0x00]
[17:53:22:744]1107644:[DBG]:CMD:[0x20]->[0x00]
[17:53:23:041]1107944:[DBG]:CMD:[0x37]->[0x00]
[17:53:23:041]1107946:[DBG]:CMD:[0x01]->[0x00]
[17:53:23:041]1107946:[DBG]:CMD:[0x20]->[0x00]
[17:53:23:353]1108248:[DBG]:CMD:[0x37]->[0x00]
[17:53:23:353]1108248:[DBG]:CMD:[0x01]->[0x00]
[17:53:23:353]1108250:[DBG]:CMD:[0x20]->[0x00]
[17:53:23:619]1108534:[DBG]:IIC:TEMP ID 0:0x00AA,0x0068,0x009C,0x0099,
[17:53:23:619]1108534:[DBG]:IIC:TEMP ID 4:0x002A,0x006B,0x00BE,0x008F,
[17:53:23:649]1108552:[DBG]:CMD:[0x37]->[0x00]
[17:53:23:649]1108552:[DBG]:CMD:[0x01]->[0x00]
[17:53:23:649]1108554:[DBG]:CMD:[0x20]->[0x00]
[17:53:23:962]1108856:[DBG]:CMD:[0x37]->[0x00]
[17:53:23:962]1108856:[DBG]:CMD:[0x01]->[0x00]
[17:53:23:962]1108856:[DBG]:CMD:[0x20]->[0x00]
[17:53:24:259]1109160:[DBG]:CMD:[0x37]->[0x00]
[17:53:24:259]1109160:[DBG]:CMD:[0x01]->[0x00]
[17:53:24:259]1109162:[DBG]:CMD:[0x20]->[0x00]
[17:53:24:556]1109462:[DBG]:CMD:[0x37]->[0x00]
[17:53:24:556]1109462:[DBG]:CMD:[0x01]->[0x00]
[17:53:24:556]1109464:[DBG]:CMD:[0x20]->[0x00]
[17:53:24:868]1109766:[DBG]:CMD:[0x37]->[0x00]
[17:53:24:868]1109766:[DBG]:CMD:[0x01]->[0x00]
[17:53:24:868]1109768:[DBG]:CMD:[0x20]->[0x00]
[17:53:25:165]1110070:[DBG]:CMD:[0x37]->[0x00]
[17:53:25:165]1110070:[DBG]:CMD:[0x01]->[0x00]
[17:53:25:165]1110070:[DBG]:CMD:[0x20]->[0x00]
[17:53:25:478]1110372:[DBG]:CMD:[0x37]->[0x00]
[17:53:25:478]1110374:[DBG]:CMD:[0x01]->[0x00]
[17:53:25:478]1110374:[DBG]:CMD:[0x20]->[0x00]
[17:53:25:634]1110534:[DBG]:IIC:TEMP ID 0:0x00A5,0x0068,0x009F,0x0099,
[17:53:25:634]1110534:[DBG]:IIC:TEMP ID 4:0x002D,0x006B,0x00C1,0x008F,
[17:53:25:774]1110676:[DBG]:CMD:[0x37]->[0x00]
[17:53:25:774]1110676:[DBG]:CMD:[0x01]->[0x00]
[17:53:25:774]1110678:[DBG]:CMD:[0x20]->[0x00]
[17:53:26:071]1110978:[DBG]:CMD:[0x37]->[0x00]
[17:53:26:071]1110980:[DBG]:CMD:[0x01]->[0x00]
[17:53:26:071]1110980:[DBG]:CMD:[0x20]->[0x00]
[17:53:26:383]1111282:[DBG]:CMD:[0x37]->[0x00]
[17:53:26:383]1111282:[DBG]:CMD:[0x01]->[0x00]
[17:53:26:383]1111284:[DBG]:CMD:[0x20]->[0x00]
[17:53:26:680]1111586:[DBG]:CMD:[0x37]->[0x00]
[17:53:26:680]1111586:[DBG]:CMD:[0x01]->[0x00]
[17:53:26:680]1111588:[DBG]:CMD:[0x20]->[0x00]
[17:53:26:993]1111888:[DBG]:CMD:[0x37]->[0x00]
[17:53:26:993]1111890:[DBG]:CMD:[0x01]->[0x00]
[17:53:26:993]1111890:[DBG]:CMD:[0x20]->[0x00]
[17:53:27:290]1112192:[DBG]:CMD:[0x37]->[0x00]
[17:53:27:290]1112192:[DBG]:CMD:[0x01]->[0x00]
[17:53:27:290]1112194:[DBG]:CMD:[0x20]->[0x00]
[17:53:27:586]1112496:[DBG]:CMD:[0x37]->[0x00]
[17:53:27:586]1112496:[DBG]:CMD:[0x01]->[0x00]
[17:53:27:586]1112496:[DBG]:CMD:[0x20]->[0x00]
[17:53:27:633]1112534:[DBG]:IIC:TEMP ID 0:0x00AC,0x0068,0x00AA,0x0099,
[17:53:27:633]1112534:[DBG]:IIC:TEMP ID 4:0x0030,0x006B,0x00B6,0x008F,
[17:53:27:899]1112798:[DBG]:CMD:[0x37]->[0x00]
[17:53:27:899]1112800:[DBG]:CMD:[0x01]->[0x00]
[17:53:27:899]1112800:[DBG]:CMD:[0x20]->[0x00]
[17:53:28:196]1113102:[DBG]:CMD:[0x37]->[0x00]
[17:53:28:196]1113102:[DBG]:CMD:[0x01]->[0x00]
[17:53:28:196]1113104:[DBG]:CMD:[0x20]->[0x00]
[17:53:28:508]1113406:[DBG]:CMD:[0x37]->[0x00]
[17:53:28:508]1113406:[DBG]:CMD:[0x01]->[0x00]
[17:53:28:508]1113408:[DBG]:CMD:[0x20]->[0x00]
[17:53:28:805]1113708:[DBG]:CMD:[0x37]->[0x00]
[17:53:28:805]1113710:[DBG]:CMD:[0x01]->[0x00]
[17:53:28:805]1113710:[DBG]:CMD:[0x20]->[0x00]
[17:53:29:117]1114012:[DBG]:CMD:[0x37]->[0x00]
[17:53:29:117]1114012:[DBG]:CMD:[0x01]->[0x00]
[17:53:29:117]1114014:[DBG]:CMD:[0x20]->[0x00]
[17:53:29:414]1114318:[DBG]:CMD:[0x37]->[0x00]
[17:53:29:414]1114320:[DBG]:CMD:[0x01]->[0x00]
[17:53:29:414]1114322:[DBG]:CMD:[0x20]->[0x00]
[17:53:29:633]1114534:[DBG]:IIC:TEMP ID 0:0x0095,0x0068,0x00AF,0x0099,
[17:53:29:633]1114534:[DBG]:IIC:TEMP ID 4:0x002F,0x006B,0x009F,0x008F,
[17:53:29:711]1114622:[DBG]:CMD:[0x37]->[0x00]
[17:53:29:711]1114624:[DBG]:CMD:[0x01]->[0x00]
[17:53:29:711]1114624:[DBG]:CMD:[0x20]->[0x00]
[17:53:30:023]1114926:[DBG]:CMD:[0x37]->[0x00]
[17:53:30:023]1114926:[DBG]:CMD:[0x01]->[0x00]
[17:53:30:023]1114928:[DBG]:CMD:[0x20]->[0x00]
[17:53:30:320]1115228:[DBG]:CMD:[0x37]->[0x00]
[17:53:30:320]1115230:[DBG]:CMD:[0x01]->[0x00]
[17:53:30:320]1115230:[DBG]:CMD:[0x20]->[0x00]
[17:53:30:633]1115532:[DBG]:CMD:[0x37]->[0x00]
[17:53:30:633]1115532:[DBG]:CMD:[0x01]->[0x00]
[17:53:30:633]1115534:[DBG]:CMD:[0x20]->[0x00]
[17:53:30:929]1115836:[DBG]:CMD:[0x37]->[0x00]
[17:53:30:929]1115836:[DBG]:CMD:[0x01]->[0x00]
[17:53:30:929]1115838:[DBG]:CMD:[0x20]->[0x00]
[17:53:31:226]1116138:[DBG]:CMD:[0x37]->[0x00]
[17:53:31:226]1116140:[DBG]:CMD:[0x01]->[0x00]
[17:53:31:226]1116140:[DBG]:CMD:[0x20]->[0x00]
[17:53:31:539]1116442:[DBG]:CMD:[0x37]->[0x00]
[17:53:31:539]1116442:[DBG]:CMD:[0x01]->[0x00]
[17:53:31:539]1116444:[DBG]:CMD:[0x20]->[0x00]
[17:53:31:632]1116534:[DBG]:IIC:TEMP ID 0:0x009A,0x0068,0x00B6,0x0099,
[17:53:31:632]1116534:[DBG]:IIC:TEMP ID 4:0x002C,0x006B,0x00B0,0x008F,
[17:53:31:835]1116746:[DBG]:CMD:[0x37]->[0x00]
[17:53:31:835]1116746:[DBG]:CMD:[0x01]->[0x00]
[17:53:31:835]1116746:[DBG]:CMD:[0x20]->[0x00]
[17:53:32:148]1117048:[DBG]:CMD:[0x37]->[0x00]
[17:53:32:148]1117050:[DBG]:CMD:[0x01]->[0x00]
[17:53:32:148]1117050:[DBG]:CMD:[0x20]->[0x00]
[17:53:32:445]1117352:[DBG]:CMD:[0x37]->[0x00]
[17:53:32:445]1117352:[DBG]:CMD:[0x01]->[0x00]
[17:53:32:445]1117354:[DBG]:CMD:[0x20]->[0x00]
[17:53:32:741]1117656:[DBG]:CMD:[0x37]->[0x00]
[17:53:32:741]1117656:[DBG]:CMD:[0x01]->[0x00]
[17:53:32:741]1117656:[DBG]:CMD:[0x20]->[0x00]
[17:53:33:054]1117960:[DBG]:CMD:[0x37]->[0x00]
[17:53:33:054]1117960:[DBG]:CMD:[0x01]->[0x00]
[17:53:33:054]1117960:[DBG]:CMD:[0x20]->[0x00]
[17:53:33:350]1118262:[DBG]:CMD:[0x37]->[0x00]
[17:53:33:350]1118264:[DBG]:CMD:[0x01]->[0x00]
[17:53:33:350]1118264:[DBG]:CMD:[0x20]->[0x00]
[17:53:33:616]1118534:[DBG]:IIC:TEMP ID 0:0x00A1,0x0068,0x00C5,0x0099,
[17:53:33:616]1118534:[DBG]:IIC:TEMP ID 4:0x0031,0x006B,0x009D,0x008F,
[17:53:33:663]1118566:[DBG]:CMD:[0x37]->[0x00]
[17:53:33:663]1118566:[DBG]:CMD:[0x01]->[0x00]
[17:53:33:663]1118568:[DBG]:CMD:[0x20]->[0x00]
[17:53:33:960]1118870:[DBG]:CMD:[0x37]->[0x00]
[17:53:33:960]1118870:[DBG]:CMD:[0x01]->[0x00]
[17:53:33:960]1118870:[DBG]:CMD:[0x20]->[0x00]
[17:53:34:241]1119172:[DBG]:CMD:[0x37]->[0x00]
[17:53:34:241]1119174:[DBG]:CMD:[0x01]->[0x00]
[17:53:34:241]1119174:[DBG]:CMD:[0x20]->[0x00]
[17:53:34:272]1119186:[DBG]:PAP:Sn[31] Value[1]
[17:53:34:272]1119186:[DBG]:STS:Manual Tray Remain 0
[17:53:34:272]1119186:[DBG]:CMD:Tray[1], Paper Exist[0]
[17:53:34:538]1119476:[DBG]:CMD:[0x37]->[0x00]
[17:53:34:538]1119476:[DBG]:CMD:[0x01]->[0x00]
[17:53:34:538]1119478:[DBG]:CMD:[0x20]->[0x02]
[17:53:34:569]1119478:[DBG]:CMD:[0x23]->[0x00]
[17:53:34:866]1119780:[DBG]:CMD:[0x37]->[0x00]
[17:53:34:866]1119780:[DBG]:CMD:[0x01]->[0x00]
[17:53:34:866]1119782:[DBG]:CMD:[0x20]->[0x00]
[17:53:35:178]1120084:[DBG]:CMD:[0x37]->[0x00]
[17:53:35:178]1120084:[DBG]:CMD:[0x01]->[0x00]
[17:53:35:178]1120086:[DBG]:CMD:[0x20]->[0x00]
[17:53:35:475]1120388:[DBG]:CMD:[0x37]->[0x00]
[17:53:35:475]1120388:[DBG]:CMD:[0x01]->[0x00]
[17:53:35:475]1120388:[DBG]:CMD:[0x20]->[0x00]
[17:53:35:616]1120534:[DBG]:IIC:TEMP ID 0:0x00AC,0x0068,0x00BE,0x0099,
[17:53:35:616]1120534:[DBG]:IIC:TEMP ID 4:0x0032,0x006B,0x009A,0x008F,
[17:53:35:772]1120690:[DBG]:CMD:[0x37]->[0x00]
[17:53:35:772]1120690:[DBG]:CMD:[0x01]->[0x00]
[17:53:35:772]1120692:[DBG]:CMD:[0x20]->[0x00]
[17:53:36:084]1120994:[DBG]:CMD:[0x37]->[0x00]
[17:53:36:084]1120994:[DBG]:CMD:[0x01]->[0x00]
[17:53:36:084]1120996:[DBG]:CMD:[0x20]->[0x00]
[17:53:36:381]1121298:[DBG]:CMD:[0x37]->[0x00]
[17:53:36:381]1121298:[DBG]:CMD:[0x01]->[0x00]
[17:53:36:381]1121298:[DBG]:CMD:[0x20]->[0x00]
[17:53:36:694]1121600:[DBG]:CMD:[0x37]->[0x00]
[17:53:36:694]1121602:[DBG]:CMD:[0x01]->[0x00]
[17:53:36:694]1121602:[DBG]:CMD:[0x20]->[0x00]
[17:53:36:990]1121904:[DBG]:CMD:[0x37]->[0x00]
[17:53:36:990]1121904:[DBG]:CMD:[0x01]->[0x00]
[17:53:36:990]1121906:[DBG]:CMD:[0x20]->[0x00]
[17:53:37:303]1122208:[DBG]:CMD:[0x37]->[0x00]
[17:53:37:303]1122208:[DBG]:CMD:[0x01]->[0x00]
[17:53:37:303]1122208:[DBG]:CMD:[0x20]->[0x00]
[17:53:37:584]1122510:[DBG]:CMD:[0x37]->[0x00]
[17:53:37:584]1122512:[DBG]:CMD:[0x01]->[0x00]
[17:53:37:584]1122512:[DBG]:CMD:[0x20]->[0x00]
[17:53:37:615]1122534:[DBG]:IIC:TEMP ID 0:0x00A1,0x0068,0x00CD,0x0099,
[17:53:37:615]1122534:[DBG]:IIC:TEMP ID 4:0x002F,0x006B,0x0097,0x008F,
[17:53:37:912]1122814:[DBG]:CMD:[0x37]->[0x00]
[17:53:37:912]1122814:[DBG]:CMD:[0x01]->[0x00]
[17:53:37:912]1122818:[DBG]:CMD:[0x20]->[0x00]
[17:53:38:209]1123120:[DBG]:CMD:[0x37]->[0x00]
[17:53:38:209]1123122:[DBG]:CMD:[0x01]->[0x00]
[17:53:38:209]1123122:[DBG]:CMD:[0x20]->[0x00]
[17:53:38:506]1123424:[DBG]:CMD:[0x37]->[0x00]
[17:53:38:506]1123424:[DBG]:CMD:[0x01]->[0x00]
[17:53:38:506]1123426:[DBG]:CMD:[0x20]->[0x00]
[17:53:38:818]1123726:[DBG]:CMD:[0x37]->[0x00]
[17:53:38:818]1123728:[DBG]:CMD:[0x01]->[0x00]
[17:53:38:818]1123728:[DBG]:CMD:[0x20]->[0x00]
[17:53:39:115]1124030:[DBG]:CMD:[0x37]->[0x00]
[17:53:39:115]1124030:[DBG]:CMD:[0x01]->[0x00]
[17:53:39:115]1124032:[DBG]:CMD:[0x20]->[0x00]
[17:53:39:412]1124334:[DBG]:CMD:[0x37]->[0x00]
[17:53:39:412]1124334:[DBG]:CMD:[0x01]->[0x00]
[17:53:39:412]1124336:[DBG]:CMD:[0x20]->[0x00]
[17:53:39:615]1124534:[DBG]:IIC:TEMP ID 0:0x00A0,0x0068,0x00DA,0x0099,
[17:53:39:615]1124534:[DBG]:IIC:TEMP ID 4:0x0030,0x006B,0x00A4,0x008F,
[17:53:39:724]1124638:[DBG]:CMD:[0x37]->[0x00]
[17:53:39:724]1124638:[DBG]:CMD:[0x01]->[0x00]
[17:53:39:724]1124638:[DBG]:CMD:[0x20]->[0x00]
[17:53:40:021]1124940:[DBG]:CMD:[0x37]->[0x00]
[17:53:40:021]1124940:[DBG]:CMD:[0x01]->[0x00]
[17:53:40:021]1124942:[DBG]:CMD:[0x20]->[0x00]
[17:53:40:333]1125244:[DBG]:CMD:[0x37]->[0x00]
[17:53:40:333]1125244:[DBG]:CMD:[0x01]->[0x00]
[17:53:40:333]1125246:[DBG]:CMD:[0x20]->[0x00]
[17:53:40:630]1125548:[DBG]:CMD:[0x37]->[0x00]
[17:53:40:630]1125548:[DBG]:CMD:[0x01]->[0x00]
[17:53:40:630]1125548:[DBG]:CMD:[0x20]->[0x00]
[17:53:40:943]1125850:[DBG]:CMD:[0x37]->[0x00]
[17:53:40:943]1125852:[DBG]:CMD:[0x01]->[0x00]
[17:53:40:943]1125852:[DBG]:CMD:[0x20]->[0x00]
[17:53:41:239]1126154:[DBG]:CMD:[0x37]->[0x00]
[17:53:41:239]1126154:[DBG]:CMD:[0x01]->[0x00]
[17:53:41:239]1126156:[DBG]:CMD:[0x20]->[0x00]
[17:53:41:536]1126460:[DBG]:CMD:[0x37]->[0x00]
[17:53:41:536]1126460:[DBG]:CMD:[0x01]->[0x00]
[17:53:41:536]1126460:[DBG]:CMD:[0x20]->[0x00]
[17:53:41:614]1126534:[DBG]:IIC:TEMP ID 0:0x009D,0x0068,0x00ED,0x0099,
[17:53:41:614]1126534:[DBG]:IIC:TEMP ID 4:0x0031,0x006B,0x009F,0x008F,
[17:53:41:849]1126762:[DBG]:CMD:[0x37]->[0x00]
[17:53:41:849]1126762:[DBG]:CMD:[0x01]->[0x00]
[17:53:41:849]1126764:[DBG]:CMD:[0x20]->[0x00]
[17:53:42:146]1127066:[DBG]:CMD:[0x37]->[0x00]
[17:53:42:146]1127066:[DBG]:CMD:[0x01]->[0x00]
[17:53:42:146]1127068:[DBG]:CMD:[0x20]->[0x00]
[17:53:42:458]1127370:[DBG]:CMD:[0x37]->[0x00]
[17:53:42:458]1127370:[DBG]:CMD:[0x01]->[0x00]
[17:53:42:458]1127370:[DBG]:CMD:[0x20]->[0x00]
[17:53:42:692]1127636:[DBG]:SSC:Patent IF get stop cmd from EC.
[17:53:42:692]1127636:[DBG]:STS:Option1 Cover Open
[17:53:42:708]1127636:[DBG]:PAP:MT off option1 cnt[0] spd[0]
[17:53:42:708]1127636:[DBG]:PAP:MT off option2 cnt[0] spd[0]
[17:53:42:708]1127636:[DBG]:PLT:rcv cover[2] info[0]
[17:53:42:723]1127636:[DBG]:PLT:Manual ready!
[17:53:42:723]1127636:[DBG]:PLT:device stop tray[1]
[17:53:42:723]1127636:[DBG]:PLT:Tray[3] Ready!
[17:53:42:723]1127636:[DBG]:PLT:device stop tray[3]
[17:53:42:723]1127636:[DBG]:PLT:Tray[4] Ready!
[17:53:42:723]1127636:[DBG]:PLT:device stop tray[4]
[17:53:42:723]1127638:[DBG]:DEV:EC_24V OFF
[17:53:42:739]1127638:[DBG]:STS:MAIN->ALARM  ,SUB->COVER  
[17:53:42:739]1127638:[DBG]:CMD:Tray[3], Plate Status[0]
[17:53:42:739]1127638:[DBG]:CMD:Tray[4], Plate Status[0]
[17:53:42:754]1127638:[DBG]:IMG:Med Stop Imaging Mechanism
[17:53:42:754]1127638:[DBG]:IMG:Channel Stop 0
[17:53:42:754]1127638:[DBG]:IMG:Channel Stop Way->STOP
[17:53:42:754]1127638:[DBG]:IMG:Proc Urgency Stop
[17:53:42:770]1127638:[DBG]:IMG:Proc Stop Timer id stop
[17:53:42:770]1127638:[DBG]:IMG:Proc Preprocess Timer stop
[17:53:42:770]1127638:[DBG]:IMG:Comp Itb Stop
[17:53:42:786]1127638:[DBG]:IMG:Comp Erase Check Stop
[17:53:42:786]1127638:[DBG]:DEV:Phase Sen:1 State Reset:255
[17:53:42:786]1127638:[DBG]:IMG:Comp Phase Stop Reset:1
[17:53:42:801]1127638:[DBG]:DEV:Phase Sen:0 State Reset:255
[17:53:42:801]1127638:[DBG]:IMG:Comp Phase Stop Reset:0
[17:53:42:801]1127638:[DBG]:CAL:Comp Ctd Sensor 0 OFF
[17:53:42:817]1127638:[DBG]:CAL:Comp Ctd Sensor 1 OFF
[17:53:42:817]1127638:[DBG]:CAL:Med Calib Mechanism Stop!
[17:53:42:817]1127638:[DBG]:FUS:Mode Change!! ( C_Temp = 76 / R_Temp = 68 / F_Temp = 68)
[17:53:42:817]1127638:[DBG]:FUS:Standby / Standby -> Stop / Stop 
[17:53:42:832]1127638:[DBG]:FUS:Request Fuser Motor Stop
[17:53:42:832]1127638:[INT]:DEV:off to off
[17:53:42:832]1127638:[INT]:DEV:fuser motor req stop
[17:53:42:832]1127638:[DBG]:DEV:Main fan off,duty is 0
[17:53:42:848]1127638:[DBG]:DEV:LP5009 addr:0x0B data:0xFF
[17:53:42:848]1127638:[DBG]:DEV:Power fan off,duty is 0
[17:53:42:848]1127638:[DBG]:DEV:LP5009 addr:0x0C data:0xFF
[17:53:42:864]1127638:[DBG]:DEV:lsu rear fan off,duty is 0
[17:53:42:864]1127638:[DBG]:DEV:LP5009 addr:0x0D data:0xFF
[17:53:42:879]1127638:[DBG]:DEV:lsu front fan off,duty is 0
[17:53:42:879]1127638:[DBG]:DEV:LP5009 addr:0x0E data:0xFF
[17:53:42:879]1127638:[DBG]:IMG:Proc Urgency Stop Finish
[17:53:42:879]1127638:[DBG]:IMG:Proc URGENCY_STOP Comp Stop
[17:53:42:879]1127640:[DBG]:TONER:Log Data 0x2009
[17:53:42:879]1127640:[DBG]:TONER:Urgency Stop.
[17:53:42:879]1127640:[DBG]:TONER:TonerFillStop.
[17:53:42:895]1127640:[DBG]:TONER:Log Data 0x3001
[17:53:42:895]1127640:[DBG]:TONER: eTONER_SENSOR_REQ_URGENCY_STOP!!!
[17:53:42:911]1127640:[DBG]:CMD:Toner Supply Status(0)
[17:53:42:911]1127672:[DBG]:CMD:[0x37]->[0x00]
[17:53:42:911]1127674:[DBG]:CMD:[0x01]->[0x02]
[17:53:42:911]1127674:[DBG]:CMD:[0x02]->[0x01]
[17:53:42:958]1127676:[DBG]:CMD:[0x03]->[0x08]
[17:53:42:958]1127678:[DBG]:CMD:[0x20]->[0x0C]
[17:53:42:958]1127680:[DBG]:CMD:[0x25]->[0x00]
[17:53:42:958]1127680:[DBG]:CMD:[0x27]->[0x00]
[17:53:43:036]1127982:[DBG]:CMD:[0x37]->[0x00]
[17:53:43:036]1127984:[DBG]:CMD:[0x01]->[0x02]
[17:53:43:036]1127984:[DBG]:CMD:[0x02]->[0x01]
[17:53:43:067]1127986:[DBG]:CMD:[0x03]->[0x08]
[17:53:43:067]1127986:[DBG]:CMD:[0x20]->[0x00]
[17:53:43:333]1128288:[DBG]:CMD:[0x37]->[0x00]
[17:53:43:333]1128288:[DBG]:CMD:[0x01]->[0x02]
[17:53:43:333]1128290:[DBG]:CMD:[0x02]->[0x01]
[17:53:43:380]1128290:[DBG]:CMD:[0x03]->[0x08]
[17:53:43:380]1128292:[DBG]:CMD:[0x20]->[0x00]
[17:53:43:614]1128534:[DBG]:IIC:TEMP ID 0:0x0090,0x0068,0x00DC,0x0099,
[17:53:43:614]1128534:[DBG]:IIC:TEMP ID 4:0x0030,0x006B,0x0090,0x008F,
[17:53:43:645]1128594:[DBG]:CMD:[0x37]->[0x00]
[17:53:43:645]1128594:[DBG]:CMD:[0x01]->[0x02]
[17:53:43:645]1128596:[DBG]:CMD:[0x02]->[0x01]
[17:53:43:676]1128596:[DBG]:CMD:[0x03]->[0x08]
[17:53:43:676]1128598:[DBG]:CMD:[0x20]->[0x00]
[17:53:43:957]1128898:[DBG]:CMD:[0x37]->[0x00]
[17:53:43:957]1128900:[DBG]:CMD:[0x01]->[0x02]
[17:53:43:957]1128900:[DBG]:CMD:[0x02]->[0x01]
[17:53:43:989]1128902:[DBG]:CMD:[0x03]->[0x08]
[17:53:43:989]1128902:[DBG]:CMD:[0x20]->[0x00]
[17:53:44:270]1129204:[DBG]:CMD:[0x37]->[0x00]
[17:53:44:270]1129204:[DBG]:CMD:[0x01]->[0x02]
[17:53:44:270]1129206:[DBG]:CMD:[0x02]->[0x01]
[17:53:44:301]1129206:[DBG]:CMD:[0x03]->[0x08]
[17:53:44:301]1129208:[DBG]:CMD:[0x20]->[0x00]
[17:53:44:567]1129510:[DBG]:CMD:[0x37]->[0x00]
[17:53:44:567]1129510:[DBG]:CMD:[0x01]->[0x02]
[17:53:44:567]1129510:[DBG]:CMD:[0x02]->[0x01]
[17:53:44:598]1129512:[DBG]:CMD:[0x03]->[0x08]
[17:53:44:598]1129514:[DBG]:CMD:[0x20]->[0x00]
[17:53:44:879]1129814:[DBG]:CMD:[0x37]->[0x00]
[17:53:44:879]1129814:[DBG]:CMD:[0x01]->[0x02]
[17:53:44:879]1129818:[DBG]:CMD:[0x02]->[0x01]
[17:53:44:910]1129820:[DBG]:CMD:[0x03]->[0x08]
[17:53:44:910]1129822:[DBG]:CMD:[0x20]->[0x00]
[17:53:45:176]1130122:[DBG]:CMD:[0x37]->[0x00]
[17:53:45:176]1130124:[DBG]:CMD:[0x01]->[0x02]
[17:53:45:176]1130124:[DBG]:CMD:[0x02]->[0x01]
[17:53:45:207]1130126:[DBG]:CMD:[0x03]->[0x08]
[17:53:45:207]1130126:[DBG]:CMD:[0x20]->[0x00]
[17:53:45:473]1130428:[DBG]:CMD:[0x37]->[0x00]
[17:53:45:473]1130428:[DBG]:CMD:[0x01]->[0x02]
[17:53:45:473]1130430:[DBG]:CMD:[0x02]->[0x01]
[17:53:45:504]1130430:[DBG]:CMD:[0x03]->[0x08]
[17:53:45:504]1130432:[DBG]:CMD:[0x20]->[0x00]
[17:53:45:613]1130534:[DBG]:IIC:TEMP ID 0:0x0099,0x0068,0x00DF,0x0099,
[17:53:45:613]1130534:[DBG]:IIC:TEMP ID 4:0x0035,0x006B,0x008B,0x008F,
[17:53:45:785]1130732:[DBG]:CMD:[0x37]->[0x00]
[17:53:45:785]1130734:[DBG]:CMD:[0x01]->[0x02]
[17:53:45:785]1130734:[DBG]:CMD:[0x02]->[0x01]
[17:53:45:816]1130736:[DBG]:CMD:[0x03]->[0x08]
[17:53:45:816]1130738:[DBG]:CMD:[0x20]->[0x00]
[17:53:46:082]1131038:[DBG]:CMD:[0x37]->[0x00]
[17:53:46:082]1131038:[DBG]:CMD:[0x01]->[0x02]
[17:53:46:082]1131040:[DBG]:CMD:[0x02]->[0x01]
[17:53:46:129]1131042:[DBG]:CMD:[0x03]->[0x08]
[17:53:46:129]1131042:[DBG]:CMD:[0x20]->[0x00]
[17:53:46:394]1131344:[DBG]:CMD:[0x37]->[0x00]
[17:53:46:394]1131344:[DBG]:CMD:[0x01]->[0x02]
[17:53:46:394]1131346:[DBG]:CMD:[0x02]->[0x01]
[17:53:46:426]1131346:[DBG]:CMD:[0x03]->[0x08]
[17:53:46:426]1131348:[DBG]:CMD:[0x20]->[0x00]
[17:53:46:707]1131648:[DBG]:CMD:[0x37]->[0x00]
[17:53:46:707]1131650:[DBG]:CMD:[0x01]->[0x02]
[17:53:46:707]1131650:[DBG]:CMD:[0x02]->[0x01]
[17:53:46:738]1131652:[DBG]:CMD:[0x03]->[0x08]
[17:53:46:738]1131652:[DBG]:CMD:[0x20]->[0x00]
[17:53:47:003]1131954:[DBG]:CMD:[0x37]->[0x00]
[17:53:47:003]1131954:[DBG]:CMD:[0x01]->[0x02]
[17:53:47:003]1131956:[DBG]:CMD:[0x02]->[0x01]
[17:53:47:035]1131956:[DBG]:CMD:[0x03]->[0x08]
[17:53:47:035]1131960:[DBG]:CMD:[0x20]->[0x00]
[17:53:47:316]1132260:[DBG]:CMD:[0x37]->[0x00]
[17:53:47:316]1132262:[DBG]:CMD:[0x01]->[0x02]
[17:53:47:316]1132262:[DBG]:CMD:[0x02]->[0x01]
[17:53:47:347]1132264:[DBG]:CMD:[0x03]->[0x08]
[17:53:47:347]1132264:[DBG]:CMD:[0x20]->[0x00]
[17:53:47:597]1132534:[DBG]:IIC:TEMP ID 0:0x00A0,0x0068,0x00CA,0x0099,
[17:53:47:597]1132534:[DBG]:IIC:TEMP ID 4:0x0030,0x006B,0x008C,0x008F,
[17:53:47:613]1132566:[DBG]:CMD:[0x37]->[0x00]
[17:53:47:613]1132566:[DBG]:CMD:[0x01]->[0x02]
[17:53:47:613]1132568:[DBG]:CMD:[0x02]->[0x01]
[17:53:47:613]1132568:[DBG]:CMD:[0x03]->[0x08]
[17:53:47:644]1132570:[DBG]:CMD:[0x20]->[0x00]
[17:53:47:925]1132872:[DBG]:CMD:[0x37]->[0x00]
[17:53:47:925]1132872:[DBG]:CMD:[0x01]->[0x02]
[17:53:47:925]1132872:[DBG]:CMD:[0x02]->[0x01]
[17:53:47:957]1132874:[DBG]:CMD:[0x03]->[0x08]
[17:53:47:957]1132874:[DBG]:CMD:[0x20]->[0x00]
[17:53:48:222]1133176:[DBG]:CMD:[0x37]->[0x00]
[17:53:48:222]1133176:[DBG]:CMD:[0x01]->[0x02]
[17:53:48:222]1133178:[DBG]:CMD:[0x02]->[0x01]
[17:53:48:253]1133180:[DBG]:CMD:[0x03]->[0x08]
[17:53:48:253]1133180:[DBG]:CMD:[0x20]->[0x00]
[17:53:48:534]1133482:[DBG]:CMD:[0x37]->[0x00]
[17:53:48:534]1133482:[DBG]:CMD:[0x01]->[0x02]
[17:53:48:534]1133484:[DBG]:CMD:[0x02]->[0x01]
[17:53:48:565]1133484:[DBG]:CMD:[0x03]->[0x08]
[17:53:48:565]1133486:[DBG]:CMD:[0x20]->[0x00]
[17:53:48:831]1133788:[DBG]:CMD:[0x37]->[0x00]
[17:53:48:831]1133788:[DBG]:CMD:[0x01]->[0x02]
[17:53:48:831]1133790:[DBG]:CMD:[0x02]->[0x01]
[17:53:48:863]1133790:[DBG]:CMD:[0x03]->[0x08]
[17:53:48:863]1133792:[DBG]:CMD:[0x20]->[0x00]
[17:53:49:143]1134094:[DBG]:CMD:[0x37]->[0x00]
[17:53:49:143]1134094:[DBG]:CMD:[0x01]->[0x02]
[17:53:49:143]1134094:[DBG]:CMD:[0x02]->[0x01]
[17:53:49:175]1134096:[DBG]:CMD:[0x03]->[0x08]
[17:53:49:175]1134096:[DBG]:CMD:[0x20]->[0x00]
[17:53:49:440]1134398:[DBG]:CMD:[0x37]->[0x00]
[17:53:49:440]1134398:[DBG]:CMD:[0x01]->[0x02]
[17:53:49:440]1134400:[DBG]:CMD:[0x02]->[0x01]
[17:53:49:472]1134402:[DBG]:CMD:[0x03]->[0x08]
[17:53:49:472]1134402:[DBG]:CMD:[0x20]->[0x00]
[17:53:49:612]1134534:[DBG]:IIC:TEMP ID 0:0x00A5,0x0068,0x00BB,0x0099,
[17:53:49:612]1134534:[DBG]:IIC:TEMP ID 4:0x0033,0x006B,0x0087,0x008F,
[17:53:49:753]1134704:[DBG]:CMD:[0x37]->[0x00]
[17:53:49:753]1134704:[DBG]:CMD:[0x01]->[0x02]
[17:53:49:753]1134706:[DBG]:CMD:[0x02]->[0x01]
[17:53:49:784]1134706:[DBG]:CMD:[0x03]->[0x08]
[17:53:49:784]1134708:[DBG]:CMD:[0x20]->[0x00]
[17:53:50:065]1135008:[DBG]:CMD:[0x37]->[0x00]
[17:53:50:065]1135010:[DBG]:CMD:[0x01]->[0x02]
[17:53:50:065]1135010:[DBG]:CMD:[0x02]->[0x01]
[17:53:50:097]1135012:[DBG]:CMD:[0x03]->[0x08]
[17:53:50:097]1135012:[DBG]:CMD:[0x20]->[0x00]
[17:53:50:362]1135314:[DBG]:CMD:[0x37]->[0x00]
[17:53:50:362]1135314:[DBG]:CMD:[0x01]->[0x02]
[17:53:50:362]1135318:[DBG]:CMD:[0x02]->[0x01]
[17:53:50:394]1135320:[DBG]:CMD:[0x03]->[0x08]
[17:53:50:394]1135322:[DBG]:CMD:[0x20]->[0x00]
[17:53:50:674]1135622:[DBG]:CMD:[0x37]->[0x00]
[17:53:50:674]1135622:[DBG]:CMD:[0x01]->[0x02]
[17:53:50:674]1135624:[DBG]:CMD:[0x02]->[0x01]
[17:53:50:706]1135626:[DBG]:CMD:[0x03]->[0x08]
[17:53:50:706]1135626:[DBG]:CMD:[0x20]->[0x00]
[17:53:50:971]1135928:[DBG]:CMD:[0x37]->[0x00]
[17:53:50:971]1135928:[DBG]:CMD:[0x01]->[0x02]
[17:53:50:971]1135930:[DBG]:CMD:[0x02]->[0x01]
[17:53:51:003]1135930:[DBG]:CMD:[0x03]->[0x08]
[17:53:51:003]1135932:[DBG]:CMD:[0x20]->[0x00]
[17:53:51:284]1136234:[DBG]:CMD:[0x37]->[0x00]
[17:53:51:284]1136234:[DBG]:CMD:[0x01]->[0x02]
[17:53:51:284]1136234:[DBG]:CMD:[0x02]->[0x01]
[17:53:51:315]1136236:[DBG]:CMD:[0x03]->[0x08]
[17:53:51:315]1136236:[DBG]:CMD:[0x20]->[0x00]
[17:53:51:580]1136534:[DBG]:IIC:TEMP ID 0:0x00A6,0x0068,0x00BE,0x0099,
[17:53:51:580]1136534:[DBG]:IIC:TEMP ID 4:0x002C,0x006B,0x008A,0x008F,
[17:53:51:596]1136538:[DBG]:CMD:[0x37]->[0x00]
[17:53:51:596]1136538:[DBG]:CMD:[0x01]->[0x02]
[17:53:51:596]1136540:[DBG]:CMD:[0x02]->[0x01]
[17:53:51:596]1136540:[DBG]:CMD:[0x03]->[0x08]
[17:53:51:628]1136542:[DBG]:CMD:[0x20]->[0x00]
[17:53:51:893]1136844:[DBG]:CMD:[0x37]->[0x00]
[17:53:51:893]1136844:[DBG]:CMD:[0x01]->[0x02]
[17:53:51:893]1136846:[DBG]:CMD:[0x02]->[0x01]
[17:53:51:924]1136846:[DBG]:CMD:[0x03]->[0x08]
[17:53:51:924]1136848:[DBG]:CMD:[0x20]->[0x00]
[17:53:52:190]1137148:[DBG]:CMD:[0x37]->[0x00]
[17:53:52:190]1137150:[DBG]:CMD:[0x01]->[0x02]
[17:53:52:190]1137150:[DBG]:CMD:[0x02]->[0x01]
[17:53:52:221]1137152:[DBG]:CMD:[0x03]->[0x08]
[17:53:52:221]1137152:[DBG]:CMD:[0x20]->[0x00]
[17:53:52:502]1137454:[DBG]:CMD:[0x37]->[0x00]
[17:53:52:502]1137454:[DBG]:CMD:[0x01]->[0x02]
[17:53:52:502]1137456:[DBG]:CMD:[0x02]->[0x01]
[17:53:52:534]1137456:[DBG]:CMD:[0x03]->[0x08]
[17:53:52:534]1137460:[DBG]:CMD:[0x20]->[0x00]
[17:53:52:799]1137760:[DBG]:CMD:[0x37]->[0x00]
[17:53:52:799]1137760:[DBG]:CMD:[0x01]->[0x02]
[17:53:52:799]1137762:[DBG]:CMD:[0x02]->[0x01]
[17:53:52:830]1137762:[DBG]:CMD:[0x03]->[0x08]
[17:53:52:830]1137764:[DBG]:CMD:[0x20]->[0x00]
[17:53:53:111]1138066:[DBG]:CMD:[0x37]->[0x00]
[17:53:53:111]1138066:[DBG]:CMD:[0x01]->[0x02]
[17:53:53:111]1138068:[DBG]:CMD:[0x02]->[0x01]
[17:53:53:143]1138068:[DBG]:CMD:[0x03]->[0x08]
[17:53:53:143]1138070:[DBG]:CMD:[0x20]->[0x00]
[17:53:53:408]1138370:[DBG]:CMD:[0x37]->[0x00]
[17:53:53:408]1138372:[DBG]:CMD:[0x01]->[0x02]
[17:53:53:408]1138372:[DBG]:CMD:[0x02]->[0x01]
[17:53:53:440]1138374:[DBG]:CMD:[0x03]->[0x08]
[17:53:53:440]1138374:[DBG]:CMD:[0x20]->[0x00]
[17:53:53:612]1138534:[DBG]:IIC:TEMP ID 0:0x00A9,0x0068,0x00BB,0x0099,
[17:53:53:612]1138534:[DBG]:IIC:TEMP ID 4:0x0035,0x006B,0x0079,0x008F,
[17:53:53:721]1138676:[DBG]:CMD:[0x37]->[0x00]
[17:53:53:721]1138676:[DBG]:CMD:[0x01]->[0x02]
[17:53:53:721]1138678:[DBG]:CMD:[0x02]->[0x01]
[17:53:53:752]1138678:[DBG]:CMD:[0x03]->[0x08]
[17:53:53:752]1138680:[DBG]:CMD:[0x20]->[0x00]
[17:53:54:018]1138982:[DBG]:CMD:[0x37]->[0x00]
[17:53:54:018]1138982:[DBG]:CMD:[0x01]->[0x02]
[17:53:54:018]1138982:[DBG]:CMD:[0x02]->[0x01]
[17:53:54:064]1138984:[DBG]:CMD:[0x03]->[0x08]
[17:53:54:064]1138984:[DBG]:CMD:[0x20]->[0x00]
[17:53:54:330]1139286:[DBG]:CMD:[0x37]->[0x00]
[17:53:54:330]1139286:[DBG]:CMD:[0x01]->[0x02]
[17:53:54:330]1139288:[DBG]:CMD:[0x02]->[0x01]
[17:53:54:361]1139288:[DBG]:CMD:[0x03]->[0x08]
[17:53:54:361]1139290:[DBG]:CMD:[0x20]->[0x00]
[17:53:54:627]1139592:[DBG]:CMD:[0x37]->[0x00]
[17:53:54:627]1139592:[DBG]:CMD:[0x01]->[0x02]
[17:53:54:627]1139594:[DBG]:CMD:[0x02]->[0x01]
[17:53:54:658]1139594:[DBG]:CMD:[0x03]->[0x08]
[17:53:54:658]1139596:[DBG]:CMD:[0x20]->[0x00]
[17:53:54:939]1139896:[DBG]:CMD:[0x37]->[0x00]
[17:53:54:939]1139898:[DBG]:CMD:[0x01]->[0x02]
[17:53:54:939]1139898:[DBG]:CMD:[0x02]->[0x01]
[17:53:54:971]1139900:[DBG]:CMD:[0x03]->[0x08]
[17:53:54:971]1139900:[DBG]:CMD:[0x20]->[0x00]
[17:53:55:236]1140202:[DBG]:CMD:[0x37]->[0x00]
[17:53:55:236]1140202:[DBG]:CMD:[0x01]->[0x02]
[17:53:55:236]1140204:[DBG]:CMD:[0x02]->[0x01]
[17:53:55:283]1140204:[DBG]:CMD:[0x03]->[0x08]
[17:53:55:283]1140206:[DBG]:CMD:[0x20]->[0x00]
[17:53:55:548]1140508:[DBG]:CMD:[0x37]->[0x00]
[17:53:55:548]1140508:[DBG]:CMD:[0x01]->[0x02]
[17:53:55:548]1140508:[DBG]:CMD:[0x02]->[0x01]
[17:53:55:564]1140510:[DBG]:CMD:[0x03]->[0x08]
[17:53:55:564]1140510:[DBG]:CMD:[0x20]->[0x00]
[17:53:55:564]1140534:[DBG]:IIC:TEMP ID 0:0x00B2,0x0068,0x00B8,0x0099,
[17:53:55:595]1140534:[DBG]:IIC:TEMP ID 4:0x0032,0x006B,0x0094,0x008F,
[17:53:55:861]1140812:[DBG]:CMD:[0x37]->[0x00]
[17:53:55:861]1140812:[DBG]:CMD:[0x01]->[0x02]
[17:53:55:861]1140814:[DBG]:CMD:[0x02]->[0x01]
[17:53:55:892]1140814:[DBG]:CMD:[0x03]->[0x08]
[17:53:55:892]1140818:[DBG]:CMD:[0x20]->[0x00]
[17:53:56:157]1141120:[DBG]:CMD:[0x37]->[0x00]
[17:53:56:157]1141122:[DBG]:CMD:[0x01]->[0x02]
[17:53:56:157]1141122:[DBG]:CMD:[0x02]->[0x01]
[17:53:56:189]1141122:[DBG]:CMD:[0x03]->[0x08]
[17:53:56:189]1141124:[DBG]:CMD:[0x20]->[0x00]
[17:53:56:470]1141426:[DBG]:CMD:[0x37]->[0x00]
[17:53:56:470]1141426:[DBG]:CMD:[0x01]->[0x02]
[17:53:56:470]1141428:[DBG]:CMD:[0x02]->[0x01]
[17:53:56:501]1141428:[DBG]:CMD:[0x03]->[0x08]
[17:53:56:501]1141430:[DBG]:CMD:[0x20]->[0x00]
[17:53:56:767]1141730:[DBG]:CMD:[0x37]->[0x00]
[17:53:56:767]1141732:[DBG]:CMD:[0x01]->[0x02]
[17:53:56:767]1141732:[DBG]:CMD:[0x02]->[0x01]
[17:53:56:798]1141734:[DBG]:CMD:[0x03]->[0x08]
[17:53:56:798]1141734:[DBG]:CMD:[0x20]->[0x00]
[17:53:57:079]1142036:[DBG]:CMD:[0x37]->[0x00]
[17:53:57:079]1142036:[DBG]:CMD:[0x01]->[0x02]
[17:53:57:079]1142038:[DBG]:CMD:[0x02]->[0x01]
[17:53:57:111]1142038:[DBG]:CMD:[0x03]->[0x08]
[17:53:57:111]1142040:[DBG]:CMD:[0x20]->[0x00]
[17:53:57:376]1142342:[DBG]:CMD:[0x37]->[0x00]
[17:53:57:376]1142342:[DBG]:CMD:[0x01]->[0x02]
[17:53:57:376]1142344:[DBG]:CMD:[0x02]->[0x01]
[17:53:57:408]1142344:[DBG]:CMD:[0x03]->[0x08]
[17:53:57:408]1142344:[DBG]:CMD:[0x20]->[0x00]
[17:53:57:595]1142534:[DBG]:IIC:TEMP ID 0:0x00A5,0x0068,0x00B9,0x0099,
[17:53:57:595]1142534:[DBG]:IIC:TEMP ID 4:0x0037,0x006B,0x006D,0x008F,
[17:53:57:688]1142646:[DBG]:CMD:[0x37]->[0x00]
[17:53:57:688]1142648:[DBG]:CMD:[0x01]->[0x02]
[17:53:57:688]1142648:[DBG]:CMD:[0x02]->[0x01]
[17:53:57:720]1142648:[DBG]:CMD:[0x03]->[0x08]
[17:53:57:720]1142650:[DBG]:CMD:[0x20]->[0x00]
[17:53:57:985]1142952:[DBG]:CMD:[0x37]->[0x00]
[17:53:57:985]1142952:[DBG]:CMD:[0x01]->[0x02]
[17:53:57:985]1142954:[DBG]:CMD:[0x02]->[0x01]
[17:53:58:032]1142954:[DBG]:CMD:[0x03]->[0x08]
[17:53:58:032]1142956:[DBG]:CMD:[0x20]->[0x00]
[17:53:58:298]1143256:[DBG]:CMD:[0x37]->[0x00]
[17:53:58:298]1143260:[DBG]:CMD:[0x01]->[0x02]
[17:53:58:298]1143260:[DBG]:CMD:[0x02]->[0x01]
[17:53:58:329]1143260:[DBG]:CMD:[0x03]->[0x08]
[17:53:58:329]1143262:[DBG]:CMD:[0x20]->[0x00]
[17:53:58:595]1143564:[DBG]:CMD:[0x37]->[0x00]
[17:53:58:595]1143564:[DBG]:CMD:[0x01]->[0x02]
[17:53:58:595]1143566:[DBG]:CMD:[0x02]->[0x01]
[17:53:58:642]1143566:[DBG]:CMD:[0x03]->[0x08]
[17:53:58:642]1143568:[DBG]:CMD:[0x20]->[0x00]
[17:53:58:907]1143868:[DBG]:CMD:[0x37]->[0x00]
[17:53:58:907]1143870:[DBG]:CMD:[0x01]->[0x02]
[17:53:58:907]1143870:[DBG]:CMD:[0x02]->[0x01]
[17:53:58:938]1143872:[DBG]:CMD:[0x03]->[0x08]
[17:53:58:938]1143872:[DBG]:CMD:[0x20]->[0x00]
[17:53:59:204]1144174:[DBG]:CMD:[0x37]->[0x00]
[17:53:59:204]1144174:[DBG]:CMD:[0x01]->[0x02]
[17:53:59:204]1144176:[DBG]:CMD:[0x02]->[0x01]
[17:53:59:251]1144176:[DBG]:CMD:[0x03]->[0x08]
[17:53:59:251]1144178:[DBG]:CMD:[0x20]->[0x00]
[17:53:59:516]1144480:[DBG]:CMD:[0x37]->[0x00]
[17:53:59:516]1144480:[DBG]:CMD:[0x01]->[0x02]
[17:53:59:516]1144482:[DBG]:CMD:[0x02]->[0x01]
[17:53:59:548]1144482:[DBG]:CMD:[0x03]->[0x08]
[17:53:59:548]1144482:[DBG]:CMD:[0x20]->[0x00]
[17:53:59:595]1144534:[DBG]:IIC:TEMP ID 0:0x0094,0x0068,0x00AC,0x0099,
[17:53:59:595]1144534:[DBG]:IIC:TEMP ID 4:0x0036,0x006B,0x0090,0x008F,
[17:53:59:813]1144784:[DBG]:CMD:[0x37]->[0x00]
[17:53:59:813]1144786:[DBG]:CMD:[0x01]->[0x02]
[17:53:59:813]1144786:[DBG]:CMD:[0x02]->[0x01]
[17:53:59:860]1144786:[DBG]:CMD:[0x03]->[0x08]
[17:53:59:860]1144788:[DBG]:CMD:[0x20]->[0x00]
[17:54:00:125]1145090:[DBG]:CMD:[0x37]->[0x00]
[17:54:00:125]1145090:[DBG]:CMD:[0x01]->[0x02]
[17:54:00:125]1145092:[DBG]:CMD:[0x02]->[0x01]
[17:54:00:157]1145092:[DBG]:CMD:[0x03]->[0x08]
[17:54:00:157]1145094:[DBG]:CMD:[0x20]->[0x00]
[17:54:00:438]1145396:[DBG]:CMD:[0x37]->[0x00]
[17:54:00:438]1145396:[DBG]:CMD:[0x01]->[0x02]
[17:54:00:438]1145398:[DBG]:CMD:[0x02]->[0x01]
[17:54:00:469]1145398:[DBG]:CMD:[0x03]->[0x08]
[17:54:00:469]1145398:[DBG]:CMD:[0x20]->[0x00]
[17:54:00:734]1145700:[DBG]:CMD:[0x37]->[0x00]
[17:54:00:734]1145702:[DBG]:CMD:[0x01]->[0x02]
[17:54:00:734]1145702:[DBG]:CMD:[0x02]->[0x01]
[17:54:00:781]1145702:[DBG]:CMD:[0x03]->[0x08]
[17:54:00:781]1145704:[DBG]:CMD:[0x20]->[0x00]
[17:54:01:047]1146006:[DBG]:CMD:[0x37]->[0x00]
[17:54:01:047]1146006:[DBG]:CMD:[0x01]->[0x02]
[17:54:01:047]1146008:[DBG]:CMD:[0x02]->[0x01]
[17:54:01:078]1146008:[DBG]:CMD:[0x03]->[0x08]
[17:54:01:078]1146010:[DBG]:CMD:[0x20]->[0x00]
[17:54:01:359]1146310:[DBG]:CMD:[0x37]->[0x00]
[17:54:01:359]1146312:[DBG]:CMD:[0x01]->[0x02]
[17:54:01:359]1146312:[DBG]:CMD:[0x02]->[0x01]
[17:54:01:391]1146314:[DBG]:CMD:[0x03]->[0x08]
[17:54:01:391]1146314:[DBG]:CMD:[0x20]->[0x00]
[17:54:01:594]1146534:[DBG]:IIC:TEMP ID 0:0x00A3,0x0068,0x00B3,0x0099,
[17:54:01:594]1146534:[DBG]:IIC:TEMP ID 4:0x0031,0x006B,0x0071,0x008F,
[17:54:01:656]1146618:[DBG]:CMD:[0x37]->[0x00]
[17:54:01:656]1146620:[DBG]:CMD:[0x01]->[0x02]
[17:54:01:656]1146622:[DBG]:CMD:[0x02]->[0x01]
[17:54:01:688]1146622:[DBG]:CMD:[0x03]->[0x08]
[17:54:01:688]1146624:[DBG]:CMD:[0x20]->[0x00]
[17:54:01:953]1146924:[DBG]:CMD:[0x37]->[0x00]
[17:54:01:953]1146926:[DBG]:CMD:[0x01]->[0x02]
[17:54:01:953]1146926:[DBG]:CMD:[0x02]->[0x01]
[17:54:01:985]1146928:[DBG]:CMD:[0x03]->[0x08]
[17:54:01:985]1146928:[DBG]:CMD:[0x20]->[0x00]
[17:54:02:265]1147230:[DBG]:CMD:[0x37]->[0x00]
[17:54:02:265]1147230:[DBG]:CMD:[0x01]->[0x02]
[17:54:02:265]1147232:[DBG]:CMD:[0x02]->[0x01]
[17:54:02:297]1147232:[DBG]:CMD:[0x03]->[0x08]
[17:54:02:297]1147234:[DBG]:CMD:[0x20]->[0x00]
[17:54:02:562]1147536:[DBG]:CMD:[0x37]->[0x00]
[17:54:02:562]1147536:[DBG]:CMD:[0x01]->[0x02]
[17:54:02:562]1147536:[DBG]:CMD:[0x02]->[0x01]
[17:54:02:609]1147538:[DBG]:CMD:[0x03]->[0x08]
[17:54:02:609]1147538:[DBG]:CMD:[0x20]->[0x00]
[17:54:02:875]1147840:[DBG]:CMD:[0x37]->[0x00]
[17:54:02:875]1147840:[DBG]:CMD:[0x01]->[0x02]
[17:54:02:875]1147842:[DBG]:CMD:[0x02]->[0x01]
[17:54:02:906]1147842:[DBG]:CMD:[0x03]->[0x08]
[17:54:02:906]1147844:[DBG]:CMD:[0x20]->[0x00]
[17:54:03:187]1148146:[DBG]:CMD:[0x37]->[0x00]
[17:54:03:187]1148146:[DBG]:CMD:[0x01]->[0x02]
[17:54:03:187]1148148:[DBG]:CMD:[0x02]->[0x01]
[17:54:03:219]1148148:[DBG]:CMD:[0x03]->[0x08]
[17:54:03:219]1148150:[DBG]:CMD:[0x20]->[0x00]
[17:54:03:484]1148450:[DBG]:CMD:[0x37]->[0x00]
[17:54:03:484]1148452:[DBG]:CMD:[0x01]->[0x02]
[17:54:03:484]1148452:[DBG]:CMD:[0x02]->[0x01]
[17:54:03:515]1148454:[DBG]:CMD:[0x03]->[0x08]
[17:54:03:515]1148454:[DBG]:CMD:[0x20]->[0x00]
[17:54:03:594]1148534:[DBG]:IIC:TEMP ID 0:0x00AA,0x0068,0x009C,0x0099,
[17:54:03:594]1148534:[DBG]:IIC:TEMP ID 4:0x0036,0x006B,0x0076,0x008F,
[17:54:03:796]1148756:[DBG]:CMD:[0x37]->[0x00]
[17:54:03:796]1148756:[DBG]:CMD:[0x01]->[0x02]
[17:54:03:796]1148760:[DBG]:CMD:[0x02]->[0x01]
[17:54:03:828]1148760:[DBG]:CMD:[0x03]->[0x08]
[17:54:03:828]1148760:[DBG]:CMD:[0x20]->[0x00]
[17:54:04:093]1149062:[DBG]:CMD:[0x37]->[0x00]
[17:54:04:093]1149064:[DBG]:CMD:[0x01]->[0x02]
[17:54:04:093]1149064:[DBG]:CMD:[0x02]->[0x01]
[17:54:04:125]1149064:[DBG]:CMD:[0x03]->[0x08]
[17:54:04:125]1149066:[DBG]:CMD:[0x20]->[0x00]
[17:54:04:406]1149368:[DBG]:CMD:[0x37]->[0x00]
[17:54:04:406]1149368:[DBG]:CMD:[0x01]->[0x02]
[17:54:04:406]1149370:[DBG]:CMD:[0x02]->[0x01]
[17:54:04:437]1149370:[DBG]:CMD:[0x03]->[0x08]
[17:54:04:437]1149372:[DBG]:CMD:[0x20]->[0x00]
[17:54:04:702]1149672:[DBG]:CMD:[0x37]->[0x00]
[17:54:04:702]1149674:[DBG]:CMD:[0x01]->[0x02]
[17:54:04:702]1149674:[DBG]:CMD:[0x02]->[0x01]
[17:54:04:734]1149676:[DBG]:CMD:[0x03]->[0x08]
[17:54:04:734]1149676:[DBG]:CMD:[0x20]->[0x00]
[17:54:05:015]1149978:[DBG]:CMD:[0x37]->[0x00]
[17:54:05:015]1149978:[DBG]:CMD:[0x01]->[0x02]
[17:54:05:015]1149980:[DBG]:CMD:[0x02]->[0x01]
[17:54:05:046]1149980:[DBG]:CMD:[0x03]->[0x08]
[17:54:05:046]1149982:[DBG]:CMD:[0x20]->[0x00]
[17:54:05:312]1150284:[DBG]:CMD:[0x37]->[0x00]
[17:54:05:312]1150284:[DBG]:CMD:[0x01]->[0x02]
[17:54:05:312]1150284:[DBG]:CMD:[0x02]->[0x01]
[17:54:05:343]1150286:[DBG]:CMD:[0x03]->[0x08]
[17:54:05:343]1150286:[DBG]:CMD:[0x20]->[0x00]
[17:54:05:593]1150534:[DBG]:IIC:TEMP ID 0:0x009D,0x0068,0x00A9,0x0099,
[17:54:05:593]1150534:[DBG]:IIC:TEMP ID 4:0x0033,0x006B,0x006F,0x008F,
[17:54:05:624]1150588:[DBG]:CMD:[0x37]->[0x00]
[17:54:05:624]1150590:[DBG]:CMD:[0x01]->[0x02]
[17:54:05:624]1150590:[DBG]:CMD:[0x02]->[0x01]
[17:54:05:656]1150592:[DBG]:CMD:[0x03]->[0x08]
[17:54:05:656]1150592:[DBG]:CMD:[0x20]->[0x00]
[17:54:05:921]1150894:[DBG]:CMD:[0x37]->[0x00]
[17:54:05:921]1150894:[DBG]:CMD:[0x01]->[0x02]
[17:54:05:921]1150896:[DBG]:CMD:[0x02]->[0x01]
[17:54:05:952]1150896:[DBG]:CMD:[0x03]->[0x08]
[17:54:05:952]1150898:[DBG]:CMD:[0x20]->[0x00]
[17:54:06:233]1151200:[DBG]:CMD:[0x37]->[0x00]
[17:54:06:233]1151200:[DBG]:CMD:[0x01]->[0x02]
[17:54:06:233]1151200:[DBG]:CMD:[0x02]->[0x01]
[17:54:06:265]1151202:[DBG]:CMD:[0x03]->[0x08]
[17:54:06:265]1151202:[DBG]:CMD:[0x20]->[0x00]
[17:54:06:546]1151504:[DBG]:CMD:[0x37]->[0x00]
[17:54:06:546]1151504:[DBG]:CMD:[0x01]->[0x02]
[17:54:06:546]1151506:[DBG]:CMD:[0x02]->[0x01]
[17:54:06:577]1151508:[DBG]:CMD:[0x03]->[0x08]
[17:54:06:577]1151508:[DBG]:CMD:[0x20]->[0x00]
[17:54:06:842]1151810:[DBG]:CMD:[0x37]->[0x00]
[17:54:06:842]1151810:[DBG]:CMD:[0x01]->[0x02]
[17:54:06:842]1151812:[DBG]:CMD:[0x02]->[0x01]
[17:54:06:874]1151812:[DBG]:CMD:[0x03]->[0x08]
[17:54:06:874]1151812:[DBG]:CMD:[0x20]->[0x00]
[17:54:07:155]1152114:[DBG]:CMD:[0x37]->[0x00]
[17:54:07:155]1152116:[DBG]:CMD:[0x01]->[0x02]
[17:54:07:155]1152118:[DBG]:CMD:[0x02]->[0x01]
[17:54:07:186]1152120:[DBG]:CMD:[0x03]->[0x08]
[17:54:07:186]1152122:[DBG]:CMD:[0x20]->[0x00]
[17:54:07:452]1152422:[DBG]:CMD:[0x37]->[0x00]
[17:54:07:452]1152424:[DBG]:CMD:[0x01]->[0x02]
[17:54:07:452]1152424:[DBG]:CMD:[0x02]->[0x01]
[17:54:07:483]1152426:[DBG]:CMD:[0x03]->[0x08]
[17:54:07:483]1152426:[DBG]:CMD:[0x20]->[0x00]
[17:54:07:592]1152534:[DBG]:IIC:TEMP ID 0:0x00B8,0x0068,0x00A6,0x0099,
[17:54:07:592]1152534:[DBG]:IIC:TEMP ID 4:0x0032,0x006B,0x0064,0x008F,
[17:54:07:749]1152728:[DBG]:CMD:[0x37]->[0x00]
[17:54:07:749]1152728:[DBG]:CMD:[0x01]->[0x02]
[17:54:07:749]1152730:[DBG]:CMD:[0x02]->[0x01]
[17:54:07:795]1152730:[DBG]:CMD:[0x03]->[0x08]
[17:54:07:795]1152732:[DBG]:CMD:[0x20]->[0x00]
[17:54:08:061]1153032:[DBG]:CMD:[0x37]->[0x00]
[17:54:08:061]1153034:[DBG]:CMD:[0x01]->[0x02]
[17:54:08:061]1153034:[DBG]:CMD:[0x02]->[0x01]
[17:54:08:093]1153036:[DBG]:CMD:[0x03]->[0x08]
[17:54:08:093]1153036:[DBG]:CMD:[0x20]->[0x00]
[17:54:08:358]1153338:[DBG]:CMD:[0x37]->[0x00]
[17:54:08:358]1153338:[DBG]:CMD:[0x01]->[0x02]
[17:54:08:358]1153340:[DBG]:CMD:[0x02]->[0x01]
[17:54:08:405]1153340:[DBG]:CMD:[0x03]->[0x08]
[17:54:08:405]1153342:[DBG]:CMD:[0x20]->[0x00]
[17:54:08:671]1153644:[DBG]:CMD:[0x37]->[0x00]
[17:54:08:671]1153644:[DBG]:CMD:[0x01]->[0x02]
[17:54:08:671]1153644:[DBG]:CMD:[0x02]->[0x01]
[17:54:08:702]1153646:[DBG]:CMD:[0x03]->[0x08]
[17:54:08:702]1153648:[DBG]:CMD:[0x20]->[0x00]
[17:54:08:983]1153948:[DBG]:CMD:[0x37]->[0x00]
[17:54:08:983]1153950:[DBG]:CMD:[0x01]->[0x02]
[17:54:08:983]1153950:[DBG]:CMD:[0x02]->[0x01]
[17:54:09:015]1153952:[DBG]:CMD:[0x03]->[0x08]
[17:54:09:015]1153952:[DBG]:CMD:[0x20]->[0x00]
[17:54:09:280]1154254:[DBG]:CMD:[0x37]->[0x00]
[17:54:09:280]1154256:[DBG]:CMD:[0x01]->[0x02]
[17:54:09:280]1154256:[DBG]:CMD:[0x02]->[0x01]
[17:54:09:312]1154260:[DBG]:CMD:[0x03]->[0x08]
[17:54:09:312]1154260:[DBG]:CMD:[0x20]->[0x00]
[17:54:09:577]1154534:[DBG]:IIC:TEMP ID 0:0x00AD,0x0068,0x00A7,0x0099,
[17:54:09:577]1154534:[DBG]:IIC:TEMP ID 4:0x0037,0x006B,0x007F,0x008F,
[17:54:09:593]1154562:[DBG]:CMD:[0x37]->[0x00]
[17:54:09:593]1154562:[DBG]:CMD:[0x01]->[0x02]
[17:54:09:593]1154564:[DBG]:CMD:[0x02]->[0x01]
[17:54:09:593]1154564:[DBG]:CMD:[0x03]->[0x08]
[17:54:09:624]1154564:[DBG]:CMD:[0x20]->[0x00]
[17:54:09:889]1154866:[DBG]:CMD:[0x37]->[0x00]
[17:54:09:889]1154866:[DBG]:CMD:[0x01]->[0x02]
[17:54:09:889]1154868:[DBG]:CMD:[0x02]->[0x01]
[17:54:09:921]1154870:[DBG]:CMD:[0x03]->[0x08]
[17:54:09:921]1154870:[DBG]:CMD:[0x20]->[0x00]
[17:54:10:202]1155172:[DBG]:CMD:[0x37]->[0x00]
[17:54:10:202]1155172:[DBG]:CMD:[0x01]->[0x02]
[17:54:10:202]1155174:[DBG]:CMD:[0x02]->[0x01]
[17:54:10:233]1155174:[DBG]:CMD:[0x03]->[0x08]
[17:54:10:233]1155176:[DBG]:CMD:[0x20]->[0x00]
[17:54:10:499]1155476:[DBG]:CMD:[0x37]->[0x00]
[17:54:10:499]1155478:[DBG]:CMD:[0x01]->[0x02]
[17:54:10:499]1155478:[DBG]:CMD:[0x02]->[0x01]
[17:54:10:530]1155480:[DBG]:CMD:[0x03]->[0x08]
[17:54:10:530]1155480:[DBG]:CMD:[0x20]->[0x00]
[17:54:10:718]1155696:[DBG]:STS:Option1 Cover Close
[17:54:10:718]1155696:[DBG]:STS:MAIN->WARMUP ,SUB->NONE!  
[17:54:10:718]1155696:[DBG]:PLT:rcv cover[2] info[1]
[17:54:10:749]1155696:[DBG]:DEV:EC_24V ON
[17:54:10:780]1155754:[DBG]:DEV:Warmup Start Note For Fan
[17:54:10:780]1155754:[DBG]:STS:paper warmup Start 
[17:54:10:780]1155754:[DBG]:STS:Fuser Start 
[17:54:10:795]1155754:[DBG]:STS:WAKEUP FUSER not ready
[17:54:10:795]1155754:[DBG]:FUS:Start Req From Plotter
[17:54:10:795]1155754:[DBG]:FUS:Roller Compress Request
[17:54:10:811]1155754:[DBG]:IMG:Med 24v Stable
[17:54:10:811]1155754:[DBG]:IMG:Med Warmup Start
[17:54:10:811]1155754:[DBG]:IMG:Channel Wakeup Start Prepare
[17:54:10:827]1155754:[DBG]:IMG:Comp Polygon On[0].
[17:54:10:827]1155754:[DBG]:LSU:Polygon On 
[17:54:10:827]1155754:[DBG]:IMG:Comp Itb Req Set State:[0]
[17:54:10:842]1155754:[DBG]:IMG:Comp Erase Led Req Check start
[17:54:10:842]1155754:[DBG]:PLA:Rcv Prn24v Info[1]
[17:54:10:842]1155754:[DBG]:PLT:mecha[1],input[1]
[17:54:10:842]1155754:[DBG]:PLT:mecha[1],input[1]
[17:54:10:858]1155754:[DBG]:PLA:Tray[3] Org Ready
[17:54:10:858]1155754:[DBG]:PLT:mecha[1],input[1]
[17:54:10:858]1155754:[DBG]:PLT:mecha[1],input[1]
[17:54:10:874]1155754:[DBG]:PLA:Tray[4] Org Ready
[17:54:10:874]1155754:[DBG]:PLT:rcv warmup info[1]
[17:54:10:874]1155754:[DBG]:PAP:Adjust pass count clear
[17:54:10:889]1155756:[DBG]:FUS:Now Compress Sensor State = 1
[17:54:10:889]1155762:[DBG]:FUS:Roller State Already OK!
[17:54:10:889]1155762:[DBG]:FUS:Mode Change!! ( C_Temp = 66 / R_Temp = 58 / F_Temp = 60)
[17:54:10:905]1155762:[DBG]:FUS:Stop / Stop -> Warmup / NonRotation 
[17:54:10:905]1155762:[DBG]:FUS:Warmup Tar_Temp = 165 
[17:54:10:905]1155762:[DBG]:DEV:Main fan on,duty is 35
[17:54:10:905]1155762:[DBG]:DEV:LP5009 addr:0x0B data:0xA5
[17:54:10:905]1155762:[DBG]:DEV:Power fan on,duty is 18
[17:54:10:920]1155762:[DBG]:DEV:LP5009 addr:0x0C data:0xD1
[17:54:10:920]1155762:[DBG]:DEV:lsu rear fan on,duty is 13
[17:54:10:920]1155762:[DBG]:DEV:LP5009 addr:0x0D data:0xDD
[17:54:10:952]1155762:[DBG]:DEV:lsu front fan on,duty is 13
[17:54:10:952]1155762:[DBG]:DEV:LP5009 addr:0x0E data:0xDD
[17:54:10:952]1155764:[DBG]:PAP:CL Duplex [1] cnt[1]
[17:54:10:952]1155764:[DBG]:DEV:voltage:1800mv, pwm duty:5454
[17:54:10:952]1155764:[DBG]:PAP:MT FEED Fwd On cnt[1] spd[0]
[17:54:10:967]1155764:[DBG]:PAP:s_pap_mt_waiting_exit[2], at_setting_flgptn[1]
[17:54:10:967]1155764:[DBG]:DEV:voltage:990mv, pwm duty:3000
[17:54:10:967]1155764:[DBG]:DEV:data_buff 0x12
[17:54:10:983]1155764:[DBG]:PAP:MT Exit Rvs On cnt[1] spd[0]
[17:54:10:983]1155780:[DBG]:IMG:Comp Itb State Set[0] Complete
[17:54:10:983]1155782:[DBG]:CMD:[0x37]->[0x00]
[17:54:10:998]1155782:[DBG]:CMD:[0x01]->[0x08]
[17:54:10:998]1155784:[DBG]:CMD:[0x0E]->[0x01]
[17:54:10:998]1155784:[DBG]:CMD:[0x0F]->[0x01]
[17:54:11:014]1155786:[DBG]:CMD:[0x20]->[0x00]
[17:54:11:014]1155796:[INT]:DEV:Exit RVS Speed nomal
[17:54:11:014]1155832:[INT]:DEV:ExitMotor nomal step = 51
[17:54:11:030]1155868:[DBG]:IMG:Comp Erase Led On Check 1,1,1,1 
[17:54:11:030]1155878:[DBG]:IMG:Comp Erase Led On Check 1,1,1,1 
[17:54:11:030]1155888:[DBG]:IMG:Comp Erase Led On Check 1,1,1,1 
[17:54:11:045]1155888:[DBG]:IMG:Comp Led On Check Ack:0
[17:54:11:045]1155888:[DBG]:IMG:Comp Erase Led On Check Ok
[17:54:11:045]1155956:[DBG]:IMG:Comp Hv Check Start
[17:54:11:061]1155966:[INT]:DEV:Feed speed nomal
[17:54:11:061]1155976:[DBG]:FUS:Warmup Rot Start Temp Reach!! C_temp = 70
[17:54:11:061]1155976:[DBG]:FUS:Mode Change!! ( C_Temp = 70 / R_Temp = 61 / F_Temp = 63)
[17:54:11:061]1155976:[DBG]:FUS:Warmup / NonRotation -> Warmup / Rotation 
[17:54:11:077]1155976:[DBG]:FUS:Warmup Tar_Temp = 165 
[17:54:11:077]1156002:[DBG]:IMG:Comp Erase Led Off Check 0,0,0,0 
[17:54:11:077]1156012:[DBG]:IMG:Comp Erase Led Off Check 0,0,0,0 
[17:54:11:092]1156022:[DBG]:IMG:Comp Erase Led Off Check 0,0,0,0 
[17:54:11:092]1156022:[DBG]:IMG:Comp Led Off Check Ack:0
[17:54:11:092]1156022:[DBG]:IMG:Comp Erase Check Stop
[17:54:11:108]1156022:[DBG]:IMG:Comp Erase Led Off Check Ok
[17:54:11:108]1156084:[INT]:DEV:fuser Speed:9110 rpm, clkFrq:683 hz
[17:54:11:123]1156084:[INT]:Dev:stop to fwd
[17:54:11:123]1156084:[DBG]:STS:fuser init finish
[17:54:11:123]1156084:[DBG]:STS:WAKEUP HV-IMG not ready
[17:54:11:123]1156088:[DBG]:CMD:[0x37]->[0x00]
[17:54:11:171]1156088:[DBG]:CMD:[0x01]->[0x08]
[17:54:11:171]1156090:[DBG]:CMD:[0x0E]->[0x01]
[17:54:11:171]1156090:[DBG]:CMD:[0x0F]->[0x01]
[17:54:11:171]1156092:[DBG]:CMD:[0x20]->[0x00]
[17:54:11:202]1156158:[DBG]:Dev:[DCM]fuser_motor:1
[17:54:11:296]1156258:[DBG]:Dev:[DCM]fuser_motor:2
[17:54:11:296]1156268:[DBG]:IMG:Comp HV Check Finish, Ready To Hvabs Check
[17:54:11:311]1156268:[DBG]:STS:HV init finish
[17:54:11:311]1156268:[DBG]:STS:at_wakeup = 1,at_warmingup=1,at_all_iuchip=1
[17:54:11:311]1156268:[DBG]:STS:Imaging Wakeup Start
[17:54:11:327]1156268:[DBG]:IMG:Med Wakeup Start
[17:54:11:327]1156268:[DBG]:IMG:Reg Main Motor[0] Stop Time:[1279000]ms.
[17:54:11:342]1156268:[DBG]:IMG:Reg Wakeup[0] Cal Agitated Time:[6000]ms.
[17:54:11:342]1156268:[DBG]:IMG:Reg Get Motor Calc Normal Agitated Time:6000 ms
[17:54:11:358]1156268:[DBG]:IMG:Reg Main Motor[1] Stop Time:[1279000]ms.
[17:54:11:358]1156268:[DBG]:IMG:Reg Wakeup[1] Cal Agitated Time:[6000]ms.
[17:54:11:358]1156268:[DBG]:IMG:Reg Get Motor Calc Normal Agitated Time:6000 ms
[17:54:11:358]1156268:[DBG]:IMG:Reg Wakeup All Motor Need Rotate
[17:54:11:358]1156268:[DBG]:IMG:Reg Wakeup Agitated Time MotorK:6000 ms,YMC:6000 ms
[17:54:11:373]1156268:[DBG]:TONER:Log Data 0x200D
[17:54:11:373]1156268:[DBG]:TONER:TarUpdate[2,2].
[17:54:11:389]1156268:[DBG]:TONER:TargetOffset[K,-31],Life[5092],Env[6].
[17:54:11:389]1156268:[DBG]:STS:Opc[K]DriveTotalLength = 0mm
[17:54:11:389]1156268:[DBG]:TONER:TcSetCal[K]-As,YmcTimeOut[0],OpcAs[0:Cur=0,Pre=0],DotAs[0,0].
[17:54:11:405]1156268:[DBG]:TONER:TcSetCal[K]-OpcAsJudge,OpcAs[0],Limit[23808].
[17:54:11:420]1156268:[DBG]:TONER:TcSetCalc[K]-Type1[1,-308,0],OpcAsFlag[0],DotTc[0],Env[1].
[17:54:11:420]1156268:[DBG]:TONER:TargetUpdate[K,823],Limit[770,1350],Offset[-31,100],TcSet[-308],ratio[100]].
[17:54:11:420]1156268:[DBG]:TONER:TargetOffset[Y,-37],Life[9676],Env[6].
[17:54:11:420]1156268:[DBG]:STS:Opc[Y]DriveTotalLength = 0mm
[17:54:11:436]1156268:[DBG]:TONER:TcSetCal[Y]-As,YmcTimeOut[0],OpcAs[0:Cur=0,Pre=0],DotAs[0,0].
[17:54:11:436]1156268:[DBG]:TONER:TcSetCal[Y]-OpcAsJudge,OpcAs[0],Limit[23808].
[17:54:11:452]1156268:[DBG]:TONER:TcSetCalc[Y]-Type1[1,-330,0],OpcAsFlag[0],DotTc[0],Env[1].
[17:54:11:467]1156268:[DBG]:TONER:TargetUpdate[Y,807],Limit[770,1350],Offset[-37,100],TcSet[-330],ratio[100]].
[17:54:11:467]1156268:[DBG]:TONER:TargetOffset[M,100],Life[9474],Env[6].
[17:54:11:483]1156268:[DBG]:STS:Opc[M]DriveTotalLength = 0mm
[17:54:11:483]1156268:[DBG]:TONER:TcSetCal[M]-As,YmcTimeOut[0],OpcAs[0:Cur=0,Pre=0],DotAs[0,0].
[17:54:11:498]1156268:[DBG]:TONER:TcSetCal[M]-OpcAsJudge,OpcAs[0],Limit[23808].
[17:54:11:498]1156268:[DBG]:TONER:TcSetCalc[M]-Type1[1,-281,0],OpcAsFlag[0],DotTc[0],Env[1].
[17:54:11:498]1156268:[DBG]:TONER:TargetUpdate[M,790],Limit[770,1350],Offset[100,100],TcSet[-281],ratio[110]].
[17:54:11:514]1156270:[DBG]:TONER:TargetOffset[C,100],Life[9677],Env[6].
[17:54:11:514]1156270:[DBG]:STS:Opc[C]DriveTotalLength = 0mm
[17:54:11:530]1156270:[DBG]:TONER:TcSetCal[C]-As,YmcTimeOut[0],OpcAs[0:Cur=0,Pre=0],DotAs[0,0].
[17:54:11:530]1156270:[DBG]:TONER:TcSetCal[C]-OpcAsJudge,OpcAs[0],Limit[23808].
[17:54:11:545]1156270:[DBG]:TONER:TcSetCalc[C]-Type1[1,-240,0],OpcAsFlag[0],DotTc[0],Env[1].
[17:54:11:545]1156270:[DBG]:TONER:TargetUpdate[C,770],Limit[770,1350],Offset[100,100],TcSet[-240],ratio[100]].
[17:54:11:561]1156270:[DBG]:TONER:K Vcon set 9500mv.
[17:54:11:561]1156270:[DBG]:TONER:Y Vcon set 10078mv.
[17:54:11:576]1156272:[DBG]:TONER:M Vcon set 10380mv.
[17:54:11:576]1156274:[DBG]:TONER:C Vcon set 10432mv.
[17:54:11:592]1156278:[DBG]:TONER:AutoGainStartJudge[K],CmdFlag[0],Symbol[0].
[17:54:11:592]1156278:[DBG]:TONER:AutoGainStartJudge[Y],CmdFlag[0],Symbol[0].
[17:54:11:592]1156278:[DBG]:TONER:AutoGainStartJudge[M],CmdFlag[0],Symbol[0].
[17:54:11:592]1156278:[DBG]:TONER:AutoGainStartJudge[C],CmdFlag[0],Symbol[0].
[17:54:11:608]1156278:[DBG]:TONER:SensorFeConfig,FeCtrl[1,1,1,1,1,1],FeFlag[0,0,0,0].
[17:54:11:608]1156278:[DBG]:TONER:SpeedM[0].
[17:54:11:608]1156278:[DBG]:IMG:Channel Wakeup Start
[17:54:11:623]1156278:[DBG]:IMG:Proc Wake/Toner Pre Process Start
[17:54:11:623]1156278:[DBG]:IMG:Comp Polygon Lock Wait
[17:54:11:623]1156278:[DBG]:IMG:Comp Itb Req Set State:[0]
[17:54:11:639]1156278:[DBG]:IMG:Reg Main Motor[1] Stop Time:[1279000]ms.
[17:54:11:639]1156278:[DBG]:FUS:Image Recovery Start Notification
[17:54:11:655]1156290:[DBG]:IMG:Comp Itb State Set[0] Complete
[17:54:11:655]1156306:[DBG]:DEV:voltage:2442mv, pwm duty:7400
[17:54:11:655]1156306:[INT]:DEV:Feed nomal step = 157
[17:54:11:670]1156358:[DBG]:Dev:[DCM]fuser_motor:3
[17:54:11:670]1156392:[DBG]:CMD:[0x37]->[0x00]
[17:54:11:670]1156394:[DBG]:CMD:[0x01]->[0x08]
[17:54:11:670]1156394:[DBG]:CMD:[0x0E]->[0x01]
[17:54:11:686]1156396:[DBG]:CMD:[0x0F]->[0x01]
[17:54:11:686]1156396:[DBG]:CMD:[0x20]->[0x00]
[17:54:11:686]1156458:[DBG]:Dev:[DCM] Fuser Motor Lock
[17:54:11:717]1156534:[DBG]:IIC:TEMP ID 0:0x00B2,0x0068,0x00B2,0x0099,
[17:54:11:717]1156534:[DBG]:IIC:TEMP ID 4:0x0030,0x006B,0x007C,0x008F,
[17:54:11:717]1156698:[DBG]:CMD:[0x37]->[0x00]
[17:54:11:717]1156698:[DBG]:CMD:[0x01]->[0x08]
[17:54:11:733]1156700:[DBG]:CMD:[0x0E]->[0x01]
[17:54:11:733]1156702:[DBG]:CMD:[0x0F]->[0x01]
[17:54:11:733]1156702:[DBG]:CMD:[0x20]->[0x00]
[17:54:11:811]1156764:[DBG]:CMD:Notify Status Warmup End!
[17:54:11:811]1156764:[DBG]:STS:cmd warmup finish
[17:54:12:029]1157004:[DBG]:PAP:CL Duplex [0] cnt[0]
[17:54:12:029]1157004:[DBG]:PAP:CL Duplex [0] cnt[0]
[17:54:12:029]1157004:[INT]:DEV:Feed clock Off
[17:54:12:045]1157004:[DBG]:PAP:MT FEED Off cnt[0] spd[3]
[17:54:12:045]1157004:[DBG]:PAP:s_pap_mt_waiting_exit[0], at_setting_flgptn[1]
[17:54:12:061]1157004:[INT]:DEV:Exit clock Off
[17:54:12:061]1157004:[DBG]:PAP:MT Exit Off cnt[0] spd[3]
[17:54:12:061]1157004:[DBG]:STS:paper warmup finish
[17:54:12:061]1157004:[DBG]:CMD:[0x37]->[0x00]
[17:54:12:076]1157004:[DBG]:CMD:[0x01]->[0x08]
[17:54:12:076]1157006:[INT]:PAP:eTIMER_PAP_MT_HOLD_OFF_EXIT
[17:54:12:076]1157006:[DBG]:CMD:[0x0E]->[0x01]
[17:54:12:108]1157006:[DBG]:CMD:[0x0F]->[0x01]
[17:54:12:108]1157008:[DBG]:CMD:[0x20]->[0x00]
[17:54:12:108]1157062:[INT]:PAP:BIT_PAP_EXIT_MT_FINISH ok
[17:54:12:342]1157310:[DBG]:CMD:[0x37]->[0x00]
[17:54:12:342]1157310:[DBG]:CMD:[0x01]->[0x08]
[17:54:12:342]1157310:[DBG]:CMD:[0x0E]->[0x01]
[17:54:12:374]1157312:[DBG]:CMD:[0x0F]->[0x01]
[17:54:12:374]1157312:[DBG]:CMD:[0x20]->[0x00]
[17:54:12:499]1157480:[DBG]:LSU:Polygon Ready Notify
[17:54:12:499]1157480:[DBG]:IMG:Comp Tsk_ctrl Polygon Lock
[17:54:12:514]1157480:[DBG]:IMG:Comp Itb Req Set State:[0]
[17:54:12:514]1157480:[DBG]:IMG:---------- Ld[K] Power Get Start ----------
[17:54:12:514]1157480:[DBG]:IMG:Tab Get Match Dev_dc[K] Dup:50 (Value[-320] + OS[-1]) = -321
[17:54:12:529]1157480:[DBG]:IMG:Tab Get Dmax Charge&Dev[K] Cor Target:-120V
[17:54:12:545]1157480:[DBG]:IMG:Tab Dev[K] Work Value Update st:-321, value:-441
[17:54:12:545]1157480:[DBG]:IMG:Tab Get Ld[K] Cor Target:-300
[17:54:12:561]1157480:[DBG]:IMG:Tab Get Ld[K] Power Value[1800] + cor[-300] = 1500
[17:54:12:561]1157480:[DBG]:IMG:----------- Ld[K] Power Get End -----------
[17:54:12:576]1157480:[DBG]:IMG:---------- Ld[Y] Power Get Start ----------
[17:54:12:576]1157480:[DBG]:IMG:Tab Get Match Dev_dc[Y] Dup:96 (Value[-320] + OS[-1]) = -321
[17:54:12:592]1157480:[DBG]:IMG:Tab Get Dmax Charge&Dev[Y] Cor Target:-120V
[17:54:12:592]1157480:[DBG]:IMG:Tab Dev[Y] Work Value Update st:-321, value:-441
[17:54:12:607]1157480:[DBG]:IMG:Tab Get Ld[Y] Cor Target:-300
[17:54:12:607]1157480:[DBG]:IMG:Tab Get Ld[Y] Power Value[1800] + cor[-300] = 1500
[17:54:12:623]1157480:[DBG]:IMG:----------- Ld[Y] Power Get End -----------
[17:54:12:623]1157480:[DBG]:IMG:---------- Ld[M] Power Get Start ----------
[17:54:12:639]1157480:[DBG]:IMG:Tab Get Match Dev_dc[M] Dup:94 (Value[-320] + OS[-1]) = -321
[17:54:12:639]1157480:[DBG]:IMG:Tab Get Dmax Charge&Dev[M] Cor Target:120V
[17:54:12:654]1157480:[DBG]:IMG:Tab Dev[M] Work Value Update st:-321, value:-201
[17:54:12:654]1157480:[DBG]:IMG:Tab Get Ld[M] Cor Target:198
[17:54:12:670]1157480:[DBG]:IMG:Tab Get Ld[M] Power Value[1100] + cor[198] = 1298
[17:54:12:670]1157480:[DBG]:IMG:----------- Ld[M] Power Get End -----------
[17:54:12:686]1157480:[DBG]:IMG:---------- Ld[C] Power Get Start ----------
[17:54:12:686]1157480:[DBG]:IMG:Tab Get Match Dev_dc[C] Dup:96 (Value[-320] + OS[-1]) = -321
[17:54:12:701]1157480:[DBG]:IMG:Tab Get Dmax Charge&Dev[C] Cor Target:59V
[17:54:12:701]1157480:[DBG]:IMG:Tab Dev[C] Work Value Update st:-321, value:-262
[17:54:12:701]1157480:[DBG]:IMG:Tab Get Ld[C] Cor Target:300
[17:54:12:701]1157480:[DBG]:IMG:Tab Get Ld[C] Power Value[1300] + cor[300] = 1600
[17:54:12:717]1157480:[DBG]:IMG:----------- Ld[C] Power Get End -----------
[17:54:12:717]1157480:[DBG]:LSU:LD Preset End
[17:54:12:717]1157480:[DBG]:LSU:Lsu Dac Power Set Channel Y = 1500mv
[17:54:12:732]1157480:[DBG]:LSU:Lsu Dac Power Set Channel C = 1600mv
[17:54:12:732]1157480:[DBG]:LSU:Lsu Dac Power Set Channel M = 1298mv
[17:54:12:748]1157480:[DBG]:LSU:Lsu Dac Power Set Channel K = 1500mv
[17:54:12:748]1157480:[DBG]:LSU:Ld Drive Start
[17:54:12:748]1157490:[DBG]:LSU:Ld On Seq 1
[17:54:12:764]1157496:[DBG]:IMG:Comp Itb State Set[0] Complete
[17:54:12:764]1157500:[DBG]:LSU:Ld On Seq 2
[17:54:12:764]1157510:[DBG]:LSU:Ld On Seq 3
[17:54:12:764]1157532:[INT]:LSU:Ld Sync Ok
[17:54:12:779]1157532:[DBG]:IMG:Comp Tsk_ctrl Ld Sync
[17:54:12:779]1157532:[DBG]:IMG:Proc Ld Sync On
[17:54:12:779]1157532:[DBG]:IMG:Tab Get Motor Stage[0] Time:100
[17:54:12:795]1157532:[DBG]:IMG:Comp Erase Check Stop
[17:54:12:795]1157532:[DBG]:IMG:Comp Erase Lamp CMY Target:[200]
[17:54:12:811]1157532:[DBG]:IMG:Reg Main Motor[1] Stop Time:[1280000]ms.
[17:54:12:811]1157532:[DBG]:IMG:Comp Main MotorYMC[1],Speed:[0]
[17:54:12:811]1157532:[INT]:DEV:Speed:22060 rpm, clkFrq:1654
[17:54:12:811]1157532:[INT]:DEV:YMC stop to fwd
[17:54:12:811]1157532:[DBG]:IMG:Tab Get Charge[Y] Stage[0] Time:30
[17:54:12:811]1157532:[DBG]:IMG:Tab Get Devlop[Y] Stage[0] Time:175
[17:54:12:842]1157532:[DBG]:IMG:Comp MHV_C Level:0, Target:[-150]
[17:54:12:842]1157532:[DBG]:IMG:Comp MHV_M Level:0, Target:[-150]
[17:54:12:842]1157532:[DBG]:IMG:Comp MHV_Y Level:0, Target:[-150]
[17:54:12:842]1157542:[DBG]:setmp=315,-385820945
[17:54:12:842]1157558:[DBG]:Dev:[DCM]y_motor:1
[17:54:12:857]1157564:[DBG]:IMG:Comp MHV_C Level:1, Target:[-1217]
[17:54:12:857]1157564:[DBG]:IMG:Comp MHV_M Level:1, Target:[-1217]
[17:54:12:857]1157564:[DBG]:IMG:Comp MHV_Y Level:1, Target:[-1217]
[17:54:12:873]1157600:[DBG]:IMG:Comp CMY Charge Step On Finish
[17:54:12:873]1157614:[DBG]:CMD:[0x37]->[0x00]
[17:54:12:873]1157614:[DBG]:CMD:[0x01]->[0x08]
[17:54:12:889]1157618:[DBG]:CMD:[0x0E]->[0x01]
[17:54:12:889]1157620:[DBG]:CMD:[0x0F]->[0x01]
[17:54:12:889]1157622:[DBG]:CMD:[0x20]->[0x00]
[17:54:12:904]1157634:[DBG]:IMG:Comp MotorK Start Fwd
[17:54:12:904]1157634:[DBG]:IMG:Comp Erase Check Stop
[17:54:12:904]1157634:[DBG]:IMG:Comp Erase Lamp K Target:[200]
[17:54:12:920]1157634:[DBG]:IMG:Comp Main MotorK[1],Speed:[0]
[17:54:12:920]1157634:[INT]:DEV:k Speed:22060 rpm, clkFrq:1654
[17:54:12:920]1157634:[DBG]:Dev:stop to fwd
[17:54:12:936]1157634:[DBG]:IMG:Tab Get Charge[K] Stage[0] Time:30
[17:54:12:936]1157634:[DBG]:IMG:Tab Get Devlop[K] Stage[0] Time:185
[17:54:12:951]1157634:[DBG]:IMG:Comp MHV_K Level:0, Target:[-150]
[17:54:12:951]1157636:[DBG]:IMG:Comp Trans2 Level:0, Target:[-220]
[17:54:12:951]1157636:[DBG]:IMG:Tab Get Thv2 Stage[8] Time:3000
[17:54:12:982]1157636:[DBG]:IMG:Reg Motor Lock To Toner T:[1000]ms.
[17:54:12:982]1157644:[DBG]:setmp=314,-385820944
[17:54:12:982]1157658:[DBG]:Dev:[DCM]k_motor:1
[17:54:12:998]1157658:[DBG]:Dev:[DCM] YMC Motor Lock
[17:54:12:998]1157662:[DBG]:IMG:Comp Main Motor Lock
[17:54:12:998]1157666:[DBG]:IMG:Comp MHV_K Level:1, Target:[-1217]
[17:54:13:014]1157702:[DBG]:IMG:Comp K Charge Step On Finish
[17:54:13:014]1157738:[DBG]:IMG:Tab Get Match Dev_on[C] (V32[-1217] - Old[-1258] - Offset[450]) = -409
[17:54:13:045]1157738:[DBG]:IMG:Tab Get Match Dev_on[M] (V32[-1217] - Old[-1258] - Offset[450]) = -409
[17:54:13:061]1157738:[DBG]:IMG:Tab Get Match Dev_on[Y] (V32[-1217] - Old[-1267] - Offset[450]) = -400
[17:54:13:061]1157738:[DBG]:IMG:Comp Dev_C Level:0, Target:[-409]
[17:54:13:092]1157738:[DBG]:IMG:Comp Dev_M Level:0, Target:[-409]
[17:54:13:092]1157738:[DBG]:IMG:Comp Dev_Y Level:0, Target:[-400]
[17:54:13:092]1157758:[DBG]:Dev:[DCM] KMotor Lock
[17:54:13:107]1157760:[DBG]:IMG:Comp Main Motor Lock
[17:54:13:107]1157764:[DBG]:DEV:Main fan on,duty is 25
[17:54:13:107]1157764:[DBG]:DEV:LP5009 addr:0x0B data:0xBF
[17:54:13:123]1157774:[DBG]:IMG:Comp Dev Step On Finish
[17:54:13:123]1157774:[DBG]:IMG:Channel Wakeup Preprocess End
[17:54:13:154]1157846:[DBG]:FUS:Warmup Rot Finish Temp Reach!! C_temp = 160
[17:54:13:154]1157850:[DBG]:IMG:Tab Get Match Dev_on[K] (V32[-1217] - Old[-1286] - Offset[450]) = -381
[17:54:13:170]1157850:[DBG]:IMG:Comp Dev_K Level:0, Target:[-381]
[17:54:13:170]1157886:[DBG]:IMG:Comp Dev Step On Finish
[17:54:13:170]1157886:[DBG]:IMG:Channel Wakeup Preprocess End
[17:54:13:185]1157904:[DBG]:IMG:Tab Get Charge[Y] Stage[1] Time:80
[17:54:13:185]1157904:[DBG]:IMG:Tab Get Charge[K] Stage[1] Time:80
[17:54:13:201]1157924:[DBG]:CMD:[0x37]->[0x00]
[17:54:13:201]1157926:[DBG]:CMD:[0x01]->[0x08]
[17:54:13:201]1157926:[DBG]:CMD:[0x0E]->[0x01]
[17:54:13:201]1157926:[DBG]:CMD:[0x0F]->[0x01]
[17:54:13:217]1157930:[DBG]:CMD:[0x20]->[0x00]
[17:54:13:217]1157930:[DBG]:LSU:Polygon Lock
[17:54:13:217]1157986:[DBG]:IMG:Comp Charge[1]:23 Read Start
[17:54:13:248]1157986:[DBG]:IMG:Comp Charge[2]:23 Read Start
[17:54:13:248]1157986:[DBG]:IMG:Comp Charge[3]:23 Read Start
[17:54:13:248]1157986:[DBG]:IMG:Comp Charge[0]:23 Read Start
[17:54:13:248]1158216:[DBG]:IMG:Comp Charge:0 Bais Read Finish, Adc_value:1071
[17:54:13:248]1158216:[DBG]:IMG:Comp Hv Check Read  Adc error:0
[17:54:13:264]1158216:[DBG]:IMG:Comp Charge:1 Bais Read Finish, Adc_value:1196
[17:54:13:264]1158216:[DBG]:IMG:Comp Hv Check Read  Adc error:0
[17:54:13:279]1158216:[DBG]:IMG:Comp Charge:2 Bais Read Finish, Adc_value:1239
[17:54:13:279]1158216:[DBG]:IMG:Comp Hv Check Read  Adc error:0
[17:54:13:295]1158216:[DBG]:IMG:Comp Charge:3 Bais Read Finish, Adc_value:1210
[17:54:13:295]1158216:[DBG]:IMG:Comp Hv Check Read  Adc error:0
[17:54:13:295]1158232:[DBG]:CMD:[0x37]->[0x00]
[17:54:13:326]1158232:[DBG]:CMD:[0x01]->[0x08]
[17:54:13:326]1158234:[DBG]:CMD:[0x0E]->[0x01]
[17:54:13:326]1158234:[DBG]:CMD:[0x0F]->[0x01]
[17:54:13:326]1158236:[DBG]:CMD:[0x20]->[0x00]
[17:54:13:560]1158534:[DBG]:IIC:TEMP ID 0:0x00AF,0x0068,0x00AD,0x0099,
[17:54:13:560]1158534:[DBG]:IIC:TEMP ID 4:0x0035,0x006B,0x0061,0x008F,
[17:54:13:576]1158536:[DBG]:CMD:[0x37]->[0x00]
[17:54:13:576]1158538:[DBG]:CMD:[0x01]->[0x08]
[17:54:13:576]1158538:[DBG]:CMD:[0x0E]->[0x01]
[17:54:13:576]1158540:[DBG]:CMD:[0x0F]->[0x01]
[17:54:13:607]1158540:[DBG]:CMD:[0x20]->[0x00]
[17:54:13:670]1158638:[DBG]:IMG:Proc Toner Execute Start
[17:54:13:670]1158638:[DBG]:TONER:Log Data 0x2011
[17:54:13:670]1158638:[DBG]:TONER:Execute[1].
[17:54:13:701]1158638:[DBG]:TONER:PointStartColorMode[2][k/ymc/kymc]...
[17:54:13:857]1158842:[DBG]:CMD:[0x37]->[0x00]
[17:54:13:857]1158842:[DBG]:CMD:[0x01]->[0x08]
[17:54:13:857]1158844:[DBG]:CMD:[0x0E]->[0x01]
[17:54:13:904]1158844:[DBG]:CMD:[0x0F]->[0x01]
[17:54:13:904]1158846:[DBG]:CMD:[0x20]->[0x00]
[17:54:14:170]1159148:[DBG]:CMD:[0x37]->[0x00]
[17:54:14:170]1159148:[DBG]:CMD:[0x01]->[0x08]
[17:54:14:170]1159148:[DBG]:CMD:[0x0E]->[0x01]
[17:54:14:185]1159150:[DBG]:CMD:[0x0F]->[0x01]
[17:54:14:185]1159152:[DBG]:CMD:[0x20]->[0x00]
[17:54:14:185]1159156:[DBG]:STS: Option1 tray paper Size:Unkown-Unknown
[17:54:14:216]1159156:[DBG]:CMD:Tray[3], Paper Size Change[3], Paper Code[0]
[17:54:14:216]1159196:[DBG]:STS:Option1 tray Open
[17:54:14:216]1159196:[DBG]:CMD:Tray[3], Paper Exist[0]
[17:54:14:216]1159196:[DBG]:CMD:Tray[3], Tray Open Status[1]
[17:54:14:216]1159196:[DBG]:PLA:Rcv Tray[3] Set Info[1]
[17:54:14:216]1159196:[DBG]:PLT:Tray[3] Ready!
[17:54:14:264]1159196:[DBG]:PLT:device stop tray[3]
[17:54:14:264]1159196:[DBG]:CMD:Tray[3], Plate Status[0]
[17:54:14:482]1159452:[DBG]:CMD:[0x37]->[0x00]
[17:54:14:482]1159454:[DBG]:CMD:[0x01]->[0x08]
[17:54:14:482]1159454:[DBG]:CMD:[0x0E]->[0x01]
[17:54:14:513]1159456:[DBG]:CMD:[0x0F]->[0x01]
[17:54:14:513]1159456:[DBG]:CMD:[0x20]->[0x04]
[17:54:14:513]1159462:[DBG]:CMD:[0x25]->[0x46]
[17:54:14:513]1159462:[DBG]:CMD:[0x26]->[0x00]
[17:54:14:794]1159764:[DBG]:CMD:[0x37]->[0x00]
[17:54:14:794]1159764:[DBG]:CMD:[0x01]->[0x08]
[17:54:14:794]1159766:[DBG]:CMD:[0x0E]->[0x01]
[17:54:14:826]1159766:[DBG]:CMD:[0x0F]->[0x01]
[17:54:14:826]1159766:[DBG]:CMD:[0x20]->[0x00]
[17:54:14:826]1159808:[DBG]:TONER:TCLevelRead[K,0002,0966]!
[17:54:14:841]1159808:[DBG]:TONER:TCLevelRead[Y,0002,0866]!
[17:54:14:841]1159808:[DBG]:TONER:TCLevelRead[M,0002,0858]!
[17:54:14:841]1159808:[DBG]:TONER:TCLevelRead[C,0002,0826]!
[17:54:14:857]1159830:[DBG]:TONER:TcSnrErrCk262-2x[1,0].
[17:54:14:857]1159830:[DBG]:TONER:SnrSelfCheckStep1[K],SnrOK,TC Level[0:966],UpLimit[3500],LowLimit[200].
[17:54:14:873]1159830:[DBG]:TONER:SnrSelfCheckStep1[Y],SnrOK,TC Level[0:866],UpLimit[3500],LowLimit[200].
[17:54:14:888]1159830:[DBG]:TONER:SnrSelfCheckStep1[M],SnrOK,TC Level[0:858],UpLimit[3500],LowLimit[200].
[17:54:14:888]1159830:[DBG]:TONER:SnrSelfCheckStep1[C],SnrOK,TC Level[0:826],UpLimit[3500],LowLimit[200].
[17:54:14:888]1159830:[DBG]:TONER:WarmUp2SpecialJudge[K],No.[0],TcLevel[966],Target[823],Limit[5000].
[17:54:14:904]1159830:[DBG]:TONER:WarmUp2SpecialJudge[K],TcDisable[0,0],TuEnd[0].
[17:54:14:904]1159830:[DBG]:TONER:WarmUp2SpecialJudge[Y],No.[0],TcLevel[866],Target[807],Limit[5000].
[17:54:14:919]1159830:[DBG]:TONER:WarmUp2SpecialJudge[Y],TcDisable[0,0],TuEnd[0].
[17:54:14:935]1159830:[DBG]:TONER:WarmUp2SpecialJudge[M],No.[0],TcLevel[858],Target[790],Limit[5000].
[17:54:14:935]1159830:[DBG]:TONER:WarmUp2SpecialJudge[M],TcDisable[0,0],TuEnd[0].
[17:54:14:951]1159830:[DBG]:TONER:WarmUp2SpecialJudge[C],No.[0],TcLevel[826],Target[770],Limit[5000].
[17:54:14:951]1159830:[DBG]:TONER:WarmUp2SpecialJudge[C],TcDisable[0,0],TuEnd[0].
[17:54:14:966]1159830:[DBG]:TONER:Log Data 0x3003
[17:54:14:966]1159830:[DBG]:IMG:Med Toner Wakeup Start Finish
[17:54:14:998]1159830:[DBG]:TONER:TonerFillSpecialFlag[ImgGet,0].
[17:54:14:998]1159830:[DBG]:IMG:Channel Info Toner Finish
[17:54:14:998]1159830:[DBG]:IMG:Proc Wakeup Imaging[0] Toner[1] Finish
[17:54:15:091]1160070:[DBG]:CMD:[0x37]->[0x00]
[17:54:15:091]1160070:[DBG]:CMD:[0x01]->[0x08]
[17:54:15:091]1160070:[DBG]:CMD:[0x0E]->[0x01]
[17:54:15:123]1160072:[DBG]:CMD:[0x0F]->[0x01]
[17:54:15:123]1160072:[DBG]:CMD:[0x20]->[0x00]
[17:54:15:388]1160374:[DBG]:CMD:[0x37]->[0x00]
[17:54:15:388]1160374:[DBG]:CMD:[0x01]->[0x08]
[17:54:15:388]1160376:[DBG]:CMD:[0x0E]->[0x01]
[17:54:15:435]1160378:[DBG]:CMD:[0x0F]->[0x01]
[17:54:15:435]1160378:[DBG]:CMD:[0x20]->[0x00]
[17:54:15:576]1160534:[DBG]:IIC:TEMP ID 0:0x00A4,0x0068,0x00C0,0x0099,
[17:54:15:576]1160534:[DBG]:IIC:TEMP ID 4:0x0034,0x006B,0x0064,0x008F,
[17:54:15:685]1160638:[DBG]:IMG:Comp Trans2 Level:1, Target:[520]
[17:54:15:685]1160638:[DBG]:IMG:Tab Get Thv2 Stage[9] Time:250
[17:54:15:701]1160680:[DBG]:CMD:[0x37]->[0x00]
[17:54:15:701]1160680:[DBG]:CMD:[0x01]->[0x08]
[17:54:15:701]1160682:[DBG]:CMD:[0x0E]->[0x01]
[17:54:15:732]1160682:[DBG]:CMD:[0x0F]->[0x01]
[17:54:15:732]1160682:[DBG]:CMD:[0x20]->[0x00]
[17:54:15:904]1160890:[DBG]:IMG:Comp TransCleaning .. Repeat Finish(1) Time(1000)ms
[17:54:15:904]1160890:[DBG]:IMG:Comp Trans2 Level:0, Target:[-220]
[17:54:15:950]1160890:[DBG]:IMG:Tab Get Thv2 Stage[10] Time:500
[17:54:15:998]1160984:[DBG]:CMD:[0x37]->[0x00]
[17:54:15:998]1160986:[DBG]:CMD:[0x01]->[0x08]
[17:54:15:998]1160986:[DBG]:CMD:[0x0E]->[0x01]
[17:54:16:045]1160988:[DBG]:CMD:[0x0F]->[0x01]
[17:54:16:045]1160988:[DBG]:CMD:[0x20]->[0x00]
[17:54:16:310]1161290:[DBG]:CMD:[0x37]->[0x00]
[17:54:16:310]1161290:[DBG]:CMD:[0x01]->[0x08]
[17:54:16:310]1161292:[DBG]:CMD:[0x0E]->[0x01]
[17:54:16:341]1161292:[DBG]:CMD:[0x0F]->[0x01]
[17:54:16:341]1161294:[DBG]:CMD:[0x20]->[0x00]
[17:54:16:435]1161392:[DBG]:IMG:Comp Trans2 Level:1, Target:[520]
[17:54:16:435]1161392:[DBG]:IMG:Tab Get Thv2 Stage[9] Time:250
[17:54:16:607]1161596:[DBG]:CMD:[0x37]->[0x00]
[17:54:16:607]1161596:[DBG]:CMD:[0x01]->[0x08]
[17:54:16:607]1161598:[DBG]:CMD:[0x0E]->[0x01]
[17:54:16:653]1161598:[DBG]:CMD:[0x0F]->[0x01]
[17:54:16:653]1161600:[DBG]:CMD:[0x20]->[0x00]
[17:54:16:669]1161644:[DBG]:IMG:Comp TransCleaning .. Repeat Finish(2) Time(2000)ms
[17:54:16:669]1161644:[DBG]:IMG:Comp Trans2 Level:0, Target:[-220]
[17:54:16:701]1161644:[DBG]:IMG:Tab Get Thv2 Stage[10] Time:500
[17:54:16:919]1161900:[DBG]:CMD:[0x37]->[0x00]
[17:54:16:919]1161902:[DBG]:CMD:[0x01]->[0x08]
[17:54:16:919]1161902:[DBG]:CMD:[0x0E]->[0x01]
[17:54:16:966]1161904:[DBG]:CMD:[0x0F]->[0x01]
[17:54:16:966]1161904:[DBG]:CMD:[0x20]->[0x00]
[17:54:17:169]1162146:[DBG]:IMG:Comp Trans2 Level:1, Target:[520]
[17:54:17:169]1162146:[DBG]:IMG:Tab Get Thv2 Stage[9] Time:250
[17:54:17:185]1162154:[DBG]:FUS:Env -> MM ( Env_Temp -> 27 )
[17:54:17:185]1162154:[DBG]:FUS:Warmup Rotation Finish
[17:54:17:185]1162154:[INT]:Dev:FUSER Motor stop
[17:54:17:185]1162154:[INT]:DEV:fuser motor req stop
[17:54:17:185]1162154:[DBG]:FUS:Mode Change!! ( C_Temp = 163 / R_Temp = 149 / F_Temp = 150)
[17:54:17:200]1162154:[DBG]:FUS:Warmup / Rotation -> Standby / Standby 
[17:54:17:200]1162154:[DBG]:FUS:Standby Tar_Temp = 75 
[17:54:17:200]1162154:[DBG]:DEV:Main fan off,duty is 0
[17:54:17:216]1162154:[DBG]:DEV:LP5009 addr:0x0B data:0xFF
[17:54:17:216]1162154:[DBG]:DEV:Power fan off,duty is 0
[17:54:17:216]1162154:[DBG]:DEV:LP5009 addr:0x0C data:0xFF
[17:54:17:231]1162154:[DBG]:DEV:lsu rear fan off,duty is 0
[17:54:17:231]1162154:[DBG]:DEV:LP5009 addr:0x0D data:0xFF
[17:54:17:231]1162154:[DBG]:DEV:lsu front fan off,duty is 0
[17:54:17:247]1162154:[DBG]:DEV:LP5009 addr:0x0E data:0xFF
[17:54:17:247]1162154:[DBG]:STS:fuser warmup finish
[17:54:17:263]1162154:[DBG]:IMG:Med Fuser Reocvery Rotate Finish
[17:54:17:263]1162154:[DBG]:IMG:Channel Info Fuser Wakeup Rotate Finish
[17:54:17:263]1162206:[DBG]:CMD:[0x37]->[0x00]
[17:54:17:294]1162206:[DBG]:CMD:[0x01]->[0x08]
[17:54:17:294]1162208:[DBG]:CMD:[0x0E]->[0x01]
[17:54:17:294]1162208:[DBG]:CMD:[0x0F]->[0x01]
[17:54:17:294]1162210:[DBG]:CMD:[0x20]->[0x00]
[17:54:17:419]1162398:[DBG]:IMG:Comp TransCleaning .. Repeat Finish(3) Time(3000)ms
[17:54:17:419]1162398:[DBG]:IMG:Comp Trans2 Level:0, Target:[-220]
[17:54:17:450]1162398:[DBG]:IMG:Tab Get Thv2 Stage[10] Time:500
[17:54:17:544]1162510:[DBG]:CMD:[0x37]->[0x00]
[17:54:17:544]1162512:[DBG]:CMD:[0x01]->[0x08]
[17:54:17:544]1162512:[DBG]:CMD:[0x0E]->[0x01]
[17:54:17:544]1162514:[DBG]:CMD:[0x0F]->[0x01]
[17:54:17:544]1162514:[DBG]:CMD:[0x20]->[0x00]
[17:54:17:544]1162534:[DBG]:IIC:TEMP ID 0:0x00A9,0x0068,0x00AB,0x0099,
[17:54:17:575]1162534:[DBG]:IIC:TEMP ID 4:0x0033,0x006B,0x004F,0x008F,
[17:54:17:841]1162818:[DBG]:CMD:[0x37]->[0x00]
[17:54:17:841]1162820:[DBG]:CMD:[0x01]->[0x08]
[17:54:17:841]1162822:[DBG]:CMD:[0x0E]->[0x01]
[17:54:17:872]1162822:[DBG]:CMD:[0x0F]->[0x01]
[17:54:17:872]1162824:[DBG]:CMD:[0x20]->[0x00]
[17:54:17:950]1162900:[DBG]:IMG:Comp Trans2 Level:1, Target:[520]
[17:54:17:950]1162900:[DBG]:IMG:Tab Get Thv2 Stage[9] Time:250
[17:54:18:137]1163124:[DBG]:CMD:[0x37]->[0x00]
[17:54:18:137]1163126:[DBG]:CMD:[0x01]->[0x08]
[17:54:18:137]1163126:[DBG]:CMD:[0x0E]->[0x01]
[17:54:18:169]1163128:[DBG]:CMD:[0x0F]->[0x01]
[17:54:18:169]1163128:[DBG]:CMD:[0x20]->[0x00]
[17:54:18:169]1163152:[DBG]:IMG:Comp TransCleaning .. Repeat Finish(4) Time(4000)ms
[17:54:18:200]1163152:[DBG]:IMG:Comp Trans2 Level:0, Target:[-220]
[17:54:18:200]1163152:[DBG]:IMG:Tab Get Thv2 Stage[10] Time:500
[17:54:18:450]1163430:[DBG]:CMD:[0x37]->[0x00]
[17:54:18:450]1163430:[DBG]:CMD:[0x01]->[0x08]
[17:54:18:450]1163432:[DBG]:CMD:[0x0E]->[0x01]
[17:54:18:481]1163432:[DBG]:CMD:[0x0F]->[0x01]
[17:54:18:481]1163434:[DBG]:CMD:[0x20]->[0x00]
[17:54:18:653]1163636:[DBG]:IMG:Proc Wakeup Imaging[1] Toner[1] Finish
[17:54:18:653]1163636:[DBG]:IMG:Channel Wakeup Cleaning End
[17:54:18:669]1163636:[DBG]:IMG:Med Wakeup No Mode Exchange
[17:54:18:669]1163636:[DBG]:IMG:Channel Wakeup End
[17:54:18:669]1163636:[DBG]:IMG:Tab Get Charge[Y] Stage[6] Time:500
[17:54:18:684]1163636:[DBG]:IMG:Tab Get Match Mhv_Off[C] (Old[-1258] + Bias[450] + Du[29]) = -779
[17:54:18:700]1163636:[DBG]:IMG:Tab Get Match Mhv_Off[M] (Old[-1258] + Bias[450] + Du[29]) = -779
[17:54:18:700]1163636:[DBG]:IMG:Tab Get Match Mhv_Off[Y] (Old[-1267] + Bias[450] + Du[29]) = -788
[17:54:18:700]1163636:[DBG]:IMG:Comp MHV_C Level:4, Target:[-779]
[17:54:18:700]1163636:[DBG]:IMG:Comp MHV_M Level:4, Target:[-779]
[17:54:18:715]1163636:[DBG]:IMG:Comp MHV_Y Level:4, Target:[-788]
[17:54:18:715]1163636:[DBG]:IMG:Tab Get Devlop[Y] Stage[4] Time:212
[17:54:18:731]1163638:[DBG]:IMG:Tab Get Match Mhv_Off[K] (Old[-1286] + Bias[450] + Du[30]) = -806
[17:54:18:731]1163638:[DBG]:IMG:Comp MHV_K Level:4, Target:[-806]
[17:54:18:747]1163640:[DBG]:IMG:Tab Get Devlop[K] Stage[4] Time:212
[17:54:18:747]1163640:[DBG]:IMG:Comp Trans Repeat Cleaning finsh.. Count(4) Time(4000)ms
[17:54:18:762]1163642:[DBG]:IMG:Comp Trans2 Level:1, Target:[520]
[17:54:18:762]1163642:[DBG]:IMG:Tab Get Thv2 Stage[11] Time:500
[17:54:18:762]1163642:[DBG]:IMG:Tab Get Thv2 Stage[12] Time:1000
[17:54:18:778]1163734:[DBG]:CMD:[0x37]->[0x00]
[17:54:18:778]1163736:[DBG]:CMD:[0x01]->[0x08]
[17:54:18:778]1163736:[DBG]:CMD:[0x0E]->[0x01]
[17:54:18:778]1163738:[DBG]:CMD:[0x0F]->[0x01]
[17:54:18:809]1163740:[DBG]:CMD:[0x20]->[0x00]
[17:54:18:872]1163850:[DBG]:IMG:Comp Dev_C Level:3, Target:[0]
[17:54:18:872]1163850:[DBG]:IMG:Comp Dev_M Level:3, Target:[0]
[17:54:18:903]1163850:[DBG]:IMG:Comp Dev_Y Level:3, Target:[0]
[17:54:18:903]1163854:[DBG]:IMG:Comp Dev_K Level:3, Target:[0]
[17:54:19:059]1164040:[DBG]:CMD:[0x37]->[0x00]
[17:54:19:059]1164042:[DBG]:CMD:[0x01]->[0x08]
[17:54:19:059]1164042:[DBG]:CMD:[0x0E]->[0x01]
[17:54:19:091]1164044:[DBG]:CMD:[0x0F]->[0x01]
[17:54:19:091]1164044:[DBG]:CMD:[0x20]->[0x00]
[17:54:19:184]1164138:[DBG]:IMG:Comp Main Motor YMC Req Stop By Phase
[17:54:19:184]1164146:[DBG]:IMG:Comp Trans2 Level:0, Target:[-220]
[17:54:19:372]1164346:[DBG]:CMD:[0x37]->[0x00]
[17:54:19:372]1164346:[DBG]:CMD:[0x01]->[0x08]
[17:54:19:372]1164348:[DBG]:CMD:[0x0E]->[0x01]
[17:54:19:403]1164348:[DBG]:CMD:[0x0F]->[0x01]
[17:54:19:403]1164350:[DBG]:CMD:[0x20]->[0x00]
[17:54:19:591]1164536:[DBG]:IIC:TEMP ID 0:0x009A,0x0068,0x0006,0x0099,
[17:54:19:591]1164538:[DBG]:IIC:TEMP ID 4:0x0032,0x006B,0x005E,0x008F,
[17:54:19:668]1164650:[DBG]:CMD:[0x37]->[0x00]
[17:54:19:668]1164652:[DBG]:CMD:[0x01]->[0x08]
[17:54:19:668]1164652:[DBG]:CMD:[0x0E]->[0x01]
[17:54:19:716]1164654:[DBG]:CMD:[0x0F]->[0x01]
[17:54:19:716]1164654:[DBG]:CMD:[0x20]->[0x00]
[17:54:19:871]1164854:[DBG]:DEV:Phase Sen[1] Rec State:0
[17:54:19:871]1164854:[DBG]:IMG:Comp Phase Sen YMC Step Complete
[17:54:19:887]1164854:[DBG]:IMG:Tab Get Motor Stage[7] Time:340
[17:54:19:887]1164854:[DBG]:IMG:Tab Get Motor Stage[5] Time:0
[17:54:19:887]1164854:[DBG]:IMG:Comp Phase Motor[1] Phase Stop Delay:340ms
[17:54:19:919]1164854:[DBG]:DEV:Phase Sen:1 State Reset:255
[17:54:19:919]1164854:[DBG]:IMG:Comp Phase Stop Reset:1
[17:54:19:981]1164956:[DBG]:CMD:[0x37]->[0x00]
[17:54:19:981]1164956:[DBG]:CMD:[0x01]->[0x08]
[17:54:19:981]1164960:[DBG]:CMD:[0x0E]->[0x01]
[17:54:20:012]1164960:[DBG]:CMD:[0x0F]->[0x01]
[17:54:20:012]1164960:[DBG]:CMD:[0x20]->[0x00]
[17:54:20:200]1165144:[DBG]:IMG:Comp Trans2 Level:8, Target:[0]
[17:54:20:200]1165146:[DBG]:IMG:Comp Main Motor K Req Stop By Phase
[17:54:20:246]1165196:[DBG]:IMG:Comp Main Motor YMC Stop
[17:54:20:246]1165196:[INT]:DEV:Ymc stop at speed 22060
[17:54:20:246]1165196:[INT]:DEV:YMC motor req stop
[17:54:20:262]1165196:[DBG]:STS:YMC under 60s:g_st_main_time_counter_fc = 950
[17:54:20:262]1165196:[DBG]:STS:opc_ymc drive total length = 950
[17:54:20:293]1165196:[DBG]:SSC:Interface[6] set opc [7615515]->[7616465]
[17:54:20:293]1165196:[DBG]:SSC:Interface[6] set carrier [7615515]->[7616465]
[17:54:20:309]1165198:[DBG]:SSC:Info flag = 0x00000001.
[17:54:20:309]1165200:[DBG]:SSC:Interface[6] Opc Used Page [9676]->[9677]
[17:54:20:324]1165200:[DBG]:SSC:Info to EC MP[27] --> [838]
[17:54:20:324]1165200:[DBG]:setmp=125,84
[17:54:20:324]1165200:[DBG]:SSC:Info to EC MP[31] --> [9677]
[17:54:20:324]1165200:[DBG]:setmp=133,9677
[17:54:20:340]1165200:[DBG]:SSC:Interface[5] set opc [7456750]->[7457700]
[17:54:20:340]1165200:[DBG]:SSC:Interface[5] set carrier [7456750]->[7457700]
[17:54:20:340]1165202:[DBG]:SSC:Info flag = 0x00000001.
[17:54:20:340]1165204:[DBG]:SSC:Interface[5] Opc Used Page [9474]->[9476]
[17:54:20:356]1165204:[DBG]:SSC:Info to EC MP[26] --> [842]
[17:54:20:356]1165204:[DBG]:setmp=124,84
[17:54:20:356]1165204:[DBG]:SSC:Info to EC MP[30] --> [9476]
[17:54:20:356]1165204:[DBG]:setmp=132,9476
[17:54:20:371]1165204:[DBG]:SSC:Interface[4] set opc [7615915]->[7616865]
[17:54:20:371]1165204:[DBG]:SSC:Interface[4] set carrier [7615915]->[7616865]
[17:54:20:387]1165206:[DBG]:SSC:Info flag = 0x00000001.
[17:54:20:387]1165208:[DBG]:SSC:Interface[4] Opc Used Page [9677]->[9678]
[17:54:20:403]1165208:[DBG]:SSC:Info to EC MP[25] --> [838]
[17:54:20:403]1165208:[DBG]:setmp=123,84
[17:54:20:403]1165208:[DBG]:SSC:Info to EC MP[29] --> [9678]
[17:54:20:403]1165208:[DBG]:setmp=131,9678
[17:54:20:403]1165262:[DBG]:CMD:[0x37]->[0x00]
[17:54:20:403]1165262:[DBG]:CMD:[0x01]->[0x08]
[17:54:20:403]1165264:[DBG]:CMD:[0x0E]->[0x01]
[17:54:20:403]1165266:[DBG]:CMD:[0x0F]->[0x01]
[17:54:20:434]1165266:[DBG]:CMD:[0x20]->[0x00]
[17:54:20:434]1165278:[DBG]:IMG:Comp Receive Motor_CMY Off From Device
[17:54:20:434]1165278:[DBG]:IMG:Comp MHV_C Level:5, Target:[0]
[17:54:20:434]1165278:[DBG]:IMG:Comp MHV_M Level:5, Target:[0]
[17:54:20:434]1165278:[DBG]:IMG:Comp MHV_Y Level:5, Target:[0]
[17:54:20:449]1165280:[DBG]:IMG:Comp Erase Check Stop
[17:54:20:449]1165280:[DBG]:IMG:Comp Erase Lamp CMY Target:[0]
[17:54:20:449]1165280:[DBG]:setmp=315,-385820937
[17:54:20:465]1165290:[DBG]:DEV:Phase Sen[0] Rec State:0
[17:54:20:465]1165290:[DBG]:IMG:Comp Phase Sen k Step Complete
[17:54:20:465]1165290:[DBG]:IMG:Tab Get Motor Stage[7] Time:340
[17:54:20:481]1165290:[DBG]:IMG:Tab Get Motor Stage[6] Time:421
[17:54:20:481]1165290:[DBG]:IMG:Comp Phase Motor[0] Phase Stop Delay:761ms
[17:54:20:512]1165290:[DBG]:DEV:Phase Sen:0 State Reset:255
[17:54:20:512]1165290:[DBG]:IMG:Comp Phase Stop Reset:0
[17:54:20:574]1165568:[DBG]:CMD:[0x37]->[0x00]
[17:54:20:574]1165568:[DBG]:CMD:[0x01]->[0x08]
[17:54:20:574]1165570:[DBG]:CMD:[0x0E]->[0x01]
[17:54:20:622]1165570:[DBG]:CMD:[0x0F]->[0x01]
[17:54:20:622]1165572:[DBG]:CMD:[0x20]->[0x00]
[17:54:20:887]1165872:[DBG]:CMD:[0x37]->[0x00]
[17:54:20:887]1165874:[DBG]:CMD:[0x01]->[0x08]
[17:54:20:887]1165874:[DBG]:CMD:[0x0E]->[0x01]
[17:54:20:918]1165876:[DBG]:CMD:[0x0F]->[0x01]
[17:54:20:918]1165876:[DBG]:CMD:[0x20]->[0x00]
[17:54:21:074]1166052:[DBG]:IMG:Comp Main Motor K Stop
[17:54:21:074]1166052:[INT]:Dev:K stop at speed 22060
[17:54:21:074]1166052:[INT]:DEV:K motor req stop
[17:54:21:090]1166056:[DBG]:STS:K under 60s:g_st_main_time_counter_bk = 1044
[17:54:21:090]1166056:[DBG]:STS:opc_k drive total length = 1044
[17:54:21:090]1166056:[DBG]:SSC:Interface[7] set opc [4007887]->[4008931]
[17:54:21:090]1166056:[DBG]:SSC:Interface[7] set carrier [4007887]->[4008931]
[17:54:21:105]1166060:[DBG]:SSC:Info flag = 0x00000001.
[17:54:21:105]1166060:[DBG]:SSC:Interface[7] Opc Used Page [5092]->[5093]
[17:54:21:105]1166060:[DBG]:SSC:Info to EC MP[28] --> [915]
[17:54:21:137]1166060:[DBG]:setmp=122,92
[17:54:21:137]1166060:[DBG]:SSC:Info to EC MP[32] --> [5093]
[17:54:21:137]1166060:[DBG]:setmp=130,5093
[17:54:21:152]1166134:[DBG]:IMG:Comp Receive Motor_K Off From Device
[17:54:21:152]1166134:[DBG]:IMG:Comp MHV_K Level:5, Target:[0]
[17:54:21:152]1166134:[DBG]:IMG:Comp Erase Check Stop
[17:54:21:168]1166134:[DBG]:IMG:Comp Erase Lamp K Target:[0]
[17:54:21:168]1166134:[DBG]:LSU:Ld Off
[17:54:21:168]1166134:[DBG]:IMG:Comp Polygon Off.
[17:54:21:184]1166134:[DBG]:LSU:Polygon Off 
[17:54:21:184]1166134:[DBG]:IMG:Channel RSP Wakeup End
[17:54:21:184]1166134:[DBG]:TONER:Log Data 0x200E
[17:54:21:184]1166134:[DBG]:TONER:Log Data 0x200E
[17:54:21:199]1166134:[DBG]:setmp=310,360
[17:54:21:199]1166134:[DBG]:IMG:Reg[310] Set Motor Speed[0] Stage[7] Time:360ms Set
[17:54:21:199]1166134:[DBG]:IMG:Comp Notify STS Stop
[17:54:21:199]1166134:[DBG]:setmp=314,-385820936
[17:54:21:199]1166134:[DBG]:STS:MAIN->READY  ,SUB->NONE!  
[17:54:21:215]1166136:[DBG]:DEV:Warmup Finish Note For Fan
[17:54:21:215]1166136:[DBG]:setmp=11,0
[17:54:21:215]1166136:[DBG]:STS:imaging warmup finish
[17:54:21:215]1166136:[DBG]:STS:update machine sn value = 3
[17:54:21:230]1166136:[DBG]:FUS:Plotter Status To Standby
[17:54:21:230]1166136:[DBG]:PLT:rcv warmup info[0]
[17:54:21:246]1166136:[DBG]:CAL:Factor Calib Mode 0 Start Judge
[17:54:21:246]1166136:[DBG]:CAL:Reg Get Calib Disable 0
[17:54:21:246]1166136:[DBG]:CAL:Factor Calib Mode (0:0) Start Request Disable, Requesting Mode 0 State 0
[17:54:21:262]1166136:[DBG]:CAL:Factor Humiture Detect Stop
[17:54:21:262]1166178:[DBG]:CMD:[0x37]->[0x00]
[17:54:21:262]1166178:[DBG]:CMD:[0x01]->[0x00]
[17:54:21:293]1166180:[DBG]:CMD:[0x20]->[0x00]
[17:54:21:293]1166264:[DBG]:IMG:Comp Hv Check Start
[17:54:21:527]1166482:[DBG]:CMD:[0x37]->[0x00]
[17:54:21:527]1166482:[DBG]:CMD:[0x01]->[0x00]
[17:54:21:527]1166482:[DBG]:CMD:[0x20]->[0x00]
[17:54:21:574]1166534:[DBG]:IIC:TEMP ID 0:0x0095,0x0068,0x00AB,0x0099,
[17:54:21:574]1166534:[DBG]:IIC:TEMP ID 4:0x0033,0x006B,0x003B,0x008F,
[17:54:21:606]1166566:[DBG]:IMG:Comp HV Check Finish, Ready To Hvabs Check
[17:54:21:824]1166784:[DBG]:CMD:[0x37]->[0x00]
[17:54:21:824]1166786:[DBG]:CMD:[0x01]->[0x00]
[17:54:21:824]1166786:[DBG]:CMD:[0x20]->[0x00]
[17:54:22:121]1167088:[DBG]:CMD:[0x37]->[0x00]
[17:54:22:121]1167088:[DBG]:CMD:[0x01]->[0x00]
[17:54:22:121]1167090:[DBG]:CMD:[0x20]->[0x00]
[17:54:22:434]1167392:[DBG]:CMD:[0x37]->[0x00]
[17:54:22:434]1167392:[DBG]:CMD:[0x01]->[0x00]
[17:54:22:434]1167392:[DBG]:CMD:[0x20]->[0x00]
[17:54:22:730]1167694:[DBG]:CMD:[0x37]->[0x00]
[17:54:22:730]1167696:[DBG]:CMD:[0x01]->[0x00]
[17:54:22:730]1167696:[DBG]:CMD:[0x20]->[0x00]
[17:54:23:043]1167998:[DBG]:CMD:[0x37]->[0x00]
[17:54:23:043]1167998:[DBG]:CMD:[0x01]->[0x00]
[17:54:23:043]1168000:[DBG]:CMD:[0x20]->[0x00]
[17:54:23:340]1168302:[DBG]:CMD:[0x37]->[0x00]
[17:54:23:340]1168302:[DBG]:CMD:[0x01]->[0x00]
[17:54:23:340]1168302:[DBG]:CMD:[0x20]->[0x00]
[17:54:23:574]1168534:[DBG]:IIC:TEMP ID 0:0x0092,0x0068,0x00A6,0x0099,
[17:54:23:574]1168534:[DBG]:IIC:TEMP ID 4:0x0034,0x006B,0x003E,0x008F,
[17:54:23:652]1168604:[DBG]:CMD:[0x37]->[0x00]
[17:54:23:652]1168606:[DBG]:CMD:[0x01]->[0x00]
[17:54:23:652]1168606:[DBG]:CMD:[0x20]->[0x00]
[17:54:23:949]1168908:[DBG]:CMD:[0x37]->[0x00]
[17:54:23:949]1168908:[DBG]:CMD:[0x01]->[0x00]
[17:54:23:949]1168910:[DBG]:CMD:[0x20]->[0x00]
[17:54:24:261]1169212:[DBG]:CMD:[0x37]->[0x00]
[17:54:24:261]1169212:[DBG]:CMD:[0x01]->[0x00]
[17:54:24:261]1169214:[DBG]:CMD:[0x20]->[0x00]
[17:54:24:558]1169514:[DBG]:CMD:[0x37]->[0x00]
[17:54:24:558]1169518:[DBG]:CMD:[0x01]->[0x00]
[17:54:24:558]1169520:[DBG]:CMD:[0x20]->[0x00]
[17:54:24:855]1169822:[DBG]:CMD:[0x37]->[0x00]
[17:54:24:855]1169822:[DBG]:CMD:[0x01]->[0x00]
[17:54:24:855]1169824:[DBG]:CMD:[0x20]->[0x00]
[17:54:25:042]1170006:[DBG]:SSC:Sync Send Sync msg!
[17:54:25:042]1170006:[DBG]:SSC:Sync start.in=[4] out=[0]
[17:54:25:167]1170124:[DBG]:CMD:[0x37]->[0x00]
[17:54:25:167]1170124:[DBG]:CMD:[0x01]->[0x00]
[17:54:25:167]1170126:[DBG]:CMD:[0x20]->[0x00]
[17:54:25:464]1170428:[DBG]:CMD:[0x37]->[0x00]
[17:54:25:464]1170428:[DBG]:CMD:[0x01]->[0x00]
[17:54:25:464]1170430:[DBG]:CMD:[0x20]->[0x00]
[17:54:25:574]1170534:[DBG]:IIC:TEMP ID 0:0x00AF,0x0068,0x00A5,0x0099,
[17:54:25:574]1170534:[DBG]:IIC:TEMP ID 4:0x0033,0x006B,0x004F,0x008F,
[17:54:25:792]1170732:[DBG]:CMD:[0x37]->[0x00]
[17:54:25:792]1170732:[DBG]:CMD:[0x01]->[0x00]
[17:54:25:792]1170732:[DBG]:CMD:[0x20]->[0x00]
[17:54:26:073]1171036:[DBG]:CMD:[0x37]->[0x00]
[17:54:26:073]1171038:[DBG]:CMD:[0x01]->[0x00]
[17:54:26:073]1171040:[DBG]:CMD:[0x20]->[0x00]
[17:54:26:370]1171340:[DBG]:CMD:[0x37]->[0x00]
[17:54:26:370]1171340:[DBG]:CMD:[0x01]->[0x00]
[17:54:26:370]1171342:[DBG]:CMD:[0x20]->[0x00]
[17:54:26:605]1171568:[DBG]:IMG:Comp Hv Abs Check Start
[17:54:26:698]1171644:[DBG]:CMD:[0x37]->[0x00]
[17:54:26:698]1171644:[DBG]:CMD:[0x01]->[0x00]
[17:54:26:698]1171644:[DBG]:CMD:[0x20]->[0x00]
[17:54:26:964]1171946:[DBG]:CMD:[0x37]->[0x00]
[17:54:26:964]1171950:[DBG]:CMD:[0x01]->[0x00]
[17:54:26:964]1171952:[DBG]:CMD:[0x20]->[0x00]
[17:54:26:995]1171968:[DBG]:IMG:Comp Hv Abs Check Stop
[17:54:27:292]1172252:[DBG]:CMD:[0x37]->[0x00]
[17:54:27:292]1172252:[DBG]:CMD:[0x01]->[0x00]
[17:54:27:292]1172254:[DBG]:CMD:[0x20]->[0x00]
[17:54:27:573]1172556:[DBG]:CMD:[0x37]->[0x00]
[17:54:27:573]1172556:[DBG]:CMD:[0x01]->[0x00]
[17:54:27:573]1172560:[DBG]:IIC:TEMP ID 0:0x00B6,0x0068,0x008C,0x0099,
[17:54:27:604]1172560:[DBG]:CMD:[0x20]->[0x00]
[17:54:27:604]1172560:[DBG]:IIC:TEMP ID 4:0x0034,0x006B,0x0048,0x008F,
[17:54:27:917]1172862:[DBG]:CMD:[0x37]->[0x00]
[17:54:27:917]1172862:[DBG]:CMD:[0x01]->[0x00]
[17:54:27:917]1172866:[DBG]:CMD:[0x20]->[0x00]
[17:54:28:198]1173166:[DBG]:CMD:[0x37]->[0x00]
[17:54:28:198]1173166:[DBG]:CMD:[0x01]->[0x00]
[17:54:28:198]1173168:[DBG]:CMD:[0x20]->[0x00]
[17:54:28:510]1173468:[DBG]:CMD:[0x37]->[0x00]
[17:54:28:510]1173470:[DBG]:CMD:[0x01]->[0x00]
[17:54:28:510]1173470:[DBG]:CMD:[0x20]->[0x00]
[17:54:28:807]1173772:[DBG]:CMD:[0x37]->[0x00]
[17:54:28:807]1173772:[DBG]:CMD:[0x01]->[0x00]
[17:54:28:807]1173774:[DBG]:CMD:[0x20]->[0x00]
[17:54:29:104]1174074:[DBG]:CMD:[0x37]->[0x00]
[17:54:29:104]1174076:[DBG]:CMD:[0x01]->[0x00]
[17:54:29:104]1174076:[DBG]:CMD:[0x20]->[0x00]
[17:54:29:416]1174378:[DBG]:CMD:[0x37]->[0x00]
[17:54:29:416]1174378:[DBG]:CMD:[0x01]->[0x00]
[17:54:29:416]1174380:[DBG]:CMD:[0x20]->[0x00]
[17:54:29:588]1174550:[DBG]:IIC:TEMP ID 0:0x00B3,0x0068,0x0097,0x0099,
[17:54:29:588]1174550:[DBG]:IIC:TEMP ID 4:0x0035,0x006B,0x003D,0x008F,
[17:54:29:713]1174682:[DBG]:CMD:[0x37]->[0x00]
[17:54:29:713]1174682:[DBG]:CMD:[0x01]->[0x00]
[17:54:29:713]1174684:[DBG]:CMD:[0x20]->[0x00]
[17:54:29:885]1174874:[DBG]:SSC:Sync sync end normal![4]
[17:54:29:885]1174874:[DBG]:SSC:Sync printer :9E93 1FEE 6BEA 1DCA 8C8F 7CE0 0AE5 D846
[17:54:29:885]1174874:[DBG]:SSC:Sync chip    :9E93 1FEE 6BEA 1DCA 8C8F 7CE0 0AE5 D846
[17:54:29:885]1174874:[DBG]:SSC:Sync send result: 0x 0
[17:54:29:916]1174874:[DBG]:SSC:Sync read result: 0x 0
[17:54:30:026]1174984:[DBG]:CMD:[0x37]->[0x00]
[17:54:30:026]1174984:[DBG]:CMD:[0x01]->[0x00]
[17:54:30:026]1174986:[DBG]:CMD:[0x20]->[0x00]
[17:54:30:322]1175288:[DBG]:CMD:[0x37]->[0x00]
[17:54:30:322]1175288:[DBG]:CMD:[0x01]->[0x00]
[17:54:30:322]1175290:[DBG]:CMD:[0x20]->[0x00]
[17:54:30:619]1175590:[DBG]:CMD:[0x37]->[0x00]
[17:54:30:619]1175592:[DBG]:CMD:[0x01]->[0x00]
[17:54:30:619]1175592:[DBG]:CMD:[0x20]->[0x00]
[17:54:30:931]1175894:[DBG]:CMD:[0x37]->[0x00]
[17:54:30:931]1175894:[DBG]:CMD:[0x01]->[0x00]
[17:54:30:931]1175896:[DBG]:CMD:[0x20]->[0x00]
[17:54:31:228]1176196:[DBG]:CMD:[0x37]->[0x00]
[17:54:31:228]1176198:[DBG]:CMD:[0x01]->[0x00]
[17:54:31:228]1176198:[DBG]:CMD:[0x20]->[0x00]
[17:54:31:525]1176500:[DBG]:CMD:[0x37]->[0x00]
[17:54:31:525]1176500:[DBG]:CMD:[0x01]->[0x00]
[17:54:31:525]1176502:[DBG]:CMD:[0x20]->[0x00]
[17:54:31:572]1176534:[DBG]:IIC:TEMP ID 0:0x009E,0x0068,0x0090,0x0099,
[17:54:31:572]1176534:[DBG]:IIC:TEMP ID 4:0x0034,0x006B,0x0050,0x008F,
[17:54:31:838]1176804:[DBG]:CMD:[0x37]->[0x00]
[17:54:31:838]1176804:[DBG]:CMD:[0x01]->[0x00]
[17:54:31:838]1176804:[DBG]:CMD:[0x20]->[0x00]
[17:54:32:150]1177106:[DBG]:CMD:[0x37]->[0x00]
[17:54:32:150]1177106:[DBG]:CMD:[0x01]->[0x00]
[17:54:32:150]1177108:[DBG]:CMD:[0x20]->[0x00]
[17:54:32:447]1177408:[DBG]:CMD:[0x37]->[0x00]
[17:54:32:447]1177410:[DBG]:CMD:[0x01]->[0x00]
[17:54:32:447]1177410:[DBG]:CMD:[0x20]->[0x00]
[17:54:32:743]1177712:[DBG]:CMD:[0x37]->[0x00]
[17:54:32:743]1177712:[DBG]:CMD:[0x01]->[0x00]
[17:54:32:743]1177714:[DBG]:CMD:[0x20]->[0x00]
[17:54:33:056]1178014:[DBG]:CMD:[0x37]->[0x00]
[17:54:33:056]1178018:[DBG]:CMD:[0x01]->[0x00]
[17:54:33:056]1178020:[DBG]:CMD:[0x20]->[0x00]
[17:54:33:353]1178322:[DBG]:CMD:[0x37]->[0x00]
[17:54:33:353]1178322:[DBG]:CMD:[0x01]->[0x00]
[17:54:33:353]1178324:[DBG]:CMD:[0x20]->[0x00]
[17:54:33:571]1178534:[DBG]:IIC:TEMP ID 0:0x0097,0x0068,0x00A1,0x0099,
[17:54:33:571]1178534:[DBG]:IIC:TEMP ID 4:0x0035,0x006B,0x0055,0x008F,
[17:54:33:649]1178624:[DBG]:CMD:[0x37]->[0x00]
[17:54:33:649]1178626:[DBG]:CMD:[0x01]->[0x00]
[17:54:33:649]1178626:[DBG]:CMD:[0x20]->[0x00]
[17:54:33:962]1178928:[DBG]:CMD:[0x37]->[0x00]
[17:54:33:962]1178928:[DBG]:CMD:[0x01]->[0x00]
[17:54:33:962]1178930:[DBG]:CMD:[0x20]->[0x00]
[17:54:34:259]1179230:[DBG]:CMD:[0x37]->[0x00]
[17:54:34:259]1179232:[DBG]:CMD:[0x01]->[0x00]
[17:54:34:259]1179232:[DBG]:CMD:[0x20]->[0x00]
[17:54:34:555]1179534:[DBG]:CMD:[0x37]->[0x00]
[17:54:34:555]1179534:[DBG]:CMD:[0x01]->[0x00]
[17:54:34:555]1179536:[DBG]:CMD:[0x20]->[0x00]
[17:54:34:868]1179836:[DBG]:CMD:[0x37]->[0x00]
[17:54:34:868]1179838:[DBG]:CMD:[0x01]->[0x00]
[17:54:34:868]1179838:[DBG]:CMD:[0x20]->[0x00]
[17:54:35:165]1180140:[DBG]:CMD:[0x37]->[0x00]
[17:54:35:165]1180140:[DBG]:CMD:[0x01]->[0x00]
[17:54:35:165]1180142:[DBG]:CMD:[0x20]->[0x00]
[17:54:35:477]1180442:[DBG]:CMD:[0x37]->[0x00]
[17:54:35:477]1180442:[DBG]:CMD:[0x01]->[0x00]
[17:54:35:477]1180444:[DBG]:CMD:[0x20]->[0x00]
[17:54:35:555]1180534:[DBG]:IIC:TEMP ID 0:0x00A8,0x0068,0x00A0,0x0099,
[17:54:35:555]1180534:[DBG]:IIC:TEMP ID 4:0x003C,0x006B,0x0052,0x008F,
[17:54:35:774]1180744:[DBG]:CMD:[0x37]->[0x00]
[17:54:35:774]1180746:[DBG]:CMD:[0x01]->[0x00]
[17:54:35:774]1180746:[DBG]:CMD:[0x20]->[0x00]
[17:54:36:071]1181048:[DBG]:CMD:[0x37]->[0x00]
[17:54:36:071]1181048:[DBG]:CMD:[0x01]->[0x00]
[17:54:36:071]1181050:[DBG]:CMD:[0x20]->[0x00]
[17:54:36:383]1181352:[DBG]:CMD:[0x37]->[0x00]
[17:54:36:383]1181352:[DBG]:CMD:[0x01]->[0x00]
[17:54:36:383]1181354:[DBG]:CMD:[0x20]->[0x00]
[17:54:36:680]1181654:[DBG]:CMD:[0x37]->[0x00]
[17:54:36:680]1181656:[DBG]:CMD:[0x01]->[0x00]
[17:54:36:680]1181656:[DBG]:CMD:[0x20]->[0x00]
[17:54:36:993]1181960:[DBG]:CMD:[0x37]->[0x00]
[17:54:36:993]1181960:[DBG]:CMD:[0x01]->[0x00]
[17:54:36:993]1181962:[DBG]:CMD:[0x20]->[0x00]
[17:54:37:289]1182262:[DBG]:CMD:[0x37]->[0x00]
[17:54:37:289]1182262:[DBG]:CMD:[0x01]->[0x00]
[17:54:37:289]1182264:[DBG]:CMD:[0x20]->[0x00]
[17:54:37:555]1182534:[DBG]:IIC:TEMP ID 0:0x00AB,0x0068,0x0097,0x0099,
[17:54:37:555]1182534:[DBG]:IIC:TEMP ID 4:0x003B,0x006B,0x003F,0x008F,
[17:54:37:586]1182566:[DBG]:CMD:[0x37]->[0x00]
[17:54:37:586]1182566:[DBG]:CMD:[0x01]->[0x00]
[17:54:37:586]1182568:[DBG]:CMD:[0x20]->[0x00]
[17:54:37:898]1182870:[DBG]:CMD:[0x37]->[0x00]
[17:54:37:898]1182870:[DBG]:CMD:[0x01]->[0x00]
[17:54:37:898]1182870:[DBG]:CMD:[0x20]->[0x00]
[17:54:38:195]1183172:[DBG]:CMD:[0x37]->[0x00]
[17:54:38:195]1183174:[DBG]:CMD:[0x01]->[0x00]
[17:54:38:195]1183174:[DBG]:CMD:[0x20]->[0x00]
[17:54:38:492]1183476:[DBG]:CMD:[0x37]->[0x00]
[17:54:38:492]1183476:[DBG]:CMD:[0x01]->[0x00]
[17:54:38:492]1183478:[DBG]:CMD:[0x20]->[0x00]
[17:54:38:805]1183780:[DBG]:CMD:[0x37]->[0x00]
[17:54:38:805]1183780:[DBG]:CMD:[0x01]->[0x00]
[17:54:38:805]1183780:[DBG]:CMD:[0x20]->[0x00]
[17:54:39:101]1184082:[DBG]:CMD:[0x37]->[0x00]
[17:54:39:101]1184084:[DBG]:CMD:[0x01]->[0x00]
[17:54:39:101]1184084:[DBG]:CMD:[0x20]->[0x00]
[17:54:39:414]1184386:[DBG]:CMD:[0x37]->[0x00]
[17:54:39:414]1184386:[DBG]:CMD:[0x01]->[0x00]
[17:54:39:414]1184388:[DBG]:CMD:[0x20]->[0x00]
[17:54:39:555]1184534:[DBG]:IIC:TEMP ID 0:0x00A6,0x0068,0x009A,0x0099,
[17:54:39:555]1184534:[DBG]:IIC:TEMP ID 4:0x003A,0x006B,0x0054,0x008F,
[17:54:39:711]1184690:[DBG]:CMD:[0x37]->[0x00]
[17:54:39:711]1184690:[DBG]:CMD:[0x01]->[0x00]
[17:54:39:711]1184690:[DBG]:CMD:[0x20]->[0x00]
[17:54:40:008]1184992:[DBG]:CMD:[0x37]->[0x00]
[17:54:40:008]1184994:[DBG]:CMD:[0x01]->[0x00]
[17:54:40:008]1184994:[DBG]:CMD:[0x20]->[0x00]
[17:54:40:320]1185296:[DBG]:CMD:[0x37]->[0x00]
[17:54:40:320]1185296:[DBG]:CMD:[0x01]->[0x00]
[17:54:40:320]1185298:[DBG]:CMD:[0x20]->[0x00]
[17:54:40:617]1185598:[DBG]:CMD:[0x37]->[0x00]
[17:54:40:617]1185600:[DBG]:CMD:[0x01]->[0x00]
[17:54:40:617]1185600:[DBG]:CMD:[0x20]->[0x00]
[17:54:40:929]1185902:[DBG]:CMD:[0x37]->[0x00]
[17:54:40:929]1185902:[DBG]:CMD:[0x01]->[0x00]
[17:54:40:929]1185904:[DBG]:CMD:[0x20]->[0x00]
[17:54:41:226]1186206:[DBG]:CMD:[0x37]->[0x00]
[17:54:41:226]1186206:[DBG]:CMD:[0x01]->[0x00]
[17:54:41:226]1186208:[DBG]:CMD:[0x20]->[0x00]
[17:54:41:523]1186508:[DBG]:CMD:[0x37]->[0x00]
[17:54:41:523]1186510:[DBG]:CMD:[0x01]->[0x00]
[17:54:41:523]1186510:[DBG]:CMD:[0x20]->[0x00]
[17:54:41:554]1186534:[DBG]:IIC:TEMP ID 0:0x00AD,0x0068,0x007B,0x0099,
[17:54:41:554]1186534:[DBG]:IIC:TEMP ID 4:0x0039,0x006B,0x0049,0x008F,
[17:54:41:835]1186812:[DBG]:CMD:[0x37]->[0x00]
[17:54:41:835]1186812:[DBG]:CMD:[0x01]->[0x00]
[17:54:41:835]1186814:[DBG]:CMD:[0x20]->[0x00]
[17:54:42:148]1187118:[DBG]:CMD:[0x37]->[0x00]
[17:54:42:148]1187120:[DBG]:CMD:[0x01]->[0x00]
[17:54:42:148]1187122:[DBG]:CMD:[0x20]->[0x00]
[17:54:42:445]1187422:[DBG]:CMD:[0x37]->[0x00]
[17:54:42:445]1187422:[DBG]:CMD:[0x01]->[0x00]
[17:54:42:445]1187424:[DBG]:CMD:[0x20]->[0x00]
[17:54:42:663]1187644:[DBG]:FUS:Print Continue Job Timer Out!!!!!
[17:54:42:741]1187726:[DBG]:CMD:[0x37]->[0x00]
[17:54:42:741]1187726:[DBG]:CMD:[0x01]->[0x00]
[17:54:42:741]1187728:[DBG]:CMD:[0x20]->[0x00]
[17:54:43:054]1188028:[DBG]:CMD:[0x37]->[0x00]
[17:54:43:054]1188030:[DBG]:CMD:[0x01]->[0x00]
[17:54:43:054]1188030:[DBG]:CMD:[0x20]->[0x00]
[17:54:43:351]1188332:[DBG]:CMD:[0x37]->[0x00]
[17:54:43:351]1188332:[DBG]:CMD:[0x01]->[0x00]
[17:54:43:351]1188334:[DBG]:CMD:[0x20]->[0x00]
[17:54:43:554]1188534:[DBG]:IIC:TEMP ID 0:0x00B4,0x0068,0x0096,0x0099,
[17:54:43:554]1188534:[DBG]:IIC:TEMP ID 4:0x003A,0x006B,0x0062,0x008F,
[17:54:43:647]1188636:[DBG]:CMD:[0x37]->[0x00]
[17:54:43:647]1188636:[DBG]:CMD:[0x01]->[0x00]
[17:54:43:647]1188638:[DBG]:CMD:[0x20]->[0x00]
[17:54:43:960]1188938:[DBG]:CMD:[0x37]->[0x00]
[17:54:43:960]1188940:[DBG]:CMD:[0x01]->[0x00]
[17:54:43:960]1188940:[DBG]:CMD:[0x20]->[0x00]
[17:54:44:257]1189242:[DBG]:CMD:[0x37]->[0x00]
[17:54:44:257]1189244:[DBG]:CMD:[0x01]->[0x00]
[17:54:44:257]1189244:[DBG]:CMD:[0x20]->[0x00]
[17:54:44:569]1189546:[DBG]:CMD:[0x37]->[0x00]
[17:54:44:569]1189546:[DBG]:CMD:[0x01]->[0x00]
[17:54:44:569]1189548:[DBG]:CMD:[0x20]->[0x00]
[17:54:44:866]1189850:[DBG]:CMD:[0x37]->[0x00]
[17:54:44:866]1189850:[DBG]:CMD:[0x01]->[0x00]
[17:54:44:866]1189850:[DBG]:CMD[0x20]->[0x00]
[17:54:45:178]1190152:[DBG]:CMD:[0x37]->[0x00]
[17:54:45:178]1190154:[DBG]:CMD:[0x01]->[0x00]
[17:54:45:178]1190154:[DBG]:CMD:[0x20]->[0x00]
[17:54:45:475]1190456:[DBG]:CMD:[0x37]->[0x00]
[17:54:45:475]1190456:[DBG]:CMD:[0x01]->[0x00]
[17:54:45:475]1190460:[DBG]:CMD:[0x20]->[0x00]
[17:54:45:553]1190534:[DBG]:IIC:TEMP ID 0:0x00A3,0x0068,0x00A1,0x0099,
[17:54:45:553]1190534:[DBG]:IIC:TEMP ID 4:0x003D,0x006B,0x0069,0x008F,
[17:54:45:772]1190760:[DBG]:CMD:[0x37]->[0x00]
[17:54:45:772]1190760:[DBG]:CMD:[0x01]->[0x00]
[17:54:45:772]1190762:[DBG]:CMD:[0x20]->[0x00]
[17:54:46:084]1191064:[DBG]:CMD:[0x37]->[0x00]
[17:54:46:084]1191064:[DBG]:CMD:[0x01]->[0x00]
[17:54:46:084]1191066:[DBG]:CMD:[0x20]->[0x00]
[17:54:46:381]1191368:[DBG]:CMD:[0x37]->[0x00]
[17:54:46:381]1191368:[DBG]:CMD:[0x01]->[0x00]
[17:54:46:381]1191368:[DBG]:CMD:[0x20]->[0x00]
[17:54:46:694]1191670:[DBG]:CMD:[0x37]->[0x00]
[17:54:46:694]1191672:[DBG]:CMD:[0x01]->[0x00]
[17:54:46:694]1191672:[DBG]:CMD:[0x20]->[0x00]
[17:54:46:990]1191974:[DBG]:CMD:[0x37]->[0x00]
[17:54:46:990]1191974:[DBG]:CMD:[0x01]->[0x00]
[17:54:46:990]1191976:[DBG]:CMD:[0x20]->[0x00]
[17:54:47:287]1192276:[DBG]:CMD:[0x37]->[0x00]
[17:54:47:287]1192278:[DBG]:CMD:[0x01]->[0x00]
[17:54:47:287]1192278:[DBG]:CMD:[0x20]->[0x00]
[17:54:47:553]1192534:[DBG]:IIC:TEMP ID 0:0x00A2,0x0068,0x0096,0x0099,
[17:54:47:553]1192534:[DBG]:IIC:TEMP ID 4:0x0038,0x006B,0x0066,0x008F,
[17:54:47:600]1192580:[DBG]:CMD:[0x37]->[0x00]
[17:54:47:600]1192580:[DBG]:CMD:[0x01]->[0x00]
[17:54:47:600]1192582:[DBG]:CMD:[0x20]->[0x00]
[17:54:47:896]1192884:[DBG]:CMD:[0x37]->[0x00]
[17:54:47:896]1192884:[DBG]:CMD:[0x01]->[0x00]
[17:54:47:896]1192886:[DBG]:CMD:[0x20]->[0x00]
[17:54:48:209]1193186:[DBG]:CMD:[0x37]->[0x00]
[17:54:48:209]1193188:[DBG]:CMD:[0x01]->[0x00]
[17:54:48:209]1193188:[DBG]:CMD:[0x20]->[0x00]
[17:54:48:506]1193490:[DBG]:CMD:[0x37]->[0x00]
[17:54:48:506]1193490:[DBG]:CMD:[0x01]->[0x00]
[17:54:48:506]1193492:[DBG]:CMD:[0x20]->[0x00]
[17:54:48:802]1193794:[DBG]:CMD:[0x37]->[0x00]
[17:54:48:802]1193794:[DBG]:CMD:[0x01]->[0x00]
[17:54:48:802]1193796:[DBG]:CMD:[0x20]->[0x00]
[17:54:49:115]1194098:[DBG]:CMD:[0x37]->[0x00]
[17:54:49:115]1194098:[DBG]:CMD:[0x01]->[0x00]
[17:54:49:115]1194098:[DBG]:CMD:[0x20]->[0x00]
[17:54:49:412]1194400:[DBG]:CMD:[0x37]->[0x00]
[17:54:49:412]1194402:[DBG]:CMD:[0x01]->[0x00]
[17:54:49:412]1194402:[DBG]:CMD:[0x20]->[0x00]
[17:54:49:552]1194534:[DBG]:IIC:TEMP ID 0:0x00A9,0x0068,0x0091,0x0099,
[17:54:49:552]1194534:[DBG]:IIC:TEMP ID 4:0x0039,0x006B,0x007D,0x008F,
[17:54:49:724]1194704:[DBG]:CMD:[0x37]->[0x00]
[17:54:49:724]1194704:[DBG]:CMD:[0x01]->[0x00]
[17:54:49:724]1194706:[DBG]:CMD:[0x20]->[0x00]
[17:54:50:021]1195006:[DBG]:CMD:[0x37]->[0x00]
[17:54:50:021]1195008:[DBG]:CMD:[0x01]->[0x00]
[17:54:50:021]1195008:[DBG]:CMD:[0x20]->[0x00]
[17:54:50:333]1195310:[DBG]:CMD:[0x37]->[0x00]
[17:54:50:333]1195310:[DBG]:CMD:[0x01]->[0x00]
[17:54:50:333]1195312:[DBG]:CMD:[0x20]->[0x00]
[17:54:50:630]1195614:[DBG]:CMD:[0x37]->[0x00]
[17:54:50:630]1195614:[DBG]:CMD:[0x01]->[0x00]
[17:54:50:630]1195618:[DBG]:CMD:[0x20]->[0x00]
[17:54:50:943]1195920:[DBG]:CMD:[0x37]->[0x00]
[17:54:50:943]1195922:[DBG]:CMD:[0x01]->[0x00]
[17:54:50:943]1195922:[DBG]:CMD:[0x20]->[0x00]
[17:54:51:239]1196224:[DBG]:CMD:[0x37]->[0x00]
[17:54:51:239]1196224:[DBG]:CMD:[0x01]->[0x00]
[17:54:51:239]1196226:[DBG]:CMD:[0x20]->[0x00]
[17:54:51:505]1196526:[DBG]:CMD:[0x37]->[0x00]
[17:54:51:505]1196528:[DBG]:CMD:[0x01]->[0x00]
[17:54:51:505]1196530:[DBG]:CMD:[0x20]->[0x00]
[17:54:51:552]1196534:[DBG]:IIC:TEMP ID 0:0x009C,0x0068,0x008C,0x0099,
[17:54:51:552]1196534:[DBG]:IIC:TEMP ID 4:0x0038,0x006B,0x005E,0x008F,
[17:54:51:849]1196830:[DBG]:CMD:[0x37]->[0x00]
[17:54:51:849]1196830:[DBG]:CMD:[0x01]->[0x00]
[17:54:51:849]1196832:[DBG]:CMD:[0x20]->[0x00]
[17:54:52:145]1197134:[DBG]:CMD:[0x37]->[0x00]
[17:54:52:145]1197134:[DBG]:CMD:[0x01]->[0x00]
[17:54:52:145]1197136:[DBG]:CMD:[0x20]->[0x00]
[17:54:52:442]1197438:[DBG]:CMD:[0x37]->[0x00]
[17:54:52:442]1197438:[DBG]:CMD:[0x01]->[0x00]
[17:54:52:442]1197438:[DBG]:CMD:[0x20]->[0x00]
[17:54:52:755]1197740:[DBG]:CMD:[0x37]->[0x00]
[17:54:52:755]1197740:[DBG]:CMD:[0x01]->[0x00]
[17:54:52:755]1197742:[DBG]:CMD:[0x20]->[0x00]
[17:54:53:051]1198044:[DBG]:CMD:[0x37]->[0x00]
[17:54:53:051]1198044:[DBG]:CMD:[0x01]->[0x00]
[17:54:53:051]1198046:[DBG]:CMD:[0x20]->[0x00]
[17:54:53:364]1198348:[DBG]:CMD:[0x37]->[0x00]
[17:54:53:364]1198348:[DBG]:CMD:[0x01]->[0x00]
[17:54:53:364]1198348:[DBG]:CMD:[0x20]->[0x00]
[17:54:53:551]1198534:[DBG]:IIC:TEMP ID 0:0x00A5,0x0068,0x005F,0x0099,
[17:54:53:551]1198534:[DBG]:IIC:TEMP ID 4:0x003F,0x006B,0x006D,0x008F,
[17:54:53:660]1198650:[DBG]:CMD:[0x37]->[0x00]
[17:54:53:660]1198652:[DBG]:CMD:[0x01]->[0x00]
[17:54:53:660]1198652:[DBG]:CMD:[0x20]->[0x00]
[17:54:53:958]1198954:[DBG]:CMD:[0x37]->[0x00]
[17:54:53:958]1198954:[DBG]:CMD:[0x01]->[0x00]
[17:54:53:958]1198956:[DBG]:CMD:[0x20]->[0x00]
[17:54:54:270]1199260:[DBG]:CMD:[0x37]->[0x00]
[17:54:54:270]1199260:[DBG]:CMD:[0x01]->[0x00]
[17:54:54:270]1199260:[DBG]:CMD:[0x20]->[0x00]
[17:54:54:566]1199562:[DBG]:CMD:[0x37]->[0x00]
[17:54:54:566]1199564:[DBG]:CMD:[0x01]->[0x00]
[17:54:54:566]1199564:[DBG]:CMD:[0x20]->[0x00]
[17:54:54:879]1199866:[DBG]:CMD:[0x37]->[0x00]
[17:54:54:879]1199866:[DBG]:CMD:[0x01]->[0x00]
[17:54:54:879]1199868:[DBG]:CMD:[0x20]->[0x00]
[17:54:55:176]1200168:[DBG]:CMD:[0x37]->[0x00]
[17:54:55:176]1200168:[DBG]:CMD:[0x01]->[0x00]
[17:54:55:176]1200170:[DBG]:CMD:[0x20]->[0x00]
[17:54:55:473]1200470:[DBG]:CMD:[0x37]->[0x00]
[17:54:55:473]1200472:[DBG]:CMD:[0x01]->[0x00]
[17:54:55:473]1200472:[DBG]:CMD:[0x20]->[0x00]
[17:54:55:535]1200534:[DBG]:IIC:TEMP ID 0:0x00B2,0x0068,0x004A,0x0099,
[17:54:55:535]1200534:[DBG]:IIC:TEMP ID 4:0x0040,0x006B,0x006C,0x008F,
[17:54:55:785]1200774:[DBG]:CMD:[0x37]->[0x00]
[17:54:55:785]1200774:[DBG]:CMD:[0x01]->[0x00]
[17:54:55:785]1200776:[DBG]:CMD:[0x20]->[0x00]
[17:54:56:082]1201076:[DBG]:CMD:[0x37]->[0x00]
[17:54:56:082]1201078:[DBG]:CMD:[0x01]->[0x00]
[17:54:56:082]1201078:[DBG]:CMD:[0x20]->[0x00]
[17:54:56:379]1201380:[DBG]:CMD:[0x37]->[0x00]
[17:54:56:379]1201380:[DBG]:CMD:[0x01]->[0x00]
[17:54:56:379]1201382:[DBG]:CMD:[0x20]->[0x00]
[17:54:56:691]1201682:[DBG]:CMD:[0x37]->[0x00]
[17:54:56:691]1201682:[DBG]:CMD:[0x01]->[0x00]
[17:54:56:691]1201684:[DBG]:CMD:[0x20]->[0x00]
[17:54:56:988]1201986:[DBG]:CMD:[0x37]->[0x00]
[17:54:56:988]1201986:[DBG]:CMD:[0x01]->[0x00]
[17:54:56:988]1201988:[DBG]:CMD:[0x20]->[0x00]
[17:54:57:300]1202288:[DBG]:CMD:[0x37]->[0x00]
[17:54:57:300]1202288:[DBG]:CMD:[0x01]->[0x00]
[17:54:57:300]1202290:[DBG]:CMD:[0x20]->[0x00]
[17:54:57:535]1202534:[DBG]:IIC:TEMP ID 0:0x00A3,0x0068,0x0043,0x0099,
[17:54:57:535]1202534:[DBG]:IIC:TEMP ID 4:0x0041,0x006B,0x007F,0x008F,
[17:54:57:597]1202592:[DBG]:CMD:[0x37]->[0x00]
[17:54:57:597]1202592:[DBG]:CMD:[0x01]->[0x00]
[17:54:57:597]1202594:[DBG]:CMD:[0x20]->[0x00]
[17:54:57:894]1202896:[DBG]:CMD:[0x37]->[0x00]
[17:54:57:894]1202896:[DBG]:CMD:[0x01]->[0x00]
[17:54:57:894]1202896:[DBG]:CMD:[0x20]->[0x00]
[17:54:58:207]1203198:[DBG]:CMD:[0x37]->[0x00]
[17:54:58:207]1203200:[DBG]:CMD:[0x01]->[0x00]
[17:54:58:207]1203200:[DBG]:CMD:[0x20]->[0x00]
[17:54:58:503]1203502:[DBG]:CMD:[0x37]->[0x00]
[17:54:58:503]1203502:[DBG]:CMD:[0x01]->[0x00]
[17:54:58:503]1203504:[DBG]:CMD:[0x20]->[0x00]
[17:54:58:816]1203804:[DBG]:CMD:[0x37]->[0x00]
[17:54:58:816]1203806:[DBG]:CMD:[0x01]->[0x00]
[17:54:58:816]1203806:[DBG]:CMD:[0x20]->[0x00]
[17:54:59:113]1204108:[DBG]:CMD:[0x37]->[0x00]
[17:54:59:113]1204108:[DBG]:CMD:[0x01]->[0x00]
[17:54:59:113]1204110:[DBG]:CMD:[0x20]->[0x00]
[17:54:59:425]1204410:[DBG]:CMD:[0x37]->[0x00]
[17:54:59:425]1204412:[DBG]:CMD:[0x01]->[0x00]
[17:54:59:425]1204412:[DBG]:CMD:[0x20]->[0x00]
[17:54:59:534]1204534:[DBG]:IIC:TEMP ID 0:0x0090,0x0068,0x0036,0x0099,
[17:54:59:534]1204534:[DBG]:IIC:TEMP ID 4:0x003E,0x006B,0x0082,0x008F,
[17:54:59:722]1204714:[DBG]:CMD:[0x37]->[0x00]
[17:54:59:722]1204714:[DBG]:CMD:[0x01]->[0x00]
[17:54:59:722]1204718:[DBG]:CMD:[0x20]->[0x00]
[17:55:00:019]1205020:[DBG]:CMD:[0x37]->[0x00]
[17:55:00:019]1205022:[DBG]:CMD:[0x01]->[0x00]
[17:55:00:019]1205022:[DBG]:CMD:[0x20]->[0x00]
[17:55:00:331]1205324:[DBG]:CMD:[0x37]->[0x00]
[17:55:00:331]1205324:[DBG]:CMD:[0x01]->[0x00]
[17:55:00:331]1205326:[DBG]:CMD:[0x20]->[0x00]
[17:55:00:628]1205626:[DBG]:CMD:[0x37]->[0x00]
[17:55:00:628]1205628:[DBG]:CMD:[0x01]->[0x00]
[17:55:00:628]1205628:[DBG]:CMD:[0x20]->[0x00]
[17:55:00:925]1205930:[DBG]:CMD:[0x37]->[0x00]
[17:55:00:925]1205930:[DBG]:CMD:[0x01]->[0x00]
[17:55:00:925]1205932:[DBG]:CMD:[0x20]->[0x00]
[17:55:01:237]1206234:[DBG]:CMD:[0x37]->[0x00]
[17:55:01:237]1206234:[DBG]:CMD:[0x01]->[0x00]
[17:55:01:237]1206234:[DBG]:CMD:[0x20]->[0x00]
[17:55:01:503]1206534:[DBG]:IIC:TEMP ID 0:0x0099,0x0068,0x0041,0x0099,
[17:55:01:503]1206534:[DBG]:IIC:TEMP ID 4:0x0041,0x006B,0x007B,0x008F,
[17:55:01:549]1206536:[DBG]:CMD:[0x37]->[0x00]
[17:55:01:549]1206536:[DBG]:CMD:[0x01]->[0x00]
[17:55:01:549]1206538:[DBG]:CMD:[0x20]->[0x00]
[17:55:01:846]1206840:[DBG]:CMD:[0x37]->[0x00]
[17:55:01:846]1206840:[DBG]:CMD:[0x01]->[0x00]
[17:55:01:846]1206840:[DBG]:CMD:[0x20]->[0x00]
[17:55:02:143]1207142:[DBG]:CMD:[0x37]->[0x00]
[17:55:02:143]1207142:[DBG]:CMD:[0x01]->[0x00]
[17:55:02:143]1207144:[DBG]:CMD:[0x20]->[0x00]
[17:55:02:440]1207446:[DBG]:CMD:[0x37]->[0x00]
[17:55:02:440]1207446:[DBG]:CMD:[0x01]->[0x00]
[17:55:02:440]1207446:[DBG]:CMD:[0x20]->[0x00]
[17:55:02:752]1207748:[DBG]:CMD:[0x37]->[0x00]
[17:55:02:752]1207750:[DBG]:CMD:[0x01]->[0x00]
[17:55:02:752]1207750:[DBG]:CMD:[0x20]->[0x00]
[17:55:03:049]1208052:[DBG]:CMD:[0x37]->[0x00]
[17:55:03:049]1208052:[DBG]:CMD:[0x01]->[0x00]
[17:55:03:049]1208054:[DBG]:CMD:[0x20]->[0x00]
[17:55:03:362]1208354:[DBG]:CMD:[0x37]->[0x00]
[17:55:03:362]1208354:[DBG]:CMD:[0x01]->[0x00]
[17:55:03:362]1208356:[DBG]:CMD:[0x20]->[0x00]
[17:55:03:533]1208534:[DBG]:IIC:TEMP ID 0:0x009E,0x0068,0x0036,0x0099,
[17:55:03:533]1208534:[DBG]:IIC:TEMP ID 4:0x003E,0x006B,0x007A,0x008F,
[17:55:03:658]1208656:[DBG]:CMD:[0x37]->[0x00]
[17:55:03:658]1208660:[DBG]:CMD:[0x01]->[0x00]
[17:55:03:658]1208660:[DBG]:CMD:[0x20]->[0x00]
[17:55:03:955]1208962:[DBG]:CMD:[0x37]->[0x00]
[17:55:03:955]1208962:[DBG]:CMD:[0x01]->[0x00]
[17:55:03:955]1208964:[DBG]:CMD:[0x20]->[0x00]
[17:55:04:268]1209264:[DBG]:CMD:[0x37]->[0x00]
[17:55:04:268]1209266:[DBG]:CMD:[0x01]->[0x00]
[17:55:04:268]1209266:[DBG]:CMD:[0x20]->[0x00]
[17:55:04:564]1209568:[DBG]:CMD:[0x37]->[0x00]
[17:55:04:564]1209568:[DBG]:CMD:[0x01]->[0x00]
[17:55:04:564]1209570:[DBG]:CMD:[0x20]->[0x00]
[17:55:04:861]1209870:[DBG]:CMD:[0x37]->[0x00]
[17:55:04:861]1209872:[DBG]:CMD:[0x01]->[0x00]
[17:55:04:861]1209872:[DBG]:CMD:[0x20]->[0x00]
[17:55:05:174]1210174:[DBG]:CMD:[0x37]->[0x00]
[17:55:05:174]1210174:[DBG]:CMD:[0x01]->[0x00]
[17:55:05:174]1210176:[DBG]:CMD:[0x20]->[0x00]
[17:55:05:470]1210476:[DBG]:CMD:[0x37]->[0x00]
[17:55:05:470]1210478:[DBG]:CMD:[0x01]->[0x00]
[17:55:05:470]1210478:[DBG]:CMD:[0x20]->[0x00]
[17:55:05:533]1210534:[DBG]:IIC:TEMP ID 0:0x00B1,0x0068,0x003B,0x0099,
[17:55:05:533]1210534:[DBG]:IIC:TEMP ID 4:0x0043,0x006B,0x0077,0x008F,
[17:55:05:782]1210780:[DBG]:CMD:[0x37]->[0x00]
[17:55:05:782]1210780:[DBG]:CMD:[0x01]->[0x00]
[17:55:05:782]1210782:[DBG]:CMD:[0x20]->[0x00]
[17:55:06:080]1211082:[DBG]:CMD:[0x37]->[0x00]
[17:55:06:080]1211084:[DBG]:CMD:[0x01]->[0x00]
[17:55:06:080]1211084:[DBG]:CMD:[0x20]->[0x00]
[17:55:06:376]1211386:[DBG]:CMD:[0x37]->[0x00]
[17:55:06:376]1211386:[DBG]:CMD:[0x01]->[0x00]
[17:55:06:376]1211388:[DBG]:CMD:[0x20]->[0x00]
[17:55:06:689]1211688:[DBG]:CMD:[0x37]->[0x00]
[17:55:06:689]1211688:[DBG]:CMD:[0x01]->[0x00]
[17:55:06:689]1211690:[DBG]:CMD:[0x20]->[0x00]
[17:55:06:986]1211992:[DBG]:CMD:[0x37]->[0x00]
[17:55:06:986]1211992:[DBG]:CMD:[0x01]->[0x00]
[17:55:06:986]1211992:[DBG]:CMD:[0x20]->[0x00]
[17:55:07:282]1212294:[DBG]:CMD:[0x37]->[0x00]
[17:55:07:282]1212294:[DBG]:CMD:[0x01]->[0x00]
[17:55:07:282]1212296:[DBG]:CMD:[0x20]->[0x00]
[17:55:07:532]1212534:[DBG]:IIC:TEMP ID 0:0x00A0,0x0068,0x002C,0x0099,
[17:55:07:532]1212534:[DBG]:IIC:TEMP ID 4:0x0040,0x006B,0x0074,0x008F,
[17:55:07:595]1212596:[DBG]:CMD:[0x37]->[0x00]
[17:55:07:595]1212598:[DBG]:CMD:[0x01]->[0x00]
[17:55:07:595]1212598:[DBG]:CMD:[0x20]->[0x00]
[17:55:07:892]1212900:[DBG]:CMD:[0x37]->[0x00]
[17:55:07:892]1212900:[DBG]:CMD:[0x01]->[0x00]
[17:55:07:892]1212902:[DBG]:CMD:[0x20]->[0x00]
[17:55:08:204]1213202:[DBG]:CMD:[0x37]->[0x00]
[17:55:08:204]1213204:[DBG]:CMD:[0x01]->[0x00]
[17:55:08:204]1213204:[DBG]:CMD:[0x20]->[0x00]
[17:55:08:501]1213506:[DBG]:CMD:[0x37]->[0x00]
[17:55:08:501]1213506:[DBG]:CMD:[0x01]->[0x00]
[17:55:08:501]1213508:[DBG]:CMD:[0x20]->[0x00]
[17:55:08:813]1213810:[DBG]:CMD:[0x37]->[0x00]
[17:55:08:813]1213810:[DBG]:CMD:[0x01]->[0x00]
[17:55:08:813]1213810:[DBG]:CMD:[0x20]->[0x00]
[17:55:09:110]1214112:[DBG]:CMD:[0x37]->[0x00]
[17:55:09:110]1214114:[DBG]:CMD:[0x01]->[0x00]
[17:55:09:110]1214114:[DBG]:CMD:[0x20]->[0x00]
[17:55:09:423]1214418:[DBG]:CMD:[0x37]->[0x00]
[17:55:09:423]1214420:[DBG]:CMD:[0x01]->[0x00]
[17:55:09:423]1214422:[DBG]:CMD:[0x20]->[0x00]
[17:55:09:532]1214534:[DBG]:IIC:TEMP ID 0:0x009B,0x0068,0x0029,0x0099,
[17:55:09:532]1214534:[DBG]:IIC:TEMP ID 4:0x0043,0x006B,0x0073,0x008F,
[17:55:09:719]1214722:[DBG]:CMD:[0x37]->[0x00]
[17:55:09:719]1214722:[DBG]:CMD:[0x01]->[0x00]
[17:55:09:719]1214724:[DBG]:CMD:[0x20]->[0x00]
[17:55:10:016]1215026:[DBG]:CMD:[0x37]->[0x00]
[17:55:10:016]1215026:[DBG]:CMD:[0x01]->[0x00]
[17:55:10:016]1215028:[DBG]:CMD:[0x20]->[0x00]
[17:55:10:329]1215328:[DBG]:CMD:[0x37]->[0x00]
[17:55:10:329]1215330:[DBG]:CMD:[0x01]->[0x00]
[17:55:10:329]1215330:[DBG]:CMD:[0x20]->[0x00]
[17:55:10:625]1215632:[DBG]:CMD:[0x37]->[0x00]
[17:55:10:625]1215632:[DBG]:CMD:[0x01]->[0x00]
[17:55:10:625]1215634:[DBG]:CMD:[0x20]->[0x00]
[17:55:10:922]1215936:[DBG]:CMD:[0x37]->[0x00]
[17:55:10:922]1215936:[DBG]:CMD:[0x01]->[0x00]
[17:55:10:922]1215936:[DBG]:CMD:[0x20]->[0x00]
[17:55:11:234]1216238:[DBG]:CMD:[0x37]->[0x00]
[17:55:11:234]1216240:[DBG]:CMD:[0x01]->[0x00]
[17:55:11:234]1216240:[DBG]:CMD:[0x20]->[0x00]
[17:55:11:500]1216534:[DBG]:IIC:TEMP ID 0:0x00A0,0x0068,0x001E,0x0099,
[17:55:11:500]1216534:[DBG]:IIC:TEMP ID 4:0x0042,0x006B,0x0056,0x008F,
[17:55:11:531]1216542:[DBG]:CMD:[0x37]->[0x00]
[17:55:11:531]1216542:[DBG]:CMD:[0x01]->[0x00]
[17:55:11:531]1216544:[DBG]:CMD:[0x20]->[0x00]
[17:55:11:828]1216844:[DBG]:CMD:[0x37]->[0x00]
[17:55:11:828]1216846:[DBG]:CMD:[0x01]->[0x00]
[17:55:11:828]1216846:[DBG]:CMD:[0x20]->[0x00]
[17:55:12:141]1217148:[DBG]:CMD:[0x37]->[0x00]
[17:55:12:141]1217148:[DBG]:CMD:[0x01]->[0x00]
[17:55:12:141]1217150:[DBG]:CMD:[0x20]->[0x00]
[17:55:12:438]1217450:[DBG]:CMD:[0x37]->[0x00]
[17:55:12:438]1217452:[DBG]:CMD:[0x01]->[0x00]
[17:55:12:438]1217452:[DBG]:CMD:[0x20]->[0x00]
[17:55:12:750]1217754:[DBG]:CMD:[0x37]->[0x00]
[17:55:12:750]1217754:[DBG]:CMD:[0x01]->[0x00]
[17:55:12:750]1217756:[DBG]:CMD:[0x20]->[0x00]
[17:55:13:046]1218060:[DBG]:CMD:[0x37]->[0x00]
[17:55:13:046]1218060:[DBG]:CMD:[0x01]->[0x00]
[17:55:13:046]1218062:[DBG]:CMD:[0x20]->[0x00]
[17:55:13:359]1218362:[DBG]:CMD:[0x37]->[0x00]
[17:55:13:359]1218364:[DBG]:CMD:[0x01]->[0x00]
[17:55:13:359]1218364:[DBG]:CMD:[0x20]->[0x00]
[17:55:13:531]1218534:[DBG]:IIC:TEMP ID 0:0x00A3,0x0068,0x0023,0x0099,
[17:55:13:531]1218534:[DBG]:IIC:TEMP ID 4:0x0041,0x006B,0x0065,0x008F,
[17:55:13:656]1218666:[DBG]:CMD:[0x37]->[0x00]
[17:55:13:656]1218666:[DBG]:CMD:[0x01]->[0x00]
[17:55:13:656]1218668:[DBG]:CMD:[0x20]->[0x00]
[17:55:13:953]1218968:[DBG]:CMD:[0x37]->[0x00]
[17:55:13:953]1218970:[DBG]:CMD:[0x01]->[0x00]
[17:55:13:953]1218970:[DBG]:CMD:[0x20]->[0x00]
[17:55:14:265]1219272:[DBG]:CMD:[0x37]->[0x00]
[17:55:14:265]1219272:[DBG]:CMD:[0x01]->[0x00]
[17:55:14:265]1219274:[DBG]:CMD:[0x20]->[0x00]
[17:55:14:562]1219574:[DBG]:CMD:[0x37]->[0x00]
[17:55:14:562]1219574:[DBG]:CMD:[0x01]->[0x00]
[17:55:14:562]1219576:[DBG]:CMD:[0x20]->[0x00]
[17:55:14:859]1219876:[DBG]:CMD:[0x37]->[0x00]
[17:55:14:859]1219878:[DBG]:CMD:[0x01]->[0x00]
[17:55:14:859]1219878:[DBG]:CMD:[0x20]->[0x00]
[17:55:15:171]1220180:[DBG]:CMD:[0x37]->[0x00]
[17:55:15:171]1220180:[DBG]:CMD:[0x01]->[0x00]
[17:55:15:171]1220182:[DBG]:CMD:[0x20]->[0x00]
[17:55:15:468]1220484:[DBG]:CMD:[0x37]->[0x00]
[17:55:15:468]1220484:[DBG]:CMD:[0x01]->[0x00]
[17:55:15:468]1220486:[DBG]:CMD:[0x20]->[0x00]
[17:55:15:515]1220534:[DBG]:IIC:TEMP ID 0:0x00B0,0x0068,0x00FE,0x0098,
[17:55:15:515]1220534:[DBG]:IIC:TEMP ID 4:0x0040,0x006B,0x0064,0x008F,
[17:55:15:780]1220788:[DBG]:CMD:[0x37]->[0x00]
[17:55:15:780]1220788:[DBG]:CMD:[0x01]->[0x00]
[17:55:15:780]1220788:[DBG]:CMD:[0x20]->[0x00]
[17:55:16:077]1221090:[DBG]:CMD:[0x37]->[0x00]
[17:55:16:077]1221090:[DBG]:CMD:[0x01]->[0x00]
[17:55:16:077]1221092:[DBG]:CMD:[0x20]->[0x00]
[17:55:16:374]1221394:[DBG]:CMD:[0x37]->[0x00]
[17:55:16:374]1221394:[DBG]:CMD:[0x01]->[0x00]
[17:55:16:374]1221394:[DBG]:CMD:[0x20]->[0x00]
[17:55:16:686]1221696:[DBG]:CMD:[0x37]->[0x00]
[17:55:16:686]1221696:[DBG]:CMD:[0x01]->[0x00]
[17:55:16:686]1221698:[DBG]:CMD:[0x20]->[0x00]
[17:55:16:983]1221998:[DBG]:CMD:[0x37]->[0x00]
[17:55:16:983]1222000:[DBG]:CMD:[0x01]->[0x00]
[17:55:16:983]1222000:[DBG]:CMD:[0x20]->[0x00]
[17:55:17:280]1222302:[DBG]:CMD:[0x37]->[0x00]
[17:55:17:280]1222302:[DBG]:CMD:[0x01]->[0x00]
[17:55:17:280]1222304:[DBG]:CMD:[0x20]->[0x00]
[17:55:17:514]1222534:[DBG]:IIC:TEMP ID 0:0x00AB,0x0068,0x00FF,0x0098,
[17:55:17:514]1222534:[DBG]:IIC:TEMP ID 4:0x003D,0x006B,0x0083,0x008F,
[17:55:17:593]1222604:[DBG]:CMD:[0x37]->[0x00]
[17:55:17:593]1222606:[DBG]:CMD:[0x01]->[0x00]
[17:55:17:593]1222606:[DBG]:CMD:[0x20]->[0x00]
[17:55:17:905]1222908:[DBG]:CMD:[0x37]->[0x00]
[17:55:17:905]1222908:[DBG]:CMD:[0x01]->[0x00]
[17:55:17:905]1222910:[DBG]:CMD:[0x20]->[0x00]
[17:55:18:202]1223212:[DBG]:CMD:[0x37]->[0x00]
[17:55:18:202]1223212:[DBG]:CMD:[0x01]->[0x00]
[17:55:18:202]1223214:[DBG]:CMD:[0x20]->[0x00]
[17:55:18:499]1223514:[DBG]:CMD:[0x37]->[0x00]
[17:55:18:499]1223514:[DBG]:CMD:[0x01]->[0x00]
[17:55:18:499]1223518:[DBG]:CMD:[0x20]->[0x00]
[17:55:18:811]1223820:[DBG]:CMD:[0x37]->[0x00]
[17:55:18:811]1223822:[DBG]:CMD:[0x01]->[0x00]
[17:55:18:811]1223822:[DBG]:CMD:[0x20]->[0x00]
[17:55:19:108]1224124:[DBG]:CMD:[0x37]->[0x00]
[17:55:19:108]1224124:[DBG]:CMD:[0x01]->[0x00]
[17:55:19:108]1224126:[DBG]:CMD:[0x20]->[0x00]
[17:55:19:405]1224426:[DBG]:CMD:[0x37]->[0x00]
[17:55:19:405]1224426:[DBG]:CMD:[0x01]->[0x00]
[17:55:19:405]1224428:[DBG]:CMD:[0x20]->[0x00]
[17:55:19:514]1224534:[DBG]:IIC:TEMP ID 0:0x00B2,0x0068,0x00FE,0x0098,
[17:55:19:514]1224534:[DBG]:IIC:TEMP ID 4:0x0044,0x006B,0x0066,0x008F,
[17:55:19:717]1224728:[DBG]:CMD:[0x37]->[0x00]
[17:55:19:717]1224730:[DBG]:CMD:[0x01]->[0x00]
[17:55:19:717]1224730:[DBG]:CMD:[0x20]->[0x00]
[17:55:20:014]1225032:[DBG]:CMD:[0x37]->[0x00]
[17:55:20:014]1225032:[DBG]:CMD:[0x01]->[0x00]
[17:55:20:014]1225034:[DBG]:CMD:[0x20]->[0x00]
[17:55:20:311]1225334:[DBG]:CMD:[0x37]->[0x00]
[17:55:20:311]1225336:[DBG]:CMD:[0x01]->[0x00]
[17:55:20:311]1225336:[DBG]:CMD:[0x20]->[0x00]
[17:55:20:623]1225638:[DBG]:CMD:[0x37]->[0x00]
[17:55:20:623]1225638:[DBG]:CMD:[0x01]->[0x00]
[17:55:20:623]1225640:[DBG]:CMD:[0x20]->[0x00]
[17:55:20:920]1225942:[DBG]:CMD:[0x37]->[0x00]
[17:55:20:920]1225942:[DBG]:CMD:[0x01]->[0x00]
[17:55:20:920]1225944:[DBG]:CMD:[0x20]->[0x00]
[17:55:21:232]1226244:[DBG]:CMD:[0x37]->[0x00]
[17:55:21:232]1226244:[DBG]:CMD:[0x01]->[0x00]
[17:55:21:232]1226246:[DBG]:CMD:[0x20]->[0x00]
[17:55:21:482]1226534:[DBG]:IIC:TEMP ID 0:0x009B,0x0068,0x00EF,0x0098,
[17:55:21:482]1226534:[DBG]:IIC:TEMP ID 4:0x0045,0x006B,0x0057,0x008F,
[17:55:21:529]1226546:[DBG]:CMD:[0x37]->[0x00]
[17:55:21:529]1226548:[DBG]:CMD:[0x01]->[0x00]
[17:55:21:529]1226548:[DBG]:CMD:[0x20]->[0x00]
[17:55:21:826]1226850:[DBG]:CMD:[0x37]->[0x00]
[17:55:21:826]1226852:[DBG]:CMD:[0x01]->[0x00]
[17:55:21:826]1226852:[DBG]:CMD:[0x20]->[0x00]
[17:55:22:138]1227154:[DBG]:CMD:[0x37]->[0x00]
[17:55:22:138]1227154:[DBG]:CMD:[0x01]->[0x00]
[17:55:22:138]1227156:[DBG]:CMD:[0x20]->[0x00]
[17:55:22:435]1227456:[DBG]:CMD:[0x37]->[0x00]
[17:55:22:435]1227460:[DBG]:CMD:[0x01]->[0x00]
[17:55:22:435]1227460:[DBG]:CMD:[0x20]->[0x00]
[17:55:22:748]1227762:[DBG]:CMD:[0x37]->[0x00]
[17:55:22:748]1227762:[DBG]:CMD:[0x01]->[0x00]
[17:55:22:748]1227764:[DBG]:CMD:[0x20]->[0x00]
[17:55:23:044]1228064:[DBG]:CMD:[0x37]->[0x00]
[17:55:23:044]1228066:[DBG]:CMD:[0x01]->[0x00]
[17:55:23:044]1228066:[DBG]:CMD:[0x20]->[0x00]
[17:55:23:341]1228368:[DBG]:CMD:[0x37]->[0x00]
[17:55:23:341]1228368:[DBG]:CMD:[0x01]->[0x00]
[17:55:23:341]1228370:[DBG]:CMD:[0x20]->[0x00]
[17:55:23:513]1228534:[DBG]:IIC:TEMP ID 0:0x00B8,0x0068,0x00EA,0x0098,
[17:55:23:513]1228534:[DBG]:IIC:TEMP ID 4:0x0046,0x006B,0x0064,0x008F,
[17:55:23:653]1228670:[DBG]:CMD:[0x37]->[0x00]
[17:55:23:653]1228672:[DBG]:CMD:[0x01]->[0x00]
[17:55:23:653]1228672:[DBG]:CMD:[0x20]->[0x00]
[17:55:23:950]1228974:[DBG]:CMD:[0x37]->[0x00]
[17:55:23:950]1228974:[DBG]:CMD:[0x01]->[0x00]
[17:55:23:950]1228976:[DBG]:CMD:[0x20]->[0x00]
[17:55:24:263]1229276:[DBG]:CMD:[0x37]->[0x00]
[17:55:24:263]1229278:[DBG]:CMD:[0x01]->[0x00]
[17:55:24:263]1229278:[DBG]:CMD:[0x20]->[0x00]
[17:55:24:560]1229580:[DBG]:CMD:[0x37]->[0x00]
[17:55:24:560]1229580:[DBG]:CMD:[0x01]->[0x00]
[17:55:24:560]1229582:[DBG]:CMD:[0x20]->[0x00]
[17:55:24:856]1229884:[DBG]:CMD:[0x37]->[0x00]
[17:55:24:856]1229884:[DBG]:CMD:[0x01]->[0x00]
[17:55:24:856]1229884:[DBG]:CMD:[0x20]->[0x00]
[17:55:25:169]1230186:[DBG]:CMD:[0x37]->[0x00]
[17:55:25:169]1230186:[DBG]:CMD:[0x01]->[0x00]
[17:55:25:169]1230188:[DBG]:CMD:[0x20]->[0x00]
[17:55:25:466]1230488:[DBG]:CMD:[0x37]->[0x00]
[17:55:25:466]1230490:[DBG]:CMD:[0x01]->[0x00]
[17:55:25:466]1230490:[DBG]:CMD:[0x20]->[0x00]
[17:55:25:512]1230534:[DBG]:IIC:TEMP ID 0:0x0097,0x0068,0x00F1,0x0098,
[17:55:25:512]1230534:[DBG]:IIC:TEMP ID 4:0x0041,0x006B,0x0061,0x008F,
[17:55:25:762]1230792:[DBG]:CMD:[0x37]->[0x00]
[17:55:25:762]1230792:[DBG]:CMD:[0x01]->[0x00]
[17:55:25:762]1230794:[DBG]:CMD:[0x20]->[0x00]
[17:55:26:075]1231094:[DBG]:CMD:[0x37]->[0x00]
[17:55:26:075]1231096:[DBG]:CMD:[0x01]->[0x00]
[17:55:26:075]1231096:[DBG]:CMD:[0x20]->[0x00]
[17:55:26:372]1231398:[DBG]:CMD:[0x37]->[0x00]
[17:55:26:372]1231398:[DBG]:CMD:[0x01]->[0x00]
[17:55:26:372]1231400:[DBG]:CMD:[0x20]->[0x00]
[17:55:26:684]1231702:[DBG]:CMD:[0x37]->[0x00]
[17:55:26:684]1231702:[DBG]:CMD:[0x01]->[0x00]
[17:55:26:684]1231702:[DBG]:CMD:[0x20]->[0x00]
[17:55:26:981]1232004:[DBG]:CMD:[0x37]->[0x00]
[17:55:26:981]1232004:[DBG]:CMD:[0x01]->[0x00]
[17:55:26:981]1232006:[DBG]:CMD:[0x20]->[0x00]
[17:55:27:293]1232306:[DBG]:CMD:[0x37]->[0x00]
[17:55:27:293]1232308:[DBG]:CMD:[0x01]->[0x00]
[17:55:27:293]1232308:[DBG]:CMD:[0x20]->[0x00]
[17:55:27:512]1232534:[DBG]:IIC:TEMP ID 0:0x009C,0x0068,0x00F4,0x0098,
[17:55:27:512]1232534:[DBG]:IIC:TEMP ID 4:0x0044,0x006B,0x0068,0x008F,
[17:55:27:590]1232610:[DBG]:CMD:[0x37]->[0x00]
[17:55:27:590]1232610:[DBG]:CMD:[0x01]->[0x00]
[17:55:27:590]1232612:[DBG]:CMD:[0x20]->[0x00]
[17:55:27:903]1232914:[DBG]:CMD:[0x37]->[0x00]
[17:55:27:903]1232914:[DBG]:CMD:[0x01]->[0x00]
[17:55:27:903]1232914:[DBG]:CMD:[0x20]->[0x00]
[17:55:28:199]1233218:[DBG]:CMD:[0x37]->[0x00]
[17:55:28:199]1233220:[DBG]:CMD:[0x01]->[0x00]
[17:55:28:199]1233222:[DBG]:CMD:[0x20]->[0x00]
[17:55:28:496]1233522:[DBG]:CMD:[0x37]->[0x00]
[17:55:28:496]1233522:[DBG]:CMD:[0x01]->[0x00]
[17:55:28:496]1233524:[DBG]:CMD:[0x20]->[0x00]
[17:55:28:793]1233826:[DBG]:CMD:[0x37]->[0x00]
[17:55:28:793]1233826:[DBG]:CMD:[0x01]->[0x00]
[17:55:28:793]1233828:[DBG]:CMD:[0x20]->[0x00]
[17:55:29:105]1234128:[DBG]:CMD:[0x37]->[0x00]
[17:55:29:105]1234130:[DBG]:CMD:[0x01]->[0x00]
[17:55:29:105]1234130:[DBG]:CMD:[0x20]->[0x00]
[17:55:29:402]1234432:[DBG]:CMD:[0x37]->[0x00]
[17:55:29:402]1234432:[DBG]:CMD:[0x01]->[0x00]
[17:55:29:402]1234434:[DBG]:CMD:[0x20]->[0x00]
[17:55:29:512]1234534:[DBG]:IIC:TEMP ID 0:0x00AF,0x0068,0x00E1,0x0098,
[17:55:29:512]1234534:[DBG]:IIC:TEMP ID 4:0x0043,0x006B,0x0065,0x008F,
[17:55:29:715]1234734:[DBG]:CMD:[0x37]->[0x00]
[17:55:29:715]1234736:[DBG]:CMD:[0x01]->[0x00]
[17:55:29:715]1234736:[DBG]:CMD:[0x20]->[0x00]
[17:55:30:012]1235038:[DBG]:CMD:[0x37]->[0x00]
[17:55:30:012]1235038:[DBG]:CMD:[0x01]->[0x00]
[17:55:30:012]1235040:[DBG]:CMD:[0x20]->[0x00]
[17:55:30:308]1235340:[DBG]:CMD:[0x37]->[0x00]
[17:55:30:308]1235342:[DBG]:CMD:[0x01]->[0x00]
[17:55:30:308]1235342:[DBG]:CMD:[0x20]->[0x00]
[17:55:30:621]1235644:[DBG]:CMD:[0x37]->[0x00]
[17:55:30:621]1235644:[DBG]:CMD:[0x01]->[0x00]
[17:55:30:621]1235646:[DBG]:CMD:[0x20]->[0x00]
[17:55:30:917]1235946:[DBG]:CMD:[0x37]->[0x00]
[17:55:30:917]1235948:[DBG]:CMD:[0x01]->[0x00]
[17:55:30:917]1235948:[DBG]:CMD:[0x20]->[0x00]
[17:55:31:230]1236250:[DBG]:CMD:[0x37]->[0x00]
[17:55:31:230]1236250:[DBG]:CMD:[0x01]->[0x00]
[17:55:31:230]1236252:[DBG]:CMD:[0x20]->[0x00]
[17:55:31:480]1236534:[DBG]:IIC:TEMP ID 0:0x00B8,0x0068,0x00DA,0x0098,
[17:55:31:480]1236534:[DBG]:IIC:TEMP ID 4:0x004A,0x006B,0x0058,0x008F,
[17:55:31:527]1236554:[DBG]:CMD:[0x37]->[0x00]
[17:55:31:527]1236554:[DBG]:CMD:[0x01]->[0x00]
[17:55:31:527]1236554:[DBG]:CMD:[0x20]->[0x00]
[17:55:31:824]1236856:[DBG]:CMD:[0x37]->[0x00]
[17:55:31:824]1236856:[DBG]:CMD:[0x01]->[0x00]
[17:55:31:824]1236860:[DBG]:CMD:[0x20]->[0x00]
[17:55:32:136]1237160:[DBG]:CMD:[0x37]->[0x00]
[17:55:32:136]1237160:[DBG]:CMD:[0x01]->[0x00]
[17:55:32:136]1237162:[DBG]:CMD:[0x20]->[0x00]
[17:55:32:433]1237464:[DBG]:CMD:[0x37]->[0x00]
[17:55:32:433]1237464:[DBG]:CMD:[0x01]->[0x00]
[17:55:32:433]1237464:[DBG]:CMD:[0x20]->[0x00]
[17:55:32:730]1237766:[DBG]:CMD:[0x37]->[0x00]
[17:55:32:730]1237766:[DBG]:CMD:[0x01]->[0x00]
[17:55:32:730]1237768:[DBG]:CMD:[0x20]->[0x00]
[17:55:33:042]1238068:[DBG]:CMD:[0x37]->[0x00]
[17:55:33:042]1238070:[DBG]:CMD:[0x01]->[0x00]
[17:55:33:042]1238070:[DBG]:CMD:[0x20]->[0x00]
[17:55:33:339]1238372:[DBG]:CMD:[0x37]->[0x00]
[17:55:33:339]1238372:[DBG]:CMD:[0x01]->[0x00]
[17:55:33:339]1238374:[DBG]:CMD:[0x20]->[0x00]
[17:55:33:511]1238534:[DBG]:IIC:TEMP ID 0:0x00A3,0x0068,0x00EF,0x0098,
[17:55:33:511]1238534:[DBG]:IIC:TEMP ID 4:0x0045,0x006B,0x0057,0x008F,
[17:55:33:651]1238674:[DBG]:CMD:[0x37]->[0x00]
[17:55:33:651]1238676:[DBG]:CMD:[0x01]->[0x00]
[17:55:33:651]1238676:[DBG]:CMD:[0x20]->[0x00]
[17:55:33:948]1238978:[DBG]:CMD:[0x37]->[0x00]
[17:55:33:948]1238978:[DBG]:CMD:[0x01]->[0x00]
[17:55:33:948]1238980:[DBG]:CMD:[0x20]->[0x00]
[17:55:34:245]1239280:[DBG]:CMD:[0x37]->[0x00]
[17:55:34:245]1239280:[DBG]:CMD:[0x01]->[0x00]
[17:55:34:245]1239282:[DBG]:CMD:[0x20]->[0x00]
[17:55:34:557]1239582:[DBG]:CMD:[0x37]->[0x00]
[17:55:34:557]1239584:[DBG]:CMD:[0x01]->[0x00]
[17:55:34:557]1239584:[DBG]:CMD:[0x20]->[0x00]
[17:55:34:854]1239886:[DBG]:CMD:[0x37]->[0x00]
[17:55:34:854]1239886:[DBG]:CMD:[0x01]->[0x00]
[17:55:34:854]1239888:[DBG]:CMD:[0x20]->[0x00]
[17:55:35:151]1240188:[DBG]:CMD:[0x37]->[0x00]
[17:55:35:151]1240190:[DBG]:CMD:[0x01]->[0x00]
[17:55:35:151]1240190:[DBG]:CMD:[0x20]->[0x00]
[17:55:35:463]1240492:[DBG]:CMD:[0x37]->[0x00]
[17:55:35:463]1240492:[DBG]:CMD:[0x01]->[0x00]
[17:55:35:463]1240494:[DBG]:CMD:[0x20]->[0x00]
[17:55:35:495]1240534:[DBG]:IIC:TEMP ID 0:0x00AA,0x0068,0x00E0,0x0098,
[17:55:35:495]1240534:[DBG]:IIC:TEMP ID 4:0x0044,0x006B,0x005C,0x008F,
[17:55:35:760]1240794:[DBG]:CMD:[0x37]->[0x00]
[17:55:35:760]1240796:[DBG]:CMD:[0x01]->[0x00]
[17:55:35:760]1240796:[DBG]:CMD:[0x20]->[0x00]
[17:55:36:056]1241098:[DBG]:CMD:[0x37]->[0x00]
[17:55:36:056]1241098:[DBG]:CMD:[0x01]->[0x00]
[17:55:36:056]1241100:[DBG]:CMD:[0x20]->[0x00]
[17:55:36:369]1241402:[DBG]:CMD:[0x37]->[0x00]
[17:55:36:369]1241402:[DBG]:CMD:[0x01]->[0x00]
[17:55:36:369]1241404:[DBG]:CMD:[0x20]->[0x00]
[17:55:36:666]1241704:[DBG]:CMD:[0x37]->[0x00]
[17:55:36:666]1241704:[DBG]:CMD:[0x01]->[0x00]
[17:55:36:666]1241706:[DBG]:CMD:[0x20]->[0x00]
[17:55:36:978]1242008:[DBG]:CMD:[0x37]->[0x00]
[17:55:36:978]1242008:[DBG]:CMD:[0x01]->[0x00]
[17:55:36:978]1242008:[DBG]:CMD:[0x20]->[0x00]
[17:55:37:275]1242310:[DBG]:CMD:[0x37]->[0x00]
[17:55:37:275]1242310:[DBG]:CMD:[0x01]->[0x00]
[17:55:37:275]1242312:[DBG]:CMD:[0x20]->[0x00]
[17:55:37:494]1242534:[DBG]:IIC:TEMP ID 0:0x00A7,0x0068,0x00EF,0x0098,
[17:55:37:494]1242534:[DBG]:IIC:TEMP ID 4:0x0047,0x006B,0x0051,0x008F,
[17:55:37:588]1242614:[DBG]:CMD:[0x37]->[0x00]
[17:55:37:588]1242614:[DBG]:CMD:[0x01]->[0x00]
[17:55:37:588]1242614:[DBG]:CMD:[0x20]->[0x00]
[17:55:37:884]1242918:[DBG]:CMD:[0x37]->[0x00]
[17:55:37:884]1242920:[DBG]:CMD:[0x01]->[0x00]
[17:55:37:884]1242922:[DBG]:CMD:[0x20]->[0x00]
[17:55:38:181]1243222:[DBG]:CMD:[0x37]->[0x00]
[17:55:38:181]1243224:[DBG]:CMD:[0x01]->[0x00]
[17:55:38:181]1243224:[DBG]:CMD:[0x20]->[0x00]
[17:55:38:494]1243526:[DBG]:CMD:[0x37]->[0x00]
[17:55:38:494]1243526:[DBG]:CMD:[0x01]->[0x00]
[17:55:38:494]1243528:[DBG]:CMD:[0x20]->[0x00]
[17:55:38:791]1243828:[DBG]:CMD:[0x37]->[0x00]
[17:55:38:791]1243830:[DBG]:CMD:[0x01]->[0x00]
[17:55:38:791]1243830:[DBG]:CMD:[0x20]->[0x00]
[17:55:39:103]1244132:[DBG]:CMD:[0x37]->[0x00]
[17:55:39:103]1244132:[DBG]:CMD:[0x01]->[0x00]
[17:55:39:103]1244134:[DBG]:CMD:[0x20]->[0x00]
[17:55:39:400]1244436:[DBG]:CMD:[0x37]->[0x00]
[17:55:39:400]1244436:[DBG]:CMD:[0x01]->[0x00]
[17:55:39:400]1244438:[DBG]:CMD:[0x20]->[0x00]
[17:55:39:493]1244534:[DBG]:IIC:TEMP ID 0:0x00B0,0x0068,0x00DC,0x0098,
[17:55:39:493]1244534:[DBG]:IIC:TEMP ID 4:0x0042,0x006B,0x0058,0x008F,
[17:55:39:697]1244740:[DBG]:CMD:[0x37]->[0x00]
[17:55:39:697]1244740:[DBG]:CMD:[0x01]->[0x00]
[17:55:39:697]1244740:[DBG]:CMD:[0x20]->[0x00]
[17:55:40:009]1245042:[DBG]:CMD:[0x37]->[0x00]
[17:55:40:009]1245042:[DBG]:CMD:[0x01]->[0x00]
[17:55:40:009]1245044:[DBG]:CMD:[0x20]->[0x00]
[17:55:40:306]1245344:[DBG]:CMD:[0x37]->[0x00]
[17:55:40:306]1245346:[DBG]:CMD:[0x01]->[0x00]
[17:55:40:306]1245346:[DBG]:CMD:[0x20]->[0x00]
[17:55:40:618]1245648:[DBG]:CMD:[0x37]->[0x00]
[17:55:40:618]1245648:[DBG]:CMD:[0x01]->[0x00]
[17:55:40:618]1245650:[DBG]:CMD:[0x20]->[0x00]
[17:55:40:915]1245952:[DBG]:CMD:[0x37]->[0x00]
[17:55:40:915]1245952:[DBG]:CMD:[0x01]->[0x00]
[17:55:40:915]1245954:[DBG]:CMD:[0x20]->[0x00]
[17:55:41:212]1246254:[DBG]:CMD:[0x37]->[0x00]
[17:55:41:212]1246256:[DBG]:CMD:[0x01]->[0x00]
[17:55:41:212]1246256:[DBG]:CMD:[0x20]->[0x00]
[17:55:41:477]1246534:[DBG]:IIC:TEMP ID 0:0x009F,0x0068,0x00E7,0x0098,
[17:55:41:477]1246534:[DBG]:IIC:TEMP ID 4:0x0045,0x006B,0x004D,0x008F,
[17:55:41:524]1246560:[DBG]:CMD:[0x37]->[0x00]
[17:55:41:524]1246560:[DBG]:CMD:[0x01]->[0x00]
[17:55:41:524]1246562:[DBG]:CMD:[0x20]->[0x00]
[17:55:41:821]1246862:[DBG]:CMD:[0x37]->[0x00]
[17:55:41:821]1246864:[DBG]:CMD:[0x01]->[0x00]
[17:55:41:821]1246864:[DBG]:CMD:[0x20]->[0x00]
[17:55:42:133]1247166:[DBG]:CMD:[0x37]->[0x00]
[17:55:42:133]1247166:[DBG]:CMD:[0x01]->[0x00]
[17:55:42:133]1247168:[DBG]:CMD:[0x20]->[0x00]
[17:55:42:430]1247470:[DBG]:CMD:[0x37]->[0x00]
[17:55:42:430]1247470:[DBG]:CMD:[0x01]->[0x00]
[17:55:42:430]1247472:[DBG]:CMD:[0x20]->[0x00]
[17:55:42:727]1247772:[DBG]:CMD:[0x37]->[0x00]
[17:55:42:727]1247774:[DBG]:CMD:[0x01]->[0x00]
[17:55:42:727]1247774:[DBG]:CMD:[0x20]->[0x00]
[17:55:43:040]1248076:[DBG]:CMD:[0x37]->[0x00]
[17:55:43:040]1248076:[DBG]:CMD:[0x01]->[0x00]
[17:55:43:040]1248078:[DBG]:CMD:[0x20]->[0x00]
[17:55:43:336]1248380:[DBG]:CMD:[0x37]->[0x00]
[17:55:43:336]1248380:[DBG]:CMD:[0x01]->[0x00]
[17:55:43:336]1248382:[DBG]:CMD:[0x20]->[0x00]
[17:55:43:493]1248534:[DBG]:IIC:TEMP ID 0:0x00BA,0x0068,0x00DC,0x0098,
[17:55:43:493]1248534:[DBG]:IIC:TEMP ID 4:0x0048,0x006B,0x004C,0x008F,
[17:55:43:648]1248682:[DBG]:CMD:[0x37]->[0x00]
[17:55:43:648]1248684:[DBG]:CMD:[0x01]->[0x00]
[17:55:43:648]1248684:[DBG]:CMD:[0x20]->[0x00]
[17:55:43:946]1248986:[DBG]:CMD:[0x37]->[0x00]
[17:55:43:946]1248986:[DBG]:CMD:[0x01]->[0x00]
[17:55:43:946]1248988:[DBG]:CMD:[0x20]->[0x00]
[17:55:44:242]1249290:[DBG]:CMD:[0x37]->[0x00]
[17:55:44:242]1249290:[DBG]:CMD:[0x01]->[0x00]
[17:55:44:242]1249292:[DBG]:CMD:[0x20]->[0x00]
[17:55:44:555]1249594:[DBG]:CMD:[0x37]->[0x00]
[17:55:44:555]1249594:[DBG]:CMD:[0x01]->[0x00]
[17:55:44:555]1249594:[DBG]:CMD:[0x20]->[0x00]
[17:55:44:852]1249896:[DBG]:CMD:[0x37]->[0x00]
[17:55:44:852]1249896:[DBG]:CMD:[0x01]->[0x00]
[17:55:44:852]1249898:[DBG]:CMD:[0x20]->[0x00]
[17:55:45:148]1250198:[DBG]:CMD:[0x37]->[0x00]
[17:55:45:148]1250200:[DBG]:CMD:[0x01]->[0x00]
[17:55:45:148]1250200:[DBG]:CMD:[0x20]->[0x00]
[17:55:45:460]1250502:[DBG]:CMD:[0x37]->[0x00]
[17:55:45:460]1250502:[DBG]:CMD:[0x01]->[0x00]
[17:55:45:460]1250504:[DBG]:CMD:[0x20]->[0x00]
[17:55:45:492]1250534:[DBG]:IIC:TEMP ID 0:0x00AB,0x0068,0x00F1,0x0098,
[17:55:45:492]1250534:[DBG]:IIC:TEMP ID 4:0x004B,0x006B,0x0043,0x008F,
[17:55:45:758]1250804:[DBG]:CMD:[0x37]->[0x00]
[17:55:45:758]1250804:[DBG]:CMD:[0x01]->[0x00]
[17:55:45:758]1250806:[DBG]:CMD:[0x20]->[0x00]
[17:55:46:070]1251108:[DBG]:CMD:[0x37]->[0x00]
[17:55:46:070]1251108:[DBG]:CMD:[0x01]->[0x00]
[17:55:46:070]1251108:[DBG]:CMD:[0x20]->[0x00]
[17:55:46:367]1251410:[DBG]:CMD:[0x37]->[0x00]
[17:55:46:367]1251412:[DBG]:CMD:[0x01]->[0x00]
[17:55:46:367]1251412:[DBG]:CMD:[0x20]->[0x00]
[17:55:46:679]1251714:[DBG]:CMD:[0x37]->[0x00]
[17:55:46:679]1251714:[DBG]:CMD:[0x01]->[0x00]
[17:55:46:679]1251716:[DBG]:CMD:[0x20]->[0x00]
[17:55:46:976]1252018:[DBG]:CMD:[0x37]->[0x00]
[17:55:46:976]1252020:[DBG]:CMD:[0x01]->[0x00]
[17:55:46:976]1252022:[DBG]:CMD:[0x20]->[0x00]
[17:55:47:273]1252322:[DBG]:CMD:[0x37]->[0x00]
[17:55:47:273]1252322:[DBG]:CMD:[0x01]->[0x00]
[17:55:47:273]1252324:[DBG]:CMD:[0x20]->[0x00]
[17:55:47:492]1252534:[DBG]:IIC:TEMP ID 0:0x00B2,0x0068,0x00F0,0x0098,
[17:55:47:492]1252534:[DBG]:IIC:TEMP ID 4:0x004A,0x006B,0x004E,0x008F,
[17:55:47:585]1252626:[DBG]:CMD:[0x37]->[0x00]
[17:55:47:585]1252626:[DBG]:CMD:[0x01]->[0x00]
[17:55:47:585]1252628:[DBG]:CMD:[0x20]->[0x00]
[17:55:47:882]1252928:[DBG]:CMD:[0x37]->[0x00]
[17:55:47:882]1252930:[DBG]:CMD:[0x01]->[0x00]
[17:55:47:882]1252930:[DBG]:CMD:[0x20]->[0x00]
[17:55:48:179]1253232:[DBG]:CMD:[0x37]->[0x00]
[17:55:48:179]1253232:[DBG]:CMD:[0x01]->[0x00]
[17:55:48:179]1253234:[DBG]:CMD:[0x20]->[0x00]
[17:55:48:491]1253534:[DBG]:CMD:[0x37]->[0x00]
[17:55:48:491]1253536:[DBG]:CMD:[0x01]->[0x00]
[17:55:48:491]1253536:[DBG]:CMD:[0x20]->[0x00]
[17:55:48:788]1253838:[DBG]:CMD:[0x37]->[0x00]
[17:55:48:788]1253838:[DBG]:CMD:[0x01]->[0x00]
[17:55:48:788]1253840:[DBG]:CMD:[0x20]->[0x00]
[17:55:49:101]1254140:[DBG]:CMD:[0x37]->[0x00]
[17:55:49:101]1254142:[DBG]:CMD:[0x01]->[0x00]
[17:55:49:101]1254142:[DBG]:CMD:[0x20]->[0x00]
[17:55:49:397]1254444:[DBG]:CMD:[0x37]->[0x00]
[17:55:49:397]1254444:[DBG]:CMD:[0x01]->[0x00]
[17:55:49:397]1254446:[DBG]:CMD:[0x20]->[0x00]
[17:55:49:491]1254534:[DBG]:IIC:TEMP ID 0:0x00A9,0x0068,0x00E7,0x0098,
[17:55:49:491]1254534:[DBG]:IIC:TEMP ID 4:0x0049,0x006B,0x0037,0x008F,
[17:55:49:694]1254746:[DBG]:CMD:[0x37]->[0x00]
[17:55:49:694]1254746:[DBG]:CMD:[0x01]->[0x00]
[17:55:49:694]1254748:[DBG]:CMD:[0x20]->[0x00]
[17:55:50:007]1255048:[DBG]:CMD:[0x37]->[0x00]
[17:55:50:007]1255050:[DBG]:CMD:[0x01]->[0x00]
[17:55:50:007]1255050:[DBG]:CMD:[0x20]->[0x00]
[17:55:50:303]1255352:[DBG]:CMD:[0x37]->[0x00]
[17:55:50:303]1255352:[DBG]:CMD:[0x01]->[0x00]
[17:55:50:303]1255354:[DBG]:CMD:[0x20]->[0x00]
[17:55:50:616]1255656:[DBG]:CMD:[0x37]->[0x00]
[17:55:50:616]1255656:[DBG]:CMD:[0x01]->[0x00]
[17:55:50:616]1255656:[DBG]:CMD:[0x20]->[0x00]
[17:55:50:913]1255960:[DBG]:CMD:[0x37]->[0x00]
[17:55:50:913]1255960:[DBG]:CMD:[0x01]->[0x00]
[17:55:50:913]1255960:[DBG]:CMD:[0x20]->[0x00]
[17:55:51:209]1256262:[DBG]:CMD:[0x37]->[0x00]
[17:55:51:209]1256264:[DBG]:CMD:[0x01]->[0x00]
[17:55:51:209]1256264:[DBG]:CMD:[0x20]->[0x00]
[17:55:51:475]1256534:[DBG]:IIC:TEMP ID 0:0x00B4,0x0068,0x00F4,0x0098,
[17:55:51:475]1256534:[DBG]:IIC:TEMP ID 4:0x0048,0x006B,0x004E,0x008F,
[17:55:51:522]1256566:[DBG]:CMD:[0x37]->[0x00]
[17:55:51:522]1256566:[DBG]:CMD:[0x01]->[0x00]
[17:55:51:522]1256568:[DBG]:CMD:[0x20]->[0x00]
[17:55:51:819]1256868:[DBG]:CMD:[0x37]->[0x00]
[17:55:51:819]1256870:[DBG]:CMD:[0x01]->[0x00]
[17:55:51:819]1256870:[DBG]:CMD:[0x20]->[0x00]
[17:55:52:115]1257172:[DBG]:CMD:[0x37]->[0x00]
[17:55:52:115]1257172:[DBG]:CMD:[0x01]->[0x00]
[17:55:52:115]1257174:[DBG]:CMD:[0x20]->[0x00]
[17:55:52:428]1257474:[DBG]:CMD:[0x37]->[0x00]
[17:55:52:428]1257474:[DBG]:CMD:[0x01]->[0x00]
[17:55:52:428]1257476:[DBG]:CMD:[0x20]->[0x00]
[17:55:52:725]1257778:[DBG]:CMD:[0x37]->[0x00]
[17:55:52:725]1257778:[DBG]:CMD:[0x01]->[0x00]
[17:55:52:725]1257778:[DBG]:CMD:[0x20]->[0x00]
[17:55:53:037]1258080:[DBG]:CMD:[0x37]->[0x00]
[17:55:53:037]1258082:[DBG]:CMD:[0x01]->[0x00]
[17:55:53:037]1258082:[DBG]:CMD:[0x20]->[0x00]
[17:55:53:334]1258384:[DBG]:CMD:[0x37]->[0x00]
[17:55:53:334]1258384:[DBG]:CMD:[0x01]->[0x00]
[17:55:53:334]1258386:[DBG]:CMD:[0x20]->[0x00]
[17:55:53:490]1258534:[DBG]:IIC:TEMP ID 0:0x00B1,0x0068,0x000D,0x0099,
[17:55:53:490]1258534:[DBG]:IIC:TEMP ID 4:0x0049,0x006B,0x0027,0x008F,
[17:55:53:631]1258686:[DBG]:CMD:[0x37]->[0x00]
[17:55:53:631]1258686:[DBG]:CMD:[0x01]->[0x00]
[17:55:53:631]1258688:[DBG]:CMD:[0x20]->[0x00]
[17:55:53:943]1258990:[DBG]:CMD:[0x37]->[0x00]
[17:55:53:943]1258990:[DBG]:CMD:[0x01]->[0x00]
[17:55:53:943]1258990:[DBG]:CMD:[0x20]->[0x00]
[17:55:54:240]1259292:[DBG]:CMD:[0x37]->[0x00]
[17:55:54:240]1259294:[DBG]:CMD:[0x01]->[0x00]
[17:55:54:240]1259294:[DBG]:CMD:[0x20]->[0x00]
[17:55:54:537]1259596:[DBG]:CMD:[0x37]->[0x00]
[17:55:54:537]1259596:[DBG]:CMD:[0x01]->[0x00]
[17:55:54:537]1259598:[DBG]:CMD:[0x20]->[0x00]
[17:55:54:849]1259898:[DBG]:CMD:[0x37]->[0x00]
[17:55:54:849]1259900:[DBG]:CMD:[0x01]->[0x00]
[17:55:54:849]1259900:[DBG]:CMD:[0x20]->[0x00]
[17:55:55:146]1260202:[DBG]:CMD:[0x37]->[0x00]
[17:55:55:146]1260202:[DBG]:CMD:[0x01]->[0x00]
[17:55:55:146]1260204:[DBG]:CMD:[0x20]->[0x00]
[17:55:55:443]1260504:[DBG]:CMD:[0x37]->[0x00]
[17:55:55:443]1260506:[DBG]:CMD:[0x01]->[0x00]
[17:55:55:443]1260506:[DBG]:CMD:[0x20]->[0x00]
[17:55:55:489]1260534:[DBG]:IIC:TEMP ID 0:0x0098,0x0068,0x00EE,0x0098,
[17:55:55:489]1260534:[DBG]:IIC:TEMP ID 4:0x0046,0x006B,0x0030,0x008F,
[17:55:55:755]1260808:[DBG]:CMD:[0x37]->[0x00]
[17:55:55:755]1260808:[DBG]:CMD:[0x01]->[0x00]
[17:55:55:755]1260810:[DBG]:CMD:[0x20]->[0x00]
[17:55:56:068]1261110:[DBG]:CMD:[0x37]->[0x00]
[17:55:56:068]1261112:[DBG]:CMD:[0x01]->[0x00]
[17:55:56:068]1261112:[DBG]:CMD:[0x20]->[0x00]
[17:55:56:365]1261414:[DBG]:CMD:[0x37]->[0x00]
[17:55:56:365]1261414:[DBG]:CMD:[0x01]->[0x00]
[17:55:56:365]1261418:[DBG]:CMD:[0x20]->[0x00]
[17:55:56:661]1261720:[DBG]:CMD:[0x37]->[0x00]
[17:55:56:661]1261722:[DBG]:CMD:[0x01]->[0x00]
[17:55:56:661]1261722:[DBG]:CMD:[0x20]->[0x00]
[17:55:56:974]1262024:[DBG]:CMD:[0x37]->[0x00]
[17:55:56:974]1262024:[DBG]:CMD:[0x01]->[0x00]
[17:55:56:974]1262026:[DBG]:CMD:[0x20]->[0x00]
[17:55:57:270]1262326:[DBG]:CMD:[0x37]->[0x00]
[17:55:57:270]1262328:[DBG]:CMD:[0x01]->[0x00]
[17:55:57:270]1262328:[DBG]:CMD:[0x20]->[0x00]
[17:55:57:474]1262534:[DBG]:IIC:TEMP ID 0:0x00A1,0x0068,0x0001,0x0099,
[17:55:57:474]1262534:[DBG]:IIC:TEMP ID 4:0x004B,0x006B,0x0033,0x008F,
[17:55:57:567]1262630:[DBG]:CMD:[0x37]->[0x00]
[17:55:57:567]1262630:[DBG]:CMD:[0x01]->[0x00]
[17:55:57:567]1262632:[DBG]:CMD:[0x20]->[0x00]
[17:55:57:880]1262932:[DBG]:CMD:[0x37]->[0x00]
[17:55:57:880]1262934:[DBG]:CMD:[0x01]->[0x00]
[17:55:57:880]1262934:[DBG]:CMD:[0x20]->[0x00]
[17:55:58:177]1263236:[DBG]:CMD:[0x37]->[0x00]
[17:55:58:177]1263236:[DBG]:CMD:[0x01]->[0x00]
[17:55:58:177]1263238:[DBG]:CMD:[0x20]->[0x00]
[17:55:58:489]1263538:[DBG]:CMD:[0x37]->[0x00]
[17:55:58:489]1263538:[DBG]:CMD:[0x01]->[0x00]
[17:55:58:489]1263540:[DBG]:CMD:[0x20]->[0x00]
[17:55:58:786]1263842:[DBG]:CMD:[0x37]->[0x00]
[17:55:58:786]1263842:[DBG]:CMD:[0x01]->[0x00]
[17:55:58:786]1263844:[DBG]:CMD:[0x20]->[0x00]
[17:55:59:083]1264146:[DBG]:CMD:[0x37]->[0x00]
[17:55:59:083]1264146:[DBG]:CMD:[0x01]->[0x00]
[17:55:59:083]1264146:[DBG]:CMD:[0x20]->[0x00]
[17:55:59:395]1264448:[DBG]:CMD:[0x37]->[0x00]
[17:55:59:395]1264450:[DBG]:CMD:[0x01]->[0x00]
[17:55:59:395]1264450:[DBG]:CMD:[0x20]->[0x00]
[17:55:59:473]1264534:[DBG]:IIC:TEMP ID 0:0x00AE,0x0068,0x00E6,0x0098,
[17:55:59:473]1264534:[DBG]:IIC:TEMP ID 4:0x004A,0x006B,0x0028,0x008F,
[17:55:59:691]1264752:[DBG]:CMD:[0x37]->[0x00]
[17:55:59:691]1264752:[DBG]:CMD:[0x01]->[0x00]
[17:55:59:691]1264754:[DBG]:CMD:[0x20]->[0x00]
[17:56:00:004]1265054:[DBG]:CMD:[0x37]->[0x00]
[17:56:00:004]1265054:[DBG]:CMD:[0x01]->[0x00]
[17:56:00:004]1265056:[DBG]:CMD:[0x20]->[0x00]
[17:56:00:301]1265360:[DBG]:CMD:[0x37]->[0x00]
[17:56:00:301]1265360:[DBG]:CMD:[0x01]->[0x00]
[17:56:00:301]1265360:[DBG]:CMD:[0x20]->[0x00]
[17:56:00:598]1265662:[DBG]:CMD:[0x37]->[0x00]
[17:56:00:598]1265664:[DBG]:CMD:[0x01]->[0x00]
[17:56:00:598]1265664:[DBG]:CMD:[0x20]->[0x00]
[17:56:00:910]1265966:[DBG]:CMD:[0x37]->[0x00]
[17:56:00:910]1265966:[DBG]:CMD:[0x01]->[0x00]
[17:56:00:910]1265968:[DBG]:CMD:[0x20]->[0x00]
[17:56:01:207]1266268:[DBG]:CMD:[0x37]->[0x00]
[17:56:01:207]1266268:[DBG]:CMD:[0x01]->[0x00]
[17:56:01:207]1266270:[DBG]:CMD:[0x20]->[0x00]
[17:56:01:472]1266534:[DBG]:IIC:TEMP ID 0:0x009F,0x0068,0x0005,0x0099,
[17:56:01:472]1266534:[DBG]:IIC:TEMP ID 4:0x0047,0x006B,0x0015,0x008F,
[17:56:01:504]1266570:[DBG]:CMD:[0x37]->[0x00]
[17:56:01:504]1266572:[DBG]:CMD:[0x01]->[0x00]
[17:56:01:504]1266572:[DBG]:CMD:[0x20]->[0x00]
[17:56:01:816]1266874:[DBG]:CMD:[0x37]->[0x00]
[17:56:01:816]1266874:[DBG]:CMD:[0x01]->[0x00]
[17:56:01:816]1266876:[DBG]:CMD:[0x20]->[0x00]
[17:56:02:113]1267178:[DBG]:CMD:[0x37]->[0x00]
[17:56:02:113]1267178:[DBG]:CMD:[0x01]->[0x00]
[17:56:02:113]1267180:[DBG]:CMD:[0x20]->[0x00]
[17:56:02:426]1267480:[DBG]:CMD:[0x37]->[0x00]
[17:56:02:426]1267480:[DBG]:CMD:[0x01]->[0x00]
[17:56:02:426]1267482:[DBG]:CMD:[0x20]->[0x00]
[17:56:02:722]1267784:[DBG]:CMD:[0x37]->[0x00]
[17:56:02:722]1267784:[DBG]:CMD:[0x01]->[0x00]
[17:56:02:722]1267786:[DBG]:CMD:[0x20]->[0x00]
[17:56:03:035]1268088:[DBG]:CMD:[0x37]->[0x00]
[17:56:03:035]1268088:[DBG]:CMD:[0x01]->[0x00]
[17:56:03:035]1268090:[DBG]:CMD:[0x20]->[0x00]
[17:56:03:332]1268392:[DBG]:CMD:[0x37]->[0x00]
[17:56:03:332]1268392:[DBG]:CMD:[0x01]->[0x00]
[17:56:03:332]1268394:[DBG]:CMD:[0x20]->[0x00]
[17:56:03:472]1268534:[DBG]:IIC:TEMP ID 0:0x00A0,0x0068,0x00F2,0x0098,
[17:56:03:472]1268534:[DBG]:IIC:TEMP ID 4:0x004C,0x006B,0x000C,0x008F,
[17:56:03:628]1268696:[DBG]:CMD:[0x37]->[0x00]
[17:56:03:628]1268696:[DBG]:CMD:[0x01]->[0x00]
[17:56:03:628]1268696:[DBG]:CMD:[0x20]->[0x00]
[17:56:03:941]1268998:[DBG]:CMD:[0x37]->[0x00]
[17:56:03:941]1269000:[DBG]:CMD:[0x01]->[0x00]
[17:56:03:941]1269000:[DBG]:CMD:[0x20]->[0x00]
[17:56:04:237]1269302:[DBG]:CMD:[0x37]->[0x00]
[17:56:04:237]1269302:[DBG]:CMD:[0x01]->[0x00]
[17:56:04:237]1269304:[DBG]:CMD:[0x20]->[0x00]
[17:56:04:550]1269606:[DBG]:CMD:[0x37]->[0x00]
[17:56:04:550]1269606:[DBG]:CMD:[0x01]->[0x00]
[17:56:04:550]1269608:[DBG]:CMD:[0x20]->[0x00]
[17:56:04:847]1269908:[DBG]:CMD:[0x37]->[0x00]
[17:56:04:847]1269910:[DBG]:CMD:[0x01]->[0x00]
[17:56:04:847]1269910:[DBG]:CMD:[0x20]->[0x00]
[17:56:05:159]1270212:[DBG]:CMD:[0x37]->[0x00]
[17:56:05:159]1270212:[DBG]:CMD:[0x01]->[0x00]
[17:56:05:159]1270214:[DBG]:CMD:[0x20]->[0x00]
[17:56:05:440]1270518:[DBG]:CMD:[0x37]->[0x00]
[17:56:05:440]1270520:[DBG]:CMD:[0x01]->[0x00]
[17:56:05:440]1270522:[DBG]:CMD:[0x20]->[0x00]
[17:56:05:471]1270534:[DBG]:IIC:TEMP ID 0:0x00A5,0x0068,0x00F1,0x0098,
[17:56:05:471]1270534:[DBG]:IIC:TEMP ID 4:0x004D,0x006B,0x0011,0x008F,
[17:56:05:753]1270822:[DBG]:CMD:[0x37]->[0x00]
[17:56:05:753]1270822:[DBG]:CMD:[0x01]->[0x00]
[17:56:05:753]1270824:[DBG]:CMD:[0x20]->[0x00]
[17:56:06:065]1271126:[DBG]:CMD:[0x37]->[0x00]
[17:56:06:065]1271126:[DBG]:CMD:[0x01]->[0x00]
[17:56:06:065]1271128:[DBG]:CMD:[0x20]->[0x00]
[17:56:06:362]1271428:[DBG]:CMD:[0x37]->[0x00]
[17:56:06:362]1271430:[DBG]:CMD:[0x01]->[0x00]
[17:56:06:362]1271430:[DBG]:CMD:[0x20]->[0x00]
[17:56:06:675]1271732:[DBG]:CMD:[0x37]->[0x00]
[17:56:06:675]1271732:[DBG]:CMD:[0x01]->[0x00]
[17:56:06:675]1271734:[DBG]:CMD:[0x20]->[0x00]
[17:56:06:971]1272036:[DBG]:CMD:[0x37]->[0x00]
[17:56:06:971]1272036:[DBG]:CMD:[0x01]->[0x00]
[17:56:06:971]1272038:[DBG]:CMD:[0x20]->[0x00]
[17:56:07:268]1272340:[DBG]:CMD:[0x37]->[0x00]
[17:56:07:268]1272340:[DBG]:CMD:[0x01]->[0x00]
[17:56:07:268]1272340:[DBG]:CMD:[0x20]->[0x00]
[17:56:07:471]1272534:[DBG]:IIC:TEMP ID 0:0x00BA,0x0068,0x00FC,0x0098,
[17:56:07:471]1272534:[DBG]:IIC:TEMP ID 4:0x004E,0x006B,0x00FC,0x008E,
[17:56:07:580]1272642:[DBG]:CMD:[0x37]->[0x00]
[17:56:07:580]1272642:[DBG]:CMD:[0x01]->[0x00]
[17:56:07:580]1272644:[DBG]:CMD:[0x20]->[0x00]
[17:56:07:877]1272946:[DBG]:CMD:[0x37]->[0x00]
[17:56:07:877]1272946:[DBG]:CMD:[0x01]->[0x00]
[17:56:07:877]1272948:[DBG]:CMD:[0x20]->[0x00]
[17:56:08:190]1273248:[DBG]:CMD:[0x37]->[0x00]
[17:56:08:190]1273250:[DBG]:CMD:[0x01]->[0x00]
[17:56:08:190]1273250:[DBG]:CMD:[0x20]->[0x00]
[17:56:08:487]1273552:[DBG]:CMD:[0x37]->[0x00]
[17:56:08:487]1273552:[DBG]:CMD:[0x01]->[0x00]
[17:56:08:487]1273554:[DBG]:CMD:[0x20]->[0x00]
[17:56:08:783]1273856:[DBG]:CMD:[0x37]->[0x00]
[17:56:08:783]1273856:[DBG]:CMD:[0x01]->[0x00]
[17:56:08:783]1273860:[DBG]:CMD:[0x20]->[0x00]
[17:56:09:096]1274160:[DBG]:CMD:[0x37]->[0x00]
[17:56:09:096]1274160:[DBG]:CMD:[0x01]->[0x00]
[17:56:09:096]1274162:[DBG]:CMD:[0x20]->[0x00]
[17:56:09:393]1274464:[DBG]:CMD:[0x37]->[0x00]
[17:56:09:393]1274464:[DBG]:CMD:[0x01]->[0x00]
[17:56:09:393]1274466:[DBG]:CMD:[0x20]->[0x00]
[17:56:09:471]1274534:[DBG]:IIC:TEMP ID 0:0x00A3,0x0068,0x00E7,0x0098,
[17:56:09:471]1274534:[DBG]:IIC:TEMP ID 4:0x004F,0x006B,0x0007,0x008F,
[17:56:09:705]1274766:[DBG]:CMD:[0x37]->[0x00]
[17:56:09:705]1274768:[DBG]:CMD:[0x01]->[0x00]
[17:56:09:705]1274768:[DBG]:CMD:[0x20]->[0x00]
[17:56:10:002]1275070:[DBG]:CMD:[0x37]->[0x00]
[17:56:10:002]1275070:[DBG]:CMD:[0x01]->[0x00]
[17:56:10:002]1275072:[DBG]:CMD:[0x20]->[0x00]
[17:56:10:299]1275374:[DBG]:CMD:[0x37]->[0x00]
[17:56:10:299]1275374:[DBG]:CMD:[0x01]->[0x00]
[17:56:10:299]1275376:[DBG]:CMD:[0x20]->[0x00]
[17:56:10:611]1275676:[DBG]:CMD:[0x37]->[0x00]
[17:56:10:611]1275678:[DBG]:CMD:[0x01]->[0x00]
[17:56:10:611]1275678:[DBG]:CMD:[0x20]->[0x00]
[17:56:10:908]1275980:[DBG]:CMD:[0x37]->[0x00]
[17:56:10:908]1275980:[DBG]:CMD:[0x01]->[0x00]
[17:56:10:908]1275982:[DBG]:CMD:[0x20]->[0x00]
[17:56:11:220]1276284:[DBG]:CMD:[0x37]->[0x00]
[17:56:11:220]1276284:[DBG]:CMD:[0x01]->[0x00]
[17:56:11:220]1276286:[DBG]:CMD:[0x20]->[0x00]
[17:56:11:470]1276534:[DBG]:IIC:TEMP ID 0:0x00B4,0x0068,0x00D2,0x0098,
[17:56:11:470]1276534:[DBG]:IIC:TEMP ID 4:0x004C,0x006B,0x00FE,0x008E,
[17:56:11:517]1276588:[DBG]:CMD:[0x37]->[0x00]
[17:56:11:517]1276588:[DBG]:CMD:[0x01]->[0x00]
[17:56:11:517]1276588:[DBG]:CMD:[0x20]->[0x00]
[17:56:11:814]1276890:[DBG]:CMD:[0x37]->[0x00]
[17:56:11:814]1276892:[DBG]:CMD:[0x01]->[0x00]
[17:56:11:814]1276892:[DBG]:CMD:[0x20]->[0x00]
[17:56:12:126]1277194:[DBG]:CMD:[0x37]->[0x00]
[17:56:12:126]1277194:[DBG]:CMD:[0x01]->[0x00]
[17:56:12:126]1277196:[DBG]:CMD:[0x20]->[0x00]
[17:56:12:423]1277498:[DBG]:CMD:[0x37]->[0x00]
[17:56:12:423]1277498:[DBG]:CMD:[0x01]->[0x00]
[17:56:12:423]1277498:[DBG]:CMD:[0x20]->[0x00]
[17:56:12:736]1277800:[DBG]:CMD:[0x37]->[0x00]
[17:56:12:736]1277802:[DBG]:CMD:[0x01]->[0x00]
[17:56:12:736]1277802:[DBG]:CMD:[0x20]->[0x00]
[17:56:13:032]1278104:[DBG]:CMD:[0x37]->[0x00]
[17:56:13:032]1278104:[DBG]:CMD:[0x01]->[0x00]
[17:56:13:032]1278106:[DBG]:CMD:[0x20]->[0x00]
[17:56:13:345]1278408:[DBG]:CMD:[0x37]->[0x00]
[17:56:13:345]1278408:[DBG]:CMD:[0x01]->[0x00]
[17:56:13:345]1278410:[DBG]:CMD:[0x20]->[0x00]
[17:56:13:469]1278534:[DBG]:IIC:TEMP ID 0:0x0099,0x0068,0x00F1,0x0098,
[17:56:13:469]1278534:[DBG]:IIC:TEMP ID 4:0x004B,0x006B,0x000B,0x008F,
[17:56:13:641]1278710:[DBG]:CMD:[0x37]->[0x00]
[17:56:13:641]1278712:[DBG]:CMD:[0x01]->[0x00]
[17:56:13:641]1278712:[DBG]:CMD:[0x20]->[0x00]
[17:56:13:954]1279014:[DBG]:CMD:[0x37]->[0x00]
[17:56:13:954]1279014:[DBG]:CMD:[0x01]->[0x00]
[17:56:13:954]1279018:[DBG]:CMD:[0x20]->[0x00]
[17:56:14:251]1279320:[DBG]:CMD:[0x37]->[0x00]
[17:56:14:251]1279322:[DBG]:CMD:[0x01]->[0x00]
[17:56:14:251]1279322:[DBG]:CMD:[0x20]->[0x00]
[17:56:14:548]1279624:[DBG]:CMD:[0x37]->[0x00]
[17:56:14:548]1279624:[DBG]:CMD:[0x01]->[0x00]
[17:56:14:548]1279626:[DBG]:CMD:[0x20]->[0x00]
[17:56:14:860]1279928:[DBG]:CMD:[0x37]->[0x00]
[17:56:14:860]1279928:[DBG]:CMD:[0x01]->[0x00]
[17:56:14:860]1279928:[DBG]:CMD:[0x20]->[0x00]
[17:56:15:157]1280230:[DBG]:CMD:[0x37]->[0x00]
[17:56:15:157]1280232:[DBG]:CMD:[0x01]->[0x00]
[17:56:15:157]1280232:[DBG]:CMD:[0x20]->[0x00]
[17:56:15:438]1280534:[DBG]:IIC:TEMP ID 0:0x00B6,0x0068,0x00D4,0x0098,
[17:56:15:438]1280534:[DBG]:IIC:TEMP ID 4:0x004C,0x006B,0x00EA,0x008E,
[17:56:15:469]1280534:[DBG]:CMD:[0x37]->[0x00]
[17:56:15:469]1280536:[DBG]:CMD:[0x01]->[0x00]
[17:56:15:469]1280536:[DBG]:CMD:[0x20]->[0x00]
[17:56:15:766]1280838:[DBG]:CMD:[0x37]->[0x00]
[17:56:15:766]1280838:[DBG]:CMD:[0x01]->[0x00]
[17:56:15:766]1280840:[DBG]:CMD:[0x20]->[0x00]
[17:56:16:063]1281142:[DBG]:CMD:[0x37]->[0x00]
[17:56:16:063]1281142:[DBG]:CMD:[0x01]->[0x00]
[17:56:16:063]1281144:[DBG]:CMD:[0x20]->[0x00]
[17:56:16:375]1281444:[DBG]:CMD:[0x37]->[0x00]
[17:56:16:375]1281446:[DBG]:CMD:[0x01]->[0x00]
[17:56:16:375]1281446:[DBG]:CMD:[0x20]->[0x00]
[17:56:16:672]1281748:[DBG]:CMD:[0x37]->[0x00]
[17:56:16:672]1281748:[DBG]:CMD:[0x01]->[0x00]
[17:56:16:672]1281750:[DBG]:CMD:[0x20]->[0x00]
[17:56:16:985]1282050:[DBG]:CMD:[0x37]->[0x00]
[17:56:16:985]1282052:[DBG]:CMD:[0x01]->[0x00]
[17:56:16:985]1282052:[DBG]:CMD:[0x20]->[0x00]
[17:56:17:281]1282354:[DBG]:CMD:[0x37]->[0x00]
[17:56:17:281]1282354:[DBG]:CMD:[0x01]->[0x00]
[17:56:17:281]1282356:[DBG]:CMD:[0x20]->[0x00]
[17:56:17:453]1282534:[DBG]:IIC:TEMP ID 0:0x009B,0x0068,0x00D5,0x0098,
[17:56:17:453]1282534:[DBG]:IIC:TEMP ID 4:0x004B,0x006B,0x0001,0x008F,
[17:56:17:578]1282660:[DBG]:CMD:[0x37]->[0x00]
[17:56:17:578]1282660:[DBG]:CMD:[0x01]->[0x00]
[17:56:17:578]1282662:[DBG]:CMD:[0x20]->[0x00]
[17:56:17:891]1282962:[DBG]:CMD:[0x37]->[0x00]
[17:56:17:891]1282962:[DBG]:CMD:[0x01]->[0x00]
[17:56:17:891]1282964:[DBG]:CMD:[0x20]->[0x00]
[17:56:18:188]1283266:[DBG]:CMD:[0x37]->[0x00]
[17:56:18:188]1283266:[DBG]:CMD:[0x01]->[0x00]
[17:56:18:188]1283268:[DBG]:CMD:[0x20]->[0x00]
[17:56:18:500]1283570:[DBG]:CMD:[0x37]->[0x00]
[17:56:18:500]1283570:[DBG]:CMD:[0x01]->[0x00]
[17:56:18:500]1283570:[DBG]:CMD:[0x20]->[0x00]
[17:56:18:797]1283872:[DBG]:CMD:[0x37]->[0x00]
[17:56:18:797]1283874:[DBG]:CMD:[0x01]->[0x00]
[17:56:18:797]1283874:[DBG]:CMD:[0x20]->[0x00]
[17:56:19:094]1284176:[DBG]:CMD:[0x37]->[0x00]
[17:56:19:094]1284176:[DBG]:CMD:[0x01]->[0x00]
[17:56:19:094]1284178:[DBG]:CMD:[0x20]->[0x00]
[17:56:19:406]1284480:[DBG]:CMD:[0x37]->[0x00]
[17:56:19:406]1284480:[DBG]:CMD:[0x01]->[0x00]
[17:56:19:406]1284480:[DBG]:CMD:[0x20]->[0x00]
[17:56:19:453]1284534:[DBG]:IIC:TEMP ID 0:0x00AC,0x0068,0x00D2,0x0098,
[17:56:19:453]1284534:[DBG]:IIC:TEMP ID 4:0x004C,0x006B,0x00EA,0x008E,
[17:56:19:703]1284782:[DBG]:CMD:[0x37]->[0x00]
[17:56:19:703]1284784:[DBG]:CMD:[0x01]->[0x00]
[17:56:19:703]1284784:[DBG]:CMD:[0x20]->[0x00]
[17:56:20:015]1285086:[DBG]:CMD:[0x37]->[0x00]
[17:56:20:015]1285086:[DBG]:CMD:[0x01]->[0x00]
[17:56:20:015]1285088:[DBG]:CMD:[0x20]->[0x00]
[17:56:20:312]1285390:[DBG]:CMD:[0x37]->[0x00]
[17:56:20:312]1285390:[DBG]:CMD:[0x01]->[0x00]
[17:56:20:312]1285390:[DBG]:CMD:[0x20]->[0x00]
[17:56:20:609]1285692:[DBG]:CMD:[0x37]->[0x00]
[17:56:20:609]1285694:[DBG]:CMD:[0x01]->[0x00]
[17:56:20:609]1285694:[DBG]:CMD:[0x20]->[0x00]
[17:56:20:921]1285996:[DBG]:CMD:[0x37]->[0x00]
[17:56:20:921]1285996:[DBG]:CMD:[0x01]->[0x00]
[17:56:20:921]1285998:[DBG]:CMD:[0x20]->[0x00]
[17:56:21:218]1286300:[DBG]:CMD:[0x37]->[0x00]
[17:56:21:218]1286300:[DBG]:CMD:[0x01]->[0x00]
[17:56:21:218]1286300:[DBG]:CMD:[0x20]->[0x00]
[17:56:21:452]1286534:[DBG]:IIC:TEMP ID 0:0x00AF,0x0068,0x00DD,0x0098,
[17:56:21:452]1286534:[DBG]:IIC:TEMP ID 4:0x004F,0x006B,0x00F3,0x008E,
[17:56:21:530]1286602:[DBG]:CMD:[0x37]->[0x00]
[17:56:21:530]1286604:[DBG]:CMD:[0x01]->[0x00]
[17:56:21:530]1286604:[DBG]:CMD:[0x20]->[0x00]
[17:56:21:827]1286906:[DBG]:CMD:[0x37]->[0x00]
[17:56:21:827]1286906:[DBG]:CMD:[0x01]->[0x00]
[17:56:21:827]1286908:[DBG]:CMD:[0x20]->[0x00]
[17:56:22:140]1287210:[DBG]:CMD:[0x37]->[0x00]
[17:56:22:140]1287210:[DBG]:CMD:[0x01]->[0x00]
[17:56:22:140]1287212:[DBG]:CMD:[0x20]->[0x00]
[17:56:22:437]1287512:[DBG]:CMD:[0x37]->[0x00]
[17:56:22:437]1287514:[DBG]:CMD:[0x01]->[0x00]
[17:56:22:437]1287514:[DBG]:CMD:[0x20]->[0x00]
[17:56:22:749]1287818:[DBG]:CMD:[0x37]->[0x00]
[17:56:22:749]1287820:[DBG]:CMD:[0x01]->[0x00]
[17:56:22:749]1287822:[DBG]:CMD:[0x20]->[0x00]
[17:56:23:046]1288122:[DBG]:CMD:[0x37]->[0x00]
[17:56:23:046]1288122:[DBG]:CMD:[0x01]->[0x00]
[17:56:23:046]1288124:[DBG]:CMD:[0x20]->[0x00]
[17:56:23:343]1288426:[DBG]:CMD:[0x37]->[0x00]
[17:56:23:343]1288426:[DBG]:CMD:[0x01]->[0x00]
[17:56:23:343]1288428:[DBG]:CMD:[0x20]->[0x00]
[17:56:23:452]1288534:[DBG]:IIC:TEMP ID 0:0x00A6,0x0068,0x00E0,0x0098,
[17:56:23:452]1288534:[DBG]:IIC:TEMP ID 4:0x004E,0x006B,0x00E4,0x008E,
[17:56:23:655]1288728:[DBG]:CMD:[0x37]->[0x00]
[17:56:23:655]1288730:[DBG]:CMD:[0x01]->[0x00]
[17:56:23:655]1288730:[DBG]:CMD:[0x20]->[0x00]
[17:56:23:952]1289032:[DBG]:CMD:[0x37]->[0x00]
[17:56:23:952]1289034:[DBG]:CMD:[0x01]->[0x00]
[17:56:23:952]1289034:[DBG]:CMD:[0x20]->[0x00]
[17:56:24:249]1289336:[DBG]:CMD:[0x37]->[0x00]
[17:56:24:249]1289336:[DBG]:CMD:[0x01]->[0x00]
[17:56:24:249]1289338:[DBG]:CMD:[0x20]->[0x00]
[17:56:24:561]1289640:[DBG]:CMD:[0x37]->[0x00]
[17:56:24:561]1289640:[DBG]:CMD:[0x01]->[0x00]
[17:56:24:561]1289642:[DBG]:CMD:[0x20]->[0x00]
[17:56:24:858]1289942:[DBG]:CMD:[0x37]->[0x00]
[17:56:24:858]1289944:[DBG]:CMD:[0x01]->[0x00]
[17:56:24:858]1289944:[DBG]:CMD:[0x20]->[0x00]
[17:56:25:170]1290246:[DBG]:CMD:[0x37]->[0x00]
[17:56:25:170]1290246:[DBG]:CMD:[0x01]->[0x00]
[17:56:25:170]1290248:[DBG]:CMD:[0x20]->[0x00]
[17:56:25:435]1290534:[DBG]:IIC:TEMP ID 0:0x009D,0x0068,0x00DB,0x0098,
[17:56:25:435]1290534:[DBG]:IIC:TEMP ID 4:0x0053,0x006B,0x00DB,0x008E,
[17:56:25:467]1290550:[DBG]:CMD:[0x37]->[0x00]
[17:56:25:467]1290550:[DBG]:CMD:[0x01]->[0x00]
[17:56:25:467]1290552:[DBG]:CMD:[0x20]->[0x00]
[17:56:25:764]1290852:[DBG]:CMD:[0x37]->[0x00]
[17:56:25:764]1290854:[DBG]:CMD:[0x01]->[0x00]
[17:56:25:764]1290854:[DBG]:CMD:[0x20]->[0x00]
[17:56:26:076]1291156:[DBG]:CMD:[0x37]->[0x00]
[17:56:26:076]1291156:[DBG]:CMD:[0x01]->[0x00]
[17:56:26:076]1291160:[DBG]:CMD:[0x20]->[0x00]
[17:56:26:373]1291460:[DBG]:CMD:[0x37]->[0x00]
[17:56:26:373]1291462:[DBG]:CMD:[0x01]->[0x00]
[17:56:26:373]1291462:[DBG]:CMD:[0x20]->[0x00]
[17:56:26:686]1291764:[DBG]:CMD:[0x37]->[0x00]
[17:56:26:686]1291764:[DBG]:CMD:[0x01]->[0x00]
[17:56:26:686]1291766:[DBG]:CMD:[0x20]->[0x00]
[17:56:26:982]1292066:[DBG]:CMD:[0x37]->[0x00]
[17:56:26:982]1292068:[DBG]:CMD:[0x01]->[0x00]
[17:56:26:982]1292068:[DBG]:CMD:[0x20]->[0x00]
[17:56:27:279]1292370:[DBG]:CMD:[0x37]->[0x00]
[17:56:27:279]1292370:[DBG]:CMD:[0x01]->[0x00]
[17:56:27:279]1292372:[DBG]:CMD:[0x20]->[0x00]
[17:56:27:451]1292534:[DBG]:IIC:TEMP ID 0:0x009E,0x0068,0x00D8,0x0098,
[17:56:27:451]1292534:[DBG]:IIC:TEMP ID 4:0x0050,0x006B,0x00D8,0x008E,
[17:56:27:592]1292674:[DBG]:CMD:[0x37]->[0x00]
[17:56:27:592]1292674:[DBG]:CMD:[0x01]->[0x00]
[17:56:27:592]1292676:[DBG]:CMD:[0x20]->[0x00]
[17:56:27:888]1292978:[DBG]:CMD:[0x37]->[0x00]
[17:56:27:888]1292978:[DBG]:CMD:[0x01]->[0x00]
[17:56:27:888]1292978:[DBG]:CMD:[0x20]->[0x00]
[17:56:28:201]1293280:[DBG]:CMD:[0x37]->[0x00]
[17:56:28:201]1293282:[DBG]:CMD:[0x01]->[0x00]
[17:56:28:201]1293282:[DBG]:CMD:[0x20]->[0x00]
[17:56:28:498]1293584:[DBG]:CMD:[0x37]->[0x00]
[17:56:28:498]1293584:[DBG]:CMD:[0x01]->[0x00]
[17:56:28:498]1293586:[DBG]:CMD:[0x20]->[0x00]
[17:56:28:794]1293888:[DBG]:CMD:[0x37]->[0x00]
[17:56:28:794]1293888:[DBG]:CMD:[0x01]->[0x00]
[17:56:28:794]1293888:[DBG]:CMD:[0x20]->[0x00]
[17:56:29:107]1294190:[DBG]:CMD:[0x37]->[0x00]
[17:56:29:107]1294192:[DBG]:CMD:[0x01]->[0x00]
[17:56:29:107]1294192:[DBG]:CMD:[0x20]->[0x00]
[17:56:29:404]1294494:[DBG]:CMD:[0x37]->[0x00]
[17:56:29:404]1294494:[DBG]:CMD:[0x01]->[0x00]
[17:56:29:404]1294496:[DBG]:CMD:[0x20]->[0x00]
[17:56:29:450]1294534:[DBG]:IIC:TEMP ID 0:0x00AF,0x0068,0x00E7,0x0098,
[17:56:29:450]1294534:[DBG]:IIC:TEMP ID 4:0x004F,0x006B,0x00D7,0x008E,
[17:56:29:716]1294798:[DBG]:CMD:[0x37]->[0x00]
[17:56:29:716]1294798:[DBG]:CMD:[0x01]->[0x00]
[17:56:29:716]1294800:[DBG]:CMD:[0x20]->[0x00]
[17:56:30:013]1295100:[DBG]:CMD:[0x37]->[0x00]
[17:56:30:013]1295102:[DBG]:CMD:[0x01]->[0x00]
[17:56:30:013]1295102:[DBG]:CMD:[0x20]->[0x00]
[17:56:30:309]1295404:[DBG]:CMD:[0x37]->[0x00]
[17:56:30:309]1295404:[DBG]:CMD:[0x01]->[0x00]
[17:56:30:309]1295406:[DBG]:CMD:[0x20]->[0x00]
[17:56:30:622]1295706:[DBG]:CMD:[0x37]->[0x00]
[17:56:30:622]1295708:[DBG]:CMD:[0x01]->[0x00]
[17:56:30:622]1295708:[DBG]:CMD:[0x20]->[0x00]
[17:56:30:935]1296010:[DBG]:CMD:[0x37]->[0x00]
[17:56:30:935]1296010:[DBG]:CMD:[0x01]->[0x00]
[17:56:30:935]1296012:[DBG]:CMD:[0x20]->[0x00]
[17:56:31:231]1296314:[DBG]:CMD:[0x37]->[0x00]
[17:56:31:231]1296314:[DBG]:CMD:[0x01]->[0x00]
[17:56:31:231]1296318:[DBG]:CMD:[0x20]->[0x00]
[17:56:31:450]1296534:[DBG]:IIC:TEMP ID 0:0x00A6,0x0068,0x00F0,0x0098,
[17:56:31:450]1296534:[DBG]:IIC:TEMP ID 4:0x004E,0x006B,0x00E6,0x008E,
[17:56:31:528]1296620:[DBG]:CMD:[0x37]->[0x00]
[17:56:31:528]1296622:[DBG]:CMD:[0x01]->[0x00]
[17:56:31:528]1296622:[DBG]:CMD:[0x20]->[0x00]
[17:56:31:841]1296924:[DBG]:CMD:[0x37]->[0x00]
[17:56:31:841]1296924:[DBG]:CMD:[0x01]->[0x00]
[17:56:31:841]1296926:[DBG]:CMD:[0x20]->[0x00]
[17:56:32:137]1297228:[DBG]:CMD:[0x37]->[0x00]
[17:56:32:137]1297228:[DBG]:CMD:[0x01]->[0x00]
[17:56:32:137]1297228:[DBG]:CMD:[0x20]->[0x00]
[17:56:32:434]1297530:[DBG]:CMD:[0x37]->[0x00]
[17:56:32:434]1297532:[DBG]:CMD:[0x01]->[0x00]
[17:56:32:434]1297532:[DBG]:CMD:[0x20]->[0x00]
[17:56:32:747]1297834:[DBG]:CMD:[0x37]->[0x00]
[17:56:32:747]1297834:[DBG]:CMD:[0x01]->[0x00]
[17:56:32:747]1297836:[DBG]:CMD:[0x20]->[0x00]
[17:56:33:043]1298138:[DBG]:CMD:[0x37]->[0x00]
[17:56:33:043]1298138:[DBG]:CMD:[0x01]->[0x00]
[17:56:33:043]1298138:[DBG]:CMD:[0x20]->[0x00]
[17:56:33:356]1298440:[DBG]:CMD:[0x37]->[0x00]
[17:56:33:356]1298442:[DBG]:CMD:[0x01]->[0x00]
[17:56:33:356]1298442:[DBG]:CMD:[0x20]->[0x00]
[17:56:33:449]1298534:[DBG]:IIC:TEMP ID 0:0x00A9,0x0068,0x00DB,0x0098,
[17:56:33:449]1298534:[DBG]:IIC:TEMP ID 4:0x004F,0x006B,0x00CB,0x008E,
[17:56:33:652]1298744:[DBG]:CMD:[0x37]->[0x00]
[17:56:33:652]1298744:[DBG]:CMD:[0x01]->[0x00]
[17:56:33:652]1298746:[DBG]:CMD:[0x20]->[0x00]
[17:56:33:949]1299048:[DBG]:CMD:[0x37]->[0x00]
[17:56:33:949]1299048:[DBG]:CMD:[0x01]->[0x00]
[17:56:33:949]1299050:[DBG]:CMD:[0x20]->[0x00]
[17:56:34:262]1299350:[DBG]:CMD:[0x37]->[0x00]
[17:56:34:262]1299352:[DBG]:CMD:[0x01]->[0x00]
[17:56:34:262]1299352:[DBG]:CMD:[0x20]->[0x00]
[17:56:34:559]1299654:[DBG]:CMD:[0x37]->[0x00]
[17:56:34:559]1299654:[DBG]:CMD:[0x01]->[0x00]
[17:56:34:559]1299656:[DBG]:CMD:[0x20]->[0x00]
[17:56:34:871]1299960:[DBG]:CMD:[0x37]->[0x00]
[17:56:34:871]1299960:[DBG]:CMD:[0x01]->[0x00]
[17:56:34:871]1299962:[DBG]:CMD:[0x20]->[0x00]
[17:56:35:168]1300262:[DBG]:CMD:[0x37]->[0x00]
[17:56:35:168]1300264:[DBG]:CMD:[0x01]->[0x00]
[17:56:35:168]1300264:[DBG]:CMD:[0x20]->[0x00]
[17:56:35:433]1300534:[DBG]:IIC:TEMP ID 0:0x00B8,0x0068,0x00B8,0x0098,
[17:56:35:433]1300534:[DBG]:IIC:TEMP ID 4:0x0052,0x006B,0x00BA,0x008E,
[17:56:35:480]1300566:[DBG]:CMD:[0x37]->[0x00]
[17:56:35:480]1300566:[DBG]:CMD:[0x01]->[0x00]
[17:56:35:480]1300568:[DBG]:CMD:[0x20]->[0x00]
[17:56:35:777]1300870:[DBG]:CMD:[0x37]->[0x00]
[17:56:35:777]1300870:[DBG]:CMD:[0x01]->[0x00]
[17:56:35:777]1300870:[DBG]:CMD:[0x20]->[0x00]
[17:56:36:074]1301172:[DBG]:CMD:[0x37]->[0x00]
[17:56:36:074]1301172:[DBG]:CMD:[0x01]->[0x00]
[17:56:36:074]1301174:[DBG]:CMD:[0x20]->[0x00]
[17:56:36:386]1301476:[DBG]:CMD:[0x37]->[0x00]
[17:56:36:386]1301476:[DBG]:CMD:[0x01]->[0x00]
[17:56:36:386]1301478:[DBG]:CMD:[0x20]->[0x00]
[17:56:36:683]1301780:[DBG]:CMD:[0x37]->[0x00]
[17:56:36:683]1301780:[DBG]:CMD:[0x01]->[0x00]
[17:56:36:683]1301780:[DBG]:CMD:[0x20]->[0x00]
[17:56:36:996]1302082:[DBG]:CMD:[0x37]->[0x00]
[17:56:36:996]1302084:[DBG]:CMD:[0x01]->[0x00]
[17:56:36:996]1302084:[DBG]:CMD:[0x20]->[0x00]
[17:56:37:292]1302386:[DBG]:CMD:[0x37]->[0x00]
[17:56:37:292]1302386:[DBG]:CMD:[0x01]->[0x00]
[17:56:37:292]1302388:[DBG]:CMD:[0x20]->[0x00]
[17:56:37:433]1302534:[DBG]:IIC:TEMP ID 0:0x00B5,0x0068,0x00D1,0x0098,
[17:56:37:433]1302534:[DBG]:IIC:TEMP ID 4:0x0051,0x006B,0x00CD,0x008E,
[17:56:37:589]1302690:[DBG]:CMD:[0x37]->[0x00]
[17:56:37:589]1302690:[DBG]:CMD:[0x01]->[0x00]
[17:56:37:589]1302692:[DBG]:CMD:[0x20]->[0x00]
[17:56:37:902]1302992:[DBG]:CMD:[0x37]->[0x00]
[17:56:37:902]1302994:[DBG]:CMD:[0x01]->[0x00]
[17:56:37:902]1302994:[DBG]:CMD:[0x20]->[0x00]
[17:56:38:198]1303296:[DBG]:CMD:[0x37]->[0x00]
[17:56:38:198]1303296:[DBG]:CMD:[0x01]->[0x00]
[17:56:38:198]1303298:[DBG]:CMD:[0x20]->[0x00]
[17:56:38:495]1303598:[DBG]:CMD:[0x37]->[0x00]
[17:56:38:495]1303600:[DBG]:CMD:[0x01]->[0x00]
[17:56:38:495]1303600:[DBG]:CMD:[0x20]->[0x00]
[17:56:38:808]1303902:[DBG]:CMD:[0x37]->[0x00]
[17:56:38:808]1303902:[DBG]:CMD:[0x01]->[0x00]
[17:56:38:808]1303904:[DBG]:CMD:[0x20]->[0x00]
[17:56:39:120]1304206:[DBG]:CMD:[0x37]->[0x00]
[17:56:39:120]1304206:[DBG]:CMD:[0x01]->[0x00]
[17:56:39:120]1304208:[DBG]:CMD:[0x20]->[0x00]
[17:56:39:401]1304510:[DBG]:CMD:[0x37]->[0x00]
[17:56:39:401]1304510:[DBG]:CMD:[0x01]->[0x00]
[17:56:39:401]1304510:[DBG]:CMD:[0x20]->[0x00]
[17:56:39:432]1304534:[DBG]:IIC:TEMP ID 0:0x00A8,0x0068,0x00EA,0x0098,
[17:56:39:432]1304534:[DBG]:IIC:TEMP ID 4:0x0054,0x006B,0x00B8,0x008E,
[17:56:39:729]1304812:[DBG]:CMD:[0x37]->[0x00]
[17:56:39:729]1304814:[DBG]:CMD:[0x01]->[0x00]
[17:56:39:729]1304814:[DBG]:CMD:[0x20]->[0x00]
[17:56:40:026]1305118:[DBG]:CMD:[0x37]->[0x00]
[17:56:40:026]1305120:[DBG]:CMD:[0x01]->[0x00]
[17:56:40:026]1305122:[DBG]:CMD:[0x20]->[0x00]
[17:56:40:323]1305422:[DBG]:CMD:[0x37]->[0x00]
[17:56:40:323]1305424:[DBG]:CMD:[0x01]->[0x00]
[17:56:40:323]1305424:[DBG]:CMD:[0x20]->[0x00]
[17:56:40:635]1305726:[DBG]:CMD:[0x37]->[0x00]
[17:56:40:635]1305726:[DBG]:CMD:[0x01]->[0x00]
[17:56:40:635]1305728:[DBG]:CMD:[0x20]->[0x00]
[17:56:40:932]1306030:[DBG]:CMD:[0x37]->[0x00]
[17:56:40:932]1306030:[DBG]:CMD:[0x01]->[0x00]
[17:56:40:932]1306032:[DBG]:CMD:[0x20]->[0x00]
[17:56:41:229]1306332:[DBG]:CMD:[0x37]->[0x00]
[17:56:41:229]1306334:[DBG]:CMD:[0x01]->[0x00]
[17:56:41:229]1306334:[DBG]:CMD:[0x20]->[0x00]
[17:56:41:432]1306534:[DBG]:IIC:TEMP ID 0:0x009F,0x0068,0x00D3,0x0098,
[17:56:41:432]1306534:[DBG]:IIC:TEMP ID 4:0x004F,0x006B,0x00BD,0x008E,
[17:56:41:541]1306636:[DBG]:CMD:[0x37]->[0x00]
[17:56:41:541]1306636:[DBG]:CMD:[0x01]->[0x00]
[17:56:41:541]1306638:[DBG]:CMD:[0x20]->[0x00]
[17:56:41:838]1306940:[DBG]:CMD:[0x37]->[0x00]
[17:56:41:838]1306940:[DBG]:CMD:[0x01]->[0x00]
[17:56:41:838]1306942:[DBG]:CMD:[0x20]->[0x00]
[17:56:42:151]1307242:[DBG]:CMD:[0x37]->[0x00]
[17:56:42:151]1307244:[DBG]:CMD:[0x01]->[0x00]
[17:56:42:151]1307244:[DBG]:CMD:[0x20]->[0x00]
[17:56:42:447]1307546:[DBG]:CMD:[0x37]->[0x00]
[17:56:42:447]1307546:[DBG]:CMD:[0x01]->[0x00]
[17:56:42:447]1307548:[DBG]:CMD:[0x20]->[0x00]
[17:56:42:744]1307850:[DBG]:CMD:[0x37]->[0x00]
[17:56:42:744]1307850:[DBG]:CMD:[0x01]->[0x00]
[17:56:42:744]1307852:[DBG]:CMD:[0x20]->[0x00]
[17:56:43:057]1308152:[DBG]:CMD:[0x37]->[0x00]
[17:56:43:057]1308154:[DBG]:CMD:[0x01]->[0x00]
[17:56:43:057]1308154:[DBG]:CMD:[0x20]->[0x00]
[17:56:43:353]1308456:[DBG]:CMD:[0x37]->[0x00]
[17:56:43:353]1308456:[DBG]:CMD:[0x01]->[0x00]
[17:56:43:353]1308460:[DBG]:CMD:[0x20]->[0x00]
[17:56:43:432]1308534:[DBG]:IIC:TEMP ID 0:0x00A0,0x0068,0x00DC,0x0098,
[17:56:43:432]1308534:[DBG]:IIC:TEMP ID 4:0x0050,0x006B,0x00C0,0x008E,
[17:56:43:666]1308760:[DBG]:CMD:[0x37]->[0x00]
[17:56:43:666]1308760:[DBG]:CMD:[0x01]->[0x00]
[17:56:43:666]1308762:[DBG]:CMD:[0x20]->[0x00]
[17:56:43:963]1309064:[DBG]:CMD:[0x37]->[0x00]
[17:56:43:963]1309064:[DBG]:CMD:[0x01]->[0x00]
[17:56:43:963]1309066:[DBG]:CMD:[0x20]->[0x00]
[17:56:44:259]1309366:[DBG]:CMD:[0x37]->[0x00]
[17:56:44:259]1309368:[DBG]:CMD:[0x01]->[0x00]
[17:56:44:259]1309370:[DBG]:CMD:[0x20]->[0x00]
[17:56:44:572]1309670:[DBG]:CMD:[0x37]->[0x00]
[17:56:44:572]1309670:[DBG]:CMD:[0x01]->[0x00]
[17:56:44:572]1309672:[DBG]:CMD:[0x20]->[0x00]
[17:56:44:869]1309974:[DBG]:CMD:[0x37]->[0x00]
[17:56:44:869]1309974:[DBG]:CMD:[0x01]->[0x00]
[17:56:44:869]1309976:[DBG]:CMD:[0x20]->[0x00]
[17:56:45:181]1310278:[DBG]:CMD:[0x37]->[0x00]
[17:56:45:181]1310278:[DBG]:CMD:[0x01]->[0x00]
[17:56:45:181]1310278:[DBG]:CMD:[0x20]->[0x00]
[17:56:45:431]1310534:[DBG]:IIC:TEMP ID 0:0x00B5,0x0068,0x00DF,0x0098,
[17:56:45:431]1310534:[DBG]:IIC:TEMP ID 4:0x004F,0x006B,0x00B5,0x008E,
[17:56:45:478]1310580:[DBG]:CMD:[0x37]->[0x00]
[17:56:45:478]1310582:[DBG]:CMD:[0x01]->[0x00]
[17:56:45:478]1310582:[DBG]:CMD:[0x20]->[0x00]
[17:56:45:775]1310884:[DBG]:CMD:[0x37]->[0x00]
[17:56:45:775]1310884:[DBG]:CMD:[0x01]->[0x00]
[17:56:45:775]1310886:[DBG]:CMD:[0x20]->[0x00]
[17:56:46:087]1311188:[DBG]:CMD:[0x37]->[0x00]
[17:56:46:087]1311188:[DBG]:CMD:[0x01]->[0x00]
[17:56:46:087]1311188:[DBG]:CMD:[0x20]->[0x00]
[17:56:46:384]1311490:[DBG]:CMD:[0x37]->[0x00]
[17:56:46:384]1311492:[DBG]:CMD:[0x01]->[0x00]
[17:56:46:384]1311492:[DBG]:CMD:[0x20]->[0x00]
[17:56:46:696]1311794:[DBG]:CMD:[0x37]->[0x00]
[17:56:46:696]1311794:[DBG]:CMD:[0x01]->[0x00]
[17:56:46:696]1311796:[DBG]:CMD:[0x20]->[0x00]
[17:56:46:993]1312098:[DBG]:CMD:[0x37]->[0x00]
[17:56:46:993]1312098:[DBG]:CMD:[0x01]->[0x00]
[17:56:46:993]1312100:[DBG]:CMD:[0x20]->[0x00]
[17:56:47:290]1312400:[DBG]:CMD:[0x37]->[0x00]
[17:56:47:290]1312402:[DBG]:CMD:[0x01]->[0x00]
[17:56:47:290]1312402:[DBG]:CMD:[0x20]->[0x00]
[17:56:47:431]1312534:[DBG]:IIC:TEMP ID 0:0x00B4,0x0068,0x00D2,0x0098,
[17:56:47:431]1312534:[DBG]:IIC:TEMP ID 4:0x0050,0x006B,0x00BA,0x008E,
[17:56:47:602]1312704:[DBG]:CMD:[0x37]->[0x00]
[17:56:47:602]1312704:[DBG]:CMD:[0x01]->[0x00]
[17:56:47:602]1312706:[DBG]:CMD:[0x20]->[0x00]
[17:56:47:915]1313008:[DBG]:CMD:[0x37]->[0x00]
[17:56:47:915]1313008:[DBG]:CMD:[0x01]->[0x00]
[17:56:47:915]1313010:[DBG]:CMD:[0x20]->[0x00]
[17:56:48:212]1313310:[DBG]:CMD:[0x37]->[0x00]
[17:56:48:212]1313312:[DBG]:CMD:[0x01]->[0x00]
[17:56:48:212]1313312:[DBG]:CMD:[0x20]->[0x00]
[17:56:48:508]1313614:[DBG]:CMD:[0x37]->[0x00]
[17:56:48:508]1313614:[DBG]:CMD:[0x01]->[0x00]
[17:56:48:508]1313618:[DBG]:CMD:[0x20]->[0x00]
[17:56:48:821]1313920:[DBG]:CMD:[0x37]->[0x00]
[17:56:48:821]1313922:[DBG]:CMD:[0x01]->[0x00]
[17:56:48:821]1313922:[DBG]:CMD:[0x20]->[0x00]
[17:56:49:118]1314224:[DBG]:CMD:[0x37]->[0x00]
[17:56:49:118]1314224:[DBG]:CMD:[0x01]->[0x00]
[17:56:49:118]1314226:[DBG]:CMD:[0x20]->[0x00]
[17:56:49:399]1314526:[DBG]:CMD:[0x37]->[0x00]
[17:56:49:399]1314528:[DBG]:CMD:[0x01]->[0x00]
[17:56:49:399]1314528:[DBG]:CMD:[0x20]->[0x00]
[17:56:49:430]1314534:[DBG]:IIC:TEMP ID 0:0x00BB,0x0068,0x00D7,0x0098,
[17:56:49:430]1314534:[DBG]:IIC:TEMP ID 4:0x0059,0x006B,0x00B7,0x008E,
[17:56:49:727]1314830:[DBG]:CMD:[0x37]->[0x00]
[17:56:49:727]1314830:[DBG]:CMD:[0x01]->[0x00]
[17:56:49:727]1314832:[DBG]:CMD:[0x20]->[0x00]
[17:56:50:024]1315132:[DBG]:CMD:[0x37]->[0x00]
[17:56:50:024]1315134:[DBG]:CMD:[0x01]->[0x00]
[17:56:50:024]1315134:[DBG]:CMD:[0x20]->[0x00]
[17:56:50:321]1315436:[DBG]:CMD:[0x37]->[0x00]
[17:56:50:321]1315436:[DBG]:CMD:[0x01]->[0x00]
[17:56:50:321]1315438:[DBG]:CMD:[0x20]->[0x00]
[17:56:50:633]1315738:[DBG]:CMD:[0x37]->[0x00]
[17:56:50:633]1315740:[DBG]:CMD:[0x01]->[0x00]
[17:56:50:633]1315740:[DBG]:CMD:[0x20]->[0x00]
[17:56:50:930]1316042:[DBG]:CMD:[0x37]->[0x00]
[17:56:50:930]1316042:[DBG]:CMD:[0x01]->[0x00]
[17:56:50:930]1316044:[DBG]:CMD:[0x20]->[0x00]
[17:56:51:242]1316344:[DBG]:CMD:[0x37]->[0x00]
[17:56:51:242]1316346:[DBG]:CMD:[0x01]->[0x00]
[17:56:51:242]1316346:[DBG]:CMD:[0x20]->[0x00]
[17:56:51:430]1316534:[DBG]:IIC:TEMP ID 0:0x00AE,0x0068,0x00DA,0x0098,
[17:56:51:430]1316534:[DBG]:IIC:TEMP ID 4:0x0056,0x006B,0x00BE,0x008E,
[17:56:51:539]1316648:[DBG]:CMD:[0x37]->[0x00]
[17:56:51:539]1316648:[DBG]:CMD:[0x01]->[0x00]
[17:56:51:539]1316650:[DBG]:CMD:[0x20]->[0x00]
[17:56:51:836]1316950:[DBG]:CMD:[0x37]->[0x00]
[17:56:51:836]1316952:[DBG]:CMD:[0x01]->[0x00]
[17:56:51:836]1316952:[DBG]:CMD:[0x20]->[0x00]
[17:56:52:148]1317254:[DBG]:CMD:[0x37]->[0x00]
[17:56:52:148]1317254:[DBG]:CMD:[0x01]->[0x00]
[17:56:52:148]1317256:[DBG]:CMD:[0x20]->[0x00]
[17:56:52:445]1317556:[DBG]:CMD:[0x37]->[0x00]
[17:56:52:445]1317560:[DBG]:CMD:[0x01]->[0x00]
[17:56:52:445]1317560:[DBG]:CMD:[0x20]->[0x00]
[17:56:52:758]1317862:[DBG]:CMD:[0x37]->[0x00]
[17:56:52:758]1317862:[DBG]:CMD:[0x01]->[0x00]
[17:56:52:758]1317862:[DBG]:CMD:[0x20]->[0x00]
[17:56:53:054]1318164:[DBG]:CMD:[0x37]->[0x00]
[17:56:53:054]1318164:[DBG]:CMD:[0x01]->[0x00]
[17:56:53:054]1318166:[DBG]:CMD:[0x20]->[0x00]
[17:56:53:351]1318466:[DBG]:CMD:[0x37]->[0x00]
[17:56:53:351]1318468:[DBG]:CMD:[0x01]->[0x00]
[17:56:53:351]1318468:[DBG]:CMD:[0x20]->[0x00]
[17:56:53:429]1318534:[DBG]:IIC:TEMP ID 0:0x00BF,0x0068,0x00D7,0x0098,
[17:56:53:429]1318534:[DBG]:IIC:TEMP ID 4:0x0059,0x006B,0x00B5,0x008E,
[17:56:53:663]1318770:[DBG]:CMD:[0x37]->[0x00]
[17:56:53:663]1318770:[DBG]:CMD:[0x01]->[0x00]
[17:56:53:663]1318772:[DBG]:CMD:[0x20]->[0x00]
[17:56:53:960]1319074:[DBG]:CMD:[0x37]->[0x00]
[17:56:53:960]1319074:[DBG]:CMD:[0x01]->[0x00]
[17:56:53:960]1319074:[DBG]:CMD:[0x20]->[0x00]
[17:56:54:257]1319376:[DBG]:CMD:[0x37]->[0x00]
[17:56:54:257]1319378:[DBG]:CMD:[0x01]->[0x00]
[17:56:54:257]1319378:[DBG]:CMD:[0x20]->[0x00]
[17:56:54:570]1319680:[DBG]:CMD:[0x37]->[0x00]
[17:56:54:570]1319680:[DBG]:CMD:[0x01]->[0x00]
[17:56:54:570]1319682:[DBG]:CMD:[0x20]->[0x00]
[17:56:54:866]1319982:[DBG]:CMD:[0x37]->[0x00]
[17:56:54:866]1319982:[DBG]:CMD:[0x01]->[0x00]
[17:56:54:866]1319984:[DBG]:CMD:[0x20]->[0x00]
[17:56:55:179]1320286:[DBG]:CMD:[0x37]->[0x00]
[17:56:55:179]1320286:[DBG]:CMD:[0x01]->[0x00]
[17:56:55:179]1320288:[DBG]:CMD:[0x20]->[0x00]
[17:56:55:429]1320534:[DBG]:IIC:TEMP ID 0:0x00B2,0x0068,0x00C8,0x0098,
[17:56:55:429]1320534:[DBG]:IIC:TEMP ID 4:0x0058,0x006B,0x009E,0x008E,
[17:56:55:476]1320588:[DBG]:CMD:[0x37]->[0x00]
[17:56:55:476]1320588:[DBG]:CMD:[0x01]->[0x00]
[17:56:55:476]1320590:[DBG]:CMD:[0x20]->[0x00]
[17:56:55:772]1320892:[DBG]:CMD:[0x37]->[0x00]
[17:56:55:772]1320892:[DBG]:CMD:[0x01]->[0x00]
[17:56:55:772]1320892:[DBG]:CMD:[0x20]->[0x00]
[17:56:56:085]1321194:[DBG]:CMD:[0x37]->[0x00]
[17:56:56:085]1321196:[DBG]:CMD:[0x01]->[0x00]
[17:56:56:085]1321196:[DBG]:CMD:[0x20]->[0x00]
[17:56:56:382]1321498:[DBG]:CMD:[0x37]->[0x00]
[17:56:56:382]1321498:[DBG]:CMD:[0x01]->[0x00]
[17:56:56:382]1321500:[DBG]:CMD:[0x20]->[0x00]
[17:56:56:678]1321800:[DBG]:CMD:[0x37]->[0x00]
[17:56:56:678]1321800:[DBG]:CMD:[0x01]->[0x00]
[17:56:56:678]1321802:[DBG]:CMD:[0x20]->[0x00]
[17:56:56:991]1322102:[DBG]:CMD:[0x37]->[0x00]
[17:56:56:991]1322104:[DBG]:CMD:[0x01]->[0x00]
[17:56:56:991]1322104:[DBG]:CMD:[0x20]->[0x00]
[17:56:57:303]1322406:[DBG]:CMD:[0x37]->[0x00]
[17:56:57:303]1322406:[DBG]:CMD:[0x01]->[0x00]
[17:56:57:303]1322408:[DBG]:CMD:[0x20]->[0x00]
[17:56:57:413]1322534:[DBG]:IIC:TEMP ID 0:0x00BB,0x0068,0x00D1,0x0098,
[17:56:57:413]1322534:[DBG]:IIC:TEMP ID 4:0x0055,0x006B,0x00A5,0x008E,
[17:56:57:600]1322708:[DBG]:CMD:[0x37]->[0x00]
[17:56:57:600]1322710:[DBG]:CMD:[0x01]->[0x00]
[17:56:57:600]1322710:[DBG]:CMD:[0x20]->[0x00]
[17:56:57:897]1323012:[DBG]:CMD:[0x37]->[0x00]
[17:56:57:897]1323012:[DBG]:CMD:[0x01]->[0x00]
[17:56:57:897]1323014:[DBG]:CMD:[0x20]->[0x00]
[17:56:58:209]1323314:[DBG]:CMD:[0x37]->[0x00]
[17:56:58:209]1323318:[DBG]:CMD:[0x01]->[0x00]
[17:56:58:209]1323320:[DBG]:CMD:[0x20]->[0x00]
[17:56:58:506]1323622:[DBG]:CMD:[0x37]->[0x00]
[17:56:58:506]1323622:[DBG]:CMD:[0x01]->[0x00]
[17:56:58:506]1323622:[DBG]:CMD:[0x20]->[0x00]
[17:56:58:803]1323924:[DBG]:CMD:[0x37]->[0x00]
[17:56:58:803]1323926:[DBG]:CMD:[0x01]->[0x00]
[17:56:58:803]1323926:[DBG]:CMD:[0x20]->[0x00]
[17:56:59:115]1324228:[DBG]:CMD:[0x37]->[0x00]
[17:56:59:115]1324228:[DBG]:CMD:[0x01]->[0x00]
[17:56:59:115]1324230:[DBG]:CMD:[0x20]->[0x00]
[17:56:59:381]1324530:[DBG]:CMD:[0x37]->[0x00]
[17:56:59:381]1324532:[DBG]:CMD:[0x01]->[0x00]
[17:56:59:381]1324532:[DBG]:CMD:[0x20]->[0x00]
[17:56:59:427]1324534:[DBG]:IIC:TEMP ID 0:0x009E,0x0068,0x00EC,0x0098,
[17:56:59:427]1324534:[DBG]:IIC:TEMP ID 4:0x0056,0x006B,0x00A6,0x008E,
[17:56:59:709]1324834:[DBG]:CMD:[0x37]->[0x00]
[17:56:59:709]1324834:[DBG]:CMD:[0x01]->[0x00]
[17:56:59:709]1324836:[DBG]:CMD:[0x20]->[0x00]
[17:57:00:021]1325136:[DBG]:CMD:[0x37]->[0x00]
[17:57:00:021]1325138:[DBG]:CMD:[0x01]->[0x00]
[17:57:00:021]1325138:[DBG]:CMD:[0x20]->[0x00]
[17:57:00:318]1325440:[DBG]:CMD:[0x37]->[0x00]
[17:57:00:318]1325440:[DBG]:CMD:[0x01]->[0x00]
[17:57:00:318]1325442:[DBG]:CMD:[0x20]->[0x00]
[17:57:00:631]1325744:[DBG]:CMD:[0x37]->[0x00]
[17:57:00:631]1325744:[DBG]:CMD:[0x01]->[0x00]
[17:57:00:631]1325744:[DBG]:CMD:[0x20]->[0x00]
[17:57:00:927]1326046:[DBG]:CMD:[0x37]->[0x00]
[17:57:00:927]1326048:[DBG]:CMD:[0x01]->[0x00]
[17:57:00:927]1326048:[DBG]:CMD:[0x20]->[0x00]
[17:57:01:240]1326350:[DBG]:CMD:[0x37]->[0x00]
[17:57:01:240]1326350:[DBG]:CMD:[0x01]->[0x00]
[17:57:01:240]1326352:[DBG]:CMD:[0x20]->[0x00]
[17:57:01:412]1326534:[DBG]:IIC:TEMP ID 0:0x00B9,0x0068,0x00E3,0x0098,
[17:57:01:412]1326534:[DBG]:IIC:TEMP ID 4:0x0059,0x006B,0x009D,0x008E,
[17:57:01:537]1326652:[DBG]:CMD:[0x37]->[0x00]
[17:57:01:537]1326654:[DBG]:CMD:[0x01]->[0x00]
[17:57:01:537]1326654:[DBG]:CMD:[0x20]->[0x00]
[17:57:01:833]1326956:[DBG]:CMD:[0x37]->[0x00]
[17:57:01:833]1326956:[DBG]:CMD:[0x01]->[0x00]
[17:57:01:833]1326960:[DBG]:CMD:[0x20]->[0x00]
[17:57:02:146]1327260:[DBG]:CMD:[0x37]->[0x00]
[17:57:02:146]1327260:[DBG]:CMD:[0x01]->[0x00]
[17:57:02:146]1327262:[DBG]:CMD:[0x20]->[0x00]
[17:57:02:443]1327562:[DBG]:CMD:[0x37]->[0x00]
[17:57:02:443]1327564:[DBG]:CMD:[0x01]->[0x00]
[17:57:02:443]1327564:[DBG]:CMD:[0x20]->[0x00]
[17:57:02:740]1327866:[DBG]:CMD:[0x37]->[0x00]
[17:57:02:740]1327866:[DBG]:CMD:[0x01]->[0x00]
[17:57:02:740]1327868:[DBG]:CMD:[0x20]->[0x00]
[17:57:03:052]1328170:[DBG]:CMD:[0x37]->[0x00]
[17:57:03:052]1328170:[DBG]:CMD:[0x01]->[0x00]
[17:57:03:052]1328170:[DBG]:CMD:[0x20]->[0x00]
[17:57:03:349]1328472:[DBG]:CMD:[0x37]->[0x00]
[17:57:03:349]1328474:[DBG]:CMD:[0x01]->[0x00]
[17:57:03:349]1328474:[DBG]:CMD:[0x20]->[0x00]
[17:57:03:411]1328534:[DBG]:IIC:TEMP ID 0:0x00A2,0x0068,0x00D4,0x0098,
[17:57:03:411]1328534:[DBG]:IIC:TEMP ID 4:0x0052,0x006B,0x00A6,0x008E,
[17:57:03:645]1328776:[DBG]:CMD:[0x37]->[0x00]
[17:57:03:645]1328776:[DBG]:CMD:[0x01]->[0x00]
[17:57:03:645]1328778:[DBG]:CMD:[0x20]->[0x00]
[17:57:03:958]1329078:[DBG]:CMD:[0x37]->[0x00]
[17:57:03:958]1329078:[DBG]:CMD:[0x01]->[0x00]
[17:57:03:958]1329080:[DBG]:CMD:[0x20]->[0x00]
[17:57:04:255]1329380:[DBG]:CMD:[0x37]->[0x00]
[17:57:04:255]1329382:[DBG]:CMD:[0x01]->[0x00]
[17:57:04:255]1329382:[DBG]:CMD:[0x20]->[0x00]
[17:57:04:567]1329684:[DBG]:CMD:[0x37]->[0x00]
[17:57:04:567]1329684:[DBG]:CMD:[0x01]->[0x00]
[17:57:04:567]1329686:[DBG]:CMD:[0x20]->[0x00]
[17:57:04:864]1329986:[DBG]:CMD:[0x37]->[0x00]
[17:57:04:864]1329988:[DBG]:CMD:[0x01]->[0x00]
[17:57:04:864]1329988:[DBG]:CMD:[0x20]->[0x00]
[17:57:05:161]1330290:[DBG]:CMD:[0x37]->[0x00]
[17:57:05:161]1330290:[DBG]:CMD:[0x01]->[0x00]
[17:57:05:161]1330292:[DBG]:CMD:[0x20]->[0x00]
[17:57:05:411]1330534:[DBG]:IIC:TEMP ID 0:0x009B,0x0068,0x00EB,0x0098,
[17:57:05:411]1330534:[DBG]:IIC:TEMP ID 4:0x0057,0x006B,0x009B,0x008E,
[17:57:05:473]1330592:[DBG]:CMD:[0x37]->[0x00]
[17:57:05:473]1330594:[DBG]:CMD:[0x01]->[0x00]
[17:57:05:473]1330594:[DBG]:CMD:[0x20]->[0x00]
[17:57:05:770]1330896:[DBG]:CMD:[0x37]->[0x00]
[17:57:05:770]1330896:[DBG]:CMD:[0x01]->[0x00]
[17:57:05:770]1330898:[DBG]:CMD:[0x20]->[0x00]
[17:57:06:082]1331202:[DBG]:CMD:[0x37]->[0x00]
[17:57:06:082]1331202:[DBG]:CMD:[0x01]->[0x00]
[17:57:06:082]1331204:[DBG]:CMD:[0x20]->[0x00]
[17:57:06:379]1331504:[DBG]:CMD:[0x37]->[0x00]
[17:57:06:379]1331506:[DBG]:CMD:[0x01]->[0x00]
[17:57:06:379]1331506:[DBG]:CMD:[0x20]->[0x00]
[17:57:06:692]1331808:[DBG]:CMD:[0x37]->[0x00]
[17:57:06:692]1331808:[DBG]:CMD:[0x01]->[0x00]
[17:57:06:692]1331810:[DBG]:CMD:[0x20]->[0x00]
[17:57:06:989]1332110:[DBG]:CMD:[0x37]->[0x00]
[17:57:06:989]1332112:[DBG]:CMD:[0x01]->[0x00]
[17:57:06:989]1332112:[DBG]:CMD:[0x20]->[0x00]
[17:57:07:301]1332414:[DBG]:CMD:[0x37]->[0x00]
[17:57:07:301]1332414:[DBG]:CMD:[0x01]->[0x00]
[17:57:07:301]1332418:[DBG]:CMD:[0x20]->[0x00]
[17:57:07:410]1332534:[DBG]:IIC:TEMP ID 0:0x00BC,0x0068,0x00DA,0x0098,
[17:57:07:410]1332534:[DBG]:IIC:TEMP ID 4:0x0054,0x006B,0x008E,0x008E,
[17:57:07:598]1332720:[DBG]:CMD:[0x37]->[0x00]
[17:57:07:598]1332722:[DBG]:CMD:[0x01]->[0x00]
[17:57:07:598]1332722:[DBG]:CMD:[0x20]->[0x00]
[17:57:07:895]1333024:[DBG]:CMD:[0x37]->[0x00]
[17:57:07:895]1333024:[DBG]:CMD:[0x01]->[0x00]
[17:57:07:895]1333026:[DBG]:CMD:[0x20]->[0x00]
[17:57:08:207]1333326:[DBG]:CMD:[0x37]->[0x00]
[17:57:08:207]1333326:[DBG]:CMD:[0x01]->[0x00]
[17:57:08:207]1333328:[DBG]:CMD:[0x20]->[0x00]
[17:57:08:504]1333628:[DBG]:CMD:[0x37]->[0x00]
[17:57:08:504]1333630:[DBG]:CMD:[0x01]->[0x00]
[17:57:08:504]1333630:[DBG]:CMD:[0x20]->[0x00]
[17:57:08:801]1333932:[DBG]:CMD:[0x37]->[0x00]
[17:57:08:801]1333932:[DBG]:CMD:[0x01]->[0x00]
[17:57:08:801]1333934:[DBG]:CMD:[0x20]->[0x00]
[17:57:09:113]1334236:[DBG]:CMD:[0x37]->[0x00]
[17:57:09:113]1334236:[DBG]:CMD:[0x01]->[0x00]
[17:57:09:113]1334236:[DBG]:CMD:[0x20]->[0x00]
[17:57:09:378]1334534:[DBG]:IIC:TEMP ID 0:0x00A1,0x0068,0x0015,0x0099,
[17:57:09:378]1334534:[DBG]:IIC:TEMP ID 4:0x0057,0x006B,0x007F,0x008E,
[17:57:09:410]1334538:[DBG]:CMD:[0x37]->[0x00]
[17:57:09:410]1334540:[DBG]:CMD:[0x01]->[0x00]
[17:57:09:410]1334540:[DBG]:CMD:[0x20]->[0x00]
[17:57:09:706]1334842:[DBG]:CMD:[0x37]->[0x00]
[17:57:09:706]1334842:[DBG]:CMD:[0x01]->[0x00]
[17:57:09:706]1334844:[DBG]:CMD:[0x20]->[0x00]
[17:57:10:019]1335144:[DBG]:CMD:[0x37]->[0x00]
[17:57:10:019]1335144:[DBG]:CMD:[0x01]->[0x00]
[17:57:10:019]1335146:[DBG]:CMD:[0x20]->[0x00]
[17:57:10:316]1335446:[DBG]:CMD:[0x37]->[0x00]
[17:57:10:316]1335448:[DBG]:CMD:[0x01]->[0x00]
[17:57:10:316]1335448:[DBG]:CMD:[0x20]->[0x00]
[17:57:10:628]1335750:[DBG]:CMD:[0x37]->[0x00]
[17:57:10:628]1335750:[DBG]:CMD:[0x01]->[0x00]
[17:57:10:628]1335752:[DBG]:CMD:[0x20]->[0x00]
[17:57:10:925]1336052:[DBG]:CMD:[0x37]->[0x00]
[17:57:10:925]1336054:[DBG]:CMD:[0x01]->[0x00]
[17:57:10:925]1336054:[DBG]:CMD:[0x20]->[0x00]
[17:57:11:222]1336356:[DBG]:CMD:[0x37]->[0x00]
[17:57:11:222]1336356:[DBG]:CMD:[0x01]->[0x00]
[17:57:11:222]1336360:[DBG]:CMD:[0x20]->[0x00]
[17:57:11:409]1336534:[DBG]:IIC:TEMP ID 0:0x00A4,0x0068,0x00E4,0x0098,
[17:57:11:409]1336534:[DBG]:IIC:TEMP ID 4:0x0058,0x006B,0x0094,0x008E,
[17:57:11:534]1336660:[DBG]:CMD:[0x37]->[0x00]
[17:57:11:534]1336660:[DBG]:CMD:[0x01]->[0x00]
[17:57:11:534]1336662:[DBG]:CMD:[0x20]->[0x00]
[17:57:11:831]1336964:[DBG]:CMD:[0x37]->[0x00]
[17:57:11:831]1336964:[DBG]:CMD:[0x01]->[0x00]
[17:57:11:831]1336966:[DBG]:CMD:[0x20]->[0x00]
[17:57:12:144]1337266:[DBG]:CMD:[0x37]->[0x00]
[17:57:12:144]1337266:[DBG]:CMD:[0x01]->[0x00]
[17:57:12:144]1337268:[DBG]:CMD:[0x20]->[0x00]
[17:57:12:440]1337570:[DBG]:CMD:[0x37]->[0x00]
[17:57:12:440]1337570:[DBG]:CMD:[0x01]->[0x00]
[17:57:12:440]1337570:[DBG]:CMD:[0x20]->[0x00]
[17:57:12:737]1337872:[DBG]:CMD:[0x37]->[0x00]
[17:57:12:737]1337874:[DBG]:CMD:[0x01]->[0x00]
[17:57:12:737]1337874:[DBG]:CMD:[0x20]->[0x00]
[17:57:13:050]1338176:[DBG]:CMD:[0x37]->[0x00]
[17:57:13:050]1338176:[DBG]:CMD:[0x01]->[0x00]
[17:57:13:050]1338178:[DBG]:CMD:[0x20]->[0x00]
[17:57:13:346]1338478:[DBG]:CMD:[0x37]->[0x00]
[17:57:13:346]1338480:[DBG]:CMD:[0x01]->[0x00]
[17:57:13:346]1338480:[DBG]:CMD:[0x20]->[0x00]
[17:57:13:409]1338534:[DBG]:IIC:TEMP ID 0:0x0099,0x0068,0x000D,0x0099,
[17:57:13:409]1338534:[DBG]:IIC:TEMP ID 4:0x0053,0x006B,0x0091,0x008E,
[17:57:13:643]1338782:[DBG]:CMD:[0x37]->[0x00]
[17:57:13:643]1338782:[DBG]:CMD:[0x01]->[0x00]
[17:57:13:643]1338784:[DBG]:CMD:[0x20]->[0x00]
[17:57:13:956]1339084:[DBG]:CMD:[0x37]->[0x00]
[17:57:13:956]1339084:[DBG]:CMD:[0x01]->[0x00]
[17:57:13:956]1339086:[DBG]:CMD:[0x20]->[0x00]
[17:57:14:252]1339388:[DBG]:CMD:[0x37]->[0x00]
[17:57:14:252]1339388:[DBG]:CMD:[0x01]->[0x00]
[17:57:14:252]1339390:[DBG]:CMD:[0x20]->[0x00]
[17:57:14:565]1339690:[DBG]:CMD:[0x37]->[0x00]
[17:57:14:565]1339692:[DBG]:CMD:[0x01]->[0x00]
[17:57:14:565]1339692:[DBG]:CMD:[0x20]->[0x00]
[17:57:14:862]1339994:[DBG]:CMD:[0x37]->[0x00]
[17:57:14:862]1339994:[DBG]:CMD:[0x01]->[0x00]
[17:57:14:862]1339996:[DBG]:CMD:[0x20]->[0x00]
[17:57:15:158]1340296:[DBG]:CMD:[0x37]->[0x00]
[17:57:15:158]1340296:[DBG]:CMD:[0x01]->[0x00]
[17:57:15:158]1340298:[DBG]:CMD:[0x20]->[0x00]
[17:57:15:408]1340534:[DBG]:IIC:TEMP ID 0:0x00B0,0x0068,0x00E0,0x0098,
[17:57:15:408]1340534:[DBG]:IIC:TEMP ID 4:0x0056,0x006B,0x0094,0x008E,
[17:57:15:471]1340600:[DBG]:CMD:[0x37]->[0x00]
[17:57:15:471]1340600:[DBG]:CMD:[0x01]->[0x00]
[17:57:15:471]1340602:[DBG]:CMD:[0x20]->[0x00]
[17:57:15:768]1340902:[DBG]:CMD:[0x37]->[0x00]
[17:57:15:768]1340902:[DBG]:CMD:[0x01]->[0x00]
[17:57:15:768]1340904:[DBG]:CMD:[0x20]->[0x00]
[17:57:16:065]1341206:[DBG]:CMD:[0x37]->[0x00]
[17:57:16:065]1341206:[DBG]:CMD:[0x01]->[0x00]
[17:57:16:065]1341206:[DBG]:CMD:[0x20]->[0x00]
[17:57:16:377]1341508:[DBG]:CMD:[0x37]->[0x00]
[17:57:16:377]1341508:[DBG]:CMD:[0x01]->[0x00]
[17:57:16:377]1341510:[DBG]:CMD:[0x20]->[0x00]
[17:57:16:689]1341812:[DBG]:CMD:[0x37]->[0x00]
[17:57:16:689]1341812:[DBG]:CMD:[0x01]->[0x00]
[17:57:16:689]1341812:[DBG]:CMD:[0x20]->[0x00]
[17:57:16:986]1342114:[DBG]:CMD:[0x37]->[0x00]
[17:57:16:986]1342114:[DBG]:CMD:[0x01]->[0x00]
[17:57:16:986]1342118:[DBG]:CMD:[0x20]->[0x00]
[17:57:17:283]1342420:[DBG]:CMD:[0x37]->[0x00]
[17:57:17:283]1342422:[DBG]:CMD:[0x01]->[0x00]
[17:57:17:283]1342422:[DBG]:CMD:[0x20]->[0x00]
[17:57:17:392]1342534:[DBG]:IIC:TEMP ID 0:0x00B9,0x0068,0x0005,0x0099,
[17:57:17:392]1342534:[DBG]:IIC:TEMP ID 4:0x0059,0x006B,0x0083,0x008E,
[17:57:17:595]1342724:[DBG]:CMD:[0x37]->[0x00]
[17:57:17:595]1342724:[DBG]:CMD:[0x01]->[0x00]
[17:57:17:595]1342726:[DBG]:CMD:[0x20]->[0x00]
[17:57:17:892]1343026:[DBG]:CMD:[0x37]->[0x00]
[17:57:17:892]1343028:[DBG]:CMD:[0x01]->[0x00]
[17:57:17:892]1343028:[DBG]:CMD:[0x20]->[0x00]
[17:57:18:189]1343330:[DBG]:CMD:[0x37]->[0x00]
[17:57:18:189]1343330:[DBG]:CMD:[0x01]->[0x00]
[17:57:18:189]1343332:[DBG]:CMD:[0x20]->[0x00]
[17:57:18:501]1343632:[DBG]:CMD:[0x37]->[0x00]
[17:57:18:501]1343632:[DBG]:CMD:[0x01]->[0x00]
[17:57:18:501]1343634:[DBG]:CMD:[0x20]->[0x00]
[17:57:18:798]1343936:[DBG]:CMD:[0x37]->[0x00]
[17:57:18:798]1343936:[DBG]:CMD:[0x01]->[0x00]
[17:57:18:798]1343938:[DBG]:CMD:[0x20]->[0x00]
[17:57:19:095]1344238:[DBG]:CMD:[0x37]->[0x00]
[17:57:19:095]1344238:[DBG]:CMD:[0x01]->[0x00]
[17:57:19:095]1344240:[DBG]:CMD:[0x20]->[0x00]
[17:57:19:360]1344534:[DBG]:IIC:TEMP ID 0:0x00A2,0x0068,0x000E,0x0099,
[17:57:19:360]1344534:[DBG]:IIC:TEMP ID 4:0x005A,0x006B,0x008A,0x008E,
[17:57:19:407]1344542:[DBG]:CMD:[0x37]->[0x00]
[17:57:19:407]1344542:[DBG]:CMD:[0x01]->[0x00]
[17:57:19:407]1344542:[DBG]:CMD:[0x20]->[0x00]
[17:57:19:704]1344844:[DBG]:CMD:[0x37]->[0x00]
[17:57:19:704]1344844:[DBG]:CMD:[0x01]->[0x00]
[17:57:19:704]1344846:[DBG]:CMD:[0x20]->[0x00]
[17:57:20:001]1345146:[DBG]:CMD:[0x37]->[0x00]
[17:57:20:001]1345148:[DBG]:CMD:[0x01]->[0x00]
[17:57:20:001]1345148:[DBG]:CMD:[0x20]->[0x00]
[17:57:20:314]1345450:[DBG]:CMD:[0x37]->[0x00]
[17:57:20:314]1345450:[DBG]:CMD:[0x01]->[0x00]
[17:57:20:314]1345452:[DBG]:CMD:[0x20]->[0x00]
[17:57:20:610]1345752:[DBG]:CMD:[0x37]->[0x00]
[17:57:20:610]1345754:[DBG]:CMD:[0x01]->[0x00]
[17:57:20:610]1345754:[DBG]:CMD:[0x20]->[0x00]
[17:57:20:923]1346056:[DBG]:CMD:[0x37]->[0x00]
[17:57:20:923]1346056:[DBG]:CMD:[0x01]->[0x00]
[17:57:20:923]1346060:[DBG]:CMD:[0x20]->[0x00]
[17:57:21:220]1346360:[DBG]:CMD:[0x37]->[0x00]
[17:57:21:220]1346360:[DBG]:CMD:[0x01]->[0x00]
[17:57:21:220]1346362:[DBG]:CMD:[0x20]->[0x00]
[17:57:21:391]1346534:[DBG]:IIC:TEMP ID 0:0x00BF,0x0068,0x00FF,0x0098,
[17:57:21:391]1346534:[DBG]:IIC:TEMP ID 4:0x005D,0x006B,0x00A7,0x008E,
[17:57:21:516]1346664:[DBG]:CMD:[0x37]->[0x00]
[17:57:21:516]1346664:[DBG]:CMD:[0x01]->[0x00]
[17:57:21:516]1346666:[DBG]:CMD:[0x20]->[0x00]
[17:57:21:829]1346966:[DBG]:CMD:[0x37]->[0x00]
[17:57:21:829]1346968:[DBG]:CMD:[0x01]->[0x00]
[17:57:21:829]1346968:[DBG]:CMD:[0x20]->[0x00]
[17:57:22:125]1347270:[DBG]:CMD:[0x37]->[0x00]
[17:57:22:125]1347270:[DBG]:CMD:[0x01]->[0x00]
[17:57:22:125]1347272:[DBG]:CMD:[0x20]->[0x00]
[17:57:22:438]1347572:[DBG]:CMD:[0x37]->[0x00]
[17:57:22:438]1347572:[DBG]:CMD:[0x01]->[0x00]
[17:57:22:438]1347574:[DBG]:CMD:[0x20]->[0x00]
[17:57:22:735]1347874:[DBG]:CMD:[0x37]->[0x00]
[17:57:22:735]1347876:[DBG]:CMD:[0x01]->[0x00]
[17:57:22:735]1347876:[DBG]:CMD:[0x20]->[0x00]
[17:57:23:032]1348178:[DBG]:CMD:[0x37]->[0x00]
[17:57:23:032]1348178:[DBG]:CMD:[0x01]->[0x00]
[17:57:23:032]1348180:[DBG]:CMD:[0x20]->[0x00]
[17:57:23:344]1348480:[DBG]:CMD:[0x37]->[0x00]
[17:57:23:344]1348482:[DBG]:CMD:[0x01]->[0x00]
[17:57:23:344]1348482:[DBG]:CMD:[0x20]->[0x00]
[17:57:23:391]1348534:[DBG]:IIC:TEMP ID 0:0x00AE,0x0068,0x0018,0x0099,
[17:57:23:391]1348534:[DBG]:IIC:TEMP ID 4:0x005A,0x006B,0x0088,0x008E,
[17:57:23:641]1348784:[DBG]:CMD:[0x37]->[0x00]
[17:57:23:641]1348784:[DBG]:CMD:[0x01]->[0x00]
[17:57:23:641]1348786:[DBG]:CMD:[0x20]->[0x00]
[17:57:23:928]1349086:[DBG]:CMD:[0x37]->[0x00]
[17:57:23:928]1349088:[DBG]:CMD:[0x01]->[0x00]
[17:57:23:928]1349088:[DBG]:CMD:[0x20]->[0x00]
[17:57:24:231]1349390:[DBG]:CMD:[0x37]->[0x00]
[17:57:24:231]1349390:[DBG]:CMD:[0x01]->[0x00]
[17:57:24:231]1349392:[DBG]:CMD:[0x20]->[0x00]
[17:57:24:536]1349694:[DBG]:CMD:[0x37]->[0x00]
[17:57:24:536]1349694:[DBG]:CMD:[0x01]->[0x00]
[17:57:24:536]1349694:[DBG]:CMD:[0x20]->[0x00]
[17:57:24:848]1349996:[DBG]:CMD:[0x37]->[0x00]
[17:57:24:848]1349996:[DBG]:CMD:[0x01]->[0x00]
[17:57:24:848]1349998:[DBG]:CMD:[0x20]->[0x00]
[17:57:25:160]1350300:[DBG]:CMD:[0x37]->[0x00]
[17:57:25:160]1350300:[DBG]:CMD:[0x01]->[0x00]
[17:57:25:160]1350302:[DBG]:CMD:[0x20]->[0x00]
[17:57:25:395]1350534:[DBG]:IIC:TEMP ID 0:0x00AD,0x0068,0x0015,0x0099,
[17:57:25:395]1350534:[DBG]:IIC:TEMP ID 4:0x0059,0x006B,0x008F,0x008E,
[17:57:25:457]1350602:[DBG]:CMD:[0x37]->[0x00]
[17:57:25:457]1350604:[DBG]:CMD:[0x01]->[0x00]
[17:57:25:457]1350604:[DBG]:CMD:[0x20]->[0x00]
[17:57:25:770]1350906:[DBG]:CMD:[0x37]->[0x00]
[17:57:25:770]1350906:[DBG]:CMD:[0x01]->[0x00]
[17:57:25:770]1350908:[DBG]:CMD:[0x20]->[0x00]
[17:57:26:066]1351210:[DBG]:CMD:[0x37]->[0x00]
[17:57:26:066]1351210:[DBG]:CMD:[0x01]->[0x00]
[17:57:26:066]1351210:[DBG]:CMD:[0x20]->[0x00]
[17:57:26:379]1351512:[DBG]:CMD:[0x37]->[0x00]
[17:57:26:379]1351512:[DBG]:CMD:[0x01]->[0x00]
[17:57:26:379]1351514:[DBG]:CMD:[0x20]->[0x00]
[17:57:26:676]1351820:[DBG]:CMD:[0x37]->[0x00]
[17:57:26:676]1351822:[DBG]:CMD:[0x01]->[0x00]
[17:57:26:676]1351822:[DBG]:CMD:[0x20]->[0x00]
[17:57:26:972]1352124:[DBG]:CMD:[0x37]->[0x00]
[17:57:26:972]1352124:[DBG]:CMD:[0x01]->[0x00]
[17:57:26:972]1352126:[DBG]:CMD:[0x20]->[0x00]
[17:57:27:285]1352428:[DBG]:CMD:[0x37]->[0x00]
[17:57:27:285]1352428:[DBG]:CMD:[0x01]->[0x00]
[17:57:27:285]1352428:[DBG]:CMD:[0x20]->[0x00]
[17:57:27:394]1352534:[DBG]:IIC:TEMP ID 0:0x00BE,0x0068,0x0004,0x0099,
[17:57:27:394]1352534:[DBG]:IIC:TEMP ID 4:0x0056,0x006B,0x008E,0x008E,
[17:57:27:582]1352730:[DBG]:CMD:[0x37]->[0x00]
[17:57:27:582]1352730:[DBG]:CMD:[0x01]->[0x00]
[17:57:27:582]1352732:[DBG]:CMD:[0x20]->[0x00]
[17:57:27:894]1353034:[DBG]:CMD:[0x37]->[0x00]
[17:57:27:894]1353034:[DBG]:CMD:[0x01]->[0x00]
[17:57:27:894]1353036:[DBG]:CMD:[0x20]->[0x00]
[17:57:28:191]1353338:[DBG]:CMD:[0x37]->[0x00]
[17:57:28:191]1353338:[DBG]:CMD:[0x01]->[0x00]
[17:57:28:191]1353338:[DBG]:CMD:[0x20]->[0x00]
[17:57:28:488]1353640:[DBG]:CMD:[0x37]->[0x00]
[17:57:28:488]1353642:[DBG]:CMD:[0x01]->[0x00]
[17:57:28:488]1353642:[DBG]:CMD:[0x20]->[0x00]
[17:57:28:800]1353944:[DBG]:CMD:[0x37]->[0x00]
[17:57:28:800]1353944:[DBG]:CMD:[0x01]->[0x00]
[17:57:28:800]1353946:[DBG]:CMD:[0x20]->[0x00]
[17:57:29:097]1354248:[DBG]:CMD:[0x37]->[0x00]
[17:57:29:097]1354248:[DBG]:CMD:[0x01]->[0x00]
[17:57:29:097]1354248:[DBG]:CMD:[0x20]->[0x00]
[17:57:29:362]1354534:[DBG]:IIC:TEMP ID 0:0x00AD,0x0068,0x000D,0x0099,
[17:57:29:362]1354534:[DBG]:IIC:TEMP ID 4:0x005D,0x006B,0x0077,0x008E,
[17:57:29:409]1354550:[DBG]:CMD:[0x37]->[0x00]
[17:57:29:409]1354552:[DBG]:CMD:[0x01]->[0x00]
[17:57:29:409]1354552:[DBG]:CMD:[0x20]->[0x00]
[17:57:29:706]1354854:[DBG]:CMD:[0x37]->[0x00]
[17:57:29:706]1354854:[DBG]:CMD:[0x01]->[0x00]
[17:57:29:706]1354856:[DBG]:CMD:[0x20]->[0x00]
[17:57:30:019]1355160:[DBG]:CMD:[0x37]->[0x00]
[17:57:30:019]1355160:[DBG]:CMD:[0x01]->[0x00]
[17:57:30:019]1355162:[DBG]:CMD:[0x20]->[0x00]
[17:57:30:315]1355462:[DBG]:CMD:[0x37]->[0x00]
[17:57:30:315]1355464:[DBG]:CMD:[0x01]->[0x00]
[17:57:30:315]1355464:[DBG]:CMD:[0x20]->[0x00]
[17:57:30:612]1355766:[DBG]:CMD:[0x37]->[0x00]
[17:57:30:612]1355766:[DBG]:CMD:[0x01]->[0x00]
[17:57:30:612]1355768:[DBG]:CMD:[0x20]->[0x00]
[17:57:30:925]1356070:[DBG]:CMD:[0x37]->[0x00]
[17:57:30:925]1356070:[DBG]:CMD:[0x01]->[0x00]
[17:57:30:925]1356072:[DBG]:CMD:[0x20]->[0x00]
[17:57:31:221]1356372:[DBG]:CMD:[0x37]->[0x00]
[17:57:31:221]1356374:[DBG]:CMD:[0x01]->[0x00]
[17:57:31:221]1356374:[DBG]:CMD:[0x20]->[0x00]
[17:57:31:393]1356534:[DBG]:IIC:TEMP ID 0:0x00BE,0x0068,0x0018,0x0099,
[17:57:31:393]1356534:[DBG]:IIC:TEMP ID 4:0x005A,0x006B,0x008E,0x008E,
[17:57:31:518]1356676:[DBG]:CMD:[0x37]->[0x00]
[17:57:31:518]1356676:[DBG]:CMD:[0x01]->[0x00]
[17:57:31:518]1356678:[DBG]:CMD:[0x20]->[0x00]
[17:57:31:831]1356980:[DBG]:CMD:[0x37]->[0x00]
[17:57:31:831]1356980:[DBG]:CMD:[0x01]->[0x00]
[17:57:31:831]1356982:[DBG]:CMD:[0x20]->[0x00]
[17:57:32:127]1357282:[DBG]:CMD:[0x37]->[0x00]
[17:57:32:127]1357282:[DBG]:CMD:[0x01]->[0x00]
[17:57:32:127]1357284:[DBG]:CMD:[0x20]->[0x00]
[17:57:32:440]1357586:[DBG]:CMD:[0x37]->[0x00]
[17:57:32:440]1357586:[DBG]:CMD:[0x01]->[0x00]
[17:57:32:440]1357586:[DBG]:CMD:[0x20]->[0x00]
[17:57:32:737]1357888:[DBG]:CMD:[0x37]->[0x00]
[17:57:32:737]1357888:[DBG]:CMD:[0x01]->[0x00]
[17:57:32:737]1357890:[DBG]:CMD:[0x20]->[0x00]
[17:57:33:033]1358190:[DBG]:CMD:[0x37]->[0x00]
[17:57:33:033]1358192:[DBG]:CMD:[0x01]->[0x00]
[17:57:33:033]1358192:[DBG]:CMD:[0x20]->[0x00]
[17:57:33:346]1358494:[DBG]:CMD:[0x37]->[0x00]
[17:57:33:346]1358494:[DBG]:CMD:[0x01]->[0x00]
[17:57:33:346]1358496:[DBG]:CMD:[0x20]->[0x00]
[17:57:33:377]1358534:[DBG]:IIC:TEMP ID 0:0x0097,0x0068,0x0037,0x0099,
[17:57:33:377]1358534:[DBG]:IIC:TEMP ID 4:0x0059,0x006B,0x0099,0x008E,
[17:57:33:642]1358798:[DBG]:CMD:[0x37]->[0x00]
[17:57:33:642]1358798:[DBG]:CMD:[0x01]->[0x00]
[17:57:33:642]1358798:[DBG]:CMD:[0x20]->[0x00]
[17:57:33:955]1359100:[DBG]:CMD:[0x37]->[0x00]
[17:57:33:955]1359100:[DBG]:CMD:[0x01]->[0x00]
[17:57:33:955]1359102:[DBG]:CMD:[0x20]->[0x00]
[17:57:34:252]1359404:[DBG]:CMD:[0x37]->[0x00]
[17:57:34:252]1359404:[DBG]:CMD:[0x01]->[0x00]
[17:57:34:252]1359404:[DBG]:CMD:[0x20]->[0x00]
[17:57:34:564]1359706:[DBG]:CMD:[0x37]->[0x00]
[17:57:34:564]1359706:[DBG]:CMD:[0x01]->[0x00]
[17:57:34:564]1359708:[DBG]:CMD:[0x20]->[0x00]
[17:57:34:861]1360008:[DBG]:CMD:[0x37]->[0x00]
[17:57:34:861]1360010:[DBG]:CMD:[0x01]->[0x00]
[17:57:34:861]1360010:[DBG]:CMD:[0x20]->[0x00]
[17:57:35:158]1360312:[DBG]:CMD:[0x37]->[0x00]
[17:57:35:158]1360312:[DBG]:CMD:[0x01]->[0x00]
[17:57:35:158]1360314:[DBG]:CMD:[0x20]->[0x00]
[17:57:35:377]1360534:[DBG]:IIC:TEMP ID 0:0x00BC,0x0068,0x00FE,0x0098,
[17:57:35:377]1360534:[DBG]:IIC:TEMP ID 4:0x005A,0x006B,0x008C,0x008E,
[17:57:35:470]1360614:[DBG]:CMD:[0x37]->[0x00]
[17:57:35:470]1360618:[DBG]:CMD:[0x01]->[0x00]
[17:57:35:470]1360620:[DBG]:CMD:[0x20]->[0x00]
[17:57:35:767]1360922:[DBG]:CMD:[0x37]->[0x00]
[17:57:35:767]1360922:[DBG]:CMD:[0x01]->[0x00]
[17:57:35:767]1360924:[DBG]:CMD:[0x20]->[0x00]
[17:57:36:064]1361226:[DBG]:CMD:[0x37]->[0x00]
[17:57:36:064]1361226:[DBG]:CMD:[0x01]->[0x00]
[17:57:36:064]1361226:[DBG]:CMD:[0x20]->[0x00]
[17:57:36:376]1361528:[DBG]:CMD:[0x37]->[0x00]
[17:57:36:376]1361530:[DBG]:CMD:[0x01]->[0x00]
[17:57:36:376]1361530:[DBG]:CMD:[0x20]->[0x00]
[17:57:36:673]1361832:[DBG]:CMD:[0x37]->[0x00]
[17:57:36:673]1361832:[DBG]:CMD:[0x01]->[0x00]
[17:57:36:673]1361834:[DBG]:CMD:[0x20]->[0x00]
[17:57:36:986]1362134:[DBG]:CMD:[0x37]->[0x00]
[17:57:36:986]1362136:[DBG]:CMD:[0x01]->[0x00]
[17:57:36:986]1362136:[DBG]:CMD:[0x20]->[0x00]
[17:57:37:282]1362438:[DBG]:CMD:[0x37]->[0x00]
[17:57:37:282]1362438:[DBG]:CMD:[0x01]->[0x00]
[17:57:37:282]1362440:[DBG]:CMD:[0x20]->[0x00]
[17:57:37:376]1362534:[DBG]:IIC:TEMP ID 0:0x00B7,0x0068,0x0015,0x0099,
[17:57:37:376]1362534:[DBG]:IIC:TEMP ID 4:0x005B,0x006B,0x007D,0x008E,
[17:57:37:579]1362742:[DBG]:CMD:[0x37]->[0x00]
[17:57:37:579]1362742:[DBG]:CMD:[0x01]->[0x00]
[17:57:37:579]1362744:[DBG]:CMD:[0x20]->[0x00]
[17:57:37:892]1363044:[DBG]:CMD:[0x37]->[0x00]
[17:57:37:892]1363046:[DBG]:CMD:[0x01]->[0x00]
[17:57:37:892]1363046:[DBG]:CMD:[0x20]->[0x00]
[17:57:46:441]uninit!
[17:57:46:441]26:[DBG]:DEV:ExtPower TC5V ON failed
[17:57:46:441]36:[DBG]:SSC:Comm [-WARNING-]iic open result = 8 !! it's not good, open again!!!
[17:57:46:472]36:[DBG]:SSC:Comm [-WARNING-]2 time open ntfSSCIICOpen!
[17:57:46:472]62:[DBG]:++ Engine Log Start ++
[17:57:46:472]64:[DBG]:EngVer: 2.5.1.4
[17:57:46:504]66:[DBG]:## compile time is: [Nov  8 2023] [19:16:02]
[17:57:48:316][DEV] ENG_INI 00010000
[17:57:48:331]70:[DBG]:STS:MAIN->INIT   ,SUB->NONE!  
[17:57:48:331]72:[DBG]:IIC:open device ID = 3
[17:57:48:331]72:[DBG]:IIC:Open Device ID=3,Result=0
[17:57:48:347]72:[DBG]:IIC:open device ID = 6
[17:57:48:347]72:[DBG]:IIC:Open Device ID=6,Result=0
[17:57:48:347]72:[DBG]:IIC:open device ID = 0
[17:57:48:362]72:[DBG]:IIC:Open Device ID=0,Result=0
[17:57:48:362]72:[DBG]:IIC:open device ID = 4
[17:57:48:362]72:[DBG]:IIC:Open Device ID=4,Result=0
[17:57:48:362]72:[DBG]:IIC:open device ID = 6
[17:57:48:378]72:[DBG]:IIC:Open Device ID=6,Result=0
[17:57:48:378]72:[DBG]:STS:Duplex Config SET
[17:57:48:378]72:[DBG]:STS:Exit Config SET
[17:57:48:378]72:[DBG]:STS:Exit Tray Paper FULL FALSE
[17:57:48:378]72:[DBG]:STS:IIC Dev Open Err>3
[17:57:48:378]72:[DBG]:IIC:open device ID = 1
[17:57:48:378]72:[DBG]:IIC:E2P W-addr:0,size:0
[17:57:48:394]72:[DBG]:IIC:Open Device ID=1,Result=0
[17:57:48:394]72:[DBG]:IIC:open device ID = 5
[17:57:48:394]72:[DBG]:IIC:Open Device ID=5,Result=0
[17:57:48:394]72:[DBG]:STS:Nvram Down Load!
[17:57:48:409]72:[DBG]:IIC:LP5009Init
[17:57:48:409]72:[DBG]:Chip_EN = 1
[17:57:48:409]72:[DBG]:STS:IIC Dev Open LP5009 succesd
[17:57:48:409]74:[DBG]:IIC:E2P R-addr:0,size:8,dat:0x4E,0x0
[17:57:48:425]76:[DBG]:IIC:E2P R-addr:0,size:8,dat:0x4E,0x0
[17:57:48:425]78:[DBG]:NV:TopData OK! E2P_Ver=77, New_Ver=77
[17:57:48:441]116:[DBG]:DEV:ADC - 3119 418 VFS:1306 - k_gain:117 - offset:191 
[17:57:48:441] 124:[DBG]:NV:PriData OK!
[17:57:48:441]166:[DBG]:STS:Waste Toner iniital finished
[17:57:48:456]168:[DBG]:DEV:get two tray 629mv
[17:57:48:456]174:[DBG]:OPT:Check Start
[17:57:48:456]174:[DBG]:SEC:Check Start
[17:57:48:456]176:[DBG]:
[17:57:48:456]----- PRINTER INFO -----
[17:57:48:456]176:[DBG]:STS:AREA-CHN
[17:57:48:472]176:[DBG]:STS:TYPE-TYPE_A 
[17:57:48:472]176:[DBG]:STS:TEMP-ENV 0
[17:57:48:472]176:[DBG]:STS:HUMI-ENV 0
[17:57:48:472]176:[DBG]:STS:TEMP-CTD 0
[17:57:48:472]176:[DBG]:STS:HUMI-CTD 0
[17:57:48:487]176:[DBG]:STS:TEMP-LSU 25
[17:57:48:487]176:[DBG]:STS:FACTORY_MODE(TRUE )
[17:57:48:487]178:[DBG]:DEV:get two tray 629mv
[17:57:48:487]178:[DBG]:OPT:Uart start
[17:57:48:487]190:[INT]:OPT:RX Open 
[17:57:48:487]192:[DBG]:DEV:get two tray 629mv
[17:57:48:487]194:[DBG]:STS:Option Config set (Ok)
[17:57:48:487]196:[DBG]:DEV:get two tray 629mv
[17:57:48:519]196:[DBG]:***********************
[17:57:48:519]196:[DBG]:CM31 VER:2.5.1.4
[17:57:48:519]196:[DBG]:SlaveMCU VER: 2.D.1.3
[17:57:48:519]196:[DBG]:OPT1:Ver: 3.0.0.1
[17:57:48:519]196:[DBG]:OPT2:Ver: 3.0.0.1
[17:57:48:519]196:[DBG]:***********************
[17:57:48:519]196:[DBG]:STS:Front Cover Close
[17:57:48:519]196:[DBG]:STS:Side Cover Close
[17:57:48:534]196:[DBG]:SSC:Patent IF Interrupt step=[-2][0][1].
[17:57:48:534]196:[DBG]:STS:Manual Tray Remain 0
[17:57:48:534]196:[DBG]:STS:Manual tray Close
[17:57:48:550]196:[DBG]:STS: Main tray paper Size:A4-Lef
[17:57:48:550]196:[DBG]:STS:Main Tray Remain 0
[17:57:48:550]196:[DBG]:STS:Main tray Close
[17:57:48:566]200:[DBG]:CMD:Tray[1], Paper Exist[0]
[17:57:48:566]200:[DBG]:CMD:Tray[1], Tray Open Status[0]
[17:57:48:566]200:[DBG]:CMD:Tray[0], Paper Size Change[1], Paper Code[5]
[17:57:48:581]200:[DBG]:CMD:Tray[0], Paper Exist[0]
[17:57:48:581]200:[DBG]:CMD:Tray[0], Tray Open Status[0]
[17:57:48:581]200:[DBG]:PLT:rcv cover[0] info[1]
[17:57:48:581]200:[DBG]:PLT:rcv cover[1] info[1]
[17:57:48:581]200:[DBG]:STS:Waste Toner Normal Remain:100
[17:57:48:581]200:[DBG]:STS:Waste Toner Normal Remain:100
[17:57:48:597]200:[DBG]:STS:Waste Toner Normal Remain:100
[17:57:48:597]204:[DBG]:STS:Waste Toner Normal Remain:100
[17:57:48:597]204:[DBG]:STS:Waste Toner Normal Remain:100
[17:57:48:612]204:[DBG]:STS:Waste Toner Normal Remain:100
[17:57:48:612]204:[DBG]:STS:Waste Toner Normal Remain:100
[17:57:48:612]208:[DBG]:STS:Waste Toner Normal Remain:100
[17:57:48:628]218:[DBG]:STS:Option Config SET
[17:57:48:628]218:[DBG]:STS:Option1 Cover Close
[17:57:48:628]218:[DBG]:STS:Option2 Cover Close
[17:57:48:628]218:[DBG]:STS:Power-ON(From Normal)
[17:57:48:644]218:[DBG]:STS:MAIN->WARMUP ,SUB->NONE!  
[17:57:48:644]222:[DBG]:PLT:rcv cover[2] info[1]
[17:57:48:644]222:[DBG]:PLT:rcv cover[3] info[1]
[17:57:48:644]222:[DBG]:DEV:EC_24V ON
[17:57:48:644]226:[DBG]:PLT:rcv tray[8] limit info[1]
[17:57:48:644]226:[DBG]:PLT:$$$enable[0] wait[0]
[17:57:48:644]284:[DBG]:DEV:Warmup Start Note For Fan
[17:57:48:675]284:[DBG]:STS:paper warmup Start 
[17:57:48:675]284:[DBG]:STS:Fuser Start 
[17:57:48:675]284:[DBG]:STS:WAKEUP EEPROM not ready
[17:57:48:675]284:[DBG]:FUS:Start Req From Plotter
[17:57:48:675]284:[DBG]:FUS:Roller Compress Request
[17:57:48:675]286:[DBG]:IMG:Med 24v Stable
[17:57:48:675]286:[DBG]:IMG:Med Warmup Start
[17:57:48:691]286:[DBG]:IMG:Channel Wakeup Start Prepare
[17:57:48:691]286:[DBG]:IMG:Comp Polygon On[0].
[17:57:48:691]286:[DBG]:LSU:Polygon On 
[17:57:48:691]286:[DBG]:IMG:Comp Itb Req Set State:[0]
[17:57:48:706]286:[DBG]:IMG:Comp Erase Led Req Check start
[17:57:48:706]286:[DBG]:PLA:Rcv Prn24v Info[1]
[17:57:48:706]286:[DBG]:PLA:Tray[3] Opened Move Disable
[17:57:48:722]286:[DBG]:PLA:Tray[4] Opened Move Disable
[17:57:48:722]286:[DBG]:PLT:rcv warmup info[1]
[17:57:48:722]286:[DBG]:PAP:Adjust pass count clear
[17:57:48:722]288:[DBG]:FUS:Now Compress Sensor State = 1
[17:57:48:722]288:[DBG]:FUS:Roller State Already OK!
[17:57:48:722]288:[DBG]:FUS:Mode Change!! ( C_Temp = 72 / R_Temp = 62 / F_Temp = 63)
[17:57:48:737]288:[DBG]:FUS:Initial / Initial -> Warmup / NonRotation 
[17:57:48:737]288:[DBG]:FUS:Warmup Tar_Temp = 165 
[17:57:48:753]288:[DBG]:DEV:Main fan on,duty is 35
[17:57:48:753]288:[DBG]:DEV:LP5009 addr:0x0B data:0xA5
[17:57:48:753]288:[DBG]:DEV:Power fan on,duty is 18
[17:57:48:769]288:[DBG]:DEV:LP5009 addr:0x0C data:0xD1
[17:57:48:769]288:[DBG]:DEV:lsu rear fan on,duty is 13
[17:57:48:769]288:[DBG]:DEV:LP5009 addr:0x0D data:0xDD
[17:57:48:769]288:[DBG]:DEV:lsu front fan on,duty is 13
[17:57:48:784]288:[DBG]:DEV:LP5009 addr:0x0E data:0xDD
[17:57:48:784]294:[DBG]:PAP:CL Duplex [1] cnt[1]
[17:57:48:784]294:[DBG]:DEV:voltage:1800mv, pwm duty:5454
[17:57:48:784]294:[DBG]:PAP:MT FEED Fwd On cnt[1] spd[0]
[17:57:48:784]294:[DBG]:PAP:s_pap_mt_waiting_exit[2], at_setting_flgptn[1]
[17:57:48:800]294:[DBG]:DEV:voltage:990mv, pwm duty:3000
[17:57:48:800]294:[DBG]:DEV:data_buff 0x12
[17:57:48:800]296:[DBG]:PAP:MT Exit Rvs On cnt[1] spd[0]
[17:57:48:815]296:[DBG]:FUS:Warmup Rot Start Temp Reach!! C_temp = 72
[17:57:48:815]296:[DBG]:FUS:Mode Change!! ( C_Temp = 72 / R_Temp = 62 / F_Temp = 63)
[17:57:48:815]296:[DBG]:FUS:Warmup / NonRotation -> Warmup / Rotation 
[17:57:48:815]296:[DBG]:FUS:Warmup Tar_Temp = 165 
[17:57:48:815]300:[DBG]:IMG:Comp Itb State Set[0] Complete
[17:57:48:831]316:[DBG]:PAP:Sn[54] Value[1]
[17:57:48:831]326:[DBG]:PAP:Sn[65] Value[1]
[17:57:48:831]328:[INT]:DEV:Exit RVS Speed nomal
[17:57:48:831]364:[INT]:DEV:ExitMotor nomal step = 51
[17:57:48:847]376:[DBG]:FUS:Circuit Check Ok!
[17:57:48:847]398:[DBG]:IMG:Comp Erase Led On Check 1,1,1,1 
[17:57:48:862]404:[INT]:DEV:fuser Speed:9110 rpm, clkFrq:683 hz
[17:57:48:862]404:[INT]:Dev:stop to fwd
[17:57:48:862]404:[DBG]:STS:fuser init finish
[17:57:48:862]404:[DBG]:STS:WAKEUP EEPROM not ready
[17:57:48:878]408:[DBG]:IMG:Comp Erase Led On Check 1,1,1,1 
[17:57:48:878]418:[DBG]:IMG:Comp Erase Led On Check 1,1,1,1 
[17:57:48:878]418:[DBG]:IMG:Comp Led On Check Ack:0
[17:57:48:878]418:[DBG]:IMG:Comp Erase Led On Check Ok
[17:57:48:878]458:[DBG]:Dev:[DCM]fuser_motor:1
[17:57:48:878]488:[DBG]:IMG:Comp Hv Check Start
[17:57:48:878]496:[INT]:DEV:Feed speed nomal
[17:57:48:894]524:[DBG]:IIC:TEMP ID 0:0x00AE,0x0068,0x00D4,0x0097,
[17:57:48:894]526:[DBG]:IIC:TEMP ID 4:0x0040,0x006B,0x0024,0x008D,
[17:57:48:909]534:[DBG]:IMG:Comp Erase Led Off Check 0,0,0,0 
[17:57:48:909]544:[DBG]:IMG:Comp Erase Led Off Check 0,0,0,0 
[17:57:48:909]554:[DBG]:IMG:Comp Erase Led Off Check 0,0,0,0 
[17:57:48:925]554:[DBG]:IMG:Comp Led Off Check Ack:0
[17:57:48:925]554:[DBG]:IMG:Comp Erase Check Stop
[17:57:48:925]554:[DBG]:IMG:Comp Erase Led Off Check Ok
[17:57:48:940]558:[DBG]:Dev:[DCM]fuser_motor:2
[17:57:48:940]658:[DBG]:Dev:[DCM]fuser_motor:3
[17:57:48:940]758:[DBG]:Dev:[DCM] Fuser Motor Lock
[17:57:48:940]806:[DBG]:IMG:Comp HV Check Finish, Ready To Hvabs Check
[17:57:48:940]836:[DBG]:DEV:voltage:2442mv, pwm duty:7400
[17:57:48:940]836:[INT]:DEV:Feed nomal step = 157
[17:57:48:956]1294:[DBG]:CMD:Notify Status Warmup End!
[17:57:48:956]1296:[DBG]:STS:cmd warmup finish
[17:57:48:956]1524:[DBG]:IIC:TEMP ID 0:0x0099,0x0068,0x0039,0x0097,
[17:57:48:972]1526:[DBG]:IIC:TEMP ID 4:0x004D,0x006B,0x0067,0x008C,
[17:57:48:972]1534:[DBG]:PAP:CL Duplex [0] cnt[0]
[17:57:48:972]1534:[DBG]:PAP:CL Duplex [0] cnt[0]
[17:57:48:987]1534:[INT]:DEV:Feed clock Off
[17:57:48:987]1534:[DBG]:PAP:MT FEED Off cnt[0] spd[3]
[17:57:48:987]1534:[DBG]:PAP:s_pap_mt_waiting_exit[0], at_setting_flgptn[1]
[17:57:49:003]1534:[INT]:DEV:Exit clock Off
[17:57:49:003]1534:[DBG]:PAP:MT Exit Off cnt[0] spd[3]
[17:57:49:003]1534:[DBG]:STS:paper warmup finish
[17:57:49:003]1536:[INT]:PAP:eTIMER_PAP_MT_HOLD_OFF_EXIT
[17:57:49:003]1592:[INT]:PAP:BIT_PAP_EXIT_MT_FINISH ok
[17:57:49:003]1876:[DBG]:NV:NorData OK!
[17:57:49:003]1876:[DBG]:setmp=81,2002
[17:57:49:019]1876:[DBG]:setmp=150,2002
[17:57:49:019]1876:[DBG]:setmp=158,2002
[17:57:49:019]1876:[DBG]:setmp=82,2002
[17:57:49:019]1876:[DBG]:setmp=151,2002
[17:57:49:019]1876:[DBG]:setmp=159,2002
[17:57:49:034]1878:[DBG]:IMG:Med MP DL Finish[1]
[17:57:49:034]1878:[DBG]:TONER:Log Data 0x2001
[17:57:49:034]1878:[DBG]:CAL:Reg Get Calib Status 0
[17:57:49:034]1878:[DBG]:setmp=83,30
[17:57:49:050]1878:[DBG]:setmp=152,30
[17:57:49:050]1878:[DBG]:setmp=160,30
[17:57:49:050]1878:[DBG]:setmp=84,1972
[17:57:49:050]1878:[DBG]:setmp=153,1972
[17:57:49:050]1878:[DBG]:setmp=161,1972
[17:57:49:065]1878:[DBG]:setmp=86,2002
[17:57:49:065]1878:[DBG]:setmp=155,2002
[17:57:49:065]1880:[DBG]:DEV:HV Parm[0], K:189, Offset:233421, K_inv:5290, Offset_inv:-123480
[17:57:49:065]1880:[DBG]:LSU:Door Close
[17:57:49:065]1880:[DBG]:LSU:Lsu Dac Power Set Channel Y = 1700mv
[17:57:49:081]1880:[DBG]:LSU:Lsu Dac Power Set Channel C = 1700mv
[17:57:49:081]1880:[DBG]:LSU:Lsu Dac Power Set Channel M = 1700mv
[17:57:49:081]1880:[DBG]:LSU:Lsu Dac Power Set Channel K = 1700mv
[17:57:49:097]1880:[DBG]:setmp=163,2002
[17:57:49:097]1880:[DBG]:setmp=88,289
[17:57:49:097]1880:[DBG]:setmp=157,289
[17:57:49:097]1880:[DBG]:setmp=165,289
[17:57:49:097]1880:[DBG]:STS:NVDL init finish
[17:57:49:128]1880:[DBG]:STS:WAKEUP LSU not ready
[17:57:49:128]1880:[DBG]:STS: Option1 tray paper Size:A4-Lef
[17:57:49:128]1880:[DBG]:STS:Option1 Tray Remain 0
[17:57:49:128]1880:[DBG]:STS:Option1 tray Close
[17:57:49:128]1880:[DBG]:STS: Option2 tray paper Size:A4-Lef
[17:57:49:128]1880:[DBG]:STS:Option2 Tray Remain 0
[17:57:49:144]1880:[DBG]:STS:Option2 tray Close
[17:57:49:144]1880:[DBG]:STS:IU CHIP BottleK Initial
[17:57:49:144]1880:[DBG]:STS:IU CHIP BottleY Initial
[17:57:49:159]1880:[DBG]:STS:IU CHIP BottleM Initial
[17:57:49:159]1880:[DBG]:STS:IU CHIP BottleC Initial
[17:57:49:159]1880:[DBG]:STS:IU CHIP PCDU-K Initial
[17:57:49:159]1880:[DBG]:STS:IU CHIP PCDU-Y Initial
[17:57:49:175]1880:[DBG]:STS:IU CHIP PCDU-M Initial
[17:57:49:175]1880:[DBG]:STS:IU CHIP PCDU-C Initial
[17:57:49:175]1880:[DBG]:STS:WastBox SET
[17:57:49:175]1880:[DBG]:setmp=99,2
[17:57:49:206]1882:[DBG]:DEV:HV Parm[1], K:189, Offset:233421, K_inv:5290, Offset_inv:-123480
[17:57:49:222]1882:[DBG]:CMD:Tray[3], Paper Size Change[1], Paper Code[5]
[17:57:49:222]1882:[DBG]:CMD:Tray[3], Paper Exist[0]
[17:57:49:222]1882:[DBG]:CMD:Tray[3], Tray Open Status[0]
[17:57:49:237]1882:[DBG]:CMD:Tray[4], Paper Size Change[1], Paper Code[5]
[17:57:49:237]1882:[DBG]:CMD:Tray[4], Paper Exist[0]
[17:57:49:253]1882:[DBG]:CMD:Tray[4], Tray Open Status[0]
[17:57:49:253]1882:[DBG]:PLA:Rcv Tray[3] Set Info[0]
[17:57:49:253]1882:[DBG]:PLT:mecha[0],input[0]
[17:57:49:253]1882:[DBG]:PLA:Tray[3] Busy Up!
[17:57:49:269]1882:[DBG]:PLT:Tray set homing up Tid[3]
[17:57:49:269]1882:[DBG]:PLT:MT brake Tid[3]
[17:57:49:269]1882:[DBG]:PLA:Rcv Tray[4] Set Info[0]
[17:57:49:300]1882:[DBG]:PLT:mecha[1],input[1]
[17:57:49:300]1882:[DBG]:PLT:mecha[1],input[1]
[17:57:49:300]1884:[DBG]:SSC:Patent IF gnd enbale [1] 
[17:57:49:315]1884:[DBG]:SSC:Patent IF elec enbale [0] 
[17:57:49:315]1884:[DBG]:SSC:Patent IF rot enbale [1] 
[17:57:49:315]1884:[DBG]:SSC:Patent IF surf enbale [0] 
[17:57:49:331]1884:[DBG]:SSC:Interface set method enable [0].
[17:57:49:331]1884:[DBG]:SSC:Interface set chip patent enable [0].
[17:57:49:331]1884:[DBG]:STS:Part Life Change PTRANS  :NORMAL (Page:2)
[17:57:49:347]1884:[DBG]:setmp=100,2
[17:57:49:347]1884:[DBG]:STS:Part Life Change FUSER   :NORMAL (Page:2)
[17:57:49:347]1884:[DBG]:setmp=101,1
[17:57:49:362]1884:[DBG]:STS:Part Life Change ITU     :NORMAL (Page:1)
[17:57:49:362]1884:[DBG]:setmp=102,0
[17:57:49:362]1884:[DBG]:STS:Part Life Change TRAY1   :NORMAL (Page:0)
[17:57:49:378]1884:[DBG]:setmp=103,0
[17:57:49:378]1884:[DBG]:STS:Part Life Change TRAY2   :NORMAL (Page:0)
[17:57:49:378]1884:[DBG]:STS:LSU init finish
[17:57:49:409]1884:[DBG]:STS:WAKEUP HV-IMG not ready
[17:57:49:409]1884:[DBG]:STS:WAKEUP IUCHIP not ready
[17:57:49:409]1884:[DBG]:STS:Judge Plotter Status OK!!
[17:57:49:409]1884:[DBG]:DEV:HV Parm[2], K:15151, Offset:390000, K_inv:66, Offset_inv:-2574
[17:57:49:409]1886:[DBG]:CMD:Tray[3], Plate Status[1]
[17:57:49:409]1888:[DBG]:PLA:Tray[4] Org Ready
[17:57:49:425]1890:[DBG]:DEV:HV Parm[3], K:381, Offset:110038, K_inv:2621, Offset_inv:-28841
[17:57:49:425]1890:[DBG]:CMD:Engine Init OK!
[17:57:49:440]1890:[DBG]:STS:Option2 Tray Remain 0
[17:57:49:440]1892:[DBG]:DEV:HV Parm[4], K:381, Offset:110038, K_inv:2621, Offset_inv:-28841
[17:57:49:456]1892:[DBG]:PLT:rcv tray[4] amount pre[4] now[4]
[17:57:49:456]1892:[DBG]:PLT:Tray[4] Ready
[17:57:49:456]1892:[DBG]:PAP:Last Sheet ID Sid[255]
[17:57:49:456]1892:[DBG]:PLA:Tray[4] Retry Ready Set[0]
[17:57:49:487]1892:[DBG]:PAP:Last Sheet ID Sid[255]
[17:57:49:487]1892:[DBG]:CMD:Tray[4], Paper Exist[0]
[17:57:49:487]1892:[DBG]:CMD:Tray[4], Plate Status[0]
[17:57:49:518]1894:[DBG]:DEV:HV Parm[5], K:-234, Offset:293795, K_inv:-4268, Offset_inv:125392
[17:57:49:534]1896:[DBG]:DEV:HV Parm[6], K:812, Offset:18813, K_inv:1231, Offset_inv:-2316
[17:57:49:534]1898:[DBG]:DEV:HV Parm[7], K:-858, Offset:254034, K_inv:-1165, Offset_inv:29595
[17:57:49:534]1902:[DBG]:DEV:HV Parm[8], K:-858, Offset:254034, K_inv:-1165, Offset_inv:29595
[17:57:49:534]1902:[DBG]:SSC: [-ERR-]crc16 error .
[17:57:49:550]1902:[DBG]:SSC: [-ERR-]crc16 error .
[17:57:49:550]1902:[DBG]:SSC: [-ERR-]crc16 error .
[17:57:49:550]1902:[DBG]:SSC: [-ERR-]crc16 error .
[17:57:49:550]1902:[DBG]:SSC: [-ERR-]crc16 error .
[17:57:49:565]1902:[DBG]:SSC: [-ERR-]crc16 error .
[17:57:49:565]1902:[DBG]:SSC: [-ERR-]crc16 error .
[17:57:49:565]1902:[DBG]:SSC: [-ERR-]crc16 error .
[17:57:49:597]1902:[DBG]:SSC: [-ERR-]crc16 error .
[17:57:49:597]1902:[DBG]:SSC: [-ERR-]crc16 error .
[17:57:49:597]1902:[DBG]:SSC: [-ERR-]crc16 error .
[17:57:49:597]1902:[DBG]:SSC: [-ERR-]crc16 error .
[17:57:49:612]1902:[DBG]:SSC: finish get full date from mp.
[17:57:49:612]1902:[DBG]:SSC:Interface  Start in bullet-[1]. version=[A.1.7.2]
[17:57:49:644]1902:[DBG]:STS:Iuchip Open Device(10ms cycle) 
[17:57:49:644]1902:[DBG]:DEV:HV Parm[9], K:-858, Offset:254034, K_inv:-1165, Offset_inv:29595
[17:57:49:659]1904:[DBG]:SSC:Start gi.
[17:57:49:659]1904:[DBG]:SSC:Main [-WARNING-][0] gi need perform.
[17:57:49:659]1906:[DBG]:DEV:HV Parm[10], K:-858, Offset:254034, K_inv:-1165, Offset_inv:29595
[17:57:49:675]1908:[DBG]:DEV:HV Parm[11], K:-385, Offset:303919, K_inv:-2597, Offset_inv:78928
[17:57:49:690]1910:[DBG]:DEV:HV Parm[12], K:-385, Offset:303919, K_inv:-2597, Offset_inv:78928
[17:57:49:690]1912:[DBG]:DEV:HV Parm[13], K:-385, Offset:303919, K_inv:-2597, Offset_inv:78928
[17:57:49:706]1916:[DBG]:DEV:HV Parm[14], K:-385, Offset:303919, K_inv:-2597, Offset_inv:78928
[17:57:49:706]1916:[DBG]:IMG:Reg Get MP Debug On:1
[17:57:49:737]1916:[DBG]:IMG:Proc HV Parm Init Finsih
[17:57:49:737]1916:[DBG]:STS:HV init finish
[17:57:49:737]1916:[DBGS:WAKEUP IUCHIP not ready
[17:57:49:753]1934:[DBG]:PLT:rcv tray[3] timing info,status[2]
[17:57:49:753]1934:[DBG]:PLT:mecha[0],input[0]
[17:57:49:753]1934:[DBG]:PLT:Tray set homing up Tid[3]
[17:57:49:768]1934:[INT]:OPT1:Plate on
[17:57:49:768]1934:[DBG]:PLT:device up tray[3] speed[9683] height[35]
[17:57:49:768]2294:[DBG]:DEV:Main fan on,duty is 25
[17:57:49:784]2294:[DBG]:DEV:LP5009 addr:0x0B data:0xBF
[17:57:49:784]2306:[DBG]:DEV:SSC GPIO_Output MODE
[17:57:49:784]2316:[DBG]:DEV:SSC GPIO_Input Mode
[17:57:49:800]2346:[DBG]:FUS:Warmup Rot Finish Temp Reach!! C_temp = 160
[17:57:49:800]2524:[DBG]:IIC:TEMP ID 0:0x0098,0x0068,0x0054,0x0099,
[17:57:49:831]2524:[DBG]:IIC:TEMP ID 4:0x005E,0x006B,0x0082,0x008E,
[17:57:49:831]2524:[DBG]:DEV:eENV_ON_CHIP Heat on
[17:57:49:831]2524:[DBG]:DEV:eENV_OUT_CHIP Heat on
[17:57:49:831]2690:[DBG]:DEV:SSC IIC Mode
[17:57:49:847]2690:[DBG]:SSC:=== PI0214 === +++ [_call_back][408] +++ sscChipPowerOn iic_state = 0x0, channel = 0x0 
[17:57:49:847]3034:[DBG]:DEV:eENV_ON_CHIP Heat off
[17:57:49:862]3034:[DBG]:DEV:eENV_OUT_CHIP Heat off
[17:57:49:862]3050:[DBG]:IIC:TEMP ID 0:0x00AF,0x0082,0x008D,0x0098,
[17:57:49:878]3050:[DBG]:IIC:TEMP ID 4:0x003F,0x0086,0x00EB,0x008D,
[17:57:49:878]3050:[DBG]:STS: Senser_Outer Temp_Rise = 17,Hum_Drop = 0,Temp=44,Hum=59
[17:57:49:893]3050:[DBG]:STS: Senser_Inner Temp_Rise = 17,Hum_Drop = 0,Temp=46,Hum=55
[17:57:49:893]3084:[DBG]:SSC:Get info model=CTO2300HC
[17:57:49:893]3084:[DBG]:SSC:Get info chip version=Z-7125-020
[17:57:49:925]3084:[DBG]:SSC:Get info tools Version=Z904
[17:57:49:925]3084:[DBG]:SSC:Get info power cnt=12420
[17:57:49:925]3202:[DBG]:SSC:####### TRAMMELS_VALUE ###### read trammels value 0x39BD24BF, channel = 0
[17:57:49:925]3214:[DBG]:SSC:Info flag = 0x00000001.
[17:57:49:971]3214:[DBG]:SSC:Main[0] gi finshed. bullet_number=[1]
[17:57:49:971]3214:[DBG]:SSC:Main [-WARNING-][1] gi need perform.
[17:57:50:034]3604:[DBG]:SSC:Get info model=CTO2300HM
[17:57:50:034]3604:[DBG]:SSC:Get info chip version=Z-7125-020
[17:57:50:065]3604:[DBG]:SSC:Get info tools Version=Z904
[17:57:50:065]3604:[DBG]:SSC:Get info power cnt=7168
[17:57:50:065]3630:[DBG]:LSU:Polygon Ready Notify
[17:57:50:065]3630:[DBG]:IMG:Comp Tsk_ctrl Polygon Lock
[17:57:50:143]3722:[DBG]:SSC:####### TRAMMELS_VALUE ###### read trammels value 0x81B37CCE, channel = 1
[17:57:50:206]3734:[DBG]:SSC:Info flag = 0x00000001.
[17:57:50:206]3734:[DBG]:SSC:Main[1] gi finshed. bullet_number=[1]
[17:57:50:206]3734:[DBG]:SSC:Main [-WARNING-][2] gi need perform.
[17:57:50:503]4080:[DBG]:LSU:Polygon Lock
[17:57:50:565]4134:[DBG]:SSC:Get info model=CTO2300HY
[17:57:50:565]4134:[DBG]:SSC:Get info chip version=Z-7125-020
[17:57:50:596]4134:[DBG]:SSC:Get info tools Version=Z904
[17:57:50:596]4134:[DBG]:SSC:Get info power cnt=14663
[17:57:50:674]4254:[DBG]:SSC:####### TRAMMELS_VALUE ###### read trammels value 0x7D5DED82, channel = 2
[17:57:50:737]4274:[DBG]:SSC:Info flag = 0x00000001.
[17:57:50:737]4274:[DBG]:SSC:Main[2] gi finshed. bullet_number=[1]
[17:57:50:737]4274:[DBG]:SSC:Main [-WARNING-][3] gi need perform.
[17:57:50:940]4516:[DBG]:STS:LowTempStCk,TempChange[0 -> 27].
[17:57:51:096]4668:[DBG]:SSC:Get info model=CTO2300HK
[17:57:51:096]4668:[DBG]:SSC:Get info chip version=Z-7125-020
[17:57:51:128]4668:[DBG]:SSC:Get info tools Version=Z904
[17:57:51:128]4668:[DBG]:SSC:Get info power cnt=14701
[17:57:51:206]4786:[DBG]:SSC:####### TRAMMELS_VALUE ###### read trammels value 0x7D5DED82, channel = 3
[17:57:51:268]4804:[DBG]:SSC:Info flag = 0x00000001.
[17:57:51:268]4804:[DBG]:SSC:Main[3] gi finshed. bullet_number=[1]
[17:57:51:268]4804:[DBG]:SSC:Main [-WARNING-][4] gi need perform.
[17:57:51:596]5176:[DBG]:PLT:rcv tray[7] limit info[1]
[17:57:51:596]5176:[DBG]:PLT:mecha[1],input[1]
[17:57:51:596]5176:[DBG]:PLT:mecha[1],input[1]
[17:57:51:627]5176:[DBG]:PLT:Tray set homing up Tid[3]
[17:57:51:627]5176:[DBG]:PLA:Tray[3] Remain Enable OK
[17:57:51:627]5178:[DBG]:STS:Option1 Tray Remain 0
[17:57:51:627]5180:[DBG]:PLT:rcv tray[3] amount pre[4] now[4]
[17:57:51:627]5180:[DBG]:PLT:Tray[3] Ready
[17:57:51:627]5180:[DBG]:PAP:Last Sheet ID Sid[255]
[17:57:51:643]5180:[DBG]:PLA:Tray[3] Retry Ready Set[0]
[17:57:51:643]5180:[DBG]:PAP:Last Sheet ID Sid[255]
[17:57:51:643]5180:[DBG]:CMD:Tray[3], Paper Exist[0]
[17:57:51:643]5180:[DBG]:CMD:Tray[3], Plate Status[0]
[17:57:51:659]5192:[DBG]:SSC:Get info model=CDO2300C
[17:57:51:659]5192:[DBG]:SSC:Get info chip version=Z-7125-020
[17:57:51:674]5192:[DBG]:SSC:Get info tools Version=Z904
[17:57:51:674]5192:[DBG]:SSC:Get info power cnt=14782
[17:57:51:674]5216:[DBG]:PAP:Sn[54] Value[0]
[17:57:51:674]5218:[DBG]:STS:Option1 Tray Remain 100
[17:57:51:706]5218:[DBG]:PLT:rcv tray[3] amount pre[4] now[0]
[17:57:51:721]5218:[DBG]:CMD:Tray[3], Paper Exist[1]
[17:57:51:721]5310:[DBG]:SSC:####### TRAMMELS_VALUE ###### read trammels value 0x7D5DED82, channel = 4
[17:57:51:784]5324:[DBG]:SSC:Info flag = 0x00000001.
[17:57:51:784]5324:[DBG]:SSC:Main[4] gi finshed. bullet_number=[1]
[17:57:51:784]5324:[DBG]:SSC:Main [-WARNING-][5] gi need perform.
[17:57:52:128]5712:[DBG]:SSC:Get info model=CDO2300M
[17:57:52:128]5712:[DBG]:SSC:Get info chip version=Z-7125-020
[17:57:52:174]5712:[DBG]:SSC:Get info tools Version=Z904
[17:57:52:174]5712:[DBG]:SSC:Get info power cnt=14647
[17:57:52:268]5808:[DBG]:IMG:Comp Hv Abs Check Start
[17:57:52:268]5832:[DBG]:SSC:####### TRAMMELS_VALUE ###### read trammels value 0x7D5DED82, channel = 5
[17:57:52:283]5844:[DBG]:SSC:Info flag = 0x00000001.
[17:57:52:283]5844:[DBG]:SSC:Main[5] gi finshed. bullet_number=[1]
[17:57:52:315]5844:[DBG]:SSC:Main [-WARNING-][6] gi need perform.
[17:57:52:627]6208:[DBG]:IMG:Comp Hv Abs Check Stop
[17:57:52:690]6262:[DBG]:SSC:Get info model=CDO2300Y
[17:57:52:690]6262:[DBG]:SSC:Get info chip version=Z-7125-020
[17:57:52:721]6262:[DBG]:SSC:Get info tools Version=Z904
[17:57:52:721]6262:[DBG]:SSC:Get info power cnt=14782
[17:57:52:799]6384:[DBG]:SSC:####### TRAMMELS_VALUE ###### read trammels value 0x7D5DED82, channel = 6
[17:57:52:830]6404:[DBG]:SSC:Info flag = 0x00000001.
[17:57:52:861]6404:[DBG]:SSC:Main[6] gi finshed. bullet_number=[1]
[17:57:52:861]6404:[DBG]:SSC:Main [-WARNING-][7] gi need perform.
[17:57:53:064]6654:[DBG]:FUS:Machine Temperature Of PowerOn -> 27
[17:57:53:064]6654:[DBG]:FUS:Env -> MM ( Env_Temp -> 27 )
[17:57:53:080]6654:[DBG]:FUS:Warmup Rotation Finish
[17:57:53:080]6654:[INT]:Dev:FUSER Motor stop
[17:57:53:080]6654:[INT]:DEV:fuser motor req stop
[17:57:53:111]6654:[DBG]:FUS:Mode Change!! ( C_Temp = 164 / R_Temp = 148 / F_Temp = 148)
[17:57:53:111]6654:[DBG]:FUS:Warmup / Rotation -> Standby / Standby 
[17:57:53:111]6654:[DBG]:FUS:Standby Tar_Temp = 75 
[17:57:53:111]6654:[DBG]:DEV:Main fan off,duty is 0
[17:57:53:111]6654:[DBG]:DEV:LP5009 addr:0x0B data:0xFF
[17:57:53:111]6654:[DBG]:DEV:Power fan off,duty is 0
[17:57:53:127]6654:[DBG]:DEV:LP5009 addr:0x0C data:0xFF
[17:57:53:127]6654:[DBG]:DEV:lsu rear fan off,duty is 0
[17:57:53:127]6654:[DBG]:DEV:LP5009 addr:0x0D data:0xFF
[17:57:53:143]6654:[DBG]:DEV:lsu front fan off,duty is 0
[17:57:53:143]6654:[DBG]:DEV:LP5009 addr:0x0E data:0xFF
[17:57:53:143]6654:[DBG]:STS:fuser warmup finish
[17:57:53:174]6654:[DBG]:IMG:Med Fuser Reocvery Rotate Finish
[17:57:53:174]6654:[DBG]:IMG:Channel Info Fuser Wakeup Rotate Finish
[17:57:53:221]6794:[DBG]:SSC:Get info model=CDO2300K
[17:57:53:221]6794:[DBG]:SSC:Get info chip version=Z-7125-020
[17:57:53:252]6794:[DBG]:SSC:Get info tools Version=Z904
[17:57:53:252]6794:[DBG]:SSC:Get info power cnt=6196
[17:57:53:346]6912:[DBG]:SSC:####### TRAMMELS_VALUE ###### read trammels value 0x81B37CCE, channel = 7
[17:57:53:439]7024:[DBG]:SSC:Info flag = 0x00000001.
[17:57:53:439]7024:[DBG]:SSC:Main[7] gi finshed. bullet_number=[1]
[17:57:53:439]7024:[DBG]:SSC:####### TRAMMELS_VALUE ###### swap_result 0xFF
[17:57:53:439]7024:[DBG]:SSC:Main patent gnd need perform.
[17:57:53:439]7024:[DBG]:SSC:Main Start patent gnd.
[17:57:53:486]7024:[DBG]:SSC:PGND patent GND detect start!!!!
[17:57:53:518]7024:[DBG]:SSC:Patent IF require[2] [1] [0] 0:Surf 1:Rot 2:Elec 3:Gnd
[17:57:53:518]7024:[DBG]:STS:anticomp[2] data = 0
[17:57:53:518]7024:[DBG]:STS:anticomp start : 2
[17:57:53:518]7034:[DBG]:STS:double gnd data update
[17:57:53:533]7044:[DBG]:STS:anticomp ready : 2
[17:57:53:533]7044:[DBG]:STS:anticomp 2 ready
[17:57:53:533]7054:[DBG]:STS:double gnd data[3] = 0
[17:57:53:549]7054:[DBG]:STS:double gnd data[2] = 0
[17:57:53:549]7054:[DBG]:STS:double gnd data[1] = 0
[17:57:53:549]7054:[DBG]:STS:double gnd data[0] = 0
[17:57:53:564]7054:[DBG]:STS:anticomp finish : 2
[17:57:53:564]7054:[DBG]:STS:anticomp finish : 2
[17:57:53:564]7054:[DBG]:STS:anticomp finish : 2
[17:57:53:564]7054:[DBG]:STS:anticomp finish : 2
[17:57:53:564]7054:[DBG]:STS:DOUBLE GND CHECK finish
[17:57:53:564]7054:[DBG]:STS:DOUBLE GND SUCCESS
[17:57:53:564]7064:[DBG]:SSC:Main [-WARNING-] patent elec no need perform.
[17:57:53:580]7064:[DBG]:SSC:Patent IF require[3] [0] [0] 0:Surf 1:Rot 2:Elec 3:Gnd
[17:57:53:580]7064:[DBG]:STS:anticomp[3] data = 0
[17:57:53:596]7064:[DBG]:SSC:open_surf_switch=[0]
[17:57:53:596]7064:[DBG]:SSC:Test Sn Is New step=[2]
[17:57:53:596]7064:[DBG]:SSC:Test Sn Is New step=[2]
[17:57:53:611]7064:[DBG]:SSC:Test Sn Is New step=[2]
[17:57:53:611]7064:[DBG]:SSC:Test Sn Is New step=[2]
[17:57:53:611]7064:[DBG]:SSC:Main patent rot step=[0]
[17:57:53:627]7064:[DBG]:SSC:Patent IF require[1] [0] [0] 0:Surf 1:Rot 2:Elec 3:Gnd
[17:57:53:627]7064:[DBG]:STS:anticomp[1] data = 0
[17:57:53:627]7064:[DBG]:SSC:open_surf_switch=[0]
[17:57:53:642]7064:[DBG]:SSC:Main [-WARNING-] no need perform [4].
[17:57:53:642]7064:[DBG]:SSC:Main patent surf step=[0]
[17:57:53:642]7064:[DBG]:SSC:Patent IF require[0] [0] [0] 0:Surf 1:Rot 2:Elec 3:Gnd
[17:57:53:642]7064:[DBG]:STS:anticomp[0] data = 0
[17:57:53:642]7064:[DBG]:SSC:Main STOP in Patent Surf!
[17:57:53:658]7064:[DBG]:SSC:Main End in bullet-[1].
[17:57:53:658]7064:[DBG]:SSC:Interface[0] check info [0]->[3]
[17:57:53:658]7064:[DBG]:SSC:Info to EC suss. [0] [3]
[17:57:53:674]7064:[DBG]:SSC:Interface[1] check info [0]->[3]
[17:57:53:674]7064:[DBG]:SSC:Info to EC suss. [1] [3]
[17:57:53:674]7066:[DBG]:SSC:Interface[2] check info [0]->[3]
[17:57:53:689]7066:[DBG]:SSC:Info to EC suss. [2] [3]
[17:57:53:689]7066:[DBG]:SSC:Interface[3] check info [0]->[3]
[17:57:53:689]7066:[DBG]:SSC:Info to EC suss. [3] [3]
[17:57:53:689]7066:[DBG]:SSC:Interface[4] check info [0]->[3]
[17:57:53:689]7066:[DBG]:SSC:Info to EC suss. [4] [3]
[17:57:53:689]7066:[DBG]:SSC:Interface[5] check info [0]->[3]
[17:57:53:721]7066:[DBG]:SSC:Info to EC suss. [5] [3]
[17:57:53:721]7066:[DBG]:SSC:Interface[6] check info [0]->[3]
[17:57:53:721]7066:[DBG]:SSC:Info to EC suss. [6] [3]
[17:57:53:736]7068:[DBG]:SSC:Interface check state [0]->[2]
[17:57:53:736]7068:[DBG]:SSC:Interface[7] check info [0]->[3]
[17:57:53:736]7068:[DBG]:STS:anticomp start : 3
[17:57:53:736]7068:[DBG]:STS:anticomp start : 1
[17:57:53:736]7068:[DBG]:STS:anticomp start : 0
[17:57:53:736]7068:[DBG]:STS:anticomp vopc stop
[17:57:53:752]7068:[DBG]:SSC:Info to EC suss. [7] [3]
[17:57:53:752]7068:[DBG]:SSC:Main [-WARNING-] no need perform [5].
[17:57:53:752]7068:[DBG]:SSC:Main [-WARNING-] Method no need perform.
[17:57:53:767]7068:[DBG]:SSC:Main stop in active 00!
[17:57:53:767]7068:[DBG]:SSC:Main [-WARNING-] no need perform [6].
[17:57:53:783]7068:[DBG]:SSC:Main [-WARNING-] Method no need perform.
[17:57:53:783]7068:[DBG]:SSC:Main STOP in Method 00!
[17:57:53:783]7070:[DBG]:SSC:Patent IF Not Interrupt step=[0][8][4].
[17:57:53:783]7070:[DBG]:STS:IUCHIP Open Result OK iuchip[0] = 7
[17:57:53:783]7070:[DBG]:STS:BottleK SET
[17:57:53:783]7070:[DBG]:STS:IU CHIP BottleK Open
[17:57:53:799]7070:[DBG]:STS:IUCHIP Open Result OK iuchip[1] = 7
[17:57:53:799]7070:[DBG]:STS:BottleY SET
[17:57:53:799]7070:[DBG]:STS:IU CHIP BottleY Open
[17:57:53:814]7070:[DBG]:STS:IUCHIP Open Result OK iuchip[2] = 7
[17:57:53:814]7070:[DBG]:STS:BottleM SET
[17:57:53:814]7070:[DBG]:STS:IU CHIP BottleM Open
[17:57:53:830]7072:[DBG]:STS:IUCHIP Open Result OK iuchip[3] = 7
[17:57:53:830]7072:[DBG]:STS:BottleC SET
[17:57:53:830]7072:[DBG]:STS:IU CHIP BottleC Open
[17:57:53:830]7072:[DBG]:STS:IUCHIP Open Result OK iuchip[4] = 7
[17:57:53:846]7072:[DBG]:STS:PCDU(K) SET
[17:57:53:846]7072:[DBG]:STS:IU CHIP PCDU-K Open
[17:57:53:846]7074:[DBG]:STS:IUCHIP Open Result OK iuchip[5] = 7
[17:57:53:861]7074:[DBG]:STS:PCDU(Y) SET
[17:57:53:861]7074:[DBG]:STS:IU CHIP PCDU-Y Open
[17:57:53:861]7074:[DBG]:STS:IUCHIP Open Result OK iuchip[6] = 7
[17:57:53:861]7074:[DBG]:STS:PCDU(M) SET
[17:57:53:877]7074:[DBG]:STS:IU CHIP PCDU-M Open
[17:57:53:877]7074:[DBG]:STS:IUCHIP Open Result OK iuchip[7] = 7
[17:57:53:877]7074:[DBG]:STS:PCDU(C) SET
[17:57:53:877]7074:[DBG]:STS:IU CHIP PCDU-C Open
[17:57:53:877]7074:[DBG]:STS:STATUS_WAKEUP_START_IUCHIP_READY
[17:57:53:892]7074:[DBG]:STS:at_wakeup = 1,at_warmingup=1,at_all_iuchip=0
[17:57:53:892]7074:[DBG]:STS:Cannot Imaging Wakeup 
[17:57:53:892]7076:[DBG]:SSC:Interface  [3] model=[CTO2300HK] volumn=[15000] life=[16500] prt=[7317] feed=[7191]
[17:57:53:908]7076:[DBG]:SSC:Interface [3] data out: 
[17:57:53:908]7076:[DBG]:SSC:==================[-start show buff-]======================
[17:57:53:924]7076:[DBG]:SSC:0x0000---->0xFF, 0x01, 0x43, 0x50, 0x37, 0x4A, 0x30, 0x30, 
[17:57:53:939]7076:[DBG]:SSC:0x0001---->0x30, 0x31, 0x34, 0x35, 0x00, 0x00, 0x00, 0x00, 
[17:57:53:939]7076:[DBG]:SSC:==================[-stop show buff-]======================
[17:57:53:939]
[17:57:53:955]7078:[DBG]:STS:Supply Normal...
[17:57:53:955]7078:[DBG]:SSC:Interface[3] remain [0]->[512]
[17:57:53:955]7078:[DBG]:STS:Toner(K) FULL Remain:51
[17:57:53:955]7078:[DBG]:STS:Waste Toner Normal Remain:100
[17:57:53:955]7078:[DBG]:SSC:Interface  [2] model=[CTO2300HY] volumn=[12000] life=[13200] prt=[5215] feed=[7197]
[17:57:53:971]7078:[DBG]:SSC:Interface [2] data out: 
[17:57:53:971]7078:[DBG]:SSC:==================[-start show buff-]======================
[17:57:53:986]7078:[DBG]:SSC:0x0000---->0xFF, 0x01, 0x43, 0x50, 0x37, 0x4A, 0x30, 0x30, 
[17:57:53:986]7078:[DBG]:SSC:0x0001---->0x30, 0x31, 0x34, 0x35, 0x00, 0x00, 0x00, 0x00, 
[17:57:54:002]7078:[DBG]:SSC:==================[-stop show buff-]======================
[17:57:54:002]
[17:57:54:017]7080:[DBG]:SSC:Interface  [1] model=[CTO2300HM] volumn=[12000] life=[13200] prt=[1649] feed=[2540]
[17:57:54:017]7080:[DBG]:SSC:Interface [1] data out: 
[17:57:54:033]7080:[DBG]:SSC:==================[-start show buff-]======================
[17:57:54:033]7080:[DBG]:SSC:0x0000---->0xFF, 0x01, 0x41, 0x41, 0x32, 0x41, 0x30, 0x30, 
[17:57:54:033]7080:[DBG]:SSC:0x0001---->0x30, 0x30, 0x30, 0x30, 0x00, 0x00, 0x00, 0x00, 
[17:57:54:033]7080:[DBG]:SSC:==================[-stop show buff-]======================
[17:57:54:049]
[17:57:54:049]7080:[DBG]:SSC:Interface  [0] model=[CTO2300HC] volumn=[12000] life=[13200] prt=[1081] feed=[1661]
[17:57:54:064]7082:[DBG]:SSC:Interface [0] data out: 
[17:57:54:064]7082:[DBG]:SSC:==================[-start show buff-]======================
[17:57:54:080]7082:[DBG]:SSC:0x0000---->0xFF, 0x01, 0x43, 0x50, 0x37, 0x46, 0x30, 0x30, 
[17:57:54:080]7082:[DBG]:SSC:0x0001---->0x30, 0x31, 0x31, 0x34, 0x00, 0x00, 0x00, 0x00, 
[17:57:54:095]7082:[DBG]:SSC:==================[-stop show buff-]======================
[17:57:54:095]
[17:57:54:095]7082:[DBG]:SSC:Interface  [7] model=[CDO2300K] volumn=[60000] life=[60000] prt=[5093] feed=[3171]
[17:57:54:095]7082:[DBG]:SSC:Interface [7] data out: 
[17:57:54:127]7082:[DBG]:SSC:==================[-start show buff-]======================
[17:57:54:127]7082:[DBG]:SSC:0x0000---->0xFF, 0xFF, 0x1C, 0x25, 0x01, 0x41, 0x41, 0x32, 
[17:57:54:127]7082:[DBG]:SSC:0x0001---->0x41, 0x30, 0x30, 0x30, 0x30, 0x30, 0x30, 0x00, 
[17:57:54:127]7082:[DBG]:SSC:==================[-stop show buff-]======================
[17:57:54:142]
[17:57:54:142]7084:[DBG]:SSC:Interface  [6] model=[CDO2300Y] volumn=[60000] life=[60000] prt=[9677] feed=[7197]
[17:57:54:158]7084:[DBG]:SSC:Interface [6] data out: 
[17:57:54:158]7084:[DBG]:SSC:==================[-start show buff-]======================
[17:57:54:174]7084:[DBG]:SSC:0x0000---->0xFF, 0xFF, 0x5E, 0x27, 0x01, 0x43, 0x50, 0x37, 
[17:57:54:174]7084:[DBG]:SSC:0x0001---->0x4A, 0x30, 0x30, 0x30, 0x31, 0x34, 0x35, 0x00, 
[17:57:54:174]7084:[DBG]:SSC:==================[-stop show buff-]======================
[17:57:54:174]
[17:57:54:174]7084:[DBG]:SSC:Interface  [5] model=[CDO2300M] volumn=[60000] life=[60000] prt=[9476] feed=[7178]
[17:57:54:189]7084:[DBG]:SSC:Interface [5] data out: 
[17:57:54:205]7084:[DBG]:SSC:==================[-start show buff-]======================
[17:57:54:205]7084:[DBG]:SSC:0x0000---->0xFF, 0xFF, 0x8C, 0x28, 0x01, 0x43, 0x50, 0x37, 
[17:57:54:220]7084:[DBG]:SSC:0x0001---->0x4A, 0x30, 0x30, 0x30, 0x31, 0x34, 0x35, 0x00, 
[17:57:54:220]7086:[DBG]:STS:Supply Normal...
[17:57:54:236]7086:[DBG]:SSC:Interface[2] remain [0]->[565]
[17:57:54:236]7086:[DBG]:STS:Toner(Y) FULL Remain:57
[17:57:54:236]7086:[DBG]:STS:Waste Toner Normal Remain:100
[17:57:54:236]7086:[DBG]:STS:Supply Normal...
[17:57:54:252]7086:[DBG]:SSC:Interface[1] remain [0]->[862]
[17:57:54:252]7086:[DBG]:STS:Toner(M) FULL Remain:86
[17:57:54:252]7086:[DBG]:STS:Waste Toner Normal Remain:100
[17:57:54:267]7086:[DBG]:STS:Supply Normal...
[17:57:54:267]7088:[DBG]:SSC:==================[-stop show buff-]======================
[17:57:54:267]
[17:57:54:267]7088:[DBG]:SSC:Interface[0] remain [0]->[909]
[17:57:54:267]7088:[DBG]:STS:Toner(C) FULL Remain:91
[17:57:54:267]7088:[DBG]:STS:Waste Toner Normal Remain:100
[17:57:54:283]7088:[DBG]:STS:Supply Normal...
[17:57:54:283]7090:[DBG]:SSC:Interface[7] remain [0]->[915]
[17:57:54:283]7090:[DBG]:STS:OPC(K) Life Full Remain:92
[17:57:54:299]7090:[DBG]:STS:Carrier(K) Life Full Remain:92
[17:57:54:299]7090:[DBG]:STS:Waste Toner Normal Remain:100
[17:57:54:299]7090:[DBG]:STS:Supply Normal...
[17:57:54:299]7090:[DBG]:SSC:Interface[6] remain [0]->[838]
[17:57:54:299]7090:[DBG]:STS:OPC(Y) Life Full Remain:84
[17:57:54:299]7092:[DBG]:STS:Carrier(Y) Life Full Remain:84
[17:57:54:330]7092:[DBG]:STS:Waste Toner Normal Remain:100
[17:57:54:330]7092:[DBG]:STS:Supply Normal...
[17:57:54:330]7092:[DBG]:SSC:Interface[5] remain [0]->[842]
[17:57:54:330]7092:[DBG]:STS:OPC(M) Life Full Remain:84
[17:57:54:330]7094:[DBG]:STS:Carrier(M) Life Full Remain:84
[17:57:54:330]7094:[DBG]:STS:Waste Toner Normal Remain:100
[17:57:54:345]7094:[DBG]:SSC:Interface  [4] model=[CDO2300C] volumn=[60000] life=[60000] prt=[9678] feed=[7196]
[17:57:54:361]7094:[DBG]:SSC:Interface [4] data out: 
[17:57:54:361]7094:[DBG]:SSC:==================[-start show buff-]======================
[17:57:54:377]7094:[DBG]:SSC:0x0000---->0xFF, 0xFF, 0xC0, 0x28, 0x01, 0x43, 0x50, 0x37, 
[17:57:54:377]7094:[DBG]:SSC:0x0001---->0x4A, 0x30, 0x30, 0x30, 0x31, 0x34, 0x35, 0x00, 
[17:57:54:392]7094:[DBG]:SSC:==================[-stop show buff-]======================
[17:57:54:392]
[17:57:54:392]7096:[DBG]:STS:Supply Normal...
[17:57:54:392]7096:[DBG]:SSC:Interface[4] remain [0]->[838]
[17:57:54:392]7096:[DBG]:STS:OPC(C) Life Full Remain:84
[17:57:54:392]7096:[DBG]:STS:Carrier(C) Life Full Remain:84
[17:57:54:424]7096:[DBG]:STS:Waste Toner Normal Remain:100
[17:57:54:424]7096:[DBG]:STS:all Iuchip ntf complete
[17:57:54:424]7096:[DBG]:STS:at_wakeup = 1,at_warmingup=1,at_all_iuchip=1
[17:57:54:424]7096:[DBG]:STS:Imaging Wakeup Start
[17:57:54:424]7096:[DBG]:CAL:Med Consumable Data Sync Status 1
[17:57:54:424]7096:[DBG]:CAL:Factor Calib Mode 0 Start Judge
[17:57:54:439]7096:[DBG]:CAL:Reg Get Calib Disable 0
[17:57:54:439]7096:[DBG]:CAL:Factor Calib Mode (0:0) Start Request Disable, Requesting Mode 0 State 1
[17:57:54:455]7096:[DBG]:CAL:Factor Humiture Detect Start
[17:57:54:455]7098:[DBG]:IMG:Med Wakeup Start
[17:57:54:470]7098:[DBG]:IMG:Reg Main Motor[0] Stop Time:[212000]ms.
[17:57:54:470]7098:[DBG]:IMG:Reg Wakeup[0] Cal Agitated Time:[0]ms.
[17:57:54:470]7098:[DBG]:IMG:Reg Get Motor Calc Normal Agitated Time:0 ms
[17:57:54:470]7098:[DBG]:IMG:Reg Main Motor[1] Stop Time:[213000]ms.
[17:57:54:470]7098:[DBG]:IMG:Reg Wakeup[1] Cal Agitated Time:[0]ms.
[17:57:54:486]7098:[DBG]:IMG:Reg Get Motor Calc Normal Agitated Time:0 ms
[17:57:54:486]7098:[DBG]:IMG:Reg Wakeup No Motor Need Rotate
[17:57:54:502]7098:[DBG]:IMG:Reg Wakeup Agitated Time MotorK:0 ms,YMC:0 ms
[17:57:54:502]7098:[DBG]:TONER:Log Data 0x200D
[17:57:54:502]7098:[DBG]:TONER:RunMode[2].
[17:57:54:502]7098:[DBG]:TONER:TarUpdate[2,2].
[17:57:54:517]7098:[DBG]:SSC:Interface[7] Opc Used Page [0]->[5093]
[17:57:54:517]7098:[DBG]:TONER:TargetOffset[K,-31],Life[5093],Env[6].
[17:57:54:533]7098:[DBG]:STS:Opc[K]DriveTotalLength = 0mm
[17:57:54:533]7098:[DBG]:TONER:TcSetCal[K]-As,YmcTimeOut[0],OpcAs[0:Cur=0,Pre=0],DotAs[0,0].
[17:57:54:549]7098:[DBG]:TONER:TcSetCal[K]-OpcAsJudge,OpcAs[0],Limit[23808].
[17:57:54:549]7098:[DBG]:TONER:TcSetCalc[K]-Type1[1,-308,0],OpcAsFlag[0],DotTc[0],Env[1].
[17:57:54:564]7098:[DBG]:TONER:TargetUpdate[K,823],Limit[770,1350],Offset[-31,100],TcSet[-308],ratio[100]].
[17:57:54:564]7098:[DBG]:SSC:Interface[6] Opc Used Page [0]->[9677]
[17:57:54:564]7098:[DBG]:TONER:TargetOffset[Y,-37],Life[9677],Env[6].
[17:57:54:564]7098:[DBG]:STS:Opc[Y]DriveTotalLength = 0mm
[17:57:54:580]7098:[DBG]:TONER:TcSetCal[Y]-As,YmcTimeOut[0],OpcAs[0:Cur=0,Pre=0],DotAs[0,0].
[17:57:54:580]7098:[DBG]:TONER:TcSetCal[Y]-OpcAsJudge,OpcAs[0],Limit[23808].
[17:57:54:595]7098:[DBG]:TONER:TcSetCalc[Y]-Type1[1,-330,0],OpcAsFlag[0],DotTc[0],Env[1].
[17:57:54:611]7098:[DBG]:TONER:TargetUpdate[Y,807],Limit[770,1350],Offset[-37,100],TcSet[-330],ratio[100]].
[17:57:54:611]7098:[DBG]:SSC:Interface[5] Opc Used Page [0]->[9476]
[17:57:54:627]7098:[DBG]:TONER:TargetOffset[M,100],Life[9476],Env[6].
[17:57:54:627]7098:[DBG]:STS:Opc[M]DriveTotalLength = 0mm
[17:57:54:627]7098:[DBG]:TONER:TcSetCal[M]-As,YmcTimeOut[0],OpcAs[0:Cur=0,Pre=0],DotAs[0,0].
[17:57:54:627]7098:[DBG]:TONER:TcSetCal[M]-OpcAsJudge,OpcAs[0],Limit[23808].
[17:57:54:642]7098:[DBG]:TONER:TcSetCalc[M]-Type1[1,-281,0],OpcAsFlag[0],DotTc[0],Env[1].
[17:57:54:642]7098:[DBG]:TONER:TargetUpdate[M,790],Limit[770,1350],Offset[100,100],TcSet[-281],ratio[110]].
[17:57:54:658]7098:[DBG]:SSC:Interface[4] Opc Used Page [0]->[9678]
[17:57:54:658]7098:[DBG]:TONER:TargetOffset[C,100],Life[9678],Env[6].
[17:57:54:673]7098:[DBG]:STS:Opc[C]DriveTotalLength = 0mm
[17:57:54:673]7098:[DBG]:TONER:TcSetCal[C]-As,YmcTimeOut[0],OpcAs[0:Cur=0,Pre=0],DotAs[0,0].
[17:57:54:689]7098:[DBG]:TONER:TcSetCal[C]-OpcAsJudge,OpcAs[0],Limit[23808].
[17:57:54:689]7098:[DBG]:TONER:TcSetCalc[C]-Type1[1,-240,0],OpcAsFlag[0],DotTc[0],Env[1].
[17:57:54:689]7098:[DBG]:TONER:TargetUpdate[C,770],Limit[770,1350],Offset[100,100],TcSet[-240],ratio[100]].
[17:57:54:689]7098:[DBG]:TONER:K Vcon set 9500mv.
[17:57:54:720]7100:[DBG]:TONER:Y Vcon set 10078mv.
[17:57:54:720]7102:[DBG]:TONER:M Vcon set 10380mv.
[17:57:54:720]7104:[DBG]:TONER:C Vcon set 10432mv.
[17:57:54:720]7106:[DBG]:TONER:AutoGainStartJudge[K],CmdFlag[0],Symbol[0].
[17:57:54:720]7106:[DBG]:TONER:AutoGainStartJudge[Y],CmdFlag[0],Symbol[0].
[17:57:54:736]7106:[DBG]:TONER:AutoGainStartJudge[M],CmdFlag[0],Symbol[0].
[17:57:54:736]7106:[DBG]:TONER:AutoGainStartJudge[C],CmdFlag[0],Symbol[0].
[17:57:54:752]7106:[DBG]:TONER:SensorFeConfig,FeCtrl[1,1,1,1,1,1],FeFlag[0,0,0,0].
[17:57:54:752]7108:[DBG]:TONER:SpeedM[0].
[17:57:54:752]7108:[DBG]:IMG:Channel Wakeup Prepare Finish
[17:57:54:767]7108:[DBG]:IMG:Comp Polygon Off.
[17:57:54:767]7108:[DBG]:LSU:Polygon Off 
[17:57:54:767]7108:[DBG]:IMG:Med Toner Wakeup Start Finish
[17:57:54:767]7108:[DBG]:STS:MAIN->READY  ,SUB->NONE!  
[17:57:54:767]7108:[DBG]:DEV:Warmup Finish Note For Fan
[17:57:54:767]7108:[DBG]:setmp=11,0
[17:57:54:767]7108:[DBG]:STS:imaging warmup finish
[17:57:54:783]7108:[DBG]:STS:update machine sn value = 2
[17:57:54:783]7108:[DBG]:FUS:Plotter Status To Standby
[17:57:54:783]7108:[DBG]:PLT:rcv warmup info[0]
[17:57:54:798]7108:[DBG]:CAL:Factor Calib Mode 0 Start Judge
[17:57:54:798]7108:[DBG]:CAL:Reg Get Calib Disable 0
[17:57:54:814]7108:[DBG]:CAL:Factor Calib Mode (0:0) Start Request Disable, Requesting Mode 0 State 0
[17:57:54:814]7108:[DBG]:CAL:Factor Humiture Detect Stop
[17:57:54:830]7666:[DBG]:STS: Main tray paper Size:Unkown-Unknown
[17:57:54:830]7666:[DBG]:CMD:Tray[0], Paper Size Change[3], Paper Code[0]
[17:57:54:830]7716:[DBG]:STS:Main tray Open
[17:57:54:861]7718:[DBG]:CMD:Tray[0], Paper Exist[0]
[17:57:54:861]7718:[DBG]:CMD:Tray[0], Tray Open Status[1]
[17:57:55:517]9116:[DBG]:STS: Main tray paper Size:A4-Lef
[17:57:55:517]9116:[DBG]:STS:Main Tray Remain 0
[17:57:55:517]9116:[DBG]:STS:Main tray Close
[17:57:55:533]9118:[DBG]:CMD:Tray[0], Paper Size Change[1], Paper Code[5]
[17:57:55:533]9118:[DBG]:CMD:Tray[0], Paper Exist[0]
[17:57:55:564]9118:[DBG]:CMD:Tray[0], Tray Open Status[0]
[17:57:56:736]10288:[DBG]:IMG:Comp Itb Req Set State:[0]
[17:57:56:736]10308:[DBG]:IMG:Comp Itb State Set[0] Complete
[17:57:56:954]10516:[DBG]:STS:LowTempStCk,StChange[(0,3) -> (27,0)].
[17:58:04:484]18078:[DBG]:CMD:Hand Shake received!
[17:58:04:484]18078:[DBG]:CMD:[0x51]->[0x20]
[17:58:04:484]18086:[DBG]:CMD:[0xBD]->[0x20]
[17:58:04:494]18086:[DBG]:   :[0x01]->[0x20]
[17:58:04:494]18086:[DBG]:   :[0x01]->[0x20]
[17:58:04:495]18086:[DBG]:   :[0x08]->[0x20]
[17:58:04:495]18086:[DBG]:   :[0x0A]->[0x20]
[17:58:04:512]18086:[DBG]:   :[0x01]->[0x32]
[17:58:04:512]18086:[DBG]:   :[0x02]->[0x2E]
[17:58:04:512]18086:[DBG]:   :[0x03]->[0x35]
[17:58:04:512]18086:[DBG]:   :[0x04]->[0x2E]
[17:58:04:525]18086:[DBG]:   :[0x05]->[0x31]
[17:58:04:525]18086:[DBG]:   :[0x06]->[0x2E]
[17:58:04:525]18086:[DBG]:   :[0x07]->[0x34]
[17:58:04:525]18086:[DBG]:   :[0x08]->[0x00]
[17:58:04:535]18086:[DBG]:   :[0x09]->[0x00]
[17:58:04:535]18086:[DBG]:   :[0x0A]->[0x00]
[17:58:04:535]18090:[DBG]:CMD:[0xBD]->[0x20]
[17:58:04:535]18090:[DBG]:   :[0x01]->[0x20]
[17:58:04:550]18090:[DBG]:   :[0x01]->[0x20]
[17:58:04:550]18090:[DBG]:   :[0x09]->[0x20]
[17:58:04:550]18090:[DBG]:   :[0x0A]->[0x20]
[17:58:04:550]18090:[DBG]:   :[0x01]->[0x32]
[17:58:04:562]18090:[DBG]:   :[0x02]->[0x2E]
[17:58:04:562]18090:[DBG]:   :[0x03]->[0x44]
[17:58:04:562]18090:[DBG]:   :[0x04]->[0x2E]
[17:58:04:562]18090:[DBG]:   :[0x05]->[0x31]
[17:58:04:575]18090:[DBG]:   :[0x06]->[0x2E]
[17:58:04:575]18090:[DBG]:   :[0x07]->[0x33]
[17:58:04:575]18090:[DBG]:   :[0x08]->[0x00]
[17:58:04:575]18090:[DBG]:   :[0x09]->[0x00]
[17:58:04:584]18090:[DBG]:   :[0x0A]->[0x00]
[17:58:04:584]18090:[DBG]:CMD:[0xBD]->[0x20]
[17:58:04:584]18090:[DBG]:   :[0x01]->[0x20]
[17:58:04:584]18090:[DBG]:   :[0x01]->[0x20]
[17:58:04:595]18090:[DBG]:   :[0x0A]->[0x20]
[17:58:04:595]18090:[DBG]:   :[0x0A]->[0x20]
[17:58:04:595]18090:[DBG]:   :[0x01]->[0x33]
[17:58:04:595]18090:[DBG]:   :[0x02]->[0x2E]
[17:58:04:615]18090:[DBG]:   :[0x03]->[0x30]
[17:58:04:615]18090:[DBG]:   :[0x04]->[0x2E]
[17:58:04:615]18090:[DBG]:   :[0x05]->[0x30]
[17:58:04:615]18090:[DBG]:   :[0x06]->[0x2E]
[17:58:04:630]18090:[DBG]:   :[0x07]->[0x31]
[17:58:04:630]18090:[DBG]:   :[0x08]->[0x00]
[17:58:04:630]18090:[DBG]:   :[0x09]->[0x00]
[17:58:04:630]18090:[DBG]:   :[0x0A]->[0x00]
[17:58:04:639]18092:[DBG]:CMD:[0xBD]->[0x20]
[17:58:04:639]18092:[DBG]:   :[0x01]->[0x20]
[17:58:04:639]18092:[DBG]:   :[0x01]->[0x20]
[17:58:04:639]18092:[DBG]:   :[0x0B]->[0x20]
[17:58:04:655]18092:[DBG]:   :[0x0A]->[0x20]
[17:58:04:655]18092:[DBG]:   :[0x01]->[0x33]
[17:58:04:655]18092:[DBG]:   :[0x02]->[0x2E]
[17:58:04:655]18092:[DBG]:   :[0x03]->[0x30]
[17:58:04:665]18092:[DBG]:   :[0x04]->[0x2E]
[17:58:04:665]18092:[DBG]:   :[0x05]->[0x30]
[17:58:04:665]18092:[DBG]:   :[0x06]->[0x2E]
[17:58:04:665]18092:[DBG]:   :[0x07]->[0x31]
[17:58:04:678]18092:[DBG]:   :[0x08]->[0x00]
[17:58:04:678]18092:[DBG]:   :[0x09]->[0x00]
[17:58:04:678]18092:[DBG]:   :[0x0A]->[0x00]
[17:58:04:678]18096:[DBG]:CMD:[0x8C]->[0x20]
[17:58:04:686]18096:[DBG]:   :[0x01]->[0x20]
[17:58:04:686]18096:[DBG]:   :[0x18]->[0x20]
[17:58:04:686]18096:[DBG]:   :[0x43]->[0x20]
[17:58:04:686]18096:[DBG]:   :[0x50]->[0x20]
[17:58:04:698]18096:[DBG]:   :[0x37]->[0x20]
[17:58:04:698]18096:[DBG]:   :[0x4A]->[0x20]
[17:58:04:698]18096:[DBG]:   :[0x30]->[0x20]
[17:58:04:698]18096:[DBG]:   :[0x30]->[0x20]
[17:58:04:718]18096:[DBG]:   :[0x30]->[0x20]
[17:58:04:718]18096:[DBG]:   :[0x31]->[0x20]
[17:58:04:718]18096:[DBG]:   :[0x34]->[0x20]
[17:58:04:718]18096:[DBG]:   :[0x35]->[0x20]
[17:58:04:730]18096:[DBG]:   :[0x00]->[0x20]
[17:58:04:730]18096:[DBG]:   :[0x00]->[0x20]
[17:58:04:730]18096:[DBG]:   :[0x00]->[0x20]
[17:58:04:730]18100:[DBG]:CMD:[0x00]->[0x20]
[17:58:04:740]18100:[DBG]:   :[0x00]->[0x20]
[17:58:04:740]18100:[DBG]:   :[0x00]->[0x20]
[17:58:04:740]18100:[DBG]:   :[0x00]->[0x20]
[17:58:04:740]18100:[DBG]:   :[0x00]->[0x20]
[17:58:04:754]18100:[DBG]:   :[0x00]->[0x20]
[17:58:04:754]18100:[DBG]:   :[0x00]->[0x20]
[17:58:04:754]18100:[DBG]:   :[0x00]->[0x20]
[17:58:04:754]18100:[DBG]:   :[0x00]->[0x20]
[17:58:04:768]18100:[DBG]:STS:machine serial number=CP7J000145
[17:58:04:768]18100:[DBG]:   :[0x00]->[0x20]
[17:58:04:768]18100:[ERR]:CMD:[0x00]
[17:58:04:768]18100:[ERR]:   :[0x00]->[0xA0]
[17:58:04:778]18100:[DBG]:   :[0x00]->[0xA0]
[17:58:04:778]18100:[DBG]:STS:Machine SN from DC=CP7J000145
[17:58:04:778]18100:[DBG]:STS:update machine sn value = 3
[17:58:04:789]18182:[DBG]:CMD:[0x1D]->[0x1F]
[17:58:04:789]18372:[DBG]:CMD:[0x37]->[0x19]
[17:58:04:789]18394:[DBG]:CMD:[0xCC]->[0x20]
[17:58:04:789]18394:[DBG]:   :[0x01]->[0x33]
[17:58:04:801]18394:[DBG]:   :[0x02]->[0x39]
[17:58:04:802]18394:[DBG]:   :[0x03]->[0x56]
[17:58:04:802]18394:[DBG]:   :[0x04]->[0x5B]
[17:58:04:802]18394:[DBG]:   :[0x05]->[0x0A]
[17:58:04:821]18408:[DBG]:CMD:[0xCB]->[0x20]
[17:58:04:821]18408:[DBG]:   :[0x01]->[0x00]
[17:58:04:821]18408:[DBG]:   :[0x02]->[0x00]
[17:58:04:821]18408:[DBG]:   :[0x03]->[0x00]
[17:58:04:832]18424:[DBG]:CMD:[0xCA]->[0x20]
[17:58:04:832]18424:[DBG]:   :[0x01]->[0x5C]
[17:58:04:832]18424:[DBG]:   :[0x02]->[0x54]
[17:58:04:832]18424:[DBG]:   :[0x03]->[0x54]
[17:58:04:844]18424:[DBG]:   :[0x04]->[0x54]
[17:58:04:844]18424:[DBG]:   :[0x05]->[0x5C]
[17:58:04:844]18424:[DBG]:   :[0x06]->[0x54]
[17:58:04:844]18424:[DBG]:   :[0x07]->[0x54]
[17:58:04:859]18424:[DBG]:   :[0x08]->[0x54]
[17:58:04:859]18426:[DBG]:CMD:[0x01]->[0x20]
[17:58:04:859]18438:[DBG]:CMD:[0x1C]->[0x00]
[17:58:04:859]18446:[DBG]:CMD:[0x1B]->[0x02]
[17:58:04:871]18446:[DBG]:CMD:[0xE4]->[0x00]
[17:58:04:871]18446:[DBG]:   :[0x01]->[0x0F]
[17:58:04:871]18446:[DBG]:   :[0x02]->[0x0F]
[17:58:04:871]18450:[DBG]:CMD:[0xCD]->[0x00]
[17:58:04:882]18450:[DBG]:   :[0x00]->[0x00]
[17:58:04:882]18450:[DBG]:   :[0x00]->[0x00]
[17:58:04:882]18450:[DBG]:SSC:Interface[3] Toner Used Page [0]->[7317]
[17:58:04:893]18450:[DBG]:   :[0x00]->[0x00]
[17:58:04:893]18450:[DBG]:   :[0x01]->[0x15]
[17:58:04:893]18450:[DBG]:   :[0x02]->[0x39]
[17:58:04:893]18450:[DBG]:   :[0x03]->[0x00]
[17:58:04:915]18450:[DBG]:   :[0x04]->[0x00]
[17:58:04:918]18450:[DBG]:   :[0x05]->[0x00]
[17:58:04:918]18456:[DBG]:CMD:[0xCE]->[0x00]
[17:58:04:918]18456:[DBG]:   :[0x00]->[0x00]
[17:58:04:926]18456:[DBG]:   :[0x00]->[0x00]
[17:58:04:926]18456:[DBG]:   :[0x01]->[0x00]
[17:58:04:926]18456:[DBG]:   :[0x10]->[0x00]
[17:58:04:926]18456:[DBG]:   :[0x01]->[0x43]
[17:58:04:937]18456:[DBG]:   :[0x02]->[0x54]
[17:58:04:937]18456:[DBG]:   :[0x03]->[0x4F]
[17:58:04:937]18456:[DBG]:   :[0x04]->[0x32]
[17:58:04:937]18456:[DBG]:   :[0x05]->[0x33]
[17:58:04:956]18456:[DBG]:   :[0x06]->[0x30]
[17:58:04:956]18456:[DBG]:   :[0x07]->[0x30]
[17:58:04:956]18456:[DBG]:   :[0x08]->[0x48]
[17:58:04:956]18456:[DBG]:   :[0x09]->[0x4B]
[17:58:04:968]18456:[DBG]:   :[0x0A]->[0x00]
[17:58:04:969]18456:[DBG]:   :[0x0B]->[0x00]
[17:58:04:969]18476:[DBG]:CMD:[0x0C]->[0x00]
[17:58:04:969]18476:[DBG]:   :[0x0D]->[0x00]
[17:58:04:975]18476:[DBG]:   :[0x0E]->[0x00]
[17:58:04:975]18476:[DBG]:   :[0x0F]->[0x00]
[17:58:04:975]18476:[DBG]:   :[0x10]->[0x00]
[17:58:04:975]18514:[DBG]:CMD:[0xCE]->[0x00]
[17:58:04:987]18514:[DBG]:   :[0x00]->[0x00]
[17:58:04:987]18514:[DBG]:   :[0x00]->[0x00]
[17:58:04:987]18514:[DBG]:   :[0x02]->[0x00]
[17:58:05:005]18514:[DBG]:STS:Tuchip-K get_sn_len=24 sn-ascii = 35011D055B0A7B8D
[17:58:05:009]18514:[DBG]:   :[0x18]->[0x00]
[17:58:05:009]18514:[DBG]:   :[0x01]->[0x33]
[17:58:05:009]18514:[DBG]:   :[0x02]->[0x35]
[17:58:05:019]18514:[DBG]:   :[0x03]->[0x30]
[17:58:05:019]18514:[DBG]:   :[0x04]->[0x31]
[17:58:05:019]18514:[DBG]:   :[0x05]->[0x31]
[17:58:05:019]18514:[DBG]:   :[0x06]->[0x44]
[17:58:05:028]18514:[DBG]:   :[0x07]->[0x30]
[17:58:05:028]18514:[DBG]:   :[0x08]->[0x35]
[17:58:05:028]18514:[DBG]:   :[0x09]->[0x35]
[17:58:05:028]18514:[DBG]:   :[0x0A]->[0x42]
[17:58:05:040]18514:[DBG]:   :[0x0B]->[0x30]
[17:58:05:040]18522:[DBG]:CMD:[0x0C]->[0x41]
[17:58:05:040]18522:[DBG]:   :[0x0D]->[0x37]
[17:58:05:040]18522:[DBG]:   :[0x0E]->[0x42]
[17:58:05:053]18522:[DBG]:   :[0x0F]->[0x38]
[17:58:05:053]18522:[DBG]:   :[0x10]->[0x44]
[17:58:05:053]18522:[DBG]:   :[0x11]->[0x00]
[17:58:05:053]18522:[DBG]:   :[0x12]->[0x00]
[17:58:05:065]18522:[DBG]:   :[0x13]->[0x00]
[17:58:05:065]18522:[DBG]:   :[0x14]->[0x00]
[17:58:05:065]18522:[DBG]:   :[0x15]->[0x00]
[17:58:05:065]18522:[DBG]:   :[0x16]->[0x00]
[17:58:05:076]18522:[DBG]:   :[0x17]->[0x00]
[17:58:05:076]18522:[DBG]:   :[0x18]->[0x00]
[17:58:05:076]18566:[DBG]:CMD:[0xCD]->[0x00]
[17:58:05:076]18566:[DBG]:   :[0x00]->[0x00]
[17:58:05:089]18566:[DBG]:   :[0x00]->[0x00]
[17:58:05:089]18566:[DBG]:SSC:Interface[2] Toner Used Page [0]->[5215]
[17:58:05:089]18566:[DBG]:   :[0x01]->[0x00]
[17:58:05:100]18566:[DBG]:   :[0x01]->[0x5F]
[17:58:05:100]18566:[DBG]:   :[0x02]->[0x28]
[17:58:05:101]18566:[DBG]:   :[0x03]->[0x00]
[17:58:05:101]18566:[DBG]:   :[0x04]->[0x00]
[17:58:05:120]18566:[DBG]:   :[0x05]->[0x00]
[17:58:05:120]18574:[DBG]:CMD:[0xCE]->[0x00]
[17:58:05:120]18574:[DBG]:   :[0x00]->[0x00]
[17:58:05:120]18574:[DBG]:   :[0x01]->[0x00]
[17:58:05:132]18574:[DBG]:   :[0x01]->[0x00]
[17:58:05:132]18574:[DBG]:   :[0x10]->[0x00]
[17:58:05:132]18574:[DBG]:   :[0x01]->[0x43]
[17:58:05:132]18574:[DBG]:   :[0x02]->[0x54]
[17:58:05:142]18574:[DBG]:   :[0x03]->[0x4F]
[17:58:05:142]18574:[DBG]:   :[0x04]->[0x32]
[17:58:05:142]18574:[DBG]:   :[0x05]->[0x33]
[17:58:05:142]18574:[DBG]:   :[0x06]->[0x30]
[17:58:05:156]18574:[DBG]:   :[0x07]->[0x30]
[17:58:05:156]18574:[DBG]:   :[0x08]->[0x48]
[17:58:05:157]18574:[DBG]:   :[0x09]->[0x59]
[17:58:05:157]18574:[DBG]:   :[0x0A]->[0x00]
[17:58:05:169]18574:[DBG]:   :[0x0B]->[0x00]
[17:58:05:169]18578:[DBG]:CMD:[0x0C]->[0x00]
[17:58:05:169]18578:[DBG]:   :[0x0D]->[0x00]
[17:58:05:169]18578:[DBG]:   :[0x0E]->[0x00]
[17:58:05:182]18578:[DBG]:   :[0x0F]->[0x00]
[17:58:05:182]18578:[DBG]:   :[0x10]->[0x00]
[17:58:05:182]18628:[DBG]:CMD:[0xCE]->[0x00]
[17:58:05:182]18628:[DBG]:   :[0x00]->[0x00]
[17:58:05:194]18628:[DBG]:   :[0x01]->[0x00]
[17:58:05:194]18628:[DBG]:   :[0x02]->[0x00]
[17:58:05:194]18628:[DBG]:STS:Tuchip-Y get_sn_len=24 sn-ascii = A9BC29243D3C80F9
[17:58:05:212]18628:[DBG]:   :[0x18]->[0x00]
[17:58:05:212]18628:[DBG]:   :[0x01]->[0x41]
[17:58:05:212]18628:[DBG]:   :[0x02]->[0x39]
[17:58:05:212]18628:[DBG]:   :[0x03]->[0x42]
[17:58:05:225]18628:[DBG]:   :[0x04]->[0x43]
[17:58:05:225]18628:[DBG]:   :[0x05]->[0x32]
[17:58:05:225]18628:[DBG]:   :[0x06]->[0x39]
[17:58:05:225]18628:[DBG]:   :[0x07]->[0x32]
[17:58:05:234]18628:[DBG]:   :[0x08]->[0x34]
[17:58:05:234]18628:[DBG]:   :[0x09]->[0x33]
[17:58:05:234]18628:[DBG]:   :[0x0A]->[0x44]
[17:58:05:234]18628:[DBG]:   :[0x0B]->[0x33]
[17:58:05:249]18632:[DBG]:CMD:[0x0C]->[0x43]
[17:58:05:249]18632:[DBG]:   :[0x0D]->[0x38]
[17:58:05:249]18632:[DBG]:   :[0x0E]->[0x30]
[17:58:05:250]18632:[DBG]:   :[0x0F]->[0x46]
[17:58:05:268]18632:[DBG]:   :[0x10]->[0x39]
[17:58:05:269]18632:[DBG]:   :[0x11]->[0x00]
[17:58:05:269]18632:[DBG]:   :[0x12]->[0x00]
[17:58:05:269]18632:[DBG]:   :[0x13]->[0x00]
[17:58:05:276]18632:[DBG]:   :[0x14]->[0x00]
[17:58:05:276]18632:[DBG]:   :[0x15]->[0x00]
[17:58:05:276]18632:[DBG]:   :[0x16]->[0x00]
[17:58:05:276]18632:[DBG]:   :[0x17]->[0x00]
[17:58:05:284]18632:[DBG]:   :[0x18]->[0x00]
[17:58:05:284]18680:[DBG]:CMD:[0xCD]->[0x00]
[17:58:05:284]18680:[DBG]:   :[0x00]->[0x00]
[17:58:05:284]18680:[DBG]:   :[0x00]->[0x00]
[17:58:05:295]18682:[DBG]:SSC:Interface[1] Toner Used Page [0]->[1649]
[17:58:05:295]18682:[DBG]:   :[0x02]->[0x00]
[17:58:05:296]18682:[DBG]:   :[0x01]->[0x71]
[17:58:05:315]18682:[DBG]:   :[0x02]->[0x0C]
[17:58:05:315]18682:[DBG]:   :[0x03]->[0x00]
[17:58:05:315]18682:[DBG]:   :[0x04]->[0x00]
[17:58:05:315]18682:[DBG]:   :[0x05]->[0x00]
[17:58:05:326]18686:[DBG]:CMD:[0xCE]->[0x00]
[17:58:05:326]18686:[DBG]:   :[0x00]->[0x00]
[17:58:05:327]18686:[DBG]:   :[0x02]->[0x00]
[17:58:05:327]18686:[DBG]:   :[0x01]->[0x00]
[17:58:05:339]18686:[DBG]:   :[0x10]->[0x00]
[17:58:05:339]18686:[DBG]:   :[0x01]->[0x43]
[17:58:05:339]18686:[DBG]:   :[0x02]->[0x54]
[17:58:05:339]18686:[DBG]:   :[0x03]->[0x4F]
[17:58:05:353]18686:[DBG]:   :[0x04]->[0x32]
[17:58:05:353]18686:[DBG]:   :[0x05]->[0x33]
[17:58:05:353]18686:[DBG]:   :[0x06]->[0x30]
[17:58:05:353]18686:[DBG]:   :[0x07]->[0x30]
[17:58:05:366]18686:[DBG]:   :[0x08]->[0x48]
[17:58:05:366]18686:[DBG]:   :[0x09]->[0x4D]
[17:58:05:366]18686:[DBG]:   :[0x0A]->[0x00]
[17:58:05:366]18686:[DBG]:   :[0x0B]->[0x00]
[17:58:05:375]18692:[DBG]:CMD:[0x0C]->[0x00]
[17:58:05:375]18692:[DBG]:   :[0x0D]->[0x00]
[17:58:05:375]18692:[DBG]:   :[0x0E]->[0x00]
[17:58:05:375]18692:[DBG]:   :[0x0F]->[0x00]
[17:58:05:387]18692:[DBG]:   :[0x10]->[0x00]
[17:58:05:387]18742:[DBG]:CMD:[0xCE]->[0x00]
[17:58:05:387]18742:[DBG]:   :[0x00]->[0x00]
[17:58:05:387]18742:[DBG]:   :[0x02]->[0x00]
[17:58:05:404]18742:[DBG]:   :[0x02]->[0x00]
[17:58:05:404]18742:[DBG]:STS:Tuchip-M get_sn_len=24 sn-ascii = A29CF49672636E70
[17:58:05:404]18742:[DBG]:   :[0x18]->[0x00]
[17:58:05:419]18742:[DBG]:   :[0x01]->[0x41]
[17:58:05:419]18742:[DBG]:   :[0x02]->[0x32]
[17:58:05:419]18742:[DBG]:   :[0x03]->[0x39]
[17:58:05:419]18742:[DBG]:   :[0x04]->[0x43]
[17:58:05:430]18742:[DBG]:   :[0x05]->[0x46]
[17:58:05:430]18742:[DBG]:   :[0x06]->[0x34]
[17:58:05:430]18742:[DBG]:   :[0x07]->[0x39]
[17:58:05:430]18742:[DBG]:   :[0x08]->[0x36]
[17:58:05:441]18742:[DBG]:   :[0x09]->[0x37]
[17:58:05:441]18742:[DBG]:   :[0x0A]->[0x32]
[17:58:05:441]18742:[DBG]:   :[0x0B]->[0x36]
[17:58:05:441]18746:[DBG]:CMD:[0x0C]->[0x33]
[17:58:05:456]18746:[DBG]:   :[0x0D]->[0x36]
[17:58:05:456]18746:[DBG]:   :[0x0E]->[0x45]
[17:58:05:456]18746:[DBG]:   :[0x0F]->[0x37]
[17:58:05:456]18746:[DBG]:   :[0x10]->[0x30]
[17:58:05:469]18746:[DBG]:   :[0x11]->[0x00]
[17:58:05:469]18746:[DBG]:   :[0x12]->[0x00]
[17:58:05:469]18748:[DBG]:   :[0x13]->[0x00]
[17:58:05:469]18748:[DBG]:   :[0x14]->[0x00]
[17:58:05:480]18748:[DBG]:   :[0x15]->[0x00]
[17:58:05:480]18748:[DBG]:   :[0x16]->[0x00]
[17:58:05:480]18748:[DBG]:   :[0x17]->[0x00]
[17:58:05:480]18748:[DBG]:   :[0x18]->[0x00]
[17:58:05:491]18794:[DBG]:CMD:[0xCD]->[0x00]
[17:58:05:491]18794:[DBG]:   :[0x00]->[0x00]
[17:58:05:492]18794:[DBG]:   :[0x00]->[0x00]
[17:58:05:492]18794:[DBG]:SSC:Interface[0] Toner Used Page [0]->[1081]
[17:58:05:503]18794:[DBG]:   :[0x03]->[0x00]
[17:58:05:503]18794:[DBG]:   :[0x01]->[0x39]
[17:58:05:503]18794:[DBG]:   :[0x02]->[0x08]
[17:58:05:503]18794:[DBG]:   :[0x03]->[0x00]
[17:58:05:522]18796:[DBG]:   :[0x04]->[0x00]
[17:58:05:522]18796:[DBG]:   :[0x05]->[0x00]
[17:58:05:522]18796:[DBG]:CMD:[0xCE]->[0x00]
[17:58:05:522]18796:[DBG]:   :[0x00]->[0x00]
[17:58:05:533]18796:[DBG]:   :[0x03]->[0x00]
[17:58:05:534]18796:[DBG]:   :[0x01]->[0x00]
[17:58:05:534]18796:[DBG]:   :[0x10]->[0x00]
[17:58:05:534]18796:[DBG]:   :[0x01]->[0x43]
[17:58:05:545]18796:[DBG]:   :[0x02]->[0x54]
[17:58:05:545]18796:[DBG]:   :[0x03]->[0x4F]
[17:58:05:545]18796:[DBG]:   :[0x04]->[0x32]
[17:58:05:545]18796:[DBG]:   :[0x05]->[0x33]
[17:58:05:558]18796:[DBG]:   :[0x06]->[0x30]
[17:58:05:558]18796:[DBG]:   :[0x07]->[0x30]
[17:58:05:558]18796:[DBG]:   :[0x08]->[0x48]
[17:58:05:558]18796:[DBG]:   :[0x09]->[0x43]
[17:58:05:570]18796:[DBG]:   :[0x0A]->[0x00]
[17:58:05:570]18796:[DBG]:   :[0x0B]->[0x00]
[17:58:05:570]18800:[DBG]:CMD:[0x0C]->[0x00]
[17:58:05:570]18802:[DBG]:   :[0x0D]->[0x00]
[17:58:05:582]18802:[DBG]:   :[0x0E]->[0x00]
[17:58:05:582]18802:[DBG]:   :[0x0F]->[0x00]
[17:58:05:582]18802:[DBG]:   :[0x10]->[0x00]
[17:58:05:582]18846:[DBG]:CMD:[0xCE]->[0x00]
[17:58:05:593]18846:[DBG]:   :[0x00]->[0x00]
[17:58:05:593]18846:[DBG]:   :[0x03]->[0x00]
[17:58:05:593]18846:[DBG]:   :[0x02]->[0x00]
[17:58:05:612]18846:[DBG]:STS:Tuchip-C get_sn_len=24 sn-ascii = 909F95C6FD656A08
[17:58:05:613]18848:[DBG]:   :[0x18]->[0x00]
[17:58:05:613]18848:[DBG]:   :[0x01]->[0x39]
[17:58:05:625]18848:[DBG]:   :[0x02]->[0x30]
[17:58:05:625]18848:[DBG]:   :[0x03]->[0x39]
[17:58:05:625]18848:[DBG]:   :[0x04]->[0x46]
[17:58:05:625]18848:[DBG]:   :[0x05]->[0x39]
[17:58:05:636]18848:[DBG]:   :[0x06]->[0x35]
[17:58:05:636]18848:[DBG]:   :[0x07]->[0x43]
[17:58:05:636]18848:[DBG]:   :[0x08]->[0x36]
[17:58:05:636]18848:[DBG]:   :[0x09]->[0x46]
[17:58:05:653]18848:[DBG]:   :[0x0A]->[0x44]
[17:58:05:653]18848:[DBG]:   :[0x0B]->[0x36]
[17:58:05:653]18852:[DBG]:CMD:[0x0C]->[0x35]
[17:58:05:653]18852:[DBG]:   :[0x0D]->[0x36]
[17:58:05:662]18852:[DBG]:   :[0x0E]->[0x41]
[17:58:05:662]18852:[DBG]:   :[0x0F]->[0x30]
[17:58:05:662]18852:[DBG]:   :[0x10]->[0x38]
[17:58:05:662]18852:[DBG]:   :[0x11]->[0x00]
[17:58:05:673]18852:[DBG]:   :[0x12]->[0x00]
[17:58:05:673]18852:[DBG]:   :[0x13]->[0x00]
[17:58:05:673]18852:[DBG]:   :[0x14]->[0x00]
[17:58:05:673]18852:[DBG]:   :[0x15]->[0x00]
[17:58:05:686]18852:[DBG]:   :[0x16]->[0x00]
[17:58:05:686]18852:[DBG]:   :[0x17]->[0x00]
[17:58:05:686]18852:[DBG]:   :[0x18]->[0x00]
[17:58:05:687]18898:[DBG]:CMD:[0xCD]->[0x00]
[17:58:05:699]18898:[DBG]:   :[0x01]->[0x00]
[17:58:05:699]18898:[DBG]:   :[0x00]->[0x00]
[17:58:05:699]18898:[DBG]:   :[0x00]->[0x00]
[17:58:05:699]18898:[DBG]:   :[0x01]->[0x65]
[17:58:05:717]18898:[DBG]:   :[0x02]->[0x27]
[17:58:05:717]18898:[DBG]:   :[0x03]->[0x00]
[17:58:05:717]18898:[DBG]:   :[0x04]->[0x00]
[17:58:05:717]18898:[DBG]:   :[0x05]->[0x00]
[17:58:05:729]18900:[DBG]:CMD:[0xCE]->[0x00]
[17:58:05:729]18900:[DBG]:   :[0x01]->[0x00]
[17:58:05:729]18900:[DBG]:   :[0x00]->[0x00]
[17:58:05:729]18900:[DBG]:   :[0x01]->[0x00]
[17:58:05:740]18900:[DBG]:   :[0x10]->[0x00]
[17:58:05:740]18900:[DBG]:   :[0x01]->[0x43]
[17:58:05:740]18900:[DBG]:   :[0x02]->[0x44]
[17:58:05:740]18900:[DBG]:   :[0x03]->[0x4F]
[17:58:05:753]18900:[DBG]:   :[0x04]->[0x32]
[17:58:05:754]18900:[DBG]:   :[0x05]->[0x33]
[17:58:05:754]18900:[DBG]:   :[0x06]->[0x30]
[17:58:05:754]18900:[DBG]:   :[0x07]->[0x30]
[17:58:05:765]18900:[DBG]:   :[0x08]->[0x4B]
[17:58:05:766]18900:[DBG]:   :[0x09]->[0x00]
[17:58:05:766]18900:[DBG]:   :[0x0A]->[0x00]
[17:58:05:766]18900:[DBG]:   :[0x0B]->[0x00]
[17:58:05:777]18904:[DBG]:CMD:[0x0C]->[0x00]
[17:58:05:777]18904:[DBG]:   :[0x0D]->[0x00]
[17:58:05:777]18904:[DBG]:   :[0x0E]->[0x00]
[17:58:05:777]18904:[DBG]:   :[0x0F]->[0x00]
[17:58:05:790]18904:[DBG]:   :[0x10]->[0x00]
[17:58:05:790]18950:[DBG]:CMD:[0xCE]->[0x00]
[17:58:05:790]18950:[DBG]:   :[0x01]->[0x00]
[17:58:05:790]18950:[DBG]:   :[0x00]->[0x00]
[17:58:05:799]18950:[DBG]:   :[0x02]->[0x00]
[17:58:05:799]18950:[DBG]:STS:Iuchip-K get_sn_len=24 sn-ascii = 4C3A110AC269810A
[17:58:05:800]18950:[DBG]:   :[0x18]->[0x00]
[17:58:05:820]18950:[DBG]:   :[0x01]->[0x34]
[17:58:05:820]18950:[DBG]:   :[0x02]->[0x43]
[17:58:05:820]18950:[DBG]:   :[0x03]->[0x33]
[17:58:05:820]18952:[DBG]:   :[0x04]->[0x41]
[17:58:05:829]18952:[DBG]:   :[0x05]->[0x31]
[17:58:05:830]18952:[DBG]:   :[0x06]->[0x31]
[17:58:05:830]18952:[DBG]:   :[0x07]->[0x30]
[17:58:05:830]18952:[DBG]:   :[0x08]->[0x41]
[17:58:05:841]18952:[DBG]:   :[0x09]->[0x43]
[17:58:05:841]18952:[DBG]:   :[0x0A]->[0x32]
[17:58:05:841]18952:[DBG]:   :[0x0B]->[0x36]
[17:58:05:841]18956:[DBG]:CMD:[0x0C]->[0x39]
[17:58:05:857]18956:[DBG]:   :[0x0D]->[0x38]
[17:58:05:857]18956:[DBG]:   :[0x0E]->[0x31]
[17:58:05:857]18956:[DBG]:   :[0x0F]->[0x30]
[17:58:05:857]18956:[DBG]:   :[0x10]->[0x41]
[17:58:05:869]18956:[DBG]:   :[0x11]->[0x00]
[17:58:05:869]18956:[DBG]:   :[0x12]->[0x00]
[17:58:05:869]18956:[DBG]:   :[0x13]->[0x00]
[17:58:05:869]18956:[DBG]:   :[0x14]->[0x00]
[17:58:05:881]18956:[DBG]:   :[0x15]->[0x00]
[17:58:05:881]18956:[DBG]:   :[0x16]->[0x00]
[17:58:05:881]18956:[DBG]:   :[0x17]->[0x00]
[17:58:05:881]18956:[DBG]:   :[0x18]->[0x00]
[17:58:05:893]19002:[DBG]:CMD:[0xCD]->[0x00]
[17:58:05:893]19002:[DBG]:   :[0x01]->[0x00]
[17:58:05:893]19002:[DBG]:   :[0x00]->[0x00]
[17:58:05:893]19002:[DBG]:   :[0x01]->[0x00]
[17:58:05:904]19002:[DBG]:   :[0x01]->[0x4D]
[17:58:05:904]19002:[DBG]:   :[0x02]->[0x4B]
[17:58:05:904]19002:[DBG]:   :[0x03]->[0x00]
[17:58:05:904]19002:[DBG]:   :[0x04]->[0x00]
[17:58:05:922]19002:[DBG]:   :[0x05]->[0x00]
[17:58:05:922]19006:[DBG]:CMD:[0xCE]->[0x00]
[17:58:05:922]19006:[DBG]:   :[0x01]->[0x00]
[17:58:05:922]19006:[DBG]:   :[0x01]->[0x00]
[17:58:05:933]19006:[DBG]:   :[0x01]->[0x00]
[17:58:05:933]19006:[DBG]:   :[0x10]->[0x00]
[17:58:05:933]19006:[DBG]:   :[0x01]->[0x43]
[17:58:05:933]19006:[DBG]:   :[0x02]->[0x44]
[17:58:05:947]19006:[DBG]:   :[0x03]->[0x4F]
[17:58:05:947]19006:[DBG]:   :[0x04]->[0x32]
[17:58:05:947]19006:[DBG]:   :[0x05]->[0x33]
[17:58:05:947]19006:[DBG]:   :[0x06]->[0x30]
[17:58:05:960]19006:[DBG]:   :[0x07]->[0x30]
[17:58:05:961]19006:[DBG]:   :[0x08]->[0x59]
[17:58:05:962]19006:[DBG]:   :[0x09]->[0x00]
[17:58:05:962]19006:[DBG]:   :[0x0A]->[0x00]
[17:58:05:977]19006:[DBG]:   :[0x0B]->[0x00]
[17:58:05:977]19012:[DBG]:CMD:[0x0C]->[0x00]
[17:58:05:977]19012:[DBG]:   :[0x0D]->[0x00]
[17:58:05:981]19012:[DBG]:   :[0x0E]->[0x00]
[17:58:05:992]19012:[DBG]:   :[0x0F]->[0x00]
[17:58:05:992]19012:[DBG]:   :[0x10]->[0x00]
[17:58:05:992]19062:[DBG]:CMD:[0xCE]->[0x00]
[17:58:05:992]19062:[DBG]:   :[0x01]->[0x00]
[17:58:06:001]19062:[DBG]:   :[0x01]->[0x00]
[17:58:06:001]19062:[DBG]:   :[0x02]->[0x00]
[17:58:06:001]19062:[DBG]:STS:Iuchip-Y get_sn_len=24 sn-ascii = 4D5D1931E3E13FBE
[17:58:06:019]19062:[DBG]:   :[0x18]->[0x00]
[17:58:06:019]19062:[DBG]:   :[0x01]->[0x34]
[17:58:06:019]19062:[DBG]:   :[0x02]->[0x44]
[17:58:06:019]19062:[DBG]:   :[0x03]->[0x35]
[17:58:06:030]19062:[DBG]:   :[0x04]->[0x44]
[17:58:06:030]19062:[DBG]:   :[0x05]->[0x31]
[17:58:06:030]19062:[DBG]:   :[0x06]->[0x39]
[17:58:06:030]19062:[DBG]:   :[0x07]->[0x33]
[17:58:06:040]19062:[DBG]:   :[0x08]->[0x31]
[17:58:06:040]19062:[DBG]:   :[0x09]->[0x45]
[17:58:06:040]19062:[DBG]:   :[0x0A]->[0x33]
[17:58:06:040]19062:[DBG]:   :[0x0B]->[0x45]
[17:58:06:050]19066:[DBG]:CMD:[0x0C]->[0x31]
[17:58:06:050]19066:[DBG]:   :[0x0D]->[0x33]
[17:58:06:050]19066:[DBG]:   :[0x0E]->[0x46]
[17:58:06:050]19066:[DBG]:   :[0x0F]->[0x42]
[17:58:06:061]19066:[DBG]:   :[0x10]->[0x45]
[17:58:06:062]19066:[DBG]:   :[0x11]->[0x00]
[17:58:06:062]19066:[DBG]:   :[0x12]->[0x00]
[17:58:06:062]19066:[DBG]:   :[0x13]->[0x00]
[17:58:06:074]19066:[DBG]:   :[0x14]->[0x00]
[17:58:06:074]19066:[DBG]:   :[0x15]->[0x00]
[17:58:06:074]19066:[DBG]:   :[0x16]->[0x00]
[17:58:06:074]19066:[DBG]:   :[0x17]->[0x00]
[17:58:06:091]19066:[DBG]:   :[0x18]->[0x00]
[17:58:06:091]19114:[DBG]:CMD:[0xCD]->[0x00]
[17:58:06:091]19114:[DBG]:   :[0x01]->[0x00]
[17:58:06:091]19114:[DBG]:   :[0x00]->[0x00]
[17:58:06:099]19114:[DBG]:   :[0x02]->[0x00]
[17:58:06:100]19114:[DBG]:   :[0x01]->[0x04]
[17:58:06:100]19114:[DBG]:   :[0x02]->[0x4A]
[17:58:06:100]19114:[DBG]:   :[0x03]->[0x00]
[17:58:06:116]19114:[DBG]:   :[0x04]->[0x00]
[17:58:06:116]19114:[DBG]:   :[0x05]->[0x00]
[17:58:06:116]19118:[DBG]:CMD:[0xCE]->[0x00]
[17:58:06:116]19118:[DBG]:   :[0x01]->[0x00]
[17:58:06:129]19118:[DBG]:   :[0x02]->[0x00]
[17:58:06:129]19118:[DBG]:   :[0x01]->[0x00]
[17:58:06:129]19118:[DBG]:   :[0x10]->[0x00]
[17:58:06:130]19118:[DBG]:   :[0x01]->[0x43]
[17:58:06:140]19118:[DBG]:   :[0x02]->[0x44]
[17:58:06:143]19118:[DBG]:   :[0x03]->[0x4F]
[17:58:06:143]19118:[DBG]:   :[0x04]->[0x32]
[17:58:06:143]19118:[DBG]:   :[0x05]->[0x33]
[17:58:06:175]19118:[DBG]:   :[0x06]->[0x30]
[17:58:06:175]19118:[DBG]:   :[0x07]->[0x30]
[17:58:06:175]19118:[DBG]:   :[0x08]->[0x4D]
[17:58:06:175]19118:[DBG]:   :[0x09]->[0x00]
[17:58:06:183]19118:[DBG]:   :[0x0A]->[0x00]
[17:58:06:183]19118:[DBG]:   :[0x0B]->[0x00]
[17:58:06:183]19126:[DBG]:CMD:[0x0C]->[0x00]
[17:58:06:183]19126:[DBG]:   :[0x0D]->[0x00]
[17:58:06:183]19126:[DBG]:   :[0x0E]->[0x00]
[17:58:06:183]19126:[DBG]:   :[0x0F]->[0x00]
[17:58:06:183]19126:[DBG]:   :[0x10]->[0x00]
[17:58:06:183]19174:[DBG]:CMD:[0xCE]->[0x00]
[17:58:06:199]19174:[DBG]:   :[0x02]->[0x00]
[17:58:06:199]19174:[DBG]:   :[0x02]->[0x00]
[17:58:06:199]19174:[DBG]:STS:Iuchip-M get_sn_len=24 sn-ascii = 8BB2B554792C7631
[17:58:06:200]19174:[DBG]:   :[0x18]->[0x00]
[17:58:06:200]19174:[DBG]:   :[0x01]->[0x38]
[17:58:06:200]19174:[DBG]:   :[0x02]->[0x42]
[17:58:06:218]19174:[DBG]:   :[0x03]->[0x42]
[17:58:06:218]19174:[DBG]:   :[0x04]->[0x32]
[17:58:06:219]19174:[DBG]:   :[0x05]->[0x42]
[17:58:06:219]19174:[DBG]:   :[0x06]->[0x35]
[17:58:06:231]19174:[DBG]:   :[0x07]->[0x35]
[17:58:06:231]19174:[DBG]:   :[0x08]->[0x34]
[17:58:06:231]19174:[DBG]:   :[0x09]->[0x37]
[17:58:06:231]19174:[DBG]:   :[0x0A]->[0x39]
[17:58:06:247]19174:[DBG]:   :[0x0B]->[0x32]
[17:58:06:247]19178:[DBG]:CMD:[0x0C]->[0x43]
[17:58:06:247]19178:[DBG]:   :[0x0D]->[0x37]
[17:58:06:247]19178:[DBG]:   :[0x0E]->[0x36]
[17:58:06:271]19178:[DBG]:   :[0x0F]->[0x33]
[17:58:06:271]19178:[DBG]:   :[0x10]->[0x31]
[17:58:06:271]19178:[DBG]:   :[0x11]->[0x00]
[17:58:06:271]19178:[DBG]:   :[0x12]->[0x00]
[17:58:06:272]19178:[DBG]:   :[0x13]->[0x00]
[17:58:06:272]19178:[DBG]:   :[0x14]->[0x00]
[17:58:06:272]19178:[DBG]:   :[0x15]->[0x00]
[17:58:06:272]19178:[DBG]:   :[0x16]->[0x00]
[17:58:06:420]19178:[DBG]:   :[0x17]->[0x00]
[17:58:06:420]19178:[DBG]:   :[0x18]->[0x00]
[17:58:06:420]19226:[DBG]:CMD:[0xCD]->[0x00]
[17:58:06:420]19226:[DBG]:   :[0x01]->[0x00]
[17:58:06:420]19226:[DBG]:   :[0x00]->[0x00]
[17:58:06:420]19226:[DBG]:   :[0x03]->[0x00]
[17:58:06:420]19226:[DBG]:   :[0x01]->[0x4E]
[17:58:06:420]19226:[DBG]:   :[0x02]->[0x4B]
[17:58:06:420]19226:[DBG]:   :[0x03]->[0x00]
[17:58:06:420]19226:[DBG]:   :[0x04]->[0x00]
[17:58:06:421]19226:[DBG]:   :[0x05]->[0x00]
[17:58:06:421]19230:[DBG]:CMD:[0xCE]->[0x00]
[17:58:06:421]19230:[DBG]:   :[0x01]->[0x00]
[17:58:06:421]19230:[DBG]:   :[0x03]->[0x00]
[17:58:06:421]19230:[DBG]:   :[0x01]->[0x00]
[17:58:06:421]19230:[DBG]:   :[0x10]->[0x00]
[17:58:06:421]19230:[DBG]:   :[0x01]->[0x43]
[17:58:06:421]19230:[DBG]:   :[0x02]->[0x44]
[17:58:06:421]19230:[DBG]:   :[0x03]->[0x4F]
[17:58:06:421]19230:[DBG]:   :[0x04]->[0x32]
[17:58:06:422]19230:[DBG]:   :[0x05]->[0x33]
[17:58:06:422]19230:[DBG]:   :[0x06]->[0x30]
[17:58:06:422]19230:[DBG]:   :[0x07]->[0x30]
[17:58:06:422]19230:[DBG]:   :[0x08]->[0x43]
[17:58:06:423]19230:[DBG]:   :[0x09]->[0x00]
[17:58:06:423]19230:[DBG]:   :[0x0A]->[0x00]
[17:58:06:423]19230:[DBG]:   :[0x0B]->[0x00]
[17:58:06:423]19236:[DBG]:CMD:[0x0C]->[0x00]
[17:58:06:423]19236:[DBG]:   :[0x0D]->[0x00]
[17:58:06:423]19236:[DBG]:   :[0x0E]->[0x00]
[17:58:06:423]19236:[DBG]:   :[0x0F]->[0x00]
[17:58:06:424]19236:[DBG]:   :[0x10]->[0x00]
[17:58:06:424]19282:[DBG]:CMD:[0xCE]->[0x00]
[17:58:06:424]19282:[DBG]:   :[0x01]->[0x00]
[17:58:06:424]19282:[DBG]:   :[0x03]->[0x00]
[17:58:06:424]19282:[DBG]:   :[0x02]->[0x00]
[17:58:06:424]19282:[DBG]:STS:Iuchip-C get_sn_len=24 sn-ascii = 51F0C3F1307AD768
[17:58:06:424]19282:[DBG]:   :[0x18]->[0x00]
[17:58:06:424]19282:[DBG]:   :[0x01]->[0x35]
[17:58:06:424]19282:[DBG]:   :[0x02]->[0x31]
[17:58:06:425]19282:[DBG]:   :[0x03]->[0x46]
[17:58:06:425]19282:[DBG]:   :[0x04]->[0x30]
[17:58:06:425]19282:[DBG]:   :[0x05]->[0x43]
[17:58:06:453]19282:[DBG]:   :[0x06]->[0x33]
[17:58:06:454]19282:[DBG]:   :[0x07]->[0x46]
[17:58:06:454]19282:[DBG]:   :[0x08]->[0x31]
[17:58:06:454]19282:[DBG]:   :[0x09]->[0x33]
[17:58:06:454]19282:[DBG]:   :[0x0A]->[0x30]
[17:58:06:454]19282:[DBG]:   :[0x0B]->[0x37]
[17:58:06:454]19288:[DBG]:CMD:[0x0C]->[0x41]
[17:58:06:454]19288:[DBG]:   :[0x0D]->[0x44]
[17:58:06:455]19288:[DBG]:   :[0x0E]->[0x37]
[17:58:06:455]19288:[DBG]:   :[0x0F]->[0x36]
[17:58:06:455]19288:[DBG]:   :[0x10]->[0x38]
[17:58:06:455]19288:[DBG]:   :[0x11]->[0x00]
[17:58:06:464]19288:[DBG]:   :[0x12]->[0x00]
[17:58:06:464]19288:[DBG]:   :[0x13]->[0x00]
[17:58:06:464]19288:[DBG]:   :[0x14]->[0x00]
[17:58:06:464]19288:[DBG]:   :[0x15]->[0x00]
[17:58:06:475]19288:[DBG]:   :[0x16]->[0x00]
[17:58:06:476]19288:[DBG]:   :[0x17]->[0x00]
[17:58:06:476]19288:[DBG]:   :[0x18]->[0x00]
[17:58:06:476]19334:[DBG]:CMD:[0x20]->[0x0F]
[17:58:06:491]19336:[DBG]:CMD:[0x21]->[0x02]
[17:58:06:491]19336:[DBG]:CMD:[0x22]->[0x05]
[17:58:06:491]19338:[DBG]:CMD:[0x23]->[0x00]
[17:58:06:491]19338:[DBG]:CMD:[0x25]->[0x03]
[17:58:06:496]19340:[DBG]:CMD:[0x26]->[0x05]
[17:58:06:497]19340:[DBG]:CMD:[0x27]->[0x02]
[17:58:06:497]19342:[DBG]:CMD:[0x28]->[0x05]
[17:58:06:497]19644:[DBG]:CMD:[0x37]->[0x00]
[17:58:06:516]19644:[DBG]:CMD:[0x01]->[0x00]
[17:58:06:516]19646:[DBG]:CMD:[0x20]->[0x00]
[17:58:06:516]19948:[DBG]:CMD:[0x37]->[0x00]
[17:58:06:516]19948:[DBG]:CMD:[0x01]->[0x00]
[17:58:06:535]19950:[DBG]:CMD:[0x20]->[0x00]
[17:58:06:670]20250:[DBG]:CMD:[0x37]->[0x00]
[17:58:06:670]20254:[DBG]:CMD:[0x01]->[0x00]
[17:58:06:670]20260:[DBG]:CMD:[0x20]->[0x00]
[17:58:06:983]20564:[DBG]:CMD:[0x37]->[0x00]
[17:58:06:983]20564:[DBG]:CMD:[0x01]->[0x00]
[17:58:06:983]20566:[DBG]:CMD:[0x20]->[0x00]
[17:58:07:287]20866:[DBG]:CMD:[0x37]->[0x00]
[17:58:07:287]20868:[DBG]:CMD:[0x01]->[0x00]
[17:58:07:287]20868:[DBG]:CMD:[0x20]->[0x00]
[17:58:07:585]21170:[DBG]:CMD:[0x37]->[0x00]
[17:58:07:585]21172:[DBG]:CMD:[0x01]->[0x00]
[17:58:07:585]21172:[DBG]:CMD:[0x20]->[0x00]
[17:58:07:874]21474:[DBG]:CMD:[0x37]->[0x00]
[17:58:07:874]21474:[DBG]:CMD:[0x01]->[0x00]
[17:58:07:874]21476:[DBG]:CMD:[0x20]->[0x00]
[17:58:08:186]21776:[DBG]:CMD:[0x37]->[0x00]
[17:58:08:186]21776:[DBG]:CMD:[0x01]->[0x00]
[17:58:08:187]21778:[DBG]:CMD:[0x20]->[0x00]
[17:58:08:497]22080:[DBG]:CMD:[0x37]->[0x00]
[17:58:08:497]22080:[DBG]:CMD:[0x01]->[0x00]
[17:58:08:497]22082:[DBG]:CMD:[0x20]->[0x00]
[17:58:08:793]22384:[DBG]:CMD:[0x37]->[0x00]
[17:58:08:793]22384:[DBG]:CMD:[0x01]->[0x00]
[17:58:08:793]22384:[DBG]:CMD:[0x20]->[0x00]
[17:58:09:059]22676:[DBG]:CMD:[0xCD]->[0x00]
[17:58:09:059]22676:[DBG]:   :[0x00]->[0x00]
[17:58:09:059]22676:[DBG]:   :[0x02]->[0x00]
[17:58:09:059]22676:[DBG]:   :[0x00]->[0x00]
[17:58:09:075]22676:[DBG]:   :[0x01]->[0x18]
[17:58:09:075]22676:[DBG]:   :[0x02]->[0x75]
[17:58:09:075]22676:[DBG]:   :[0x03]->[0x00]
[17:58:09:075]22676:[DBG]:   :[0x04]->[0x00]
[17:58:09:090]22676:[DBG]:   :[0x05]->[0x00]
[17:58:09:090]22678:[DBG]:CMD:[0xCD]->[0x00]
[17:58:09:090]22678:[DBG]:   :[0x00]->[0x00]
[17:58:09:090]22678:[DBG]:   :[0x02]->[0x00]
[17:58:09:106]22678:[DBG]:   :[0x01]->[0x00]
[17:58:09:106]22678:[DBG]:   :[0x01]->[0x60]
[17:58:09:106]22678:[DBG]:   :[0x02]->[0x5D]
[17:58:09:106]22678:[DBG]:   :[0x03]->[0x00]
[17:58:09:121]22678:[DBG]:   :[0x04]->[0x00]
[17:58:09:121]22678:[DBG]:   :[0x05]->[0x00]
[17:58:09:121]22678:[DBG]:CMD:[0xCD]->[0x00]
[17:58:09:121]22678:[DBG]:   :[0x00]->[0x00]
[17:58:09:137]22678:[DBG]:   :[0x02]->[0x00]
[17:58:09:137]22678:[DBG]:   :[0x02]->[0x00]
[17:58:09:137]22678:[DBG]:   :[0x01]->[0x60]
[17:58:09:137]22678:[DBG]:   :[0x02]->[0x5D]
[17:58:09:137]22678:[DBG]:   :[0x03]->[0x00]
[17:58:09:137]22678:[DBG]:   :[0x04]->[0x00]
[17:58:09:137]22678:[DBG]:   :[0x05]->[0x00]
[17:58:09:137]22680:[DBG]:CMD:[0xCD]->[0x00]
[17:58:09:153]22680:[DBG]:   :[0x00]->[0x00]
[17:58:09:153]22680:[DBG]:   :[0x02]->[0x00]
[17:58:09:153]22680:[DBG]:   :[0x03]->[0x00]
[17:58:09:153]22680:[DBG]:   :[0x01]->[0x60]
[17:58:09:168]22680:[DBG]:   :[0x02]->[0x5D]
[17:58:09:168]22680:[DBG]:   :[0x03]->[0x00]
[17:58:09:168]22680:[DBG]:   :[0x04]->[0x00]
[17:58:09:168]22680:[DBG]:   :[0x05]->[0x00]
[17:58:09:184]22680:[DBG]:CMD:[0xCD]->[0x00]
[17:58:09:184]22680:[DBG]:   :[0x01]->[0x00]
[17:58:09:184]22680:[DBG]:   :[0x02]->[0x00]
[17:58:09:184]22680:[DBG]:   :[0x00]->[0x00]
[17:58:09:184]22680:[DBG]:   :[0x01]->[0x60]
[17:58:09:184]22680:[DBG]:   :[0x02]->[0x54]
[17:58:09:184]22680:[DBG]:   :[0x03]->[0x03]
[17:58:09:184]22680:[DBG]:   :[0x04]->[0x00]
[17:58:09:215]22680:[DBG]:   :[0x05]->[0x00]
[17:58:09:215]22682:[DBG]:CMD:[0xCD]->[0x00]
[17:58:09:215]22682:[DBG]:   :[0x01]->[0x00]
[17:58:09:215]22682:[DBG]:   :[0x02]->[0x00]
[17:58:09:215]22682:[DBG]:   :[0x01]->[0x00]
[17:58:09:215]22682:[DBG]:   :[0x01]->[0x60]
[17:58:09:215]22682:[DBG]:   :[0x02]->[0x54]
[17:58:09:215]22682:[DBG]:   :[0x03]->[0x03]
[17:58:09:231]22682:[DBG]:   :[0x04]->[0x00]
[17:58:09:231]22682:[DBG]:   :[0x05]->[0x00]
[17:58:09:231]22682:[DBG]:CMD:[0xCD]->[0x00]
[17:58:09:231]22682:[DBG]:   :[0x01]->[0x00]
[17:58:09:246]22682:[DBG]:   :[0x02]->[0x00]
[17:58:09:246]22682:[DBG]:   :[0x02]->[0x00]
[17:58:09:246]22682:[DBG]:   :[0x01]->[0x60]
[17:58:09:246]22682:[DBG]:   :[0x02]->[0x54]
[17:58:09:262]22682:[DBG]:   :[0x03]->[0x03]
[17:58:09:262]22682:[DBG]:   :[0x04]->[0x00]
[17:58:09:262]22682:[DBG]:   :[0x05]->[0x00]
[17:58:09:262]22684:[DBG]:CMD:[0xCD]->[0x00]
[17:58:09:278]22684:[DBG]:   :[0x01]->[0x00]
[17:58:09:278]22684:[DBG]:   :[0x02]->[0x00]
[17:58:09:278]22684:[DBG]:   :[0x03]->[0x00]
[17:58:09:278]22684:[DBG]:   :[0x01]->[0x60]
[17:58:09:278]22684:[DBG]:   :[0x02]->[0x54]
[17:58:09:278]22684:[DBG]:   :[0x03]->[0x03]
[17:58:09:278]22684:[DBG]:   :[0x04]->[0x00]
[17:58:09:278]22684:[DBG]:   :[0x05]->[0x00]
[17:58:09:325]22686:[DBG]:CMD:[0x37]->[0x00]
[17:58:09:325]22688:[DBG]:CMD:[0x01]->[0x00]
[17:58:09:325]22688:[DBG]:CMD:[0x20]->[0x00]
[17:58:09:403]22990:[DBG]:CMD:[0x37]->[0x00]
[17:58:09:403]22990:[DBG]:CMD:[0x01]->[0x00]
[17:58:09:403]22992:[DBG]:CMD:[0x20]->[0x00]
[17:58:09:715]23292:[DBG]:CMD:[0x37]->[0x00]
[17:58:09:715]23294:[DBG]:CMD:[0x01]->[0x00]
[17:58:09:715]23294:[DBG]:CMD:[0x20]->[0x00]
[17:58:10:012]23596:[DBG]:CMD:[0x37]->[0x00]
[17:58:10:012]23600:[DBG]:CMD:[0x01]->[0x00]
[17:58:10:012]23604:[DBG]:CMD:[0x20]->[0x00]
[17:58:10:325]23906:[DBG]:CMD:[0x37]->[0x00]
[17:58:10:325]23908:[DBG]:CMD:[0x01]->[0x00]
[17:58:10:325]23908:[DBG]:CMD:[0x20]->[0x00]
[17:58:10:637]24210:[DBG]:CMD:[0x37]->[0x00]
[17:58:10:637]24210:[DBG]:CMD:[0x01]->[0x00]
[17:58:10:637]24212:[DBG]:CMD:[0x20]->[0x00]
[17:58:10:934]24514:[DBG]:CMD:[0x37]->[0x00]
[17:58:10:934]24514:[DBG]:CMD:[0x01]->[0x00]
[17:58:10:934]24518:[DBG]:CMD:[0x20]->[0x00]
[17:58:11:230]24820:[DBG]:CMD:[0x37]->[0x00]
[17:58:11:230]24822:[DBG]:CMD:[0x01]->[0x00]
[17:58:11:230]24822:[DBG]:CMD:[0x20]->[0x00]
[17:58:11:538]25124:[DBG]:CMD:[0x37]->[0x00]
[17:58:11:538]25124:[DBG]:CMD:[0x01]->[0x00]
[17:58:11:538]25126:[DBG]:CMD:[0x20]->[0x00]
[17:58:11:835]25426:[DBG]:CMD:[0x37]->[0x00]
[17:58:11:835]25428:[DBG]:CMD:[0x01]->[0x00]
[17:58:11:835]25428:[DBG]:CMD:[0x20]->[0x00]
[17:58:12:138]25730:[DBG]:CMD:[0x37]->[0x00]
[17:58:12:138]25730:[DBG]:CMD:[0x01]->[0x00]
[17:58:12:138]25732:[DBG]:CMD:[0x20]->[0x00]
[17:58:12:310]25928:[DBG]:CMD:[0x52]->[0x00]
[17:58:12:310]25928:[DBG]:   :[0x01]->[0x00]
[17:58:12:310]25928:[DBG]:   :[0x01]->[0x00]
[17:58:12:310]25928:[DBG]:   :[0x5B]->[0x00]
[17:58:12:325]25928:[DBG]:   :[0x00]->[0x00]
[17:58:12:325]25928:[DBG]:   :[0x00]->[0x00]
[17:58:12:325]25928:[DBG]:PMNG:Print Prepare Color Mode( 1 ) Speed Mode( 0 )
[17:58:12:341]25928:[DBG]:   :[0x05]->[0x00]
[17:58:12:341]25928:[DBG]:IMG:Med Print Start Prepare Color:4 to 1, Speed:3 to 0, dpi:6x3 to 6x3
[17:58:12:357]25928:[DBG]:IMG:Comp Polygon On[0].
[17:58:12:357]25928:[DBG]:LSU:Polygon On 
[17:58:12:357]25928:[DBG]:IMG:Comp Erase Led Req Check start
[17:58:12:372]25928:[DBG]:FUS:Received Print Prepare Request
[17:58:12:372]25928:[DBG]:FUS:Mode Change!! ( C_Temp = 102 / R_Temp = 89 / F_Temp = 86)
[17:58:12:388]25928:[DBG]:FUS:Standby / Standby -> Print / Print 
[17:58:12:388]25928:[DBG]:FUS:Env -> MM ( Env_Temp -> 27 )
[17:58:12:388]25928:[DBG]:FUS:Roller Compress Request
[17:58:12:403]25928:[DBG]:DEV:Main fan on,duty is 35
[17:58:12:403]25928:[DBG]:DEV:LP5009 addr:0x0B data:0xA5
[17:58:12:403]25928:[DBG]:DEV:Power fan on,duty is 18
[17:58:12:419]25928:[DBG]:DEV:LP5009 addr:0x0C data:0xD1
[17:58:12:419]25928:[DBG]:DEV:lsu rear fan on,duty is 13
[17:58:12:419]25928:[DBG]:DEV:LP5009 addr:0x0D data:0xDD
[17:58:12:435]25928:[DBG]:DEV:lsu front fan on,duty is 13
[17:58:12:435]25928:[DBG]:DEV:LP5009 addr:0x0E data:0xDD
[17:58:12:435]25938:[DBG]:FUS:Now Compress Sensor State = 1
[17:58:12:450]25938:[DBG]:FUS:Roller State Already OK!
[17:58:12:450]25938:[INT]:DEV:fuser Speed:9110 rpm, clkFrq:683 hz
[17:58:12:450]25938:[INT]:Dev:stop to fwd
[17:58:12:466]25958:[DBG]:Dev:[DCM]fuser_motor:1
[17:58:12:466]26034:[DBG]:CMD:[0x37]->[0x00]
[17:58:12:466]26034:[DBG]:CMD:[0x01]->[0x00]
[17:58:12:466]26036:[DBG]:CMD:[0x20]->[0x00]
[17:58:12:466]26038:[DBG]:IMG:Comp Erase Led On Check 1,1,1,1 
[17:58:12:466]26048:[DBG]:IMG:Comp Erase Led On Check 1,1,1,1 
[17:58:12:466]26058:[DBG]:Dev:[DCM]fuser_motor:2
[17:58:12:481]26064:[DBG]:IMG:Comp Erase Led On Check 1,1,1,1 
[17:58:12:481]26064:[DBG]:IMG:Comp Led On Check Ack:0
[17:58:12:513]26064:[DBG]:IMG:Comp Erase Led On Check Ok
[17:58:12:560]26158:[DBG]:Dev:[DCM]fuser_motor:3
[17:58:12:560]26178:[DBG]:IMG:Comp Erase Led Off Check 0,0,0,0 
[17:58:12:575]26188:[DBG]:IMG:Comp Erase Led Off Check 0,0,0,0 
[17:58:12:575]26198:[DBG]:IMG:Comp Erase Led Off Check 0,0,0,0 
[17:58:12:575]26198:[DBG]:IMG:Comp Led Off Check Ack:0
[17:58:12:622]26198:[DBG]:IMG:Comp Erase Check Stop
[17:58:12:622]26198:[DBG]:IMG:Comp Erase Led Off Check Ok
[17:58:12:669]26258:[DBG]:Dev:[DCM] Fuser Motor Lock
[17:58:12:747]26338:[DBG]:CMD:[0x37]->[0x00]
[17:58:12:747]26338:[DBG]:CMD:[0x01]->[0x00]
[17:58:12:747]26340:[DBG]:CMD:[0x20]->[0x00]
[17:58:13:044]26642:[DBG]:CMD:[0x37]->[0x00]
[17:58:13:044]26642:[DBG]:CMD:[0x01]->[0x00]
[17:58:13:044]26644:[DBG]:CMD:[0x20]->[0x00]
[17:58:13:075]26658:[DBG]:DEV:front__fan count 1
[17:58:13:356]26948:[DBG]:CMD:[0x37]->[0x00]
[17:58:13:356]26950:[DBG]:CMD:[0x01]->[0x00]
[17:58:13:356]26952:[DBG]:CMD:[0x20]->[0x00]
[17:58:13:638]27258:[DBG]:DEV:rear_fan count 1
[17:58:13:638]27262:[DBG]:CMD:[0x37]->[0x00]
[17:58:13:638]27262:[DBG]:CMD:[0x01]->[0x00]
[17:58:13:669]27264:[DBG]:CMD:[0x20]->[0x00]
[17:58:13:935]27530:[DBG]:LSU:Polygon Ready Notify
[17:58:13:935]27530:[DBG]:IMG:Comp Tsk_ctrl Polygon Lock
[17:58:13:981]27566:[DBG]:CMD:[0x37]->[0x00]
[17:58:13:981]27566:[DBG]:CMD:[0x01]->[0x00]
[17:58:13:981]27568:[DBG]:CMD:[0x20]->[0x00]
[17:58:14:184]27802:[DBG]:CMD:[0x52]->[0x00]
[17:58:14:184]27802:[DBG]:   :[0x01]->[0x00]
[17:58:14:184]27802:[DBG]:   :[0x01]->[0x00]
[17:58:14:184]27802:[DBG]:   :[0x1B]->[0x00]
[17:58:14:200]27802:[DBG]:   :[0x00]->[0x00]
[17:58:14:200]27802:[DBG]:   :[0x00]->[0x00]
[17:58:14:200]27802:[DBG]:PMNG:Print Prepare Color Mode( 1 ) Speed Mode( 0 )
[17:58:14:231]27802:[DBG]:   :[0x05]->[0x00]
[17:58:14:231]27802:[DBG]:IMG:Med Print Start Prepare Color:4 to 1, Speed:3 to 0, dpi:6x3 to 6x3
[17:58:14:247]27820:[DBG]:CMD:[0x53]->[0x00]
[17:58:14:247]27820:[DBG]:   :[0x40]->[0x00]
[17:58:14:247]27820:[DBG]:   :[0x00]->[0x00]
[17:58:14:247]27822:[DBG]:CMD:[0x53]->[0x00]
[17:58:14:262]27822:[DBG]:   :[0x43]->[0x00]
[17:58:14:262]27822:[DBG]:   :[0x03]->[0x00]
[17:58:14:262]27826:[DBG]:CMD:[0x53]->[0x00]
[17:58:14:262]27826:[DBG]:   :[0x4B]->[0x00]
[17:58:14:262]27826:[DBG]:   :[0x03]->[0x00]
[17:58:14:262]27828:[DBG]:CMD:[0x54]->[0x00]
[17:58:14:262]27828:[DBG]:   :[0x1B]->[0x00]
[17:58:14:262]27828:[DBG]:CMD:[0x55]->[0x00]
[17:58:14:278]27828:[DBG]:   :[0x00]->[0x00]
[17:58:14:278]27828:[DBG]:   :[0x01]->[0x00]
[17:58:14:278]27830:[DBG]:CMD:[0x56]->[0x00]
[17:58:14:278]27830:[DBG]:   :[0x00]->[0x00]
[17:58:14:309]27830:[DBG]:   :[0x05]->[0x00]
[17:58:14:309]27832:[DBG]:CMD:[0x58]->[0x00]
[17:58:14:309]27832:[DBG]:   :[0x01]->[0x00]
[17:58:14:309]27832:[DBG]:CMD:[0x59]->[0x00]
[17:58:14:325]27832:[DBG]:   :[0x01]->[0x00]
[17:58:14:325]27834:[DBG]:CMD:[0x5A]->[0x00]
[17:58:14:325]27834:[DBG]:   :[0x00]->[0x00]
[17:58:14:325]27834:[DBG]:CMD:[0x5B]->[0x00]
[17:58:14:340]27834:[DBG]:   :[0x00]->[0x00]
[17:58:14:340]27836:[DBG]:CMD:[0x5C]->[0x00]
[17:58:14:340]27836:[DBG]:   :[0x00]->[0x00]
[17:58:14:340]27838:[DBG]:CMD:[0x5E]->[0x00]
[17:58:14:340]27838:[DBG]:   :[0x02]->[0x00]
[17:58:14:340]27840:[DBG]:CMD:[0x65]->[0x00]
[17:58:14:340]27840:[DBG]:   :[0x01]->[0x00]
[17:58:14:340]27840:[DBG]:STS:MAIN->RUN    ,SUB->PRINT  
[17:58:14:356]27840:[DBG]:PMNG:Sheet Execute Start( 0 )
[17:58:14:356]27840:[DBG]:PMNG:------ Sheet Data ------
[17:58:14:372]27840:[DBG]:id:0 speed:0 ftray:3 etray:1 otray:3 
[17:58:14:372]27840:[DBG]:silent_print:0 density:2 job_color:1 ctlsheetid:1 
[17:58:14:372]27840:[DBG]:PMNG:------ Paper Data ------
[17:58:14:387]27840:[DBG]:direction:0 code:5 length:2100 width:2970 kind:0 thick:1 s_error:1 
[17:58:14:403]27840:[DBG]:PMNG:Request fuser Start( 0 )
[17:58:14:403]27840:[DBG]:PMNG:Request Image Start( 0 )
[17:58:14:403]27840:[DBG]:PMNG:Request Paper Start( 0 )
[17:58:14:403]27840:[DBG]:CMD:Print Start!
[17:58:14:419]27840:[DBG]:FUS:Proc(0) Added To Fuser Process Queue
[17:58:14:419]27840:[DBG]:FUS:NormalSpeed/Normal1/L_Width(2970 mm)/Duplex/PagesStep_1(1,1,1,0)
[17:58:14:434]27840:[DBG]:FUS:Env_Offset_Temp = -12 Hot_Print_Offset_Temp = 0 Pages_Offset_Temp = 
[17:58:14:434]27840:[DBG]:FUS:Proc(0) Tod_Temp = 183 ( Base_Temp = 205 Offset_Temp = -12 tod_offset = 10)
[17:58:14:450]27840:[DBG]:IMG:Med Print Start[0]
[17:58:14:450]27840:[DBG]:IMG:Med Add Sheet[0]
[17:58:14:465]27840:[DBG]:IMG:Med Imaging start f[3] e[1]
[17:58:14:465]27840:[DBG]:IMG:Med Dplx Toner Supply Check Add[0]:2
[17:58:14:465]27840:[DBG]:IMG:Med Ntf PMN Mechanism Start
[17:58:14:481]27840:[DBG]:TONER:Log Data 0x2002
[17:58:14:481]27840:[DBG]:IMG:Channel Print Start
[17:58:14:481]27840:[DBG]:IMG:Proc Print Start
[17:58:14:497]27840:[DBG]:IMG:Comp Polygon Lock Wait
[17:58:14:497]27840:[DBG]:IMG:Comp Polygon Lock
[17:58:14:497]27840:[DBG]:IMG:---------- Ld[K] Power Get Start ----------
[17:58:14:512]27840:[DBG]:IMG:Tab Get Match Dev_dc[K] Dup:50 (Value[-320] + OS[-1]) = -321
[17:58:14:512]27840:[DBG]:IMG:Tab Get Dmax Charge&Dev[K] Cor Target:-120V
[17:58:14:528]27840:[DBG]:IMG:Tab Dev[K] Work Value Update st:-321, value:-441
[17:58:14:528]27840:[DBG]:IMG:Tab Get Ld[K] Cor Target:-300
[17:58:14:543]27840:[DBG]:IMG:Tab Get Ld[K] Power Value[1800] + cor[-300] = 1500
[17:58:14:543]27840:[DBG]:IMG:----------- Ld[K] Power Get End -----------
[17:58:14:559]27840:[DBG]:IMG:---------- Ld[Y] Power Get Start ----------
[17:58:14:559]27840:[DBG]:IMG:Tab Get Match Dev_dc[Y] Dup:96 (Value[-320] + OS[-1]) = -321
[17:58:14:559]27840:[DBG]:IMG:Tab Get Dmax Charge&Dev[Y] Cor Target:-120V
[17:58:14:559]27840:[DBG]:IMG:Tab Dev[Y] Work Value Update st:-321, value:-441
[17:58:14:575]27840:[DBG]:IMG:Tab Get Ld[Y] Cor Target:-300
[17:58:14:575]27840:[DBG]:IMG:Tab Get Ld[Y] Power Value[1800] + cor[-300] = 1500
[17:58:14:606]27840:[DBG]:IMG:----------- Ld[Y] Power Get End -----------
[17:58:14:606]27840:[DBG]:IMG:---------- Ld[M] Power Get Start ----------
[17:58:14:622]27840:[DBG]:IMG:Tab Get Match Dev_dc[M] Dup:94 (Value[-320] + OS[-1]) = -321
[17:58:14:622]27840:[DBG]:IMG:Tab Get Dmax Charge&Dev[M] Cor Target:120V
[17:58:14:637]27840:[DBG]:IMG:Tab Dev[M] Work Value Update st:-321, value:-201
[17:58:14:637]27840:[DBG]:IMG:Tab Get Ld[M] Cor Target:198
[17:58:14:653]27840:[DBG]:IMG:Tab Get Ld[M] Power Value[1100] + cor[198] = 1298
[17:58:14:653]27840:[DBG]:IMG:----------- Ld[M] Power Get End -----------
[17:58:14:668]27840:[DBG]:IMG:---------- Ld[C] Power Get Start ----------
[17:58:14:668]27842:[DBG]:SYS:Crt Task Handle[9]:8E243D8
[17:58:14:668]27842:[DBG]:PAP:##Paper start!! Sid[0]
[17:58:14:668]27842:[DBG]:IMG:Tab Get Match Dev_dc[C] Dup:96 (Value[-320] + OS[-1]) = -321
[17:58:14:668]27842:[DBG]:IMG:Tab Get Dmax Charge&Dev[C] Cor Target:59V
[17:58:14:684]27842:[DBG]:IMG:Tab Dev[C] Work Value Update st:-321, value:-262
[17:58:14:684]27842:[DBG]:IMG:Tab Get Ld[C] Cor Target:300
[17:58:14:700]27842:[DBG]:IMG:Tab Get Ld[C] Power Value[1300] + cor[300] = 1600
[17:58:14:715]27842:[DBG]:IMG:----------- Ld[C] Power Get End -----------
[17:58:14:715]27842:[DBG]:LSU:LD Preset End
[17:58:14:715]27842:[DBG]:LSU:Lsu Dac Power Set Channel Y = 1500mv
[17:58:14:715]27842:[DBG]:LSU:Lsu Dac Power Set Channel C = 1600mv
[17:58:14:731]27842:[DBG]:LSU:Lsu Dac Power Set Channel M = 1298mv
[17:58:14:731]27842:[DBG]:LSU:Lsu Dac Power Set Channel K = 1500mv
[17:58:14:731]27842:[DBG]:LSU:Ld Drive Start
[17:58:14:747]27842:[DBG]:IMG:Med Set All Lsu Parameter
[17:58:14:747]27842:[DBG]:PAP:sheet_id[0],tsk_id[9] start
[17:58:14:747]27842:[DBG]:PAP:feed rv_sheet_id[0]
[17:58:14:762]27842:[DBG]:PAP:first g_pap_optionrefeed_ready[0] Sid[0]
[17:58:14:762]27842:[DBG]:PAP:Option plate check[1] Sid[0]
[17:58:14:778]27842:[DBG]:IMG:Tsk_img Write Param Set ID:0
[17:58:14:778]27842:[DBG]:LSU:Imaging Param Start
[17:58:14:778]27842:[DBG]:LSU:Imaging Param End
[17:58:14:778]27842:[DBG]:IMG:LSU Param OK[0]
[17:58:14:778]27842:[DBG]:IMG:Imaging task :regist start 1 0 0 1 1 1 0
[17:58:14:778]27842:[DBG]:IMG:Imaging task :write start 1 0 0 1 1 0 0 0 
[17:58:14:809]27844:[INT]:OPT1:Motor off
[17:58:14:809]27844:[DBG]:PAP:MT on option1 cnt[1] spd[0]
[17:58:14:809]27844:[INT]:OPT1:Clutch ON
[17:58:14:809]27844:[DBG]:PAP:CL Option1[1] cnt[1]
[17:58:14:825]27844:[DBG]:PAP:Option1 feed start, Sid[0]
[17:58:14:825]27844:[DBG]:PAP:feed err count[0]
[17:58:14:825]27844:[DBG]:PLT:rcv tray[3] motor info, cmd[0]
[17:58:14:840]27844:[DBG]:PAP:[3]sensor, mask[0],jam[671]
[17:58:14:840]27846:[INT]:OPT1:Motor on
[17:58:14:840]27846:[INT]:PAP:Int MT on option1 cnt[1] spd[12400]
[17:58:14:840]27846:[DBG]:FUS:Paper Feed Start Enable!! C_Temp = 149
[17:58:14:840]27846:[INT]:DEV:fuser Speed:18230 rpm, clkFrq:1367 hz
[17:58:14:840]27846:[INT]:Dev:fwd to fwd
[17:58:14:856]27846:[DBG]:PMNG:Fuser Feed Enable( 0 )
[17:58:14:856]27846:[DBG]:PMNG:Fuser Actuator Start
[17:58:14:856]27846:[DBG]:IMG:Med Feed Ok
[17:58:14:872]27846:[DBG]:IMG:Channel Info Paper Feed
[17:58:14:872]27850:[DBG]:LSU:Ld On Seq 1
[17:58:14:872]27854:[DBG]:PAP:Unmask SN Opt1 on
[17:58:14:887]27856:[DBG]:FUS:Register Start Temp Reach!! C_Temp = 149
[17:58:14:887]27856:[DBG]:PMNG:Fuser Print Enable( 0 )
[17:58:14:903]27856:[DBG]:IMG:Med Fuser Ok Sheet[0]
[17:58:14:903]27856:[DBG]:IMG:Channel Info Fuser OK
[17:58:14:903]27856:[DBG]:IMG:Proc Print Fuser OK
[17:58:14:903]27856:[DBG]:Fuser OK[]
[17:58:14:918]27856:[DBG]:IMG:Imaging task :regist start 1 0 0 1 1 1 1
[17:58:14:918]27856:[DBG]:IMG:Imaging task :write start 1 0 0 1 1 0 1 0 
[17:58:14:918]27858:[DBG]:Dev:[DCM]fuser_motor:1
[17:58:14:918]27862:[DBG]:LSU:Ld On Seq 2
[17:58:14:934]27870:[DBG]:LSU:Ld On Seq 3
[17:58:14:934]27870:[DBG]:CMD:[0x37]->[0x00]
[17:58:14:934]27870:[DBG]:CMD:[0x01]->[0x00]
[17:58:14:934]27872:[DBG]:CMD:[0x20]->[0x00]
[17:58:14:950]27874:[DBG]:CMD:[0x30]->[0x01]
[17:58:14:950]27874:[DBG]:CMD:[0x31]->[0x00]
[17:58:14:950]27876:[DBG]:CMD:[0x32]->[0x00]
[17:58:14:950]27878:[DBG]:CMD:[0x33]->[0x00]
[17:58:14:965]27880:[INT]:LSU:Ld Sync Ok
[17:58:14:965]27880:[DBG]:IMG:Comp Tsk_ctrl Ld Sync
[17:58:14:965]27880:[DBG]:IMG:Proc Ld Sync On
[17:58:14:965]27880:[DBG]:IMG:Tab Get Motor Stage[0] Time:100
[17:58:14:965]27880:[DBG]:IMG:Comp Erase Check Stop
[17:58:14:965]27880:[DBG]:IMG:Comp Erase Lamp CMY Target:[200]
[17:58:14:981]27880:[DBG]:IMG:Reg Main Motor[1] Stop Time:[234000]ms.
[17:58:14:981]27880:[DBG]:IMG:Comp Main MotorYMC[1],Speed:[0]
[17:58:14:997]27880:[INT]:DEV:Speed:22060 rpm, clkFrq:1654
[17:58:14:997]27880:[INT]:DEV:YMC stop to fwd
[17:58:14:997]27880:[DBG]:DEV:Print Start Note For Fan
[17:58:14:997]27880:[DBG]:IMG:Tab Get Charge[Y] Stage[0] Time:30
[17:58:15:012]27880:[DBG]:IMG:Tab Get Devlop[Y] Stage[0] Time:175
[17:58:15:012]27882:[DBG]:IMG:Comp MHV_C Level:0, Target:[-150]
[17:58:15:028]27882:[DBG]:IMG:Comp MHV_M Level:0, Target:[-150]
[17:58:15:028]27882:[DBG]:IMG:Comp MHV_Y Level:0, Target:[-150]
[17:58:15:028]27882:[DBG]:setmp=315,-385820703
[17:58:15:043]27912:[DBG]:IMG:---------- Mhv[C] Work Value Get Start ----------
[17:58:15:043]27912:[DBG]:IMG:Tab T:29, H:55, Env:7
[17:58:15:059]27912:[DBG]:IMG:Tab Color:[C], CarrierPage:9678, OpcPage:1
[17:58:15:059]27912:[DBG]:IMG:Tab Get Dmax Charge&Dev[C] Cor Target:59V
[17:58:15:059]27912:[DBG]:IMG:Tab Dev_dc[C] Work (Value[-321] + Dmax[59]) = -262
[17:58:15:059]27912:[DBG]:IMG:Tab Get Match Mhv_C (Bias[450] + Dev_dc[-262] + Old[-1258] + Du[29] + Os[-1]) = -1042
[17:58:15:075]27912:[DBG]:IMG:----------- Mhv[C] Work Value Get End -----------
[17:58:15:075]27912:[DBG]:IMG:Tab Get Mhv Scvm Adjust[C] Target:0V
[17:58:15:090]27912:[DBG]:IMG:---------- Mhv[M] Work Value Get Start ----------
[17:58:15:090]27912:[DBG]:IMG:Tab T:29, H:55, Env:7
[17:58:15:106]27912:[DBG]:IMG:Tab Color:[M], CarrierPage:9476, OpcPage:1
[17:58:15:106]27912:[DBG]:IMG:Tab Get Dmax Charge&Dev[M] Cor Target:120V
[17:58:15:121]27912:[DBG]:IMG:Tab Dev_dc[M] Work (Value[-321] + Dmax[120]) = -201
[17:58:15:121]27912:[DBG]:IMG:Tab Get Match Mhv_M (Bias[450] + Dev_dc[-201] + Old[-1258] + Du[29] + Os[-1]) = -981
[17:58:15:137]27912:[DBG]:IMG:----------- Mhv[M] Work Value Get End -----------
[17:58:15:137]27912:[DBG]:IMG:Tab Get Mhv Scvm Adjust[M] Target:0V
[17:58:15:153]27912:[DBG]:IMG:---------- Mhv[Y] Work Value Get Start ----------
[17:58:15:153]27912:[DBG]:IMG:Tab T:29, H:55, Env:7
[17:58:15:153]27912:[DBG]:IMG:Tab Color:[Y], CarrierPage:9677, OpcPage:1
[17:58:15:153]27912:[DBG]:IMG:Tab Get Dmax Charge&Dev[Y] Cor Target:-120V
[17:58:15:168]27912:[DBG]:IMG:Tab Dev_dc[Y] Work (Value[-321] + Dmax[-120]) = -441
[17:58:15:168]27912:[DBG]:IMG:Tab Get Match Mhv_Y (Bias[450] + Dev_dc[-441] + Old[-1267] + Du[29] + Os[-1]) = -1230
[17:58:15:184]27912:[DBG]:IMG:----------- Mhv[Y] Work Value Get End -----------
[17:58:15:200]27912:[DBG]:IMG:Tab Get Mhv Scvm Adjust[Y] Target:0V
[17:58:15:200]27912:[DBG]:IMG:Comp MHV_C Level:2, Target:[-1042]
[17:58:15:200]27912:[DBG]:IMG:Comp MHV_M Level:2, Target:[-981]
[17:58:15:215]27912:[DBG]:IMG:Comp MHV_Y Level:2, Target:[-1230]
[17:58:15:215]27934:[DBG]:DEV:Main fan on,duty is 25
[17:58:15:215]27934:[DBG]:DEV:LP5009 addr:0x0B data:0xBF
[17:58:15:231]27948:[DBG]:IMG:Comp CMY Charge Step On Finish
[17:58:15:231]27948:[DBG]:IMG:Tab Get Devlop[Y] Stage[1] Time:170
[17:58:15:246]27948:[DBG]:IMG:---------- Mhv[C] Work Value Get Start ----------
[17:58:15:246]27948:[DBG]:IMG:Tab T:29, H:55, Env:7
[17:58:15:246]27948:[DBG]:IMG:Tab Color:[C], CarrierPage:9678, OpcPage:1
[17:58:15:246]27948:[DBG]:IMG:Tab Get Dmax Charge&Dev[C] Cor Target:59V
[17:58:15:246]27948:[DBG]:IMG:Tab Dev_dc[C] Work (Value[-321] + Dmax[59]) = -262
[17:58:15:262]27950:[DBG]:IMG:Tab Get Match Mhv_C (Bias[450] + Dev_dc[-262] + Old[-1258] + Du[29] + Os[-1]) = -1042
[17:58:15:278]27950:[DBG]:IMG:----------- Mhv[C] Work Value Get End -----------
[17:58:15:278]27950:[DBG]:IMG:Tab Get Mhv Scvm Adjust[C] Target:0V
[17:58:15:293]27950:[DBG]:IMG:---------- Mhv[M] Work Value Get Start ----------
[17:58:15:293]27950:[DBG]:IMG:Tab T:29, H:55, Env:7
[17:58:15:309]27950:[DBG]:IMG:Tab Color:[M], CarrierPage:9476, OpcPage:1
[17:58:15:309]27950:[DBG]:IMG:Tab Get Dmax Charge&Dev[M] Cor Target:120V
[17:58:15:309]27950:[DBG]:IMG:Tab Dev_dc[M] Work (Value[-321] + Dmax[120]) = -201
[17:58:15:325]27950:[DBG]:IMG:Tab Get Match Mhv_M (Bias[450] + Dev_dc[-201] + Old[-1258] + Du[29] + Os[-1]) = -981
[17:58:15:340]27950:[DBG]:IMG:----------- Mhv[M] Work Value Get End -----------
[17:58:15:340]27950:[DBG]:IMG:Tab Get Mhv Scvm Adjust[M] Target:0V
[17:58:15:340]27950:[DBG]:IMG:---------- Mhv[Y] Work Value Get Start ----------
[17:58:15:340]27950:[DBG]:IMG:Tab T:29, H:55, Env:7
[17:58:15:356]27950:[DBG]:IMG:Tab Color:[Y], CarrierPage:9677, OpcPage:1
[17:58:15:356]27950:[DBG]:IMG:Tab Get Dmax Charge&Dev[Y] Cor Target:-120V
[17:58:15:371]27950:[DBG]:IMG:Tab Dev_dc[Y] Work (Value[-321] + Dmax[-120]) = -441
[17:58:15:371]27950:[DBG]:IMG:Tab Get Match Mhv_Y (Bias[450] + Dev_dc[-441] + Old[-1267] + Du[29] + Os[-1]) = -1230
[17:58:15:387]27950:[DBG]:IMG:----------- Mhv[Y] Work Value Get End -----------
[17:58:15:387]27950:[DBG]:IMG:Tab Get Mhv Scvm Adjust[Y] Target:0V
[17:58:15:403]27950:[DBG]:IMG:Comp MHV_C Level:2, Target:[-1042]
[17:58:15:403]27950:[DBG]:IMG:Comp MHV_M Level:2, Target:[-981]
[17:58:15:418]27950:[DBG]:IMG:Comp MHV_Y Level:2, Target:[-1230]
[17:58:15:418]27958:[DBG]:Dev:[DCM]y_motor:1
[17:58:15:418]27958:[DBG]:Dev:[DCM]fuser_motor:2
[17:58:15:418]27978:[DBG]:CMD:[0x37]->[0x00]
[17:58:15:418]27980:[DBG]:LSU:Polygon Lock
[17:58:15:418]27980:[DBG]:CMD:[0x01]->[0x00]
[17:58:15:418]27980:[DBG]:CMD:[0x20]->[0x00]
[17:58:15:418]27982:[DBG]:IMG:Comp MotorK Start Fwd
[17:58:15:434]27982:[DBG]:IMG:Comp Erase Check Stop
[17:58:15:434]27982:[DBG]:IMG:Comp Erase Lamp K Target:[200]
[17:58:15:434]27982:[DBG]:IMG:Comp Main MotorK[1],Speed:[0]
[17:58:15:450]27982:[INT]:DEV:k Speed:22060 rpm, clkFrq:1654
[17:58:15:450]27982:[DBG]:Dev:stop to fwd
[17:58:15:450]27982:[DBG]:DEV:Print Start Note For Fan
[17:58:15:465]27982:[DBG]:IMG:Tab Get Charge[K] Stage[0] Time:30
[17:58:15:465]27982:[DBG]:IMG:Tab Get Devlop[K] Stage[0] Time:185
[17:58:15:496]27982:[DBG]:IMG:Comp MHV_K Level:0, Target:[-150]
[17:58:15:496]27982:[DBG]:CMD:[0x30]->[0x01]
[17:58:15:496]27984:[DBG]:CMD:[0x31]->[0x00]
[17:58:15:496]27984:[DBG]:IMG:Comp Trans2 Level:0, Target:[-220]
[17:58:15:512]27984:[DBG]:IMG:Tab Get Thv2 Stage[0] Time:500
[17:58:15:512]27984:[DBG]:setmp=314,-385820703
[17:58:15:512]27984:[DBG]:CMD:[0x32]->[0x00]
[17:58:15:528]27986:[DBG]:CMD:[0x33]->[0x00]
[17:58:15:528]28014:[DBG]:IMG:---------- Mhv[K] Work Value Get Start ----------
[17:58:15:528]28014:[DBG]:IMG:Tab T:29, H:55, Env:7
[17:58:15:543]28014:[DBG]:IMG:Tab Color:[K], CarrierPage:5093, OpcPage:1
[17:58:15:543]28014:[DBG]:IMG:Tab Get Dmax Charge&Dev[K] Cor Target:-120V
[17:58:15:559]28014:[DBG]:IMG:Tab Dev_dc[K] Work (Value[-321] + Dmax[-120]) = -441
[17:58:15:559]28014:[DBG]:IMG:Tab Get Match Mhv_K (Bias[450] + Dev_dc[-441] + Old[-1286] + Du[30] + Os[-1]) = -1248
[17:58:15:575]28014:[DBG]:IMG:----------- Mhv[K] Work Value Get End -----------
[17:58:15:590]28014:[DBG]:IMG:Tab Get Mhv Scvm Adjust[K] Target:0V
[17:58:15:590]28014:[DBG]:IMG:Comp MHV_K Level:2, Target:[-1248]
[17:58:15:590]28050:[DBG]:IMG:Comp K Charge Step On Finish
[17:58:15:606]28050:[DBG]:IMG:Tab Get Devlop[K] Stage[1] Time:170
[17:58:15:606]28050:[DBG]:IMG:---------- Mhv[K] Work Value Get Start ----------
[17:58:15:621]28050:[DBG]:IMG:Tab T:29, H:55, Env:7
[17:58:15:621]28050:[DBG]:IMG:Tab Color:[K], CarrierPage:5093, OpcPage:1
[17:58:15:637]28050:[DBG]:IMG:Tab Get Dmax Charge&Dev[K] Cor Target:-120V
[17:58:15:637]28050:[DBG]:IMG:Tab Dev_dc[K] Work (Value[-321] + Dmax[-120]) = -441
[17:58:15:653]28050:[DBG]:IMG:Tab Get Match Mhv_K (Bias[450] + Dev_dc[-441] + Old[-1286] + Du[30] + Os[-1]) = -1248
[17:58:15:653]28050:[DBG]:IMG:----------- Mhv[K] Work Value Get End -----------
[17:58:15:668]28050:[DBG]:IMG:Tab Get Mhv Scvm Adjust[K] Target:0V
[17:58:15:668]28050:[DBG]:IMG:Comp MHV_K Level:2, Target:[-1248]
[17:58:15:668]28058:[DBG]:Dev:[DCM]k_motor:1
[17:58:15:668]28058:[DBG]:Dev:[DCM] YMC Motor Lock
[17:58:15:668]28058:[DBG]:Dev:[DCM]fuser_motor:3
[17:58:15:668]28062:[DBG]:IMG:Comp Main Motor Lock
[17:58:15:699]28086:[DBG]:IMG:Tab Get Dmax Charge&Dev[C] Cor Target:59V
[17:58:15:699]28086:[DBG]:IMG:Tab Dev_dc[C] Work (Value[-321] + Dmax[59]) = -262
[17:58:15:699]28086:[DBG]:IMG:Tab Get Dmax Charge&Dev[M] Cor Target:120V
[17:58:15:699]28086:[DBG]:IMG:Tab Dev_dc[M] Work (Value[-321] + Dmax[120]) = -201
[17:58:15:715]28086:[DBG]:IMG:Tab Get Dmax Charge&Dev[Y] Cor Target:-120V
[17:58:15:715]28086:[DBG]:IMG:Tab Dev_dc[Y] Work (Value[-321] + Dmax[-120]) = -441
[17:58:15:731]28086:[DBG]:IMG:Comp Dev_C Level:1, Target:[-262]
[17:58:15:731]28086:[DBG]:IMG:Comp Dev_M Level:1, Target:[-201]
[17:58:15:746]28086:[DBG]:IMG:Comp Dev_Y Level:1, Target:[-441]
[17:58:15:746]28090:[DBG]:CMD:[0x37]->[0x00]
[17:58:15:746]28090:[DBG]:CMD:[0x01]->[0x00]
[17:58:15:746]28092:[DBG]:CMD:[0x20]->[0x00]
[17:58:15:746]28092:[DBG]:CMD:[0x30]->[0x01]
[17:58:15:746]28094:[DBG]:CMD:[0x31]->[0x00]
[17:58:15:746]28096:[DBG]:CMD:[0x32]->[0x00]
[17:58:15:746]28096:[DBG]:CMD:[0x33]->[0x00]
[17:58:15:762]28120:[DBG]:IMG:Tab Get Dmax Charge&Dev[C] Cor Target:59V
[17:58:15:762]28120:[DBG]:IMG:Tab Dev_dc[C] Work (Value[-321] + Dmax[59]) = -262
[17:58:15:778]28120:[DBG]:IMG:Tab Get Dmax Charge&Dev[M] Cor Target:120V
[17:58:15:778]28120:[DBG]:IMG:Tab Dev_dc[M] Work (Value[-321] + Dmax[120]) = -201
[17:58:15:793]28120:[DBG]:IMG:Tab Get Dmax Charge&Dev[Y] Cor Target:-120V
[17:58:15:793]28120:[DBG]:IMG:Tab Dev_dc[Y] Work (Value[-321] + Dmax[-120]) = -441
[17:58:15:809]28120:[DBG]:IMG:Comp Dev_C Level:1, Target:[-262]
[17:58:15:809]28120:[DBG]:IMG:Comp Dev_M Level:1, Target:[-201]
[17:58:15:824]28120:[DBG]:IMG:Comp Dev_Y Level:1, Target:[-441]
[17:58:15:824]28122:[DBG]:IMG:Proc Dev YMC Dc UnWork On
[17:58:15:824]28158:[DBG]:Dev:[DCM] KMotor Lock
[17:58:15:840]28158:[DBG]:Dev:[DCM] Fuser Motor Lock
[17:58:15:840]28162:[DBG]:IMG:Comp Main Motor Lock
[17:58:15:840]28198:[DBG]:IMG:Tab Get Dmax Charge&Dev[K] Cor Target:-120V
[17:58:15:856]28198:[DBG]:IMG:Tab Dev_dc[K] Work (Value[-321] + Dmax[-120]) = -441
[17:58:15:856]28198:[DBG]:IMG:Comp Dev_K Level:1, Target:[-441]
[17:58:15:856]28198:[DBG]:CMD:[0x37]->[0x00]
[17:58:15:856]28198:[DBG]:CMD:[0x01]->[0x00]
[17:58:15:856]28200:[DBG]:CMD:[0x20]->[0x00]
[17:58:15:856]28202:[DBG]:CMD:[0x30]->[0x01]
[17:58:15:871]28204:[DBG]:CMD:[0x31]->[0x00]
[17:58:15:871]28206:[DBG]:CMD:[0x32]->[0x00]
[17:58:15:871]28206:[DBG]:CMD:[0x33]->[0x00]
[17:58:15:887]28224:[DBG]:IMG:Tab Get Dmax Charge&Dev[K] Cor Target:-120V
[17:58:15:887]28224:[DBG]:IMG:Tab Dev_dc[K] Work (Value[-321] + Dmax[-120]) = -441
[17:58:15:887]28224:[DBG]:IMG:Comp Dev_K Level:1, Target:[-441]
[17:58:15:903]28224:[DBG]:IMG:Proc Dev BK Dc UnWork On
[17:58:15:903]28224:[DBG]:IMG:Comp Itb Req Set State:[2]
[17:58:15:903]28308:[DBG]:CMD:[0x37]->[0x00]
[17:58:15:918]28310:[DBG]:CMD:[0x01]->[0x00]
[17:58:15:918]28312:[DBG]:CMD:[0x20]->[0x00]
[17:58:15:918]28318:[DBG]:CMD:[0x30]->[0x01]
[17:58:15:918]28322:[DBG]:CMD:[0x31]->[0x00]
[17:58:15:934]28324:[DBG]:CMD:[0x32]->[0x00]
[17:58:15:934]28324:[DBG]:CMD:[0x33]->[0x00]
[17:58:15:934]28376:[DBG]:PAP:Sn[53] Value[1]
[17:58:15:934]28376:[DBG]:PAP:SN Opt1 on
[17:58:15:949]28376:[DBG]:PAP:transfer timer start option at_time = 256549 speed = 1240 sid =0
[17:58:15:949]28376:[DBG]:PAP:adjust stop flg [0],refeed flg[1]
[17:58:15:949]28384:[DBG]:PAP:Unmask SN Opt1 off
[17:58:15:949]28428:[DBG]:CMD:[0x37]->[0x00]
[17:58:15:949]28428:[DBG]:CMD:[0x01]->[0x00]
[17:58:15:949]28432:[DBG]:CMD:[0x20]->[0x00]
[17:58:15:965]28432:[DBG]:CMD:[0x30]->[0x01]
[17:58:15:965]28434:[DBG]:CMD:[0x31]->[0x00]
[17:58:15:965]28436:[DBG]:CMD:[0x32]->[0x00]
[17:58:15:965]28438:[DBG]:CMD:[0x33]->[0x00]
[17:58:15:981]28488:[DBG]:IMG:Comp Trans2 Level:1, Target:[520]
[17:58:15:981]28488:[DBG]:IMG:Tab Get Thv2 Stage[1] Time:250
[17:58:15:981]28540:[DBG]:CMD:[0x37]->[0x00]
[17:58:15:996]28540:[DBG]:CMD:[0x01]->[0x00]
[17:58:15:996]28542:[DBG]:CMD:[0x20]->[0x00]
[17:58:15:996]28544:[DBG]:CMD:[0x30]->[0x01]
[17:58:15:996]28544:[DBG]:CMD:[0x31]->[0x00]
[17:58:16:012]28546:[DBG]:CMD:[0x32]->[0x00]
[17:58:16:012]28546:[DBG]:CMD:[0x33]->[0x00]
[17:58:16:012]28584:[DBG]:IMG:Comp Itb State Set[2] Complete
[17:58:16:012]28584:[DBG]:IMG:Comp Trans1 Level:0, Target:[600]
[17:58:16:028]28584:[DBG]:IMG:Channel Print Boot End
[17:58:16:028]28584:[DBG]:IMG:Med Ready To Print State
[17:58:16:028]28584:[DBG]:IMG:Med Gap OK:0x0
[17:58:16:028]28584:[DBG]:IMG:Med Feed Enable pre[0]
[17:58:16:028]28584:[DBG]:IMG:Med Feed Enable[0]
[17:58:16:043]28584:[DBG]:IMG:Proc Print Pre Process Finish
[17:58:16:043]28584:[DBG]:IMG:Gap Ready[0]
[17:58:16:043]28584:[DBG]:IMG:Imaging task :regist start 1 1 0 1 1 1 1
[17:58:16:059]28584:[DBG]:IMG:Imaging task :write start 1 1 0 1 1 0 1 1 
[17:58:16:059]28584:[DBG]:IMG:Feed Enable[0]
[17:58:16:059]28584:[DBG]:PAP:Imaging Feed Enable Sid[0]
[17:58:16:074]28634:[INT]:PAP:Transfer enable common[0]
[17:58:16:074]28634:[DBG]:IMG:Trans Enable[0]
[17:58:16:074]28634:[DBG]:IMG:Imaging task :regist start 1 1 0 1 1 1 1
[17:58:16:090]28634:[DBG]:IMG:Imaging task :write start 1 1 0 1 1 1 1 1 
[17:58:16:090]28650:[DBG]:CMD:[0x37]->[0x00]
[17:58:16:090]28652:[DBG]:CMD:[0x01]->[0x00]
[17:58:16:106]28652:[DBG]:CMD:[0x20]->[0x00]
[17:58:16:106]28654:[DBG]:CMD:[0x30]->[0x01]
[17:58:16:106]28662:[DBG]:CMD:[0x31]->[0x00]
[17:58:16:106]28662:[DBG]:CMD:[0x32]->[0x00]
[17:58:16:106]28664:[DBG]:CMD:[0x33]->[0x00]
[17:58:16:106]28740:[DBG]:IMG:Comp TransCleaning .. Repeat Finish(1) Time(1000)ms
[17:58:16:121]28740:[DBG]:IMG:Comp Trans2 Level:0, Target:[-220]
[17:58:16:121]28740:[DBG]:IMG:Tab Get Thv2 Stage[0] Time:500
[17:58:16:121]28744:[INT]:OPT1:Clutch OFF
[17:58:16:121]28744:[DBG]:PAP:CL Option1[0] cnt[0]
[17:58:16:137]28766:[DBG]:CMD:[0x37]->[0x00]
[17:58:16:137]28766:[DBG]:CMD:[0x01]->[0x00]
[17:58:16:137]28768:[DBG]:CMD:[0x20]->[0x00]
[17:58:16:137]28768:[DBG]:CMD:[0x30]->[0x01]
[17:58:16:152]28770:[DBG]:CMD:[0x31]->[0x00]
[17:58:16:152]28770:[DBG]:CMD:[0x32]->[0x00]
[17:58:16:152]28774:[DBG]:CMD:[0x33]->[0x00]
[17:58:16:152]28878:[DBG]:CMD:[0x37]->[0x00]
[17:58:16:168]28880:[DBG]:CMD:[0x01]->[0x00]
[17:58:16:168]28884:[DBG]:CMD:[0x20]->[0x00]
[17:58:16:168]28886:[DBG]:CMD:[0x30]->[0x01]
[17:58:16:168]28888:[DBG]:CMD:[0x31]->[0x00]
[17:58:16:168]28888:[DBG]:CMD:[0x32]->[0x00]
[17:58:16:168]28890:[DBG]:CMD:[0x33]->[0x00]
[17:58:16:168]28964:[DBG]:PAP:Option refeed location arrived
[17:58:16:199]28964:[DBG]:PAP:transfer timer start common at_time = 256549 speed = 1240 sid =0
[17:58:16:199]28964:[DBG]:PAP:wait for mt[0],sid[0]
[17:58:16:199]28964:[DBG]:DEV:voltage:1800mv, pwm duty:5454
[17:58:16:199]28964:[DBG]:PAP:MT FEED Fwd On cnt[1] spd[0]
[17:58:16:199]29008:[DBG]:CMD:[0x37]->[0x00]
[17:58:16:215]29008:[DBG]:CMD:[0x01]->[0x00]
[17:58:16:215]29012:[DBG]:CMD:[0x20]->[0x00]
[17:58:16:215]29022:[DBG]:CMD:[0x30]->[0x01]
[17:58:16:215]29028:[DBG]:CMD:[0x31]->[0x00]
[17:58:16:231]29032:[DBG]:CMD:[0x32]->[0x00]
[17:58:16:231]29034:[DBG]:CMD:[0x33]->[0x00]
[17:58:16:231]29098:[DBG]:CMD:[0x82]->[0x00]
[17:58:16:231]29098:[DBG]:PMNG:Print Image Prepare OK( 0 )
[17:58:16:246]29098:[DBG]:IMG:Med Image Data Prepare Ok[0][4]
[17:58:16:246]29098:[DBG]:IMG:Print Enable[0]
[17:58:16:246]29098:[DBG]:IMG:Imaging task :regist start 1 1 1 1 1 1 1
[17:58:16:262]29098:[DBG]:IMG:Imaging task :write start 1 1 1 1 1 1 1 1 
[17:58:16:262]29098:[DBG]:LSU:Imaging Write Start
[17:58:16:262]29098:[INT]:PAP:Vsync on start Sid[0] [2906]
[17:58:16:262]29098:[INT]:PAP:at_prev_sheet_data = 255 Flg = 1
[17:58:16:262]29098:[INT]:PAP:TOD to DC Sid[0] [1]
[17:58:16:277]29098:[DBG]:PAP:*Image adjust ready, Sid[0] *
[17:58:16:277]29098:[DBG]:FUS:Tod Hold Temp Start(0)!
[17:58:16:277]29098:[DBG]:setmp=81,2003
[17:58:16:277]29098:[DBG]:setmp=150,2003
[17:58:16:293]29098:[DBG]:setmp=158,2003
[17:58:16:293]29098:[DBG]:setmp=82,2003
[17:58:16:293]29098:[DBG]:setmp=151,2003
[17:58:16:293]29098:[DBG]:setmp=159,2003
[17:58:16:293]29098:[DBG]:setmp=86,2003
[17:58:16:309]29098:[DBG]:setmp=155,2003
[17:58:16:309]29098:[DBG]:setmp=163,2003
[17:58:16:309]29098:[DBG]:setmp=84,1973
[17:58:16:309]29098:[DBG]:setmp=153,1973
[17:58:16:324]29098:[DBG]:setmp=161,1973
[17:58:16:324]29098:[DBG]:IMG:Med Vsync[1][0].
[17:58:16:324]29098:[DBG]:IMG:Med Vsync On Mode:0,Pattern:0
[17:58:16:340]29098:[DBG]:IMG:Gap Tod Gap:4193,Pap Gap:1000, PapLen:2100, Speed:1240
[17:58:16:340]29098:[DBG]:TONER:Log Data 0x2004
[17:58:16:340]29098:[DBG]:TONER:Plen[2100],SpeedM[0],ColorM[1]
[17:58:16:340]29098:[DBG]:TONER:TarUpdate[2,2].
[17:58:16:340]29098:[DBG]:TONER:TargetOffset[K,-31],Life[5093],Env[6].
[17:58:16:356]29098:[DBG]:STS:Opc[K]DriveTotalLength = 139mm
[17:58:16:356]29098:[DBG]:TONER:TcSetCal[K]-As,YmcTimeOut[0],OpcAs[139:Cur=139,Pre=0],DotAs[0,0].
[17:58:16:371]29098:[DBG]:TONER:TcSetCal[K]-OpcAsJudge,OpcAs[139],Limit[23808].
[17:58:16:371]29098:[DBG]:TONER:TcSetCalc[K]-Type1[1,-308,0],OpcAsFlag[0],DotTc[0],Env[1].
[17:58:16:387]29098:[DBG]:TONER:TargetUpdate[K,823],Limit[770,1350],Offset[-31,100],TcSet[-308],ratio[100]].
[17:58:16:402]29098:[DBG]:TONER:TargetOffset[Y,-37],Life[9677],Env[6].
[17:58:16:402]29098:[DBG]:STS:Opc[Y]DriveTotalLength = 151mm
[17:58:16:402]29098:[DBG]:TONER:TcSetCal[Y]-As,YmcTimeOut[0],OpcAs[151:Cur=151,Pre=0],DotAs[0,0].
[17:58:16:418]29098:[DBG]:TONER:TcSetCal[Y]-OpcAsJudge,OpcAs[151],Limit[23808].
[17:58:16:434]29098:[DBG]:TONER:TcSetCalc[Y]-Type1[1,-330,0],OpcAsFlag[0],DotTc[0],Env[1].
[17:58:16:434]29100:[DBG]:FUS:Pap Gap(0) = 3099(4193,2100)!
[17:58:16:434]29100:[DBG]:IMG:Tab Thv1 Adc Value:0
[17:58:16:449]29100:[DBG]:IMG:Itu Cycle:2003
[17:58:16:449]29100:[DBG]:IMG:Tab Get Thv1 Offset Level = 0,Thv1 Offset = 0
[17:58:16:449]29100:[DBG]:PMNG:TOD Ready( 0 )
[17:58:16:449]29100:[DBG]:TONER:TargetUpdate[Y,807],Limit[770,1350],Offset[-37,100],TcSet[-330],ratio[100]].
[17:58:16:465]29102:[DBG]:IMG:Comp Trans1 Level:1, Target:[877]
[17:58:16:465]29102:[DBG]:IMG:Tab Get Devlop[Y] Stage[2] Time:30
[17:58:16:465]29102:[DBG]:TONER:TargetOffset[M,100],Life[9476],Env[6].
[17:58:16:481]29102:[DBG]:STS:Opc[M]DriveTotalLength = 151mm
[17:58:16:481]29102:[DBG]:TONER:TcSetCal[M]-As,YmcTimeOut[0],OpcAs[151:Cur=151,Pre=0],DotAs[0,0].
[17:58:16:496]29102:[DBG]:TONER:TcSetCal[M]-OpcAsJudge,OpcAs[151],Limit[23808].
[17:58:16:496]29102:[DBG]:TONER:TcSetCalc[M]-Type1[1,-281,0],OpcAsFlag[0],DotTc[0],Env[1].
[17:58:16:512]29102:[DBG]:TONER:TargetUpdate[M,790],Limit[770,1350],Offset[100,100],TcSet[-281],ratio[110]].
[17:58:16:527]29102:[DBG]:TONER:TargetOffset[C,100],Life[9678],Env[6].
[17:58:16:527]29102:[DBG]:STS:Opc[C]DriveTotalLength = 151mm
[17:58:16:543]29102:[DBG]:TONER:TcSetCal[C]-As,YmcTimeOut[0],OpcAs[151:Cur=151,Pre=0],DotAs[0,0].
[17:58:16:543]29102:[DBG]:TONER:TcSetCal[C]-OpcAsJudge,OpcAs[151],Limit[23808].
[17:58:16:543]29102:[DBG]:TONER:TcSetCalc[C]-Type1[1,-240,0],OpcAsFlag[0],DotTc[0],Env[1].
[17:58:16:543]29102:[DBG]:TONER:TargetUpdate[C,770],Limit[770,1350],Offset[100,100],TcSet[-240],ratio[100]].
[17:58:16:559]29102:[DBG]:TONER:TonerFillNormal.
[17:58:16:559]29102:[DBG]:TONER:FillNormal[K]-TS_M,ts_m[0],da_m_last[0],ea_max[123],env[1],ea_m[41],L*10[2100],tms_t[700].
[17:58:16:574]29102:[DBG]:TONER:FillNormal[K]-getMtZ1,MtZ[43],EnvLv[1].
[17:58:16:590]29102:[DBG]:TONER:FillNormal[K]-getMtZ2,MtZ[-1910],EnvLv[1].
[17:58:16:590]29102:[DBG]:TONER:FillNormal[K]-Params,fillcnt[0],last_time[0],ea_m[41],ts_m[0],ts0_m[0].
[17:58:16:606]29102:[DBG]:TONER:FillNormal[K]-Tmr_R,tmr_r[10],pcnt[7317].
[17:58:16:606]29102:[DBG]:TONER:FillNormal[K]-ParamsCorrect,fill_time[140],last_time[0],interval_time[350],tmr_r[10],tmr_t[140],tms_t[700].
[17:58:16:621]29102:[DBG]:TONER:FillNormal[K],FillCnt[0],FillTime[140],LastTime[0]
[17:58:16:637]29102:[DBG]:TONER:FillNormal[Y]-TS_M,ts_m[0],da_m_last[0],ea_max[126],env[1],ea_m[42],L*10[2100],tms_t[700].
[17:58:16:652]29102:[DBG]:TONER:FillNormal[Y]-getMtZ1,MtZ[42],EnvLv[1].
[17:58:16:652]29102:[DBG]:TONER:FillNormal[Y]-getMtZ2,MtZ[-1853],EnvLv[1].
[17:58:16:652]29102:[DBG]:TONER:FillNormal[Y]-Params,fillcnt[0],last_time[0],ea_m[42],ts_m[0],ts0_m[0].
[17:58:16:652]29102:[DBG]:TONER:FillNormal[Y]-Tmr_R,tmr_r[10],pcnt[5215].
[17:58:16:668]29102:[DBG]:TONER:FillNormal[Y]-ParamsCorrect,fill_time[140],last_time[0],interval_time[350],tmr_r[10],tmr_t[140],tms_t[700].
[17:58:16:684]29102:[DBG]:TONER:FillNormal[Y],FillCnt[0],FillTime[140],LastTime[0]
[17:58:16:684]29102:[DBG]:TONER:FillNormal[M]-TS_M,ts_m[0],da_m_last[0],ea_max[126],env[1],ea_m[42],L*10[2100],tms_t[700].
[17:58:16:699]29102:[DBG]:TONER:FillNormal[M]-getMtZ1,MtZ[42],EnvLv[1].
[17:58:16:715]29102:[DBG]:TONER:FillNormal[M]-getMtZ2,MtZ[-1814],EnvLv[1].
[17:58:16:715]29102:[DBG]:TONER:FillNormal[M]-Params,fillcnt[0],last_time[0],ea_m[42],ts_m[0],ts0_m[0].
[17:58:16:730]29102:[DBG]:TONER:FillNormal[M]-Tmr_R,tmr_r[10],pcnt[1649].
[17:58:16:730]29102:[DBG]:TONER:FillNormal[M]-ParamsCorrect,fill_time[140],last_time[0],interval_time[350],tmr_r[10],tmr_t[140],tms_t[700].
[17:58:16:730]29102:[DBG]:TONER:FillNormal[M],FillCnt[0],FillTime[140],LastTime[0]
[17:58:16:746]29102:[DBG]:TONER:FillNormal[C]-TS_M,ts_m[0],da_m_last[0],ea_max[120],env[1],ea_m[40],L*10[2100],tms_t[700].
[17:58:16:762]29104:[DBG]:TONER:FillNormal[C]-getMtZ1,MtZ[42],EnvLv[1].
[17:58:16:762]29104:[DBG]:TONER:FillNormal[C]-getMtZ2,MtZ[-1689],EnvLv[1].
[17:58:16:777]29104:[DBG]:TONER:FillNormal[C]-Params,fillcnt[0],last_time[0],ea_m[40],ts_m[0],ts0_m[0].
[17:58:16:777]29104:[DBG]:TONER:FillNormal[C]-Tmr_R,tmr_r[10],pcnt[1081].
[17:58:16:777]29104:[DBG]:TONER:FillNormal[C]-ParamsCorrect,fill_time[140],last_time[0],interval_time[350],tmr_r[10],tmr_t[140],tms_t[700].
[17:58:16:809]29104:[DBG]:TONER:FillNormal[C],FillCnt[0],FillTime[140],LastTime[0]
[17:58:16:824]29104:[DBG]:TONER:FillOnStep1[Y],Cnt[0],FillOnTime[0].
[17:58:16:824]29104:[DBG]:TONER:FillOnStep1[C],Cnt[0],FillOnTime[0].
[17:58:16:824]29104:[DBG]:TONER:Execute[4].
[17:58:16:824]29104:[DBG]:TONER:PointStartColorMode[2][k/ymc/kymc]...
[17:58:16:824]29134:[DBG]:IMG:Med Develop Bias Work VDC On:0
[17:58:16:824]29134:[DBG]:IMG:Tab Get Dev Work Ac Freq:[8],Spd[0].
[17:58:16:840]29136:[DBG]:IMG:Comp BiasT dev ac[800]:[125][50]
[17:58:16:840]29138:[DBG]:DEV:AC_Voltage = 800
[17:58:16:840]29144:[DBG]:CMD:[0x37]->[0x00]
[17:58:16:855]29144:[DBG]:CMD:[0x01]->[0x00]
[17:58:16:855]29146:[DBG]:CMD:[0x20]->[0x00]
[17:58:16:855]29148:[DBG]:CMD:[0x30]->[0x01]
[17:58:16:855]29150:[DBG]:CMD:[0x31]->[0x00]
[17:58:16:871]29160:[DBG]:CMD:[0x32]->[0x01]
[17:58:16:871]29162:[DBG]:CMD:[0x33]->[0x00]
[17:58:16:871]29166:[INT]:DEV:Feed speed nomal
[17:58:16:871]29200:[DBG]:CMD:[0x53]->[0x00]
[17:58:16:871]29200:[DBG]:   :[0x4B]->[0x00]
[17:58:16:871]29200:[DBG]:   :[0x03]->[0x00]
[17:58:16:871]29200:[DBG]:CMD:[0x53]->[0x00]
[17:58:16:871]29200:[DBG]:   :[0x4B]->[0x00]
[17:58:16:902]29200:[DBG]:   :[0x03]->[0x00]
[17:58:16:902]29202:[DBG]:CMD:[0x53]->[0x00]
[17:58:16:902]29202:[DBG]:   :[0x4B]->[0x00]
[17:58:16:902]29202:[DBG]:   :[0x03]->[0x00]
[17:58:16:902]29204:[DBG]:CMD:[0x54]->[0x00]
[17:58:16:902]29204:[DBG]:   :[0x1B]->[0x00]
[17:58:16:902]29204:[DBG]:CMD:[0x55]->[0x00]
[17:58:16:902]29204:[DBG]:   :[0x00]->[0x00]
[17:58:16:918]29204:[DBG]:   :[0x01]->[0x00]
[17:58:16:918]29210:[DBG]:CMD:[0x56]->[0x00]
[17:58:16:918]29210:[DBG]:   :[0x00]->[0x00]
[17:58:16:918]29210:[DBG]:   :[0x05]->[0x00]
[17:58:16:934]29212:[DBG]:CMD:[0x58]->[0x00]
[17:58:16:934]29212:[DBG]:   :[0x01]->[0x00]
[17:58:16:934]29214:[DBG]:CMD:[0x59]->[0x00]
[17:58:16:934]29214:[DBG]:   :[0x01]->[0x00]
[17:58:16:949]29214:[DBG]:CMD:[0x5A]->[0x00]
[17:58:16:949]29214:[DBG]:   :[0x00]->[0x00]
[17:58:16:949]29214:[DBG]:CMD:[0x5B]->[0x00]
[17:58:16:949]29214:[DBG]:   :[0x00]->[0x00]
[17:58:16:965]29218:[DBG]:CMD:[0x5C]->[0x00]
[17:58:16:965]29218:[DBG]:   :[0x00]->[0x00]
[17:58:16:965]29220:[DBG]:CMD:[0x5E]->[0x00]
[17:58:16:965]29220:[DBG]:   :[0x02]->[0x00]
[17:58:16:965]29222:[DBG]:CMD:[0x65]->[0x00]
[17:58:16:965]29222:[DBG]:   :[0x02]->[0x00]
[17:58:16:965]29224:[DBG]:PMNG:Sheet Execute Start( 1 )
[17:58:16:980]29224:[DBG]:PMNG:------ Sheet Data ------
[17:58:16:980]29224:[DBG]:id:1 speed:0 ftray:3 etray:1 otray:3 
[17:58:16:980]29224:[DBG]:silent_print:0 density:2 job_color:1 ctlsheetid:2 
[17:58:16:996]29224:[DBG]:PMNG:------ Paper Data ------
[17:58:16:996]29224:[DBG]:direction:0 code:5 length:2100 width:2970 kind:0 thick:1 s_error:1 
[17:58:17:012]29224:[DBG]:PMNG:Request fuser Start( 1 )
[17:58:17:012]29224:[DBG]:PMNG:Request Image Start( 1 )
[17:58:17:012]29224:[DBG]:PMNG:Request Paper Start( 1 )
[17:58:17:027]29226:[DBG]:IMG:Med Print Start[1]
[17:58:17:027]29226:[DBG]:IMG:Med Add Sheet[1]
[17:58:17:027]29226:[DBG]:IMG:Med Imaging start f[3] e[1]
[17:58:17:043]29226:[DBG]:IMG:Med Dplx Toner Supply Check Add[1]:4
[17:58:17:043]29226:[DBG]:SYS:Crt Task Handle[10]:8E24434
[17:58:17:043]29226:[DBG]:PAP:##Paper start!! Sid[1]
[17:58:17:059]29226:[DBG]:FUS:Proc(1) Added To Fuser Process Queue
[17:58:17:059]29226:[DBG]:PAP:sheet_id[1],tsk_id[10] start
[17:58:17:059]29226:[DBG]:PAP:feed rv_sheet_id[1]
[17:58:17:059]29226:[DBG]:PAP:first g_pap_optionrefeed_ready[1] Sid[1]
[17:58:17:059]29226:[DBG]:PAP:Option plate check[1] Sid[1]
[17:58:17:074]29226:[DBG]:PMNG:Fuser Feed Enable( 1 )
[17:58:17:074]29226:[DBG]:PMNG:Fuser Print Enable( 1 )
[17:58:17:074]29226:[DBG]:IMG:Med Feed Ok
[17:58:17:074]29226:[DBG]:IMG:Channel Info Paper Feed
[17:58:17:090]29226:[DBG]:IMG:Med Fuser Ok Sheet[1]
[17:58:17:090]29226:[DBG]:IMG:Channel Info Fuser OK
[17:58:17:090]29226:[DBG]:IMG:Fuser OK[1]
[17:58:17:105]29226:[DBG]:IMG:Imaging task :regist start 0 0 0 1 1 1 1
[17:58:17:105]29226:[DBG]:IMG:Imaging task :write start 0 0 0 1 1 0 1 1 
[17:58:17:121]29228:[DBG]:PAP:transfer timer start common at_time = 0 speed = 1240 sid =1
[17:58:17:121]29228:[DBG]:PAP:duplex feed space set time[1294] value[900] dbg[0]
[17:58:17:137]29242:[DBG]:IMG:Comp Trans2 Level:1, Target:[520]
[17:58:17:137]29242:[DBG]:IMG:Tab Get Thv2 Stage[1] Time:250
[17:58:17:137]29268:[DBG]:CMD:[0x37]->[0x00]
[17:58:17:152]29270:[DBG]:CMD:[0x01]->[0x00]
[17:58:17:152]29272:[DBG]:CMD:[0x20]->[0x00]
[17:58:17:152]29274:[DBG]:CMD:[0x30]->[0x01]
[17:58:17:152]29286:[DBG]:CMD:[0x31]->[0x00]
[17:58:17:152]29286:[DBG]:CMD:[0x32]->[0x01]
[17:58:17:152]29288:[DBG]:CMD:[0x33]->[0x00]
[17:58:17:152]29388:[DBG]:CMD:[0x37]->[0x00]
[17:58:17:152]29390:[DBG]:CMD:[0x01]->[0x00]
[17:58:17:184]29396:[DBG]:CMD:[0x20]->[0x00]
[17:58:17:184]29398:[DBG]:CMD:[0x30]->[0x01]
[17:58:17:184]29400:[DBG]:CMD:[0x31]->[0x00]
[17:58:17:184]29402:[DBG]:CMD:[0x32]->[0x01]
[17:58:17:199]29402:[DBG]:CMD:[0x33]->[0x00]
[17:58:17:199]29456:[DBG]:TONER:TonerFillOverJudgeStep1[1,1,1].
[17:58:17:215]29456:[DBG]:TONER:FillOnStep2[M],Cnt[0],FillOnTime[0].
[17:58:17:215]29456:[DBG]:TONER:FillOnStep2[K],Cnt[0],FillOnTime[0].
[17:58:17:215]29474:[DBG]:PAP:CL Stairmove [1] cnt[1]
[17:58:17:230]29474:[DBG]:TG2_BANK1_GPIOOUT:0x4C01
[17:58:17:230]29474:[DBG]:PAP:Transfer Adjust In Sid[0]
[17:58:17:230]29474:[DBG]:PAP:Feed start, Sid[0] Fid[3]
[17:58:17:246]29474:[DBG]:PAP:adjust sensor, mask[0],jam[1410]
[17:58:17:246]29474:[DBG]:PMNG:Feed Paper( 0 )
[17:58:17:246]29484:[DBG]:PAP:Unmask SN Adt on
[17:58:17:262]29494:[DBG]:IMG:Comp TransCleaning .. Repeat Finish(2) Time(2000)ms
[17:58:17:262]29494:[DBG]:IMG:Comp Trans2 Level:0, Target:[-220]
[17:58:17:262]29494:[DBG]:IMG:Tab Get Thv2 Stage[0] Time:500
[17:58:17:277]29506:[DBG]:DEV:voltage:2442mv, pwm duty:7400
[17:58:17:277]29506:[INT]:DEV:Feed nomal step = 157
[17:58:17:277]29510:[DBG]:CMD:[0x37]->[0x00]
[17:58:17:293]29512:[DBG]:CMD:[0x01]->[0x00]
[17:58:17:293]29524:[DBG]:CMD:[0x20]->[0x00]
[17:58:17:293]29526:[DBG]:CMD:[0x30]->[0x01]
[17:58:17:293]29528:[DBG]:CMD:[0x31]->[0x00]
[17:58:17:308]29530:[DBG]:CMD:[0x32]->[0x01]
[17:58:17:308]29538:[DBG]:CMD:[0x33]->[0x10]
[17:58:17:308]29642:[DBG]:CMD:[0x37]->[0x00]
[17:58:17:308]29644:[DBG]:CMD:[0x01]->[0x00]
[17:58:17:324]29644:[DBG]:CMD:[0x20]->[0x00]
[17:58:17:324]29648:[DBG]:CMD:[0x30]->[0x01]
[17:58:17:324]29648:[DBG]:CMD:[0x31]->[0x00]
[17:58:17:324]29650:[DBG]:CMD:[0x32]->[0x01]
[17:58:17:340]29652:[DBG]:CMD:[0x33]->[0x10]
[17:58:17:340]29754:[DBG]:CMD:[0x37]->[0x00]
[17:58:17:340]29754:[DBG]:CMD:[0x01]->[0x00]
[17:58:17:340]29756:[DBG]:CMD:[0x20]->[0x00]
[17:58:17:340]29756:[DBG]:CMD:[0x30]->[0x01]
[17:58:17:340]29768:[DBG]:CMD:[0x31]->[0x00]
[17:58:17:340]29772:[DBG]:CMD:[0x32]->[0x01]
[17:58:17:340]29772:[DBG]:CMD:[0x33]->[0x10]
[17:58:17:355]29808:[DBG]:TONER:TonerFillOverJudgeStep2[1,1,1].
[17:58:17:355]29808:[DBG]:TONER:Log Data 0x300C
[17:58:17:355]29808:[DBG]:TONER:TonerFillNormalOver!!!
[17:58:17:371]29830:[INT]:PAP:Transfer enable common[1]
[17:58:17:371]29830:[DBG]:IMG:Trans Enable[1]
[17:58:17:371]29830:[DBG]:IMG:Imaging task :regist start 0 0 0 1 1 1 1
[17:58:17:387]29830:[DBG]:IMG:Imaging task :write start 0 0 0 1 1 1 1 1 
[17:58:17:387]29880:[DBG]:CMD:[0x37]->[0x00]
[17:58:17:387]29880:[DBG]:CMD:[0x01]->[0x00]
[17:58:17:402]29880:[DBG]:CMD:[0x20]->[0x00]
[17:58:17:402]29882:[DBG]:CMD:[0x30]->[0x01]
[17:58:17:402]29884:[DBG]:CMD:[0x31]->[0x00]
[17:58:17:402]29884:[DBG]:CMD:[0x32]->[0x01]
[17:58:17:418]29886:[DBG]:CMD:[0x33]->[0x10]
[17:58:17:418]29992:[DBG]:CMD:[0x37]->[0x00]
[17:58:17:418]29992:[DBG]:CMD:[0x01]->[0x00]
[17:58:17:418]29994:[DBG]:CMD:[0x20]->[0x00]
[17:58:17:434]29994:[DBG]:CMD:[0x30]->[0x01]
[17:58:17:434]29996:[DBG]:CMD:[0x31]->[0x00]
[17:58:17:434]29996:[DBG]:IMG:Comp Trans2 Level:1, Target:[520]
[17:58:17:449]29996:[DBG]:IMG:Tab Get Thv2 Stage[1] Time:250
[17:58:17:449]29996:[DBG]:CMD:[0x32]->[0x01]
[17:58:17:449]30006:[DBG]:CMD:[0x33]->[0x10]
[17:58:17:449]30036:[DBG]:PAP:Sn[4] Value[0]
[17:58:17:449]30036:[DBG]:PAP:SN Adt on
[17:58:17:449]30036:[DBG]:PAP:Transfer Adjust In sensor on Sid[0]
[17:58:17:449]30036:[DBG]:PAP:g_pap_adjust_stop_time[94] Sid[0]
[17:58:17:465]30036:[DBG]:STS:free memory size: 14696 bytes
[17:58:17:465]30056:[DBG]:PAP:Sn[53] Value[0]
[17:58:17:465]30056:[DBG]:PAP:SN Opt1 off
[17:58:17:480]30062:[DBG]:PAP:Feed space release, kind[3]
[17:58:17:480]30062:[DBG]:PAP:Feed space release, kind[5]
[17:58:17:480]30062:[DBG]:PAP:MT on option1 cnt[2] spd[0]
[17:58:17:496]30062:[INT]:OPT1:Clutch ON
[17:58:17:496]30062:[DBG]:PAP:CL Option1[1] cnt[1]
[17:58:17:496]30062:[DBG]:PAP:Option1 feed start, Sid[1]
[17:58:17:512]30062:[DBG]:PAP:feed err count[0]
[17:58:17:512]30062:[DBG]:PLT:rcv tray[3] motor info, cmd[0]
[17:58:17:512]30062:[DBG]:PAP:[3]sensor, mask[0],jam[671]
[17:58:17:527]30064:[DBG]:PAP:Unmask SN Opt1 on
[17:58:17:527]30106:[DBG]:CMD:[0x37]->[0x00]
[17:58:17:527]30108:[DBG]:CMD:[0x01]->[0x00]
[17:58:17:527]30118:[DBG]:CMD:[0x20]->[0x00]
[17:58:17:527]30120:[DBG]:CMD:[0x30]->[0x01]
[17:58:17:527]30122:[DBG]:CMD:[0x31]->[0x00]
[17:58:17:527]30124:[DBG]:CMD:[0x32]->[0x01]
[17:58:17:527]30130:[DBG]:CMD:[0x33]->[0x10]
[17:58:17:543]30132:[INT]:PAP:Int CL Stairmove [0] cnt[1]
[17:58:17:543]30132:[INT]:OPT1:Motor off
[17:58:17:543]30132:[INT]:PAP:Int MT off option1 cnt[2] spd[0]
[17:58:17:558]30132:[DBG]:PAP:Adjust stop, Sid[0]
[17:58:17:558]30132:[DBG]:PAP:Transfer enable adjust suspend[0]
[17:58:17:558]30132:[DBG]:FUS:Proc(0) Regist Arrive!! C_Temp = 180 R_Temp = 163 F_Temp = 161 Tar_Temp = 183
[17:58:17:574]30234:[DBG]:CMD:[0x37]->[0x00]
[17:58:17:574]30234:[DBG]:CMD:[0x01]->[0x00]
[17:58:17:574]30236:[DBG]:CMD:[0x20]->[0x00]
[17:58:17:574]30236:[DBG]:CMD:[0x30]->[0x01]
[17:58:17:574]30238:[DBG]:CMD:[0x31]->[0x00]
[17:58:17:574]30238:[DBG]:CMD:[0x32]->[0x01]
[17:58:17:574]30240:[DBG]:CMD:[0x33]->[0x10]
[17:58:17:605]30248:[DBG]:IMG:Comp TransCleaning .. Repeat Finish(3) Time(3000)ms
[17:58:17:605]30248:[DBG]:IMG:Comp Trans2 Level:0, Target:[-220]
[17:58:17:605]30248:[DBG]:IMG:Tab Get Thv2 Stage[0] Time:500
[17:58:17:605]30354:[DBG]:CMD:[0x37]->[0x00]
[17:58:17:605]30354:[DBG]:CMD:[0x01]->[0x00]
[17:58:17:605]30370:[DBG]:CMD:[0x20]->[0x00]
[17:58:17:621]30372:[DBG]:CMD:[0x30]->[0x01]
[17:58:17:621]30372:[DBG]:CMD:[0x31]->[0x00]
[17:58:17:621]30374:[DBG]:CMD:[0x32]->[0x01]
[17:58:17:621]30376:[DBG]:CMD:[0x33]->[0x10]
[17:58:17:637]30480:[DBG]:CMD:[0x37]->[0x00]
[17:58:17:637]30480:[DBG]:CMD:[0x01]->[0x00]
[17:58:17:637]30482:[DBG]:CMD:[0x20]->[0x00]
[17:58:17:637]30482:[DBG]:CMD:[0x30]->[0x01]
[17:58:17:652]30484:[DBG]:CMD:[0x31]->[0x00]
[17:58:17:652]30484:[DBG]:CMD:[0x32]->[0x01]
[17:58:17:652]30494:[DBG]:CMD:[0x33]->[0x10]
[17:58:17:652]30596:[DBG]:CMD:[0x37]->[0x00]
[17:58:17:668]30596:[DBG]:CMD:[0x01]->[0x00]
[17:58:17:668]30604:[DBG]:FUS:NormalSpeed/Normal1/L_Width(2970 mm)/Duplex/PagesStep_1(1,1,1,0)
[17:58:17:668]30604:[DBG]:FUS:Env_Offset_Temp = -12 Hot_Print_Offset_Temp = 0 Pages_Offset_Temp = 0
[17:58:17:699]30604:[DBG]:FUS:Proc(0) Tar_Temp = 193 ( Base_Temp = 205 Offset_Temp = -12 )
[17:58:17:699]30604:[DBG]:FUS:Tod Hold Temp Timeout(0)!
[17:58:17:699]30604:[DBG]:CMD:[0x20]->[0x00]
[17:58:17:699]30606:[DBG]:CMD:[0x30]->[0x01]
[17:58:17:715]30606:[DBG]:CMD:[0x31]->[0x00]
[17:58:17:715]30608:[DBG]:CMD:[0x32]->[0x01]
[17:58:17:715]30608:[DBG]:CMD:[0x33]->[0x10]
[17:58:17:715]30710:[DBG]:CMD:[0x37]->[0x00]
[17:58:17:715]30710:[DBG]:CMD:[0x01]->[0x00]
[17:58:17:715]30712:[DBG]:CMD:[0x20]->[0x00]
[17:58:17:715]30712:[DBG]:CMD:[0x30]->[0x01]
[17:58:17:715]30722:[DBG]:CMD:[0x31]->[0x00]
[17:58:17:730]30724:[DBG]:CMD:[0x32]->[0x01]
[17:58:17:730]30726:[DBG]:CMD:[0x33]->[0x10]
[17:58:17:730]30750:[DBG]:IMG:Comp Trans2 Level:1, Target:[520]
[17:58:17:746]30750:[DBG]:IMG:Tab Get Thv2 Stage[1] Time:250
[17:58:17:746]30800:[DBG]:LSU:Imaging Write Stop
[17:58:17:746]30800:[DBG]:IMG:Med Vsync[1][0].
[17:58:17:761]30800:[DBG]:IMG:Med Vsync Off Info:0
[17:58:17:761]30800:[DBG]:IMG:Med Vsync Off Set Lsu Param
[17:58:17:761]30800:[DBG]:TONER:Log Data 0x2005
[17:58:17:761]30800:[DBG]:TONER:VsyncOffDelay2MotorOff[550].
[17:58:17:761]30800:[DBG]:TONER:Execute[4].
[17:58:17:761]30800:[DBG]:IMG:Tsk_img Write Param Set ID:1
[17:58:17:777]30800:[DBG]:LSU:Imaging Param Start
[17:58:17:777]30800:[DBG]:LSU:Imaging Param End
[17:58:17:777]30800:[DBG]:IMG:LSU Param OK[1]
[17:58:17:793]30800:[DBG]:IMG:Imaging task :regist start 1 0 0 1 1 1 1
[17:58:17:793]30800:[DBG]:IMG:Imaging task :write start 1 0 0 1 1 1 1 1 
[17:58:17:793]30800:[DBG]:IMG:Tab Get Devlop[Y] Stage[3] Time:150
[17:58:17:808]30800:[DBG]:IMG:Tsk_image Dev Ac Off Time:2037
[17:58:17:808]30834:[DBG]:CMD:[0x37]->[0x00]
[17:58:17:808]30836:[DBG]:CMD:[0x01]->[0x00]
[17:58:17:824]30836:[DBG]:TONER:TCLevelRead[K,0002,0958]!
[17:58:17:824]30836:[DBG]:TONER:TCLevelRead[Y,0002,0873]!
[17:58:17:824]30836:[DBG]:TONER:TCLevelRead[M,0002,0856]!
[17:58:17:840]30836:[DBG]:TONER:TCLevelRead[C,0002,0831]!
[17:58:17:840]30840:[DBG]:CMD:[0x20]->[0x00]
[17:58:17:840]30840:[DBG]:CMD:[0x30]->[0x01]
[17:58:17:840]30842:[DBG]:CMD:[0x31]->[0x00]
[17:58:17:855]30848:[DBG]:CMD:[0x32]->[0x01]
[17:58:17:855]30850:[DBG]:CMD:[0x33]->[0x10]
[17:58:17:855]30862:[DBG]:TONER:TcSnrErrCk262-2x[1,0].
[17:58:17:855]30862:[DBG]:TONER:TcSetCal[K]-As2,CppAs[1],DotAs[0].
[17:58:17:855]30862:[DBG]:TONER:TcSetCal[K]-CppJudge,CppAs[1],Limit[10].
[17:58:17:871]30862:[DBG]:TONER:TcSetCal[K]-Type2[1,0,0],CppFlag[0],DotTc[0],DotTcFlag[0],TcLevel[0],Target[0],LL5[100],TcSetMin[-308].
[17:58:17:871]30862:[DBG]:setmp=770,222
[17:58:17:886]30862:[DBG]:setmp=774,216277
[17:58:17:886]30862:[DBG]:TONER:Consume[K]-AsCal,CppAs[222],DotAs[216277].
[17:58:17:902]30862:[DBG]:TONER:TcStopJudge[K],TcDisable[0,0],TcCnt[0],DotCnt[0],TcS[0,20000],ByDotFlag[0],TcOkCnt[0,8].
[17:58:17:902]30862:[DBG]:CAL:Med isCalibMedExeStatus  = 0 
[17:58:17:918]30862:[DBG]:TONER:PrintToSpecialJudge[K],TLV[958],Target[823],LL2[248],Fcnt[0,max = 2],Cal[0].
[17:58:17:918]30862:[DBG]:TONER:TcSetCal[Y]-As2,CppAs[1],DotAs[0].
[17:58:17:933]30862:[DBG]:TONER:TcSetCal[Y]-CppJudge,CppAs[1],Limit[10].
[17:58:17:933]30862:[DBG]:TONER:TcSetCal[Y]-Type2[1,0,0],CppFlag[0],DotTc[0],DotTcFlag[0],TcLevel[0],Target[0],LL5[100],TcSetMin[-330].
[17:58:17:949]30862:[DBG]:setmp=771,222
[17:58:17:949]30862:[DBG]:setmp=775,85589
[17:58:17:965]30862:[DBG]:TONER:Consume[Y]-AsCal,CppAs[222],DotAs[85589].
[17:58:17:965]30862:[DBG]:TONER:TcStopJudge[Y],TcDisable[0,0],TcCnt[0],DotCnt[0],TcS[0,20000],ByDotFlag[0],TcOkCnt[0,8].
[17:58:17:965]30862:[DBG]:CAL:Med isCalibMedExeStatus  = 0 
[17:58:17:996]30862:[DBG]:TONER:PrintToSpecialJudge[Y],TLV[873],Target[807],LL2[238],Fcnt[0,max = 2],Cal[0].
[17:58:17:996]30862:[DBG]:TONER:TcSetCal[M]-As2,CppAs[1],DotAs[0].
[17:58:18:011]30862:[DBG]:TONER:TcSetCal[M]-CppJudge,CppAs[1],Limit[10].
[17:58:18:011]30862:[DBG]:TONER:TcSetCal[M]-Type2[1,0,0],CppFlag[0],DotTc[0],DotTcFlag[0],TcLevel[0],Target[0],LL5[100],TcSetMin[-330].
[17:58:18:011]30862:[DBG]:setmp=772,222
[17:58:18:011]30862:[DBG]:setmp=776,134976
[17:58:18:043]30862:[DBG]:TONER:Consume[M]-AsCal,CppAs[222],DotAs[134976].
[17:58:18:043]30862:[DBG]:TONER:TcStopJudge[M],TcDisable[0,0],TcCnt[0],DotCnt[0],TcS[0,20000],ByDotFlag[0],TcOkCnt[0,8].
[17:58:18:043]30862:[DBG]:CAL:Med isCalibMedExeStatus  = 0 
[17:58:18:043]30862:[DBG]:TONER:PrintToSpecialJudge[M],TLV[856],Target[790],LL2[238],Fcnt[0,max = 2],Cal[0].
[17:58:18:058]30862:[DBG]:TONER:TcSetCal[C]-As2,CppAs[1],DotAs[0].
[17:58:18:058]30862:[DBG]:TONER:TcSetCal[C]-CppJudge,CppAs[1],Limit[10].
[17:58:18:074]30862:[DBG]:TONER:TcSetCal[C]-Type2[1,0,0],CppFlag[0],DotTc[0],DotTcFlag[0],TcLevel[0],Target[0],LL5[100],TcSetMin[-330].
[17:58:18:090]30862:[DBG]:setmp=773,222
[17:58:18:090]30862:[DBG]:setmp=777,92656
[17:58:18:090]30862:[DBG]:TONER:Consume[C]-AsCal,CppAs[222],DotAs[92656].
[17:58:18:105]30862:[DBG]:TONER:TcStopJudge[C],TcDisable[0,0],TcCnt[0],DotCnt[0],TcS[0,20000],ByDotFlag[0],TcOkCnt[0,8].
[17:58:18:121]30864:[DBG]:CAL:Med isCalibMedExeStatus  = 0 
[17:58:18:121]30864:[DBG]:TONER:PrintToSpecialJudge[C],TLV[831],Target[770],LL2[238],Fcnt[0,max = 2],Cal[0].
[17:58:18:136]30864:[DBG]:TONER:TonerFillSpecialFlag[0,0,0,0,0]
[17:58:18:136]30864:[DBG]:TONER:FillNormal[K]-DaCalJudge,Dot[0],Dot_min[0].
[17:58:18:152]30864:[DBG]:TONER:FillNormal[Y]-DaCalJudge,Dot[0],Dot_min[0].
[17:58:18:152]30864:[DBG]:TONER:FillNormal[M]-DaCalJudge,Dot[0],Dot_min[0].
[17:58:18:168]30864:[DBG]:TONER:FillNormal[C]-DaCalJudge,Dot[0],Dot_min[0].
[17:58:18:168]30954:[DBG]:CMD:[0x37]->[0x00]
[17:58:18:168]30956:[DBG]:CMD:[0x01]->[0x00]
[17:58:18:168]30960:[DBG]:CMD:[0x20]->[0x00]
[17:58:18:168]30968:[DBG]:CMD:[0x30]->[0x01]
[17:58:18:168]30970:[DBG]:CMD:[0x31]->[0x00]
[17:58:18:168]30970:[DBG]:CMD:[0x32]->[0x01]
[17:58:18:168]30972:[DBG]:CMD:[0x33]->[0x10]
[17:58:18:199]31002:[DBG]:IMG:Comp TransCleaning .. Repeat Finish(4) Time(4000)ms
[17:58:18:199]31002:[DBG]:IMG:Comp Trans2 Level:0, Target:[-220]
[17:58:18:215]31002:[DBG]:IMG:Tab Get Thv2 Stage[0] Time:500
[17:58:18:215]31092:[DBG]:CMD:[0x37]->[0x00]
[17:58:18:215]31094:[DBG]:CMD:[0x01]->[0x00]
[17:58:18:215]31100:[DBG]:CMD:[0x20]->[0x00]
[17:58:18:215]31100:[DBG]:CMD:[0x30]->[0x01]
[17:58:18:215]31102:[DBG]:CMD:[0x31]->[0x00]
[17:58:18:215]31104:[DBG]:CMD:[0x32]->[0x01]
[17:58:18:215]31106:[DBG]:CMD:[0x33]->[0x10]
[17:58:18:246]31208:[DBG]:CMD:[0x37]->[0x00]
[17:58:18:246]31208:[DBG]:CMD:[0x01]->[0x00]
[17:58:18:246]31210:[DBG]:CMD:[0x20]->[0x00]
[17:58:18:246]31212:[DBG]:CMD:[0x30]->[0x01]
[17:58:18:246]31214:[DBG]:CMD:[0x31]->[0x00]
[17:58:18:246]31218:[DBG]:CMD:[0x32]->[0x01]
[17:58:18:246]31220:[DBG]:CMD:[0x33]->[0x10]
[17:58:18:246]31322:[DBG]:CMD:[0x37]->[0x00]
[17:58:18:261]31322:[DBG]:CMD:[0x01]->[0x00]
[17:58:18:261]31324:[DBG]:CMD:[0x20]->[0x00]
[17:58:18:261]31324:[DBG]:CMD:[0x30]->[0x01]
[17:58:18:261]31326:[DBG]:CMD:[0x31]->[0x00]
[17:58:18:277]31328:[DBG]:CMD:[0x32]->[0x01]
[17:58:18:277]31330:[DBG]:CMD:[0x33]->[0x10]
[17:58:18:277]31352:[DBG]:TONER:TonerFillStop.
[17:58:18:293]31430:[DBG]:CMD:[0x37]->[0x00]
[17:58:18:293]31432:[DBG]:CMD:[0x01]->[0x00]
[17:58:18:293]31432:[DBG]:CMD:[0x20]->[0x00]
[17:58:18:293]31434:[DBG]:CMD:[0x30]->[0x01]
[17:58:18:308]31434:[DBG]:CMD:[0x31]->[0x00]
[17:58:18:308]31442:[DBG]:PAP:Adjust pass count clear
[17:58:18:308]31442:[DBG]:PAP:Adt start condition ok Sid[0]
[17:58:18:324]31442:[DBG]:PAP:Release adjust_owner[16512]
[17:58:18:324]31444:[INT]:PAP:Int CL Stairmove [1] cnt[1]
[17:58:18:324]31444:[INT]:PAP:Int CL Adjust [1] cnt[1]
[17:58:18:324]31444:[INT]:OPT1:Motor on
[17:58:18:339]31444:[INT]:PAP:Int MT on option1 cnt[2] spd[12400]
[17:58:18:339]31444:[DBG]:PAP:Adjust start, Sid[0]
[17:58:18:355]31444:[DBG]:PAP:duplex trans timer start Sid[0]
[17:58:18:355]31444:[DBG]:PAP:at_vsyncon_to_transferroller = 2906
[17:58:18:355]31444:[DBG]:PAP:at_exitsensor_to_trasroller = 8436 at_time = 5530
[17:58:18:371]31444:[DBG]:IMG:Med Paper Restart[0]
[17:58:18:371]31444:[DBG]:IMG:Channel Info Paper Restart
[17:58:18:371]31444:[DBG]:IMG:Comp Trans Repeat Cleaning finsh.. Count(4) Time(4000)ms
[17:58:18:386]31444:[DBG]:IMG:Comp Trans2 Level:0, Target:[-220]
[17:58:18:402]31444:[DBG]:FUS:Proc(0) Regist Restart!! C_Temp = 190 R_Temp = 172 F_Temp = 170 Tar_Temp = 193
[17:58:18:402]31444:[DBG]:PAP:duplex feed space set time[1294] value[900] dbg[0]
[17:58:18:418]31444:[DBG]:IMG:paper restart[0]
[17:58:18:418]31444:[DBG]:IMG:Tab Get Thv2 Stage[14] Time:120
[17:58:18:418]31444:[DBG]:IMG:Comp Trans2 Level:0, Target:[-220]
[17:58:18:433]31454:[DBG]:PAP:Unmask SN Ext on
[17:58:18:433]31454:[DBG]:PAP:Unmask SN Adt off
[17:58:18:433]31462:[DBG]:CMD:[0x32]->[0x01]
[17:58:18:433]31462:[DBG]:CMD:[0x33]->[0x10]
[17:58:18:449]31494:[DBG]:CMD:[0x82]->[0x00]
[17:58:18:449]31494:[DBG]:PMNG:Print Image Prepare OK( 1 )
[17:58:18:449]31494:[DBG]:IMG:Med Image Data Prepare Ok[1][4]
[17:58:18:464]31494:[DBG]:IMG:Print Enable[1]
[17:58:18:464]31494:[DBG]:IMG:Imaging task :regist start 1 0 1 1 1 1 1
[17:58:18:480]31494:[DBG]:IMG:Imaging task :write start 1 0 1 1 1 1 1 1 
[17:58:18:480]31494:[DBG]:IMG:Feed Enable[1]
[17:58:18:480]31494:[DBG]:PAP:Imaging Feed Enable Sid[1]
[17:58:18:480]31564:[DBG]:CMD:[0x37]->[0x00]
[17:58:18:496]31564:[DBG]:CMD:[0x01]->[0x00]
[17:58:18:496]31566:[DBG]:IMG:Med THV2 Idle On
[17:58:18:496]31566:[DBG]:IMG:Thv Trans Mode:1
[17:58:18:511]31566:[DBG]:CMD:[0x20]->[0x00]
[17:58:18:511]31566:[DBG]:IMG:Comp Trans2 Level:2, Target:[350]
[17:58:18:511]31566:[DBG]:IMG:Tab Get Thv2 Stage[2] Time:500
[17:58:18:511]31566:[DBG]:IMG:Tab Get Thv2 Stage[14] Time:120
[17:58:18:511]31566:[DBG]:IMG:Tab Get Thv2 Stage[3] Time:117
[17:58:18:511]31566:[DBG]:IMG:Tab Get Saw Stage[0] Time:660
[17:58:18:527]31566:[DBG]:CMD:[0x30]->[0x01]
[17:58:18:527]31568:[DBG]:CMD:[0x31]->[0x00]
[17:58:18:527]31568:[DBG]:CMD:[0x32]->[0x01]
[17:58:18:527]31570:[DBG]:CMD:[0x33]->[0x10]
[17:58:18:543]31588:[DBG]:IMG:Med THV2 Idle Det On
[17:58:18:543]31588:[DBG]:IMG:Comp Trans2_CL:36 Read Start
[17:58:18:543]31614:[DBG]:PAP:CL Stairmove [0] cnt[0]
[17:58:18:558]31672:[DBG]:CMD:[0x37]->[0x00]
[17:58:18:558]31672:[DBG]:CMD:[0x01]->[0x00]
[17:58:18:558]31674:[DBG]:CMD:[0x20]->[0x00]
[17:58:18:558]31674:[DBG]:CMD:[0x30]->[0x01]
[17:58:18:574]31676:[DBG]:CMD:[0x31]->[0x00]
[17:58:18:574]31678:[DBG]:CMD:[0x32]->[0x01]
[17:58:18:574]31678:[DBG]:CMD:[0x33]->[0x10]
[17:58:18:574]31780:[DBG]:CMD:[0x37]->[0x00]
[17:58:18:574]31782:[DBG]:CMD:[0x01]->[0x00]
[17:58:18:574]31782:[DBG]:CMD:[0x20]->[0x00]
[17:58:18:574]31784:[DBG]:CMD:[0x30]->[0x01]
[17:58:18:574]31786:[DBG]:CMD:[0x31]->[0x00]
[17:58:18:605]31786:[DBG]:CMD:[0x32]->[0x01]
[17:58:18:605]31788:[DBG]:CMD:[0x33]->[0x10]
[17:58:18:605]31824:[DBG]:PAP:MT off option1 cnt[1] spd[0]
[17:58:18:621]31824:[DBG]:PLT:rcv tray[3] motor info, cmd[1]
[17:58:18:621]31888:[DBG]:CMD:[0x37]->[0x00]
[17:58:18:621]31890:[DBG]:CMD:[0x01]->[0x00]
[17:58:18:621]31892:[DBG]:CMD:[0x20]->[0x00]
[17:58:18:636]31892:[DBG]:CMD:[0x30]->[0x01]
[17:58:18:636]31892:[DBG]:CMD:[0x31]->[0x00]
[17:58:18:636]31894:[DBG]:CMD:[0x32]->[0x01]
[17:58:18:636]31896:[DBG]:CMD:[0x33]->[0x10]
[17:58:18:636]31948:[DBG]:IMG:Comp Trans2 Bais CL Read Finish, Adc_value:1101
[17:58:18:636]31948:[DBG]:IMG:Med THV2 Idle Read Finish
[17:58:18:652]31948:[DBG]:IMG:Tab Get Thv2 Stage[2] Time:500
[17:58:18:652]31948:[DBG]:IMG:Tab Get Thv2 Stage[14] Time:120
[17:58:18:652]31950:[DBG]:IMG:Med THV2 Bias Idle On:0
[17:58:18:668]31950:[DBG]:IMG:Tbl Adc Value:1101, rv_speed_mode = 0
[17:58:18:668]31950:[DBG]:IMG:Comp Trans2 Level:3, Target:[800]
[17:58:18:668]31984:[DBG]:PAP:Option refeed location left
[17:58:18:683]31998:[DBG]:CMD:[0x37]->[0x00]
[17:58:18:683]31998:[DBG]:CMD:[0x01]->[0x00]
[17:58:18:683]32000:[DBG]:CMD:[0x20]->[0x00]
[17:58:18:683]32004:[DBG]:CMD:[0x30]->[0x01]
[17:58:18:699]32006:[DBG]:CMD:[0x31]->[0x00]
[17:58:18:699]32006:[DBG]:CMD:[0x32]->[0x01]
[17:58:18:699]32008:[DBG]:CMD:[0x33]->[0x10]
[17:58:18:714]32054:[DBG]:PAP:rv_st_pap_jam->sensor_id[1]
[17:58:18:714]32054:[DBG]:PAP:To pick after report,pick times[1]
[17:58:18:714]32054:[DBG]:PMNG:CancelSheet:MISS PRINT
[17:58:18:730]32054:[DBG]:PMNG:MISS_PRINT sheet_id( 1 )--( FEED_AGAIN )
[17:58:18:730]32054:[DBG]:FUS:Process Cancel Message From PMNG
[17:58:18:746]32054:[DBG]:PMNG:Cancel Exec sheet_id = ( 1 )
[17:58:18:746]32054:[DBG]:PAP:Cancel start!! Sid[1]Wait[7]Rear[3]
[17:58:18:746]32054:[INT]:OPT1:Clutch OFF
[17:58:18:746]32054:[DBG]:PAP:CL Option1[0] cnt[0]
[17:58:18:761]32054:[INT]:OPT1:Motor off
[17:58:18:761]32054:[DBG]:PAP:MT off option1 cnt[0] spd[0]
[17:58:18:761]32054:[DBG]:IMG:Med Paper End[1]
[17:58:18:761]32054:[DBG]:IMG:Med Dplx Toner Supply Check Paper End Reduce[1]:2
[17:58:18:761]32054:[DBG]:IMG:Med Paper Exit[1]
[17:58:18:761]32054:[DBG]:IMG:Tsk Imaging Paper End Cancel
[17:58:18:777]32054:[DBG]:PMNG:Paper Finish( 1 )
[17:58:18:777]32054:[DBG]:IMG:Med Imaging Process Cancel:1,1
[17:58:18:777]32054:[DBG]:IMG:Med Imaging Print Finish[1]
[17:58:18:793]32054:[DBG]:PMNG:Sheet Complete( 1 )
[17:58:18:793]32054:[DBG]:PMNG:Check Remain Sheet:0 1 0 1 0
[17:58:18:793]32054:[DBG]:PMNG:Main Motor Status is 1
[17:58:18:808]32054:[DBG]:PMNG:Fuser Motor Status is 2
[17:58:18:808]32054:[DBG]:PMNG:Print Complete Judge 1 1 0 0
[17:58:18:808]32054:[DBG]:PMNG:Image Finish( 1 )
[17:58:18:824]32054:[DBG]:IMG:Med Imaging Complete[1]
[17:58:18:824]32054:[DBG]:PAP:##Paper complete!! Sid[1]
[17:58:18:824]32064:[DBG]:IMG:Med THV2 Adjust Det On:0
[17:58:18:839]32064:[DBG]:IMG:Comp Trans2_DET:3 Read Start
[17:58:18:839]32070:[DBG]:IMG:Comp Trans2 Bais DET Read Finish, Adc_value:1376
[17:58:18:855]32070:[DBG]:IMG:Med THV2 Bias Work On:0
[17:58:18:855]32070:[DBG]:IMG:Tbl Adc Value:1376
[17:58:18:855]32072:[DBG]:IMG:Comp Trans2 Level:4, Target:[1436]
[17:58:18:871]32110:[DBG]:CMD:[0x37]->[0x00]
[17:58:18:871]32110:[DBG]:CMD:[0x01]->[0x04]
[17:58:18:871]32112:[DBG]:CMD:[0xD8]->[0x04]
[17:58:18:871]32112:[DBG]:   :[0x01]->[0x02]
[17:58:18:886]32114:[DBG]:CMD:[0x0D]->[0x20]
[17:58:18:886]32118:[DBG]:CMD:[0x20]->[0x00]
[17:58:18:886]32120:[DBG]:CMD:[0x30]->[0x01]
[17:58:18:886]32122:[DBG]:CMD:[0x31]->[0x00]
[17:58:18:902]32122:[DBG]:CMD:[0x32]->[0x01]
[17:58:18:902]32124:[DBG]:CMD:[0x33]->[0x10]
[17:58:18:902]32172:[DBG]:IMG:Comp Hv Abs Check Start
[17:58:18:902]32226:[DBG]:CMD:[0x37]->[0x00]
[17:58:18:917]32228:[DBG]:IMG:Med Saw On:0
[17:58:18:917]32228:[DBG]:CMD:[0x01]->[0x04]
[17:58:18:917]32228:[DBG]:IMG:Comp Saw Target:[-1436]
[17:58:18:917]32228:[DBG]:CMD:[0xD8]->[0x04]
[17:58:18:933]32228:[DBG]:   :[0x01]->[0x02]
[17:58:18:933]32230:[DBG]:CMD:[0x0D]->[0x20]
[17:58:18:933]32230:[DBG]:CMD:[0x20]->[0x00]
[17:58:18:933]32232:[DBG]:CMD:[0x30]->[0x01]
[17:58:18:933]32234:[DBG]:CMD:[0x31]->[0x00]
[17:58:18:933]32234:[DBG]:CMD:[0x32]->[0x01]
[17:58:18:933]32236:[DBG]:CMD:[0x33]->[0x10]
[17:58:18:933]32338:[DBG]:CMD:[0x37]->[0x00]
[17:58:18:949]32340:[DBG]:CMD:[0x01]->[0x04]
[17:58:18:949]32350:[DBG]:CMD:[0xD8]->[0x04]
[17:58:18:949]32350:[DBG]:   :[0x01]->[0x02]
[17:58:18:949]32352:[DBG]:CMD:[0x0D]->[0x20]
[17:58:18:964]32354:[DBG]:CMD:[0x20]->[0x00]
[17:58:18:964]32360:[DBG]:CMD:[0x30]->[0x01]
[17:58:18:964]32362:[DBG]:CMD:[0x31]->[0x00]
[17:58:18:964]32362:[DBG]:CMD:[0x32]->[0x01]
[17:58:18:980]32364:[DBG]:CMD:[0x33]->[0x10]
[17:58:18:980]32386:[DBG]:FUS:Curl Sensor Status:1,0,0
[17:58:18:980]32386:[INT]:DEV:fuser Speed:18230 rpm, clkFrq:1367 hz
[17:58:18:996]32386:[INT]:Dev:fwd to fwd
[17:58:18:996]32416:[DBG]:FUS:Curl Sensor Status:1,1,5
[17:58:18:996]32416:[INT]:DEV:fuser Speed:18450 rpm, clkFrq:1383 hz
[17:58:19:011]32416:[INT]:Dev:fwd to fwd
[17:58:19:011]32458:[DBG]:Dev:[DCM] Fuser Motor Lock
[17:58:19:011]32470:[DBG]:CMD:[0x37]->[0x00]
[17:58:19:011]32470:[DBG]:CMD:[0x01]->[0x04]
[17:58:19:027]32472:[DBG]:CMD:[0xD8]->[0x04]
[17:58:19:027]32472:[DBG]:   :[0x01]->[0x02]
[17:58:19:027]32474:[DBG]:CMD:[0x0D]->[0x20]
[17:58:19:027]32474:[DBG]:CMD:[0x20]->[0x00]
[17:58:19:042]32476:[DBG]:CMD:[0x30]->[0x01]
[17:58:19:042]32478:[DBG]:CMD:[0x31]->[0x00]
[17:58:19:042]32490:[DBG]:CMD:[0x32]->[0x01]
[17:58:19:042]32492:[DBG]:CMD:[0x33]->[0x10]
[17:58:19:058]32576:[DBG]:FUS:Curl Sensor Status:1,0,6
[17:58:19:058]32576:[INT]:DEV:fuser Speed:18230 rpm, clkFrq:1367 hz
[17:58:19:058]32576:[INT]:Dev:fwd to fwd
[17:58:19:074]32594:[DBG]:CMD:[0x37]->[0x00]
[17:58:19:074]32594:[DBG]:CMD:[0x01]->[0x04]
[17:58:19:074]32596:[DBG]:CMD:[0xD8]->[0x04]
[17:58:19:074]32596:[DBG]:   :[0x01]->[0x02]
[17:58:19:074]32598:[DBG]:CMD:[0x0D]->[0x20]
[17:58:19:074]32600:[DBG]:CMD:[0x20]->[0x00]
[17:58:19:074]32600:[DBG]:CMD:[0x30]->[0x01]
[17:58:19:074]32602:[DBG]:CMD:[0x31]->[0x00]
[17:58:19:105]32604:[DBG]:CMD:[0x32]->[0x01]
[17:58:19:105]32604:[DBG]:CMD:[0x33]->[0x10]
[17:58:19:105]32658:[DBG]:Dev:[DCM] Fuser Motor Lock
[17:58:19:105]32706:[DBG]:CMD:[0x37]->[0x00]
[17:58:19:121]32706:[DBG]:CMD:[0x01]->[0x04]
[17:58:19:121]32708:[DBG]:CMD:[0xD8]->[0x04]
[17:58:19:121]32708:[DBG]:   :[0x01]->[0x02]
[17:58:19:121]32710:[DBG]:CMD:[0x0D]->[0x20]
[17:58:19:121]32712:[DBG]:CMD:[0x20]->[0x00]
[17:58:19:121]32712:[DBG]:CMD:[0x30]->[0x01]
[17:58:19:121]32714:[DBG]:PAP:Fuser entry reach Sid[0]
[17:58:19:136]32714:[DBG]:CMD:[0x31]->[0x00]
[17:58:19:136]32714:[DBG]:FUS:Proc(0) Fuser In!! C_Temp = 190 R_Temp = 171 F_Temp = 170 Tar_Temp = 193
[17:58:19:152]32714:[DBG]:CMD:[0x32]->[0x01]
[17:58:19:152]32718:[DBG]:CMD:[0x33]->[0x10]
[17:58:19:152]32778:[DBG]:CMD:[0x8A]->[0x04]
[17:58:19:152]32778:[DBG]:   :[0x00]->[0x04]
[17:58:19:167]32778:[DBG]:   :[0x00]->[0x04]
[17:58:19:167]32778:[DBG]:   :[0xB3]->[0x04]
[17:58:19:167]32778:[DBG]:   :[0x0A]->[0x04]
[17:58:19:167]32778:[DBG]:   :[0x00]->[0x04]
[17:58:19:183]32778:[DBG]:TONER:CurDot[K],dot0[701184],dot[701184],dot_min[0].
[17:58:19:183]32778:[DBG]:SSC:Interface [3] set dots [8928727]->[8929428]
[17:58:19:199]32792:[DBG]:CMD:[0x8A]->[0x04]
[17:58:19:199]32792:[DBG]:   :[0x02]->[0x04]
[17:58:19:199]32792:[DBG]:   :[0x00]->[0x04]
[17:58:19:199]32792:[DBG]:   :[0x6F]->[0x04]
[17:58:19:214]32792:[DBG]:   :[0x0E]->[0x04]
[17:58:19:214]32792:[DBG]:   :[0x00]->[0x04]
[17:58:19:214]32794:[DBG]:TONER:CurDot[M],dot0[945920],dot[945920],dot_min[0].
[17:58:19:230]32794:[DBG]:SSC:Interface [1] set dots [3522860]->[3523805]
[17:58:19:230]32794:[DBG]:CMD:[0x8A]->[0x04]
[17:58:19:230]32794:[DBG]:   :[0x01]->[0x04]
[17:58:19:246]32794:[DBG]:   :[0x00]->[0x04]
[17:58:19:246]32794:[DBG]:   :[0xF7]->[0x04]
[17:58:19:246]32794:[DBG]:   :[0x07]->[0x04]
[17:58:19:246]32794:[DBG]:   :[0x00]->[0x04]
[17:58:19:261]32794:[DBG]:TONER:CurDot[Y],dot0[521984],dot[521984],dot_min[0].
[17:58:19:261]32794:[DBG]:SSC:Interface [2] set dots [6092407]->[6092928]
[17:58:19:261]32796:[DBG]:CMD:[0x8A]->[0x04]
[17:58:19:277]32796:[DBG]:   :[0x03]->[0x04]
[17:58:19:277]32796:[DBG]:   :[0x80]->[0x04]
[17:58:19:277]32796:[DBG]:   :[0xDA]->[0x04]
[17:58:19:277]32796:[DBG]:   :[0x08]->[0x04]
[17:58:19:292]32796:[DBG]:   :[0x00]->[0x04]
[17:58:19:292]32796:[DBG]:TONER:CurDot[C],dot0[580224],dot[580224],dot_min[0].
[17:58:19:308]32796:[DBG]:SSC:Interface [0] set dots [2559799]->[2560379]
[17:58:19:308]32838:[DBG]:IMG:Med Dev Ac Off:0
[17:58:19:308]32838:[DBG]:IMG:Comp Develop AC Bias Off
[17:58:19:324]32838:[DBG]:DEV:AC_Voltage = 0
[17:58:19:324]32838:[DBG]:IMG:IMAGING dev ac off
[17:58:19:324]32838:[DBG]:IMG:Tab Get Thv1 Stage[3] Time:290
[17:58:19:324]32912:[DBG]:CMD:Clear Print Miss Status!
[17:58:19:324]32912:[DBG]:CMD:[0x70]->[0x00]
[17:58:19:324]32916:[DBG]:CMD:[0x37]->[0x00]
[17:58:19:324]32930:[DBG]:CMD:[0x53]->[0x00]
[17:58:19:339]32930:[DBG]:   :[0x4B]->[0x00]
[17:58:19:339]32930:[DBG]:   :[0x03]->[0x00]
[17:58:19:339]32930:[DBG]:CMD:[0x01]->[0x00]
[17:58:19:339]32932:[DBG]:CMD:[0x53]->[0x00]
[17:58:19:355]32934:[DBG]:   :[0x4B]->[0x00]
[17:58:19:355]32934:[DBG]:   :[0x03]->[0x00]
[17:58:19:355]32934:[DBG]:CMD:[0x20]->[0x00]
[17:58:19:355]32936:[0BG]:CMD:[0x53]->[0x00]
[17:58:19:370]32936:[DBG]:   :[0x4B]->[0x00]
[17:58:19:370]32936:[DBG]:   :[0x03]->[0x00]
[17:58:19:370]32944:[DBG]:CMD:[0x30]->[0x01]
[17:58:19:370]32944:[DBG]:CMD:[0x54]->[0x00]
[17:58:19:386]32944:[DBG]:   :[0x1B]->[0x00]
[17:58:19:386]32946:[DBG]:CMD:[0x31]->[0x00]
[17:58:19:386]32946:[DBG]:CMD:[0x55]->[0x00]
[17:58:19:386]32946:[DBG]:   :[0x00]->[0x00]
[17:58:19:402]32946:[DBG]:   :[0x01]->[0x00]
[17:58:19:402]32948:[DBG]:CMD:[0x32]->[0x01]
[17:58:19:402]32950:[DBG]:CMD:[0x56]->[0x00]
[17:58:19:402]32950:[DBG]:   :[0x00]->[0x00]
[17:58:19:417]32950:[DBG]:   :[0x05]->[0x00]
[17:58:19:417]32952:[DBG]:CMD:[0x33]->[0x10]
[17:58:19:417]32952:[DBG]:CMD:[0x58]->[0x00]
[17:58:19:417]32952:[DBG]:   :[0x01]->[0x00]
[17:58:19:433]32962:[DBG]:CMD:[0x59]->[0x00]
[17:58:19:433]32962:[DBG]:   :[0x01]->[0x00]
[17:58:19:433]32962:[DBG]:CMD:[0x5A]->[0x00]
[17:58:19:433]32962:[DBG]:   :[0x00]->[0x00]
[17:58:19:449]32966:[DBG]:CMD:[0x5B]->[0x00]
[17:58:19:449]32966:[DBG]:   :[0x00]->[0x00]
[17:58:19:449]32968:[DBG]:CMD:[0x5C]->[0x00]
[17:58:19:449]32968:[DBG]:   :[0x00]->[0x00]
[17:58:19:464]32968:[DBG]:CMD:[0x5E]->[0x00]
[17:58:19:464]32968:[DBG]:   :[0x02]->[0x00]
[17:58:19:464]32982:[DBG]:CMD:[0x65]->[0x00]
[17:58:19:464]32982:[DBG]:   :[0x02]->[0x00]
[17:58:19:480]32982:[DBG]:PMNG:Sheet Execute Start( 1 )
[17:58:19:480]32982:[DBG]:PMNG:------ Sheet Data ------
[17:58:19:480]32982:[DBG]:id:1 speed:0 ftray:3 etray:1 otray:3 
[17:58:19:495]32982:[DBG]:silent_print:0 density:2 job_color:1 ctlsheetid:2 
[17:58:19:495]32982:[DBG]:PMNG:------ Paper Data ------
[17:58:19:511]32982:[DBG]:direction:0 code:5 length:2100 width:2970 kind:0 thick:1 s_error:1 
[17:58:19:511]32982:[DBG]:PMNG:Request fuser Start( 1 )
[17:58:19:527]32982:[DBG]:FUS:Proc(1) Added To Fuser Process Queue
[17:58:19:527]32982:[DBG]:PMNG:Request Image Start( 1 )
[17:58:19:527]32982:[DBG]:PMNG:Request Paper Start( 1 )
[17:58:19:542]32982:[DBG]:PMNG:Fuser Feed Enable( 1 )
[17:58:19:542]32982:[DBG]:PMNG:Fuser Print Enable( 1 )
[17:58:19:542]32984:[DBG]:SYS:Crt Task Handle[10]:8E24434
[17:58:19:542]32984:[DBG]:PAP:##Paper start!! Sid[1]
[17:58:19:542]32984:[DBG]:IMG:Med Print Start[1]
[17:58:19:542]32984:[DBG]:IMG:Med Add Sheet[1]
[17:58:19:558]32984:[DBG]:IMG:Med Imaging start f[3] e[1]
[17:58:19:558]32984:[DBG]:IMG:Med Dplx Toner Supply Check Add[1]:4
[17:58:19:558]32984:[DBG]:IMG:Med Set All Lsu Parameter
[17:58:19:558]32984:[DBG]:IMG:Med Feed Ok
[17:58:19:574]32984:[DBG]:IMG:Channel Info Paper Feed
[17:58:19:574]32984:[DBG]:IMG:Med Fuser Ok Sheet[1]
[17:58:19:574]32984:[DBG]:IMG:Channel Info Fuser OK
[17:58:19:589]32984:[DBG]:PAP:sheet_id[1],tsk_id[10] start
[17:58:19:589]32984:[DBG]:PAP:feed rv_sheet_id[1]
[17:58:19:605]32984:[DBG]:PAP:first g_pap_optionrefeed_ready[1] Sid[1]
[17:58:19:605]32984:[DBG]:PAP:Option plate check[1] Sid[1]
[17:58:19:605]32984:[DBG]:IMG:Tsk_img Write Param Set ID:1
[17:58:19:620]32984:[DBG]:LSU:Imaging Param Start
[17:58:19:620]32984:[DBG]:LSU:Imaging Param End
[17:58:19:620]32984:[DBG]:IMG:LSU Param OK[1]
[17:58:19:636]32984:[DBG]:IMG:Imaging task :regist start 1 0 0 1 1 1 0
[17:58:19:636]32984:[DBG]:IMG:Imaging task :write start 1 0 0 1 1 0 0 1 
[17:58:19:636]32984:[DBG]:IMG:Fuser OK[1]
[17:58:19:652]32984:[DBG]:IMG:Imaging task :regist start 1 0 0 1 1 1 1
[17:58:19:652]32984:[DBG]:IMG:Imaging task :write start 1 0 0 1 1 0 1 1 
[17:58:19:667]32986:[DBG]:PAP:transfer timer start common at_time = 0 speed = 1240 sid =1
[17:58:19:667]32986:[DBG]:PAP:duplex feed space set time[1294] value[900] dbg[0]
[17:58:19:667]32986:[DBG]:PAP:MT on option1 cnt[1] spd[0]
[17:58:19:667]32986:[INT]:OPT1:Clutch ON
[17:58:19:667]32986:[DBG]:PAP:CL Option1[1] cnt[1]
[17:58:19:667]32986:[DBG]:PAP:Option1 feed start, Sid[1]
[17:58:19:699]32986:[DBG]:PAP:feed err count[0]
[17:58:19:699]32986:[DBG]:PLT:rcv tray[3] motor info, cmd[0]
[17:58:19:699]32986:[DBG]:PAP:[3]sensor, mask[0],jam[671]
[17:58:19:699]32988:[INT]:OPT1:Motor on
[17:58:19:714]32988:[INT]:PAP:Int MT on option1 cnt[1] spd[12400]
[17:58:19:714]32994:[DBG]:PAP:Unmask SN Opt1 on
[17:58:19:714]33046:[DBG]:PAP:Sn[5] Value[0]
[17:58:19:714]33046:[DBG]:PAP:SN Ext on
[17:58:19:714]33046:[DBG]:PAP:exit to duplex
[17:58:19:730]33054:[DBG]:PAP:s_pap_mt_waiting_exit[1], at_setting_flgptn[1]
[17:58:19:730]33054:[DBG]:DEV:voltage:990mv, pwm duty:3000
[17:58:19:730]33054:[DBG]:DEV:data_buff 0x12
[17:58:19:730]33054:[DBG]:PAP:Unmask SN Ext off
[17:58:19:745]33054:[DBG]:CMD:[0x37]->[0x00]
[17:58:19:745]33054:[DBG]:PAP:MT Exit Fwd On cnt[1] spd[0]
[17:58:19:745]33054:[DBG]:CMD:[0x01]->[0x00]
[17:58:19:761]33062:[DBG]:CMD:[0x20]->[0x00]
[17:58:19:761]33064:[DBG]:CMD:[0x30]->[0x01]
[17:58:19:761]33074:[DBG]:CMD:[0x31]->[0x00]
[17:58:19:761]33074:[DBG]:CMD:[0x32]->[0x01]
[17:58:19:777]33074:[DBG]:CMD:[0x33]->[0x10]
[17:58:19:777]33086:[INT]:DEV:Exit FWD Speed nomal
[17:58:19:777]33092:[INT]:DEV:ExitMotor nomal step = 8
[17:58:19:792]33130:[DBG]:IMG:Med First Trans Off:0
[17:58:19:792]33130:[DBG]:IMG:CTR first trans off check:0x0->0x1
[17:58:19:792]33146:[DBG]:PAP:Sn[4] Value[1]
[17:58:19:792]33146:[DBG]:PAP:SN Adt off
[17:58:19:808]33146:[DBG]:PAP:+++Size[2110],Serr[1800],Lerr[2400]+++ Sid[0]
[17:58:19:808]33146:[DBG]:IMG:Med Adjust Sensor Passed[0]
[17:58:19:824]33146:[DBG]:IMG:adjust sensor off[0]
[17:58:19:824]33146:[DBG]:IMG:Tsk_image Print Params Set[0]
[17:58:19:824]33146:[DBG]:IMG:Tab Get Thv2 Stage[4] Time:635
[17:58:19:839]33146:[DBG]:IMG:Tab Get Saw Stage[1] Time:710
[17:58:19:839]33146:[DBG]:PMNG:Sheet Params OK
[17:58:19:839]33178:[DBG]:CMD:[0x37]->[0x00]
[17:58:19:839]33180:[DBG]:CMD:[0x01]->[0x00]
[17:58:19:839]33182:[DBG]:CMD:[0x20]->[0x00]
[17:58:19:855]33192:[DBG]:PAP:CL Adjust [0] cnt[0]
[17:58:19:855]33192:[DBG]:CMD:[0x30]->[0x01]
[17:58:19:855]33194:[DBG]:CMD:[0x31]->[0x00]
[17:58:19:855]33196:[DBG]:CMD:[0x32]->[0x01]
[17:58:19:855]33198:[DBG]:CMD:[0x33]->[0x10]
[17:58:19:855]33246:[DBG]:FUS:Curl Sensor Status:1,1,5
[17:58:19:870]33246:[INT]:DEV:fuser Speed:18450 rpm, clkFrq:1383 hz
[17:58:19:870]33246:[INT]:Dev:fwd to fwd
[17:58:19:870]33258:[DBG]:Dev:[DCM] Fuser Motor Lock
[17:58:19:886]33292:[DBG]:IMG:Gap Timeout id[0x1][0], exchange_state:0
[17:58:19:886]33292:[DBG]:IMG:Med Gap OK:0x1
[17:58:19:886]33292:[DBG]:IMG:Gap Ready[1]
[17:58:19:902]33292:[DBG]:IMG:Imaging task :regist start 1 1 0 1 1 1 1
[17:58:19:902]33292:[DBG]:IMG:Imaging task :write start 1 1 0 1 1 0 1 1 
[17:58:19:902]33300:[DBG]:CMD:[0x37]->[0x00]
[17:58:19:917]33300:[DBG]:CMD:[0x01]->[0x00]
[17:58:19:917]33300:[DBG]:CMD:[0x20]->[0x00]
[17:58:19:917]33308:[DBG]:CMD:[0x30]->[0x01]
[17:58:19:917]33308:[DBG]:CMD:[0x31]->[0x00]
[17:58:19:933]33310:[DBG]:CMD:[0x32]->[0x01]
[17:58:19:933]33310:[DBG]:CMD:[0x33]->[0x10]
[17:58:19:933]33412:[DBG]:CMD:[0x37]->[0x00]
[17:58:19:933]33412:[DBG]:CMD:[0x01]->[0x00]
[17:58:19:948]33414:[DBG]:CMD:[0x20]->[0x00]
[17:58:19:948]33416:[DBG]:CMD:[0x30]->[0x01]
[17:58:19:948]33416:[DBG]:CMD:[0x31]->[0x00]
[17:58:19:948]33420:[DBG]:CMD:[0x32]->[0x01]
[17:58:19:948]33426:[DBG]:CMD:[0x33]->[0x10]
[17:58:19:948]33532:[DBG]:CMD:[0x37]->[0x00]
[17:58:19:948]33534:[DBG]:CMD:[0x01]->[0x00]
[17:58:19:964]33534:[DBG]:CMD:[0x20]->[0x00]
[17:58:19:964]33536:[DBG]:CMD:[0x30]->[0x01]
[17:58:19:964]33536:[DBG]:CMD:[0x31]->[0x00]
[17:58:19:964]33538:[DBG]:CMD:[0x32]->[0x01]
[17:58:19:964]33546:[DBG]:CMD:[0x33]->[0x10]
[17:58:19:980]33588:[INT]:PAP:Transfer enable common[1]
[17:58:19:980]33588:[DBG]:IMG:Trans Enable[1]
[17:58:19:980]33588:[DBG]:IMG:Imaging task :regist start 1 1 0 1 1 1 1
[17:58:20:027]33588:[DBG]:IMG:Imaging task :write start 1 1 0 1 1 1 1 1 
[17:58:20:027]33646:[DBG]:CMD:[0x37]->[0x00]
[17:58:20:027]33646:[DBG]:CMD:[0x01]->[0x00]
[17:58:20:042]33648:[DBG]:CMD:[0x20]->[0x00]
[17:58:20:042]33648:[DBG]:CMD:[0x30]->[0x01]
[17:58:20:042]33650:[DBG]:CMD:[0x31]->[0x00]
[17:58:20:042]33652:[DBG]:CMD:[0x32]->[0x01]
[17:58:20:058]33652:[DBG]:CMD:[0x33]->[0x10]
[17:58:20:058]33664:[DBG]:PAP:rv_st_pap_jam->sensor_id[1]
[17:58:20:058]33664:[DBG]:PAP:already pick times[2]
[17:58:20:058]33664:[DBG]:PMNG:CancelSheet:MISS PRINT
[17:58:20:058]33664:[DBG]:PMNG:MISS_PRINT sheet_id( 1 )--( FEED_UNABLE )
[17:58:20:073]33664:[DBG]:FUS:Process Cancel Message From PMNG
[17:58:20:073]33664:[DBG]:PMNG:Cancel Exec sheet_id = ( 1 )
[17:58:20:073]33664:[DBG]:PAP:Cancel start!! Sid[1]Wait[7]Rear[3]
[17:58:20:089]33664:[INT]:OPT1:Clutch OFF
[17:58:20:089]33664:[DBG]:PAP:CL Option1[0] cnt[0]
[17:58:20:089]33664:[INT]:OPT1:Motor off
[17:58:20:089]33664:[DBG]:PAP:MT off option1 cnt[0] spd[0]
[17:58:20:105]33664:[DBG]:IMG:Med Paper End[1]
[17:58:20:105]33664:[DBG]:IMG:Med Dplx Toner Supply Check Paper End Reduce[1]:2
[17:58:20:105]33664:[DBG]:IMG:Med Paper Exit[1]
[17:58:20:120]33664:[DBG]:IMG:Tsk Imaging Paper End Cancel
[17:58:20:120]33664:[DBG]:PMNG:Paper Finish( 1 )
[17:58:20:120]33664:[DBG]:IMG:Gap Imaging Gap Reset
[17:58:20:136]33664:[DBG]:IMG:Med Imaging Process Cancel:1,1
[17:58:20:136]33664:[DBG]:IMG:Med Imaging Print Finish[1]
[17:58:20:136]33664:[DBG]:PMNG:Sheet Complete( 1 )
[17:58:20:152]33664:[DBG]:PMNG:Check Remain Sheet:0 1 0 1 0
[17:58:20:152]33664:[DBG]:PMNG:Main Motor Status is 1
[17:58:20:152]33664:[DBG]:PMNG:Fuser Motor Status is 2
[17:58:20:167]33664:[DBG]:PMNG:Print Complete Judge 1 1 0 0
[17:58:20:167]33664:[DBG]:PMNG:Image Finish( 1 )
[17:58:20:167]33664:[DBG]:IMG:Med Imaging Complete[1]
[17:58:20:167]33664:[DBG]:PAP:##Paper complete!! Sid[1]
[17:58:20:167]33734:[DBG]:IMG:Comp Hv Abs Check Stop
[17:58:20:167]33754:[DBG]:CMD:[0x37]->[0x00]
[17:58:20:183]33754:[DBG]:CMD:[0x01]->[0x04]
[17:58:20:183]33760:[DBG]:CMD:[0xD8]->[0x04]
[17:58:20:183]33760:[DBG]:   :[0x01]->[0x02]
[17:58:20:183]33760:[DBG]:CMD:[0x0D]->[0x10]
[17:58:20:198]33762:[DBG]:CMD:[0x20]->[0x00]
[17:58:20:198]33762:[DBG]:CMD:[0x30]->[0x01]
[17:58:20:198]33764:[DBG]:CMD:[0x31]->[0x00]
[17:58:20:198]33764:[DBG]:CMD:[0x32]->[0x01]
[17:58:20:214]33766:[DBG]:CMD:[0x33]->[0x10]
[17:58:20:214]33776:[DBG]:FUS:Curl Sensor Status:1,0,6
[17:58:20:214]33776:[INT]:DEV:fuser Speed:18230 rpm, clkFrq:1367 hz
[17:58:20:245]33776:[INT]:Dev:fwd to fwd
[17:58:20:245]33782:[DBG]:IMG:Med Imaging Bias(Tail):0
[17:58:20:245]33782:[DBG]:IMG:CTR second trans tail
[17:58:20:245]33782:[DBG]:IMG:Comp Trans2 Level:2, Target:[350]
[17:58:20:245]33782:[DBG]:IMG:Tab Get Thv2 Stage[5] Time:0
[17:58:20:245]33784:[DBG]:IMG:Med Trans Bias Minus Cleaning On:0
[17:58:20:261]33784:[DBG]:IMG:Comp Trans2 Level:0, Target:[-220]
[17:58:20:261]33784:[DBG]:IMG:CTR second trans start clean:0x0
[17:58:20:261]33796:[DBG]:FUS:Curl Sensor Status:0,0,5
[17:58:20:277]33796:[INT]:DEV:fuser Speed:18230 rpm, clkFrq:1367 hz
[17:58:20:277]33796:[INT]:Dev:fwd to fwd
[17:58:20:277]33814:[DBG]:IMG:Med Paper Trans Pass:0
[17:58:20:292]33858:[DBG]:Dev:[DCM] Fuser Motor Lock
[17:58:20:292]33862:[DBG]:IMG:Med Saw Off Id[0]
[17:58:20:292]33862:[DBG]:IMG:Comp Saw Target:[0]
[17:58:20:308]33864:[DBG]:IMG:Med Finish Check[0] Feed[3] Exit[1]
[17:58:20:308]33864:[DBG]:IMG:Med Dplx Toner Supply Check Exit Reduce[0]:1
[17:58:20:323]33864:[DBG]:IMG:Med Judge[0x0][0xFF]
[17:58:20:323]33864:[DBG]:IMG:Channel Print Finish
[17:58:20:323]33864:[DBG]:TONER:TonerFillSpecialFlag[ImgGet,0].
[17:58:20:339]33864:[DBG]:IMG:Proc Print Post Process Start
[17:58:20:339]33864:[DBG]:IMG:Tab Get Charge[Y] Stage[4] Time:0
[17:58:20:339]33864:[DBG]:IMG:Tab Get Charge[K] Stage[4] Time:0
[17:58:20:355]33864:[DBG]:IMG:Tab Get Thv2 Stage[6] Time:490
[17:58:20:355]33864:[DBG]:IMG:Tab Get Thv2 Stage[7] Time:330
[17:58:20:355]33864:[DBG]:IMG:Tab Get Thv1 Stage[4] Time:0
[17:58:20:370]33866:[DBG]:IMG:Comp Trans1 Level:3, Target:[0]
[17:58:20:370]33866:[DBG]:IMG:Med Imaging Print Finish[0]
[17:58:20:386]33866:[DBG]:IMG:Tab Get Charge[Y] Stage[5] Time:0
[17:58:20:386]33866:[DBG]:IMG:Tab Get Charge[Y] Stage[5] Time:0
[17:58:20:386]33866:[DBG]:IMG:Tab Get Devlop[Y] Stage[4] Time:212
[17:58:20:401]33866:[DBG]:IMG:Tab Get Devlop[Y] Stage[5] Time:0
[17:58:20:401]33866:[DBG]:IMG:Tab Get Charge[K] Stage[5] Time:0
[17:58:20:401]33866:[DBG]:IMG:Tab Get Charge[K] Stage[5] Time:0
[17:58:20:401]33866:[DBG]:IMG:Tab Get Devlop[K] Stage[4] Time:212
[17:58:20:401]33866:[DBG]:IMG:Tab Get Devlop[K] Stage[5] Time:0
[17:58:20:417]33866:[DBG]:PMNG:Image Finish( 0 )
[17:58:20:417]33868:[DBG]:IMG:Comp Itb Req Set State:[0]
[17:58:20:433]33868:[DBG]:IMG:Tab Get Match Mhv_Off[C] (Old[-1258] + Bias[450] + Du[29]) = -779
[17:58:20:433]33868:[DBG]:IMG:Tab Get Match Mhv_Off[M] (Old[-1258] + Bias[450] + Du[29]) = -779
[17:58:20:464]33868:[DBG]:IMG:Tab Get Match Mhv_Off[Y] (Old[-1267] + Bias[450] + Du[29]) = -788
[17:58:20:464]33868:[DBG]:IMG:Comp MHV_C Level:4, Target:[-779]
[17:58:20:464]33868:[DBG]:IMG:Comp MHV_M Level:4, Target:[-779]
[17:58:20:464]33868:[DBG]:IMG:Comp MHV_Y Level:4, Target:[-788]
[17:58:20:464]33870:[DBG]:CMD:[0x37]->[0x00]
[17:58:20:495]33870:[DBG]:IMG:Tab Get Match Mhv_Off[K] (Old[-1286] + Bias[450] + Du[30]) = -806
[17:58:20:495]33870:[DBG]:IMG:Comp MHV_K Level:4, Target:[-806]
[17:58:20:511]33874:[DBG]:CMD:[0x01]->[0x04]
[17:58:20:511]33876:[DBG]:CMD:[0xD8]->[0x04]
[17:58:20:511]33876:[DBG]:   :[0x01]->[0x02]
[17:58:20:511]33880:[DBG]:CMD:[0x0D]->[0x10]
[17:58:20:511]33882:[DBG]:CMD:[0x20]->[0x00]
[17:58:20:511]33888:[DBG]:CMD:[0x30]->[0x01]
[17:58:20:511]33894:[DBG]:CMD:[0x31]->[0x00]
[17:58:20:511]33894:[DBG]:CMD:[0x32]->[0x01]
[17:58:20:526]33896:[DBG]:CMD:[0x33]->[0x10]
[17:58:20:526]33902:[DBG]:CMD:Clear Print Miss Status!
[17:58:20:526]33902:[DBG]:CMD:[0x70]->[0x00]
[17:58:20:542]33904:[DBG]:CMD:[0x53]->[0x00]
[17:58:20:542]33904:[DBG]:   :[0x4B]->[0x00]
[17:58:20:542]33904:[DBG]:   :[0x03]->[0x00]
[17:58:20:542]33920:[DBG]:CMD:[0x53]->[0x00]
[17:58:20:558]33920:[DBG]:   :[0x4A]->[0x00]
[17:58:20:558]33920:[DBG]:   :[0x03]->[0x00]
[17:58:20:558]33922:[DBG]:CMD:[0x53]->[0x00]
[17:58:20:558]33922:[DBG]:   :[0x42]->[0x00]
[17:58:20:573]33922:[DBG]:   :[0x03]->[0x00]
[17:58:20:573]33926:[DBG]:CMD:[0x54]->[0x00]
[17:58:20:573]33926:[DBG]:   :[0x1B]->[0x00]
[17:58:20:573]33930:[DBG]:CMD:[0x55]->[0x00]
[17:58:20:573]33930:[DBG]:   :[0x00]->[0x00]
[17:58:20:573]33930:[DBG]:   :[0x01]->[0x00]
[17:58:20:573]33932:[DBG]:CMD:[0x56]->[0x00]
[17:58:20:573]33932:[DBG]:   :[0x00]->[0x00]
[17:58:20:605]33932:[DBG]:   :[0x05]->[0x00]
[17:58:20:605]33932:[DBG]:CMD:[0x58]->[0x00]
[17:58:20:605]33932:[DBG]:   :[0x01]->[0x00]
[17:58:20:605]33932:[DBG]:CMD:[0x59]->[0x00]
[17:58:20:605]33934:[DBG]:FUS:Start Temp Hold Timeout!
[17:58:20:605]33934:[DBG]:   :[0x01]->[0x00]
[17:58:20:605]33934:[DBG]:CMD:[0x5A]->[0x00]
[17:58:20:605]33934:[DBG]:   :[0x00]->[0x00]
[17:58:20:636]33936:[DBG]:CMD:[0x5B]->[0x00]
[17:58:20:636]33936:[DBG]:   :[0x00]->[0x00]
[17:58:20:636]33936:[DBG]:CMD:[0x5C]->[0x00]
[17:58:20:636]33936:[DBG]:   :[0x00]->[0x00]
[17:58:20:636]33938:[DBG]:CMD:[0x5E]->[0x00]
[17:58:20:636]33938:[DBG]:   :[0x02]->[0x00]
[17:58:20:636]33940:[DBG]:CMD:[0x65]->[0x00]
[17:58:20:636]33940:[DBG]:   :[0x02]->[0x00]
[17:58:20:651]33940:[DBG]:PMNG:Sheet Execute Start( 1 )
[17:58:20:651]33940:[DBG]:PMNG:------ Sheet Data ------
[17:58:20:651]33940:[DBG]:id:1 speed:0 ftray:2 etray:0 otray:3 
[17:58:20:667]33940:[DBG]:silent_print:0 density:2 job_color:1 ctlsheetid:2 
[17:58:20:667]33940:[DBG]:PMNG:------ Paper Data ------
[17:58:20:667]33940:[DBG]:direction:0 code:5 length:2100 width:2970 kind:0 thick:1 s_error:1 
[17:58:20:683]33940:[DBG]:PMNG:Request fuser Start( 1 )
[17:58:20:698]33940:[DBG]:PMNG:Request Image Start( 1 )
[17:58:20:698]33940:[DBG]:PMNG:Request Paper Start( 1 )
[17:58:20:698]33940:[DBG]:FUS:Proc(1) Added To Fuser Process Queue
[17:58:20:698]33940:[DBG]:IMG:Med Print Start[1]
[17:58:20:698]33940:[DBG]:IMG:Med Add Sheet[1]
[17:58:20:698]33940:[DBG]:IMG:Med Imaging start f[2] e[0]
[17:58:20:714]33940:[DBG]:IMG:Med Set All Lsu Parameter
[17:58:20:714]33940:[DBG]:SYS:Crt Task Handle[10]:8E24434
[17:58:20:714]33940:[DBG]:PAP:##Paper start!! Sid[1]
[17:58:20:730]33940:[DBG]:PMNG:Fuser Feed Enable( 1 )
[17:58:20:730]33940:[DBG]:PMNG:Fuser Print Enable( 1 )
[17:58:20:730]33940:[DBG]:IMG:Tsk_img Write Param Set ID:1
[17:58:20:745]33940:[DBG]:LSU:Imaging Param Start
[17:58:20:745]33940:[DBG]:LSU:Imaging Param End
[17:58:20:745]33940:[DBG]:IMG:LSU Param OK[1]
[17:58:20:761]33940:[DBG]:IMG:Imaging task :regist start 1 0 0 1 1 1 0
[17:58:20:761]33940:[DBG]:IMG:Imaging task :write start 1 0 0 1 1 0 0 0 
[17:58:20:761]33940:[DBG]:PAP:sheet_id[1],tsk_id[10] start
[17:58:20:761]33940:[DBG]:PAP:feed rv_sheet_id[1]
[17:58:20:761]33940:[DBG]:IMG:Med Feed Ok
[17:58:20:761]33940:[DBG]:IMG:Channel Info Paper Feed
[17:58:20:776]33940:[DBG]:IMG:Med Fuser Ok Sheet[1]
[17:58:20:776]33942:[DBG]:PAP:duplex transfer check g_cnt = 0 at_ptn = 2 tid = 10
[17:58:20:792]33942:[DBG]:PAP:eEVTFLG_PAPER_TRANSFER_DUPLEX wait status = 2
[17:58:20:792]33942:[DBG]:IMG:Channel Info Fuser OK
[17:58:20:792]33942:[DBG]:IMG:Fuser OK[1]
[17:58:20:808]33942:[DBG]:IMG:Imaging task :regist start 1 0 0 1 1 1 1
[17:58:20:808]33942:[DBG]:IMG:Imaging task :write start 1 0 0 1 1 0 1 0 
[17:58:20:808]33996:[DBG]:CMD:[0x37]->[0x00]
[17:58:20:823]33998:[DBG]:CMD:[0x01]->[0x00]
[17:58:20:823]33998:[DBG]:CMD:[0x20]->[0x00]
[17:58:20:823]34000:[DBG]:CMD:[0x30]->[0x01]
[17:58:20:823]34002:[DBG]:CMD:[0x31]->[0x00]
[17:58:20:839]34002:[DBG]:CMD:[0x32]->[0x01]
[17:58:20:839]34004:[DBG]:CMD:[0x33]->[0x10]
[17:58:20:839]34080:[DBG]:IMG:Comp Dev_C Level:3, Target:[0]
[17:58:20:855]34080:[DBG]:IMG:Comp Dev_M Level:3, Target:[0]
[17:58:20:855]34080:[DBG]:IMG:Comp Dev_Y Level:3, Target:[0]
[17:58:20:855]34084:[DBG]:IMG:Comp Dev_K Level:3, Target:[0]
[17:58:20:855]34106:[DBG]:CMD:[0x37]->[0x00]
[17:58:20:855]34106:[DBG]:CMD:[0x01]->[0x00]
[17:58:20:855]34106:[DBG]:CMD:[0x20]->[0x00]
[17:58:20:855]34108:[DBG]:CMD:[0x30]->[0x01]
[17:58:20:870]34108:[DBG]:CMD:[0x31]->[0x00]
[17:58:20:870]34110:[DBG]:CMD:[0x32]->[0x01]
[17:58:20:870]34118:[DBG]:CMD:[0x33]->[0x10]
[17:58:20:870]34220:[DBG]:CMD:[0x37]->[0x00]
[17:58:20:886]34222:[DBG]:CMD:[0x01]->[0x00]
[17:58:20:886]34222:[DBG]:CMD:[0x20]->[0x00]
[17:58:20:886]34224:[DBG]:CMD:[0x30]->[0x01]
[17:58:20:886]34224:[DBG]:CMD:[0x31]->[0x00]
[17:58:20:901]34226:[DBG]:CMD:[0x32]->[0x01]
[17:58:20:901]34226:[DBG]:CMD:[0x33]->[0x10]
[17:58:20:901]34254:[DBG]:IMG:Comp Itb State Set[0] Complete
[17:58:20:901]34328:[DBG]:CMD:[0x37]->[0x00]
[17:58:20:917]34328:[DBG]:CMD:[0x01]->[0x00]
[17:58:20:917]34330:[DBG]:CMD:[0x20]->[0x00]
[17:58:20:917]34330:[DBG]:CMD:[0x30]->[0x01]
[17:58:20:917]34332:[DBG]:CMD:[0x31]->[0x00]
[17:58:20:933]34334:[DBG]:CMD:[0x32]->[0x01]
[17:58:20:933]34334:[DBG]:CMD:[0x33]->[0x10]
[17:58:20:933]34356:[DBG]:IMG:Comp Trans2 Level:0, Target:[-220]
[17:58:20:933]34414:[DBG]:PAP:Fuser pass, Sid[0]
[17:58:20:933]34414:[DBG]:FUS:Note Of Fuser Pass!! Sheet_Id(0) Sheet_Num(1) Pages_Cnt(1)
[17:58:20:948]34414:[DBG]:FUS:C_Temp = 191 R_Temp = 171 F_Temp = 171 Tar_Temp = 193
[17:58:20:948]34436:[DBG]:CMD:[0x37]->[0x00]
[17:58:20:948]34436:[DBG]:CMD:[0x01]->[0x00]
[17:58:20:948]34438:[DBG]:CMD:[0x20]->[0x00]
[17:58:20:964]34438:[DBG]:CMD:[0x30]->[0x01]
[17:58:20:964]34440:[DBG]:CMD:[0x31]->[0x00]
[17:58:20:964]34440:[DBG]:CMD:[0x32]->[0x01]
[17:58:20:964]34442:[DBG]:CMD:[0x33]->[0x10]
[17:58:20:979]34544:[DBG]:CMD:[0x37]->[0x00]
[17:58:20:979]34544:[DBG]:CMD:[0x01]->[0x00]
[17:58:20:979]34544:[DBG]:CMD:[0x20]->[0x00]
[17:58:20:979]34546:[DBG]:CMD:[0x30]->[0x01]
[17:58:21:011]34546:[DBG]:CMD:[0x31]->[0x00]
[17:58:21:011]34548:[DBG]:CMD:[0x32]->[0x01]
[17:58:21:011]34550:[DBG]:CMD:[0x33]->[0x10]
[17:58:21:011]34650:[DBG]:CMD:[0x37]->[0x00]
[17:58:21:042]34652:[DBG]:CMD:[0x01]->[0x00]
[17:58:21:042]34652:[DBG]:CMD:[0x20]->[0x00]
[17:58:21:042]34654:[DBG]:CMD:[0x30]->[0x01]
[17:58:21:042]34654:[DBG]:CMD:[0x31]->[0x00]
[17:58:21:073]34656:[DBG]:CMD:[0x32]->[0x01]
[17:58:21:073]34662:[DBG]:CMD:[0x33]->[0x10]
[17:58:21:073]34686:[DBG]:IMG:Comp Trans2 Level:8, Target:[0]
[17:58:21:136]34688:[DBG]:IMG:Comp Main Motor YMC Req Stop By Phase
[17:58:21:136]34692:[DBG]:IMG:Comp Main Motor K Req Stop By Phase
[17:58:21:136]34764:[DBG]:CMD:[0x37]->[0x00]
[17:58:21:167]34764:[DBG]:CMD:[0x01]->[0x00]
[17:58:21:167]34764:[DBG]:CMD:[0x20]->[0x00]
[17:58:21:167]34768:[DBG]:CMD:[0x30]->[0x01]
[17:58:21:167]34768:[DBG]:CMD:[0x31]->[0x00]
[17:58:21:229]34770:[DBG]:CMD:[0x32]->[0x01]
[17:58:21:229]34772:[DBG]:CMD:[0x33]->[0x10]
[17:58:21:229]34846:[DBG]:PAP:Sn[5] Value[1]
[17:58:21:229]34846:[DBG]:PAP:SN Ext off
[17:58:21:245]34846:[DBG]:PAP:exit start judge size, Sid[0]
[17:58:21:245]34846:[DBG]:PAP:exit_length[2232],Serr[1300], Sid[0]
[17:58:21:261]34848:[DBG]:FUS:Proc(0) Exit Sensor Off!! C_Temp = 191 R_Temp = 172 F_Temp = 171
[17:58:21:261]34848:[DBG]:FUS:Exit Pap Gap(0) = 3099!
[17:58:21:292]34848:[DBG]:FUS:NormalSpeed/Normal1/L_Width(2970 mm)/Duplex/PagesStep_2(4,2,2,0)
[17:58:21:292]34848:[DBG]:FUS:Env_Offset_Temp = -12 Hot_Print_Offset_Temp = 0 Pages_Offset_Temp = 0
[17:58:21:308]34848:[DBG]:FUS:Proc(1) Gap_Temp = 178 ( Base_Temp = 202 Offset_Temp = -12 Gap_Offset = 12)
[17:58:21:339]34848:[DBG]:FUS:Pap Gap Temp Hold Time = 1692!
[17:58:21:339]34866:[DBG]:DEV:Phase Sen[0] Rec State:0
[17:58:21:339]34866:[DBG]:IMG:Comp Phase Sen k Step Complete
[17:58:21:354]34868:[DBG]:IMG:Tab Get Motor Stage[7] Time:360
[17:58:21:354]34868:[DBG]:IMG:Tab Get Motor Stage[6] Time:421
[17:58:21:370]34868:[DBG]:IMG:Comp Phase Motor[0] Phase Stop Delay:781ms
[17:58:21:370]34868:[DBG]:DEV:Phase Sen:0 State Reset:255
[17:58:21:370]34868:[DBG]:IMG:Comp Phase Stop Reset:0
[17:58:21:370]34872:[DBG]:CMD:[0x37]->[0x00]
[17:58:21:386]34874:[DBG]:CMD:[0x01]->[0x00]
[17:58:21:386]34874:[DBG]:CMD:[0x20]->[0x00]
[17:58:21:386]34876:[DBG]:CMD:[0x30]->[0x01]
[17:58:21:386]34878:[DBG]:CMD:[0x31]->[0x00]
[17:58:21:401]34878:[DBG]:CMD:[0x32]->[0x01]
[17:58:21:401]34880:[DBG]:CMD:[0x33]->[0x10]
[17:58:21:401]34980:[DBG]:CMD:[0x37]->[0x00]
[17:58:21:401]34982:[DBG]:CMD:[0x01]->[0x00]
[17:58:21:433]34982:[DBG]:CMD:[0x20]->[0x00]
[17:58:21:433]34984:[DBG]:CMD:[0x30]->[0x01]
[17:58:21:433]34984:[DBG]:CMD:[0x31]->[0x00]
[17:58:21:433]34986:[DBG]:CMD:[0x32]->[0x01]
[17:58:21:464]34994:[DBG]:CMD:[0x33]->[0x10]
[17:58:21:479]35098:[DBG]:CMD:[0x37]->[0x00]
[17:58:21:479]35098:[DBG]:CMD:[0x01]->[0x00]
[17:58:21:479]35100:[DBG]:CMD:[0x20]->[0x00]
[17:58:21:479]35100:[DBG]:CMD:[0x30]->[0x01]
[17:58:21:526]35102:[DBG]:CMD:[0x31]->[0x00]
[17:58:21:526]35102:[DBG]:CMD:[0x32]->[0x01]
[17:58:21:526]35104:[DBG]:CMD:[0x33]->[0x10]
[17:58:21:557]35180:[DBG]:DEV:Phase Sen[1] Rec State:0
[17:58:21:557]35182:[DBG]:IMG:Comp Phase Sen YMC Step Complete
[17:58:21:573]35182:[DBG]:IMG:Tab Get Motor Stage[7] Time:360
[17:58:21:573]35182:[DBG]:IMG:Tab Get Motor Stage[5] Time:0
[17:58:21:573]35182:[DBG]:IMG:Comp Phase Motor[1] Phase Stop Delay:360ms
[17:58:21:589]35182:[DBG]:DEV:Phase Sen:1 State Reset:255
[17:58:21:589]35182:[DBG]:IMG:Comp Phase Stop Reset:1
[17:58:21:589]35206:[DBG]:CMD:[0x37]->[0x00]
[17:58:21:604]35206:[DBG]:CMD:[0x01]->[0x00]
[17:58:21:604]35208:[DBG]:CMD:[0x20]->[0x00]
[17:58:21:604]35208:[DBG]:CMD:[0x30]->[0x01]
[17:58:21:604]35210:[DBG]:CMD:[0x31]->[0x00]
[17:58:21:636]35210:[DBG]:CMD:[0x32]->[0x01]
[17:58:21:636]35212:[DBG]:CMD:[0x33]->[0x10]
[17:58:21:636]35254:[DBG]:PAP:s_pap_mt_waiting_exit[0], at_setting_flgptn[1]
[17:58:21:667]35254:[INT]:DEV:Exit clock Off
[17:58:21:667]35254:[DBG]:PAP:MT Exit Off cnt[0] spd[3]
[17:58:21:667]35256:[INT]:PAP:eTIMER_PAP_MT_HOLD_OFF_EXIT
[17:58:21:698]35312:[INT]:PAP:BIT_PAP_EXIT_MT_FINISH ok
[17:58:21:698]35314:[DBG]:PAP:s_pap_mt_waiting_exit[2], at_setting_flgptn[1]
[17:58:21:714]35314:[DBG]:DEV:voltage:990mv, pwm duty:3000
[17:58:21:714]35314:[DBG]:DEV:data_buff 0x12
[17:58:21:714]35314:[DBG]:PAP:MT Exit Rvs On cnt[1] spd[0]
[17:58:21:714]35314:[DBG]:PAP:Duplex CL start reach, Sid[0]
[17:58:21:714]35314:[DBG]:PAP:CL Duplex [1] cnt[1]
[17:58:21:714]35314:[DBG]:CMD:[0x37]->[0x00]
[17:58:21:729]35314:[DBG]:PAP:Reverse start, Sid[0]
[17:58:21:729]35314:[DBG]:PAP:Duplex sensor, mask[0],jam[2768]
[17:58:21:729]35314:[DBG]:CMD:[0x01]->[0x00]
[17:58:21:729]35318:[DBG]:CMD:[0x20]->[0x00]
[17:58:21:745]35320:[DBG]:CMD:[0x30]->[0x01]
[17:58:21:745]35322:[DBG]:CMD:[0x31]->[0x00]
[17:58:21:745]35322:[DBG]:CMD:[0x32]->[0x01]
[17:58:21:745]35324:[DBG]:PAP:Unmask SN Dplx on
[17:58:21:792]35324:[DBG]:CMD:[0x33]->[0x10]
[17:58:21:792]35346:[INT]:DEV:Exit RVS Speed nomal
[17:58:21:792]35382:[INT]:DEV:ExitMotor nomal step = 51
[17:58:21:807]35424:[DBG]:CMD:[0x37]->[0x00]
[17:58:21:807]35426:[DBG]:CMD:[0x01]->[0x00]
[17:58:21:807]35426:[DBG]:CMD:[0x20]->[0x00]
[17:58:21:807]35428:[DBG]:CMD:[0x30]->[0x01]
[17:58:21:839]35428:[DBG]:CMD:[0x31]->[0x00]
[17:58:21:839]35430:[DBG]:CMD:[0x32]->[0x01]
[17:58:21:839]35432:[DBG]:CMD:[0x33]->[0x10]
[17:58:21:933]35532:[DBG]:CMD:[0x37]->[0x00]
[17:58:21:933]35532:[DBG]:CMD:[0x01]->[0x00]
[17:58:21:933]35540:[DBG]:CMD:[0x20]->[0x00]
[17:58:21:948]35540:[DBG]:CMD:[0x30]->[0x01]
[17:58:21:948]35542:[DBG]:CMD:[0x31]->[0x00]
[17:58:21:948]35542:[DBG]:CMD:[0x32]->[0x01]
[17:58:21:948]35544:[DBG]:IMG:Comp Main Motor YMC Stop
[17:58:21:948]35544:[INT]:DEV:Ymc stop at speed 22060
[17:58:21:948]35544:[INT]:DEV:YMC motor req stop
[17:58:21:948]35544:[DBG]:CMD:[0x33]->[0x10]
[17:58:21:964]35546:[DBG]:STS:YMC under 60s:g_st_main_time_counter_fc = 950
[17:58:21:964]35546:[DBG]:STS:opc_ymc drive total length = 950
[17:58:21:979]35546:[DBG]:SSC:Interface[6] set opc [7616465]->[7617415]
[17:58:21:979]35546:[DBG]:SSC:Interface[6] set carrier [7616465]->[7617415]
[17:58:21:979]35548:[DBG]:SSC:Info flag = 0x00000001.
[17:58:21:995]35548:[DBG]:SSC:Interface[6] Opc Used Page [9677]->[9679]
[17:58:21:995]35548:[DBG]:SSC:Info to EC MP[27] --> [838]
[17:58:21:995]35548:[DBG]:setmp=125,84
[17:58:22:010]35548:[DBG]:SSC:Info to EC MP[31] --> [9679]
[17:58:22:010]35548:[DBG]:setmp=133,9679
[17:58:22:010]35548:[DBG]:SSC:Interface[5] set opc [7457700]->[7458650]
[17:58:22:042]35550:[DBG]:SSC:Interface[5] set carrier [7457700]->[7458650]
[17:58:22:042]35552:[DBG]:SSC:Info flag = 0x00000001.
[17:58:22:057]35552:[DBG]:SSC:Interface[5] Opc Used Page [9476]->[9477]
[17:58:22:057]35552:[DBG]:SSC:Info to EC MP[26] --> [842]
[17:58:22:057]35552:[DBG]:setmp=124,84
[17:58:22:057]35552:[DBG]:SSC:Info to EC MP[30] --> [9477]
[17:58:22:057]35552:[DBG]:setmp=132,9477
[17:58:22:057]35552:[DBG]:SSC:Interface[4] set opc [7616865]->[7617815]
[17:58:22:073]35552:[DBG]:SSC:Interface[4] set carrier [7616865]->[7617815]
[17:58:22:073]35554:[DBG]:SSC:Info flag = 0x00000001.
[17:58:22:089]35556:[DBG]:SSC:Interface[4] Opc Used Page [9678]->[9679]
[17:58:22:089]35556:[DBG]:SSC:Info to EC MP[25] --> [838]
[17:58:22:089]35556:[DBG]:setmp=123,84
[17:58:22:104]35556:[DBG]:SSC:Info to EC MP[29] --> [9679]
[17:58:22:104]35556:[DBG]:setmp=131,9679
[17:58:22:104]35556:[DBG]:STS:PageNum-Y = 1
[17:58:22:104]35556:[DBG]:SSC:Interface[6] [5] jobs [374]->[375]
[17:58:22:120]35560:[DBG]:SSC:Info flag = 0x00000001.
[17:58:22:120]35560:[DBG]:STS:PageNum-M = 1
[17:58:22:120]35560:[DBG]:SSC:Interface[5] [5] jobs [366]->[367]
[17:58:22:135]35562:[DBG]:SSC:Info flag = 0x00000001.
[17:58:22:135]35562:[DBG]:STS:PageNum-C = 1
[17:58:22:135]35562:[DBG]:SSC:Interface[4] [5] jobs [373]->[374]
[17:58:22:151]35564:[DBG]:SSC:Info flag = 0x00000001.
[17:58:22:151]35626:[DBG]:IMG:Comp Receive Motor_CMY Off From Device
[17:58:22:151]35626:[DBG]:IMG:Comp MHV_C Level:5, Target:[0]
[17:58:22:167]35626:[DBG]:IMG:Comp MHV_M Level:5, Target:[0]
[17:58:22:167]35626:[DBG]:IMG:Comp MHV_Y Level:5, Target:[0]
[17:58:22:167]35628:[DBG]:IMG:Comp Erase Check Stop
[17:58:22:182]35628:[DBG]:IMG:Comp Erase Lamp CMY Target:[0]
[17:58:22:182]35628:[DBG]:setmp=315,-385820695
[17:58:22:182]35646:[DBG]:CMD:[0x37]->[0x00]
[17:58:22:198]35646:[DBG]:CMD:[0x01]->[0x00]
[17:58:22:198]35646:[DBG]:CMD:[0x20]->[0x00]
[17:58:22:198]35648:[DBG]:CMD:[0x30]->[0x01]
[17:58:22:198]35648:[DBG]:CMD:[0x31]->[0x00]
[17:58:22:214]35650:[DBG]:IMG:Comp Main Motor K Stop
[17:58:22:214]35650:[INT]:Dev:K stop at speed 22060
[17:58:22:214]35650:[INT]:DEV:K motor req stop
[17:58:22:229]35650:[DBG]:CMD:[0x32]->[0x01]
[17:58:22:229]35652:[DBG]:CMD:[0x33]->[0x10]
[17:58:22:229]35656:[DBG]:STS:K under 60s:g_st_main_time_counter_bk = 951
[17:58:22:245]35656:[DBG]:STS:opc_k drive total length = 951
[17:58:22:245]35656:[DBG]:SSC:Interface[7] set opc [4008931]->[4009882]
[17:58:22:260]35656:[DBG]:SSC:Interface[7] set carrier [4008931]->[4009882]
[17:58:22:260]35662:[DBG]:SSC:Info flag = 0x00000001.
[17:58:22:260]35662:[DBG]:SSC:Interface[7] Opc Used Page [5093]->[5095]
[17:58:22:276]35662:[DBG]:SSC:Info to EC MP[28] --> [915]
[17:58:22:276]35662:[DBG]:setmp=122,92
[17:58:22:276]35662:[DBG]:SSC:Info to EC MP[32] --> [5095]
[17:58:22:276]35662:[DBG]:setmp=130,5095
[17:58:22:292]35662:[DBG]:STS:PageNum-K = 1
[17:58:22:292]35664:[DBG]:SSC:Interface[7] [5] jobs [83]->[84]
[17:58:22:292]35664:[DBG]:SSC:Info flag = 0x00000001.
[17:58:22:307]35664:[DBG]:SSC:[pt-tern][sscSetPageNumInOneTsk] save_patent_696_data
[17:58:22:307]35732:[DBG]:IMG:Comp Receive Motor_K Off From Device
[17:58:22:323]35732:[DBG]:IMG:Comp MHV_K Level:5, Target:[0]
[17:58:22:323]35732:[DBG]:IMG:Comp Erase Check Stop
[17:58:22:323]35732:[DBG]:IMG:Comp Erase Lamp K Target:[0]
[17:58:22:339]35732:[DBG]:LSU:Ld Off
[17:58:22:339]35732:[DBG]:TONER:Log Data 0x2003
[17:58:22:339]35732:[DBG]:IMG:Channel Print Change PreProcess[0x1]
[17:58:22:339]35732:[DBG]:IMG:Channel Print Check Point 1 
[17:58:22:339]35732:[DBG]:IMG:Comp Polygon Lock Wait
[17:58:22:339]35732:[DBG]:IMG:Comp Polygon Lock
[17:58:22:354]35732:[DBG]:IMG:---------- Ld[K] Power Get Start ----------
[17:58:22:354]35732:[DBG]:IMG:Tab Get Match Dev_dc[K] Dup:50 (Value[-320] + OS[-1]) = -321
[17:58:22:370]35732:[DBG]:IMG:Tab Get Dmax Charge&Dev[K] Cor Target:-120V
[17:58:22:370]35732:[DBG]:IMG:Tab Dev[K] Work Value Update st:-321, value:-441
[17:58:22:385]35732:[DBG]:IMG:Tab Get Ld[K] Cor Target:-300
[17:58:22:385]35732:[DBG]:IMG:Tab Get Ld[K] Power Value[1800] + cor[-300] = 1500
[17:58:22:401]35732:[DBG]:IMG:----------- Ld[K] Power Get End -----------
[17:58:22:401]35732:[DBG]:IMG:---------- Ld[Y] Power Get Start ----------
[17:58:22:417]35732:[DBG]:IMG:Tab Get Match Dev_dc[Y] Dup:96 (Value[-320] + OS[-1]) = -321
[17:58:22:417]35732:[DBG]:IMG:Tab Get Dmax Charge&Dev[Y] Cor Target:-120V
[17:58:22:432]35732:[DBG]:IMG:Tab Dev[Y] Work Value Update st:-321, value:-441
[17:58:22:432]35732:[DBG]:IMG:Tab Get Ld[Y] Cor Target:-300
[17:58:22:448]35732:[DBG]:IMG:Tab Get Ld[Y] Power Value[1800] + cor[-300] = 1500
[17:58:22:448]35732:[DBG]:IMG:----------- Ld[Y] Power Get End -----------
[17:58:22:464]35732:[DBG]:IMG:---------- Ld[M] Power Get Start ----------
[17:58:22:464]35732:[DBG]:IMG:Tab Get Match Dev_dc[M] Dup:94 (Value[-320] + OS[-1]) = -321
[17:58:22:479]35732:[DBG]:IMG:Tab Get Dmax Charge&Dev[M] Cor Target:120V
[17:58:22:479]35732:[DBG]:IMG:Tab Dev[M] Work Value Update st:-321, value:-201
[17:58:22:495]35732:[DBG]:IMG:Tab Get Ld[M] Cor Target:198
[17:58:22:495]35734:[DBG]:IMG:Tab Get Ld[M] Power Value[1100] + cor[198] = 1298
[17:58:22:510]35734:[DBG]:IMG:----------- Ld[M] Power Get End -----------
[17:58:22:510]35734:[DBG]:IMG:---------- Ld[C] Power Get Start ----------
[17:58:22:526]35734:[DBG]:IMG:Tab Get Match Dev_dc[C] Dup:96 (Value[-320] + OS[-1]) = -321
[17:58:22:526]35734:[DBG]:IMG:Tab Get Dmax Charge&Dev[C] Cor Target:59V
[17:58:22:542]35734:[DBG]:IMG:Tab Dev[C] Work Value Update st:-321, value:-262
[17:58:22:542]35734:[DBG]:IMG:Tab Get Ld[C] Cor Target:300
[17:58:22:557]35734:[DBG]:IMG:Tab Get Ld[C] Power Value[1300] + cor[300] = 1600
[17:58:22:557]35734:[DBG]:IMG:----------- Ld[C] Power Get End -----------
[17:58:22:557]35734:[DBG]:LSU:LD Preset End
[17:58:22:573]35734:[DBG]:LSU:Lsu Dac Power Set Channel Y = 1500mv
[17:58:22:573]35734:[DBG]:LSU:Lsu Dac Power Set Channel C = 1600mv
[17:58:22:588]35734:[DBG]:LSU:Lsu Dac Power Set Channel M = 1298mv
[17:58:22:588]35734:[DBG]:LSU:Lsu Dac Power Set Channel K = 1500mv
[17:58:22:588]35734:[DBG]:LSU:Ld Drive Start
[17:58:22:604]35734:[DBG]:IMG:Proc Print Fuser OK
[17:58:22:604]35734:[DBG]:setmp=310,380
[17:58:22:604]35734:[DBG]:IMG:Reg[310] Set Motor Speed[0] Stage[7] Time:380ms Set
[17:58:22:620]35734:[DBG]:IMG:Comp Notify STS Stop
[17:58:22:620]35734:[DBG]:setmp=314,-385820695
[17:58:22:620]35740:[DBG]:LSU:Ld On Seq 1
[17:58:22:620]35750:[DBG]:LSU:Ld On Seq 2
[17:58:22:635]35754:[DBG]:CMD:[0x37]->[0x00]
[17:58:22:635]35754:[DBG]:CMD:[0x01]->[0x00]
[17:58:22:635]35756:[DBG]:CMD:[0x20]->[0x00]
[17:58:22:635]35756:[DBG]:CMD:[0x30]->[0x01]
[17:58:22:635]35760:[DBG]:CMD:[0x31]->[0x00]
[17:58:22:635]35760:[DBG]:LSU:Ld On Seq 3
[17:58:22:635]35760:[DBG]:CMD:[0x32]->[0x01]
[17:58:22:635]35760:[DBG]:CMD:[0x33]->[0x10]
[17:58:22:635]35780:[INT]:LSU:Ld Sync Ok
[17:58:22:651]35780:[DBG]:IMG:Comp Tsk_ctrl Ld Sync
[17:58:22:651]35780:[DBG]:IMG:Proc Ld Sync On
[17:58:22:651]35780:[DBG]:IMG:Tab Get Motor Stage[0] Time:100
[17:58:22:667]35780:[DBG]:IMG:Comp Erase Check Stop
[17:58:22:667]35780:[DBG]:IMG:Comp Erase Lamp CMY Target:[200]
[17:58:22:682]35780:[DBG]:IMG:Reg Main Motor[1] Stop Time:[0]ms.
[17:58:22:682]35780:[DBG]:IMG:Comp Main MotorYMC[1],Speed:[0]
[17:58:22:682]35780:[INT]:DEV:Speed:22060 rpm, clkFrq:1654
[17:58:22:698]35780:[INT]:DEV:YMC stop to fwd
[17:58:22:698]35780:[DBG]:DEV:Print Start Note For Fan
[17:58:22:698]35780:[DBG]:IMG:Tab Get Charge[Y] Stage[0] Time:30
[17:58:22:713]35780:[DBG]:IMG:Tab Get Devlop[Y] Stage[0] Time:175
[17:58:22:713]35782:[DBG]:IMG:Comp MHV_C Level:0, Target:[-150]
[17:58:22:713]35782:[DBG]:IMG:Comp MHV_M Level:0, Target:[-150]
[17:58:22:729]35782:[DBG]:IMG:Comp MHV_Y Level:0, Target:[-150]
[17:58:22:729]35812:[DBG]:IMG:---------- Mhv[C] Work Value Get Start ----------
[17:58:22:745]35812:[DBG]:IMG:Tab T:29, H:55, Env:7
[17:58:22:745]35812:[DBG]:IMG:Tab Color:[C], CarrierPage:9679, OpcPage:1
[17:58:22:760]35812:[DBG]:IMG:Tab Get Dmax Charge&Dev[C] Cor Target:59V
[17:58:22:760]35812:[DBG]:IMG:Tab Dev_dc[C] Work (Value[-321] + Dmax[59]) = -262
[17:58:22:760]35812:[DBG]:IMG:Tab Get Match Mhv_C (Bias[450] + Dev_dc[-262] + Old[-1258] + Du[29] + Os[-1]) = -1042
[17:58:22:760]35812:[DBG]:IMG:----------- Mhv[C] Work Value Get End -----------
[17:58:22:792]35812:[DBG]:IMG:Tab Get Mhv Scvm Adjust[C] Target:0V
[17:58:22:792]35812:[DBG]:IMG:---------- Mhv[M] Work Value Get Start ----------
[17:58:22:807]35812:[DBG]:IMG:Tab T:29, H:55, Env:7
[17:58:22:807]35812:[DBG]:IMG:Tab Color:[M], CarrierPage:9477, OpcPage:1
[17:58:22:807]35812:[DBG]:IMG:Tab Get Dmax Charge&Dev[M] Cor Target:120V
[17:58:22:807]35812:[DBG]:IMG:Tab Dev_dc[M] Work (Value[-321] + Dmax[120]) = -201
[17:58:22:823]35812:[DBG]:IMG:Tab Get Match Mhv_M (Bias[450] + Dev_dc[-201] + Old[-1258] + Du[29] + Os[-1]) = -981
[17:58:22:823]35812:[DBG]:IMG:----------- Mhv[M] Work Value Get End -----------
[17:58:22:838]35812:[DBG]:IMG:Tab Get Mhv Scvm Adjust[M] Target:0V
[17:58:22:838]35812:[DBG]:IMG:---------- Mhv[Y] Work Value Get Start ----------
[17:58:22:854]35812:[DBG]:IMG:Tab T:29, H:55, Env:7
[17:58:22:854]35812:[DBG]:IMG:Tab Color:[Y], CarrierPage:9679, OpcPage:1
[17:58:22:870]35812:[DBG]:IMG:Tab Get Dmax Charge&Dev[Y] Cor Target:-120V
[17:58:22:870]35812:[DBG]:IMG:Tab Dev_dc[Y] Work (Value[-321] + Dmax[-120]) = -441
[17:58:22:885]35812:[DBG]:IMG:Tab Get Match Mhv_Y (Bias[450] + Dev_dc[-441] + Old[-1267] + Du[29] + Os[-1]) = -1230
[17:58:22:901]35812:[DBG]:IMG:----------- Mhv[Y] Work Value Get End -----------
[17:58:22:901]35812:[DBG]:IMG:Tab Get Mhv Scvm Adjust[Y] Target:0V
[17:58:22:901]35812:[DBG]:IMG:Comp MHV_C Level:2, Target:[-1042]
[17:58:22:917]35812:[DBG]:IMG:Comp MHV_M Level:2, Target:[-981]
[17:58:22:917]35812:[DBG]:IMG:Comp MHV_Y Level:2, Target:[-1230]
[17:58:22:917]35848:[DBG]:IMG:Comp CMY Charge Step On Finish
[17:58:22:917]35848:[DBG]:IMG:Tab Get Devlop[Y] Stage[1] Time:170
[17:58:22:917]35848:[DBG]:IMG:---------- Mhv[C] Work Value Get Start ----------
[17:58:22:932]35848:[DBG]:IMG:Tab T:29, H:55, Env:7
[17:58:22:932]35848:[DBG]:IMG:Tab Color:[C], CarrierPage:9679, OpcPage:1
[17:58:22:948]35848:[DBG]:IMG:Tab Get Dmax Charge&Dev[C] Cor Target:59V
[17:58:22:948]35848:[DBG]:IMG:Tab Dev_dc[C] Work (Value[-321] + Dmax[59]) = -262
[17:58:22:963]35850:[DBG]:IMG:Tab Get Match Mhv_C (Bias[450] + Dev_dc[-262] + Old[-1258] + Du[29] + Os[-1]) = -1042
[17:58:22:963]35850:[DBG]:IMG:----------- Mhv[C] Work Value Get End -----------
[17:58:22:963]35850:[DBG]:IMG:Tab Get Mhv Scvm Adjust[C] Target:0V
[17:58:22:995]35850:[DBG]:IMG:---------- Mhv[M] Work Value Get Start ----------
[17:58:22:995]35850:[DBG]:IMG:Tab T:29, H:55, Env:7
[17:58:22:995]35850:[DBG]:IMG:Tab Color:[M], CarrierPage:9477, OpcPage:1
[17:58:22:995]35850:[DBG]:IMG:Tab Get Dmax Charge&Dev[M] Cor Target:120V
[17:58:22:995]35850:[DBG]:IMG:Tab Dev_dc[M] Work (Value[-321] + Dmax[120]) = -201
[17:58:23:010]35850:[DBG]:IMG:Tab Get Match Mhv_M (Bias[450] + Dev_dc[-201] + Old[-1258] + Du[29] + Os[-1]) = -981
[17:58:23:026]35850:[DBG]:IMG:----------- Mhv[M] Work Value Get End -----------
[17:58:23:026]35850:[DBG]:IMG:Tab Get Mhv Scvm Adjust[M] Target:0V
[17:58:23:041]35850:[DBG]:IMG:---------- Mhv[Y] Work Value Get Start ----------
[17:58:23:041]35850:[DBG]:IMG:Tab T:29, H:55, Env:7
[17:58:23:041]35850:[DBG]:IMG:Tab Color:[Y], CarrierPage:9679, OpcPage:1
[17:58:23:057]35850:[DBG]:IMG:Tab Get Dmax Charge&Dev[Y] Cor Target:-120V
[17:58:23:057]35850:[DBG]:IMG:Tab Dev_dc[Y] Work (Value[-321] + Dmax[-120]) = -441
[17:58:23:057]35850:[DBG]:IMG:Tab Get Match Mhv_Y (Bias[450] + Dev_dc[-441] + Old[-1267] + Du[29] + Os[-1]) = -1230
[17:58:23:073]35850:[DBG]:IMG:----------- Mhv[Y] Work Value Get End -----------
[17:58:23:073]35850:[DBG]:IMG:Tab Get Mhv Scvm Adjust[Y] Target:0V
[17:58:23:089]35850:[DBG]:IMG:Comp MHV_C Level:2, Target:[-1042]
[17:58:23:089]35850:[DBG]:IMG:Comp MHV_M Level:2, Target:[-981]
[17:58:23:089]35850:[DBG]:IMG:Comp MHV_Y Level:2, Target:[-1230]
[17:58:23:104]35858:[DBG]:Dev:[DCM] YMC Motor Lock
[17:58:23:104]35862:[DBG]:IMG:Comp Main Motor Lock
[17:58:23:104]35862:[DBG]:CMD:[0x37]->[0x00]
[17:58:23:104]35864:[DBG]:CMD:[0x01]->[0x00]
[17:58:23:120]35864:[DBG]:CMD:[0x20]->[0x00]
[17:58:23:120]35866:[DBG]:CMD:[0x30]->[0x01]
[17:58:23:120]35866:[DBG]:CMD:[0x31]->[0x00]
[17:58:23:120]35868:[DBG]:CMD:[0x32]->[0x01]
[17:58:23:135]35868:[DBG]:CMD:[0x33]->[0x10]
[17:58:23:135]35882:[DBG]:IMG:Comp MotorK Start Fwd
[17:58:23:135]35882:[DBG]:IMG:Comp Erase Check Stop
[17:58:23:151]35882:[DBG]:IMG:Comp Erase Lamp K Target:[200]
[17:58:23:151]35882:[DBG]:IMG:Comp Main MotorK[1],Speed:[0]
[17:58:23:151]35882:[INT]:DEV:k Speed:22060 rpm, clkFrq:1654
[17:58:23:151]35882:[DBG]:Dev:stop to fwd
[17:58:23:151]35882:[DBG]:DEV:Print Start Note For Fan
[17:58:23:151]35882:[DBG]:IMG:Tab Get Charge[K] Stage[0] Time:30
[17:58:23:166]35882:[DBG]:IMG:Tab Get Devlop[K] Stage[0] Time:185
[17:58:23:166]35882:[DBG]:IMG:Comp MHV_K Level:0, Target:[-150]
[17:58:23:182]35884:[DBG]:IMG:Comp Trans2 Level:0, Target:[-220]
[17:58:23:182]35884:[DBG]:IMG:Tab Get Thv2 Stage[0] Time:500
[17:58:23:182]35914:[DBG]:IMG:---------- Mhv[K] Work Value Get Start ----------
[17:58:23:198]35914:[DBG]:IMG:Tab T:29, H:55, Env:7
[17:58:23:198]35914:[DBG]:IMG:Tab Color:[K], CarrierPage:5095, OpcPage:1
[17:58:23:213]35914:[DBG]:IMG:Tab Get Dmax Charge&Dev[K] Cor Target:-120V
[17:58:23:213]35914:[DBG]:IMG:Tab Dev_dc[K] Work (Value[-321] + Dmax[-120]) = -441
[17:58:23:229]35914:[DBG]:IMG:Tab Get Match Mhv_K (Bias[450] + Dev_dc[-441] + Old[-1286] + Du[30] + Os[-1]) = -1248
[17:58:23:245]35914:[DBG]:IMG:----------- Mhv[K] Work Value Get End -----------
[17:58:23:245]35914:[DBG]:IMG:Tab Get Mhv Scvm Adjust[K] Target:0V
[17:58:23:245]35914:[DBG]:IMG:Comp MHV_K Level:2, Target:[-1248]
[17:58:23:245]35950:[DBG]:IMG:Comp K Charge Step On Finish
[17:58:23:245]35950:[DBG]:IMG:Tab Get Devlop[K] Stage[1] Time:170
[17:58:23:260]35950:[DBG]:IMG:---------- Mhv[K] Work Value Get Start ----------
[17:58:23:260]35950:[DBG]:IMG:Tab T:29, H:55, Env:7
[17:58:23:276]35950:[DBG]:IMG:Tab Color:[K], CarrierPage:5095, OpcPage:1
[17:58:23:276]35950:[DBG]:IMG:Tab Get Dmax Charge&Dev[K] Cor Target:-120V
[17:58:23:291]35950:[DBG]:IMG:Tab Dev_dc[K] Work (Value[-321] + Dmax[-120]) = -441
[17:58:23:291]35950:[DBG]:IMG:Tab Get Match Mhv_K (Bias[450] + Dev_dc[-441] + Old[-1286] + Du[30] + Os[-1]) = -1248
[17:58:23:307]35950:[DBG]:IMG:----------- Mhv[K] Work Value Get End -----------
[17:58:23:307]35950:[DBG]:IMG:Tab Get Mhv Scvm Adjust[K] Target:0V
[17:58:23:323]35950:[DBG]:IMG:Comp MHV_K Level:2, Target:[-1248]
[17:58:23:323]35958:[DBG]:Dev:[DCM]k_motor:1
[17:58:23:323]35986:[DBG]:IMG:Tab Get Dmax Charge&Dev[C] Cor Target:59V
[17:58:23:323]35986:[DBG]:IMG:Tab Dev_dc[C] Work (Value[-321] + Dmax[59]) = -262
[17:58:23:323]35986:[DBG]:IMG:Tab Get Dmax Charge&Dev[M] Cor Target:120V
[17:58:23:338]35986:[DBG]:IMG:Tab Dev_dc[M] Work (Value[-321] + Dmax[120]) = -201
[17:58:23:338]35986:[DBG]:IMG:Tab Get Dmax Charge&Dev[Y] Cor Target:-120V
[17:58:23:370]35986:[DBG]:IMG:Tab Dev_dc[Y] Work (Value[-321] + Dmax[-120]) = -441
[17:58:23:370]35986:[DBG]:IMG:Comp Dev_C Level:1, Target:[-262]
[17:58:23:385]35986:[DBG]:IMG:Comp Dev_M Level:1, Target:[-201]
[17:58:23:385]35986:[DBG]:IMG:Comp Dev_Y Level:1, Target:[-441]
[17:58:23:385]35994:[DBG]:CMD:[0x37]->[0x00]
[17:58:23:401]35996:[DBG]:CMD:[0x01]->[0x00]
[17:58:23:401]36004:[DBG]:CMD:[0x82]->[0x00]
[17:58:23:401]36004:[DBG]:PMNG:Print Image Prepare OK( 1 )
[17:58:23:416]36004:[DBG]:IMG:Med Image Data Prepare Ok[1][3]
[17:58:23:416]36004:[DBG]:IMG:Print Enable[1]
[17:58:23:416]36004:[DBG]:IMG:Imaging task :regist start 1 0 1 1 1 1 1
[17:58:23:432]36004:[DBG]:IMG:Imaging task :write start 1 0 1 1 1 0 1 0 
[17:58:23:432]36004:[DBG]:CMD:[0x20]->[0x00]
[17:58:23:432]36006:[DBG]:CMD:[0x30]->[0x01]
[17:58:23:448]36008:[DBG]:CMD:[0x31]->[0x00]
[17:58:23:448]36008:[DBG]:CMD:[0x32]->[0x01]
[17:58:23:448]36008:[DBG]:CMD:[0x33]->[0x10]
[17:58:23:463]36020:[DBG]:IMG:Tab Get Dmax Charge&Dev[C] Cor Target:59V
[17:58:23:463]36020:[DBG]:IMG:Tab Dev_dc[C] Work (Value[-321] + Dmax[59]) = -262
[17:58:23:479]36020:[DBG]:IMG:Tab Get Dmax Charge&Dev[M] Cor Target:120V
[17:58:23:479]36020:[DBG]:IMG:Tab Dev_dc[M] Work (Value[-321] + Dmax[120]) = -201
[17:58:23:495]36020:[DBG]:IMG:Tab Get Dmax Charge&Dev[Y] Cor Target:-120V
[17:58:23:495]36020:[DBG]:IMG:Tab Dev_dc[Y] Work (Value[-321] + Dmax[-120]) = -441
[17:58:23:510]36020:[DBG]:IMG:Comp Dev_C Level:1, Target:[-262]
[17:58:23:510]36020:[DBG]:IMG:Comp Dev_M Level:1, Target:[-201]
[17:58:23:510]36020:[DBG]:IMG:Comp Dev_Y Level:1, Target:[-441]
[17:58:23:526]36022:[DBG]:IMG:Proc Dev YMC Dc UnWork On
[17:58:23:526]36058:[DBG]:Dev:[DCM] KMotor Lock
[17:58:23:526]36064:[DBG]:IMG:Comp Main Motor Lock
[17:58:23:541]36098:[DBG]:IMG:Tab Get Dmax Charge&Dev[K] Cor Target:-120V
[17:58:23:541]36098:[DBG]:IMG:Tab Dev_dc[K] Work (Value[-321] + Dmax[-120]) = -441
[17:58:23:557]36098:[DBG]:IMG:Comp Dev_K Level:1, Target:[-441]
[17:58:23:557]36114:[DBG]:CMD:[0x37]->[0x00]
[17:58:23:557]36114:[DBG]:CMD:[0x01]->[0x00]
[17:58:23:557]36118:[DBG]:CMD:[0x20]->[0x00]
[17:58:23:557]36124:[DBG]:CMD:[0x30]->[0x01]
[17:58:23:557]36124:[DBG]:IMG:Tab Get Dmax Charge&Dev[K] Cor Target:-120V
[17:58:23:573]36124:[DBG]:IMG:Tab Dev_dc[K] Work (Value[-321] + Dmax[-120]) = -441
[17:58:23:573]36124:[DBG]:IMG:Comp Dev_K Level:1, Target:[-441]
[17:58:23:573]36126:[DBG]:CMD:[0x31]->[0x00]
[17:58:23:588]36126:[DBG]:IMG:Proc Dev BK Dc UnWork On
[17:58:23:588]36126:[DBG]:IMG:Comp Itb Req Set State:[2]
[17:58:23:588]36126:[DBG]:CMD:[0x32]->[0x01]
[17:58:23:604]36128:[DBG]:CMD:[0x33]->[0x10]
[17:58:23:604]36230:[DBG]:CMD:[0x37]->[0x00]
[17:58:23:604]36230:[DBG]:CMD:[0x01]->[0x00]
[17:58:23:604]36232:[DBG]:CMD:[0x20]->[0x00]
[17:58:23:619]36232:[DBG]:CMD:[0x30]->[0x01]
[17:58:23:619]36234:[DBG]:CMD:[0x31]->[0x00]
[17:58:23:619]36236:[DBG]:CMD:[0x32]->[0x01]
[17:58:23:619]36242:[DBG]:CMD:[0x33]->[0x10]
[17:58:23:635]36344:[DBG]:CMD:[0x37]->[0x00]
[17:58:23:635]36344:[DBG]:CMD:[0x01]->[0x00]
[17:58:23:635]36346:[DBG]:CMD:[0x20]->[0x00]
[17:58:23:635]36348:[DBG]:CMD:[0x30]->[0x01]
[17:58:23:651]36348:[DBG]:CMD:[0x31]->[0x00]
[17:58:23:651]36350:[DBG]:CMD:[0x32]->[0x01]
[17:58:23:651]36350:[DBG]:CMD:[0x33]->[0x10]
[17:58:23:651]36386:[DBG]:IMG:Comp Trans2 Level:1, Target:[520]
[17:58:23:651]36386:[DBG]:IMG:Tab Get Thv2 Stage[1] Time:250
[17:58:23:651]36452:[DBG]:CMD:[0x37]->[0x00]
[17:58:23:651]36452:[DBG]:CMD:[0x01]->[0x00]
[17:58:23:666]36454:[DBG]:CMD:[0x20]->[0x00]
[17:58:23:666]36454:[DBG]:CMD:[0x30]->[0x01]
[17:58:23:666]36456:[DBG]:CMD:[0x31]->[0x00]
[17:58:23:666]36462:[DBG]:CMD:[0x32]->[0x01]
[17:58:23:682]36462:[DBG]:CMD:[0x33]->[0x10]
[17:58:23:682]36496:[DBG]:IMG:Comp Itb State Set[2] Complete
[17:58:23:682]36496:[DBG]:IMG:Comp Trans1 Level:0, Target:[600]
[17:58:23:698]36496:[DBG]:IMG:Channel Print Boot End
[17:58:23:698]36496:[DBG]:IMG:Med Ready To Print State
[17:58:23:698]36496:[DBG]:IMG:Med Gap OK:0x1
[17:58:23:713]36496:[DBG]:IMG:Med Feed Enable pre[1]
[17:58:23:713]36496:[DBG]:IMG:Med Feed Enable[1]
[17:58:23:713]36496:[DBG]:IMG:Proc Print Pre Process Finish
[17:58:23:713]36496:[DBG]:IMG:Gap Ready[1]
[17:58:23:729]36496:[DBG]:IMG:Imaging task :regist start 1 1 1 1 1 1 1
[17:58:23:729]36496:[DBG]:IMG:Imaging task :write start 1 1 1 1 1 0 1 1 
[17:58:23:744]36496:[DBG]:IMG:Feed Enable[1]
[17:58:23:744]36496:[DBG]:PAP:*Image adjust ready, Sid[1] *
[17:58:23:744]36496:[DBG]:PAP:Imaging Feed Enable Sid[1]
[17:58:23:744]36544:[DBG]:FUS:NormalSpeed/Normal1/L_Width(2970 mm)/Duplex/PagesStep_2(4,2,2,0)
[17:58:23:744]36544:[DBG]:FUS:Env_Offset_Temp = -12 Hot_Print_Offset_Temp = 0 Pages_Offset_Temp = 0
[17:58:23:760]36544:[DBG]:FUS:Proc(1) Tar_Temp = 190 ( Base_Temp = 202 Offset_Temp = -12 )
[17:58:23:776]36544:[DBG]:FUS:Gap Hold Temp Timeout(1)!
[17:58:23:776]36564:[DBG]:CMD:[0x37]->[0x00]
[17:58:23:776]36564:[DBG]:CMD:[0x01]->[0x00]
[17:58:23:776]36566:[DBG]:CMD:[0x20]->[0x00]
[17:58:23:792]36566:[DBG]:CMD:[0x30]->[0x01]
[17:58:23:792]36566:[DBG]:CMD:[0x31]->[0x00]
[17:58:23:792]36568:[DBG]:CMD:[0x32]->[0x01]
[17:58:23:792]36570:[DBG]:CMD:[0x33]->[0x10]
[17:58:23:807]36638:[DBG]:IMG:Comp TransCleaning .. Repeat Finish(1) Time(1000)ms
[17:58:23:807]36638:[DBG]:IMG:Comp Trans2 Level:0, Target:[-220]
[17:58:23:823]36638:[DBG]:IMG:Tab Get Thv2 Stage[0] Time:500
[17:58:23:823]36670:[DBG]:CMD:[0x37]->[0x00]
[17:58:23:823]36672:[DBG]:CMD:[0x01]->[0x00]
[17:58:23:823]36672:[DBG]:CMD:[0x20]->[0x00]
[17:58:23:838]36674:[DBG]:CMD:[0x30]->[0x01]
[17:58:23:838]36674:[DBG]:CMD:[0x31]->[0x00]
[17:58:23:838]36676:[DBG]:CMD:[0x32]->[0x01]
[17:58:23:838]36678:[DBG]:CMD:[0x33]->[0x10]
[17:58:23:838]36778:[DBG]:CMD:[0x37]->[0x00]
[17:58:23:838]36780:[DBG]:CMD:[0x01]->[0x00]
[17:58:23:838]36780:[DBG]:CMD:[0x20]->[0x00]
[17:58:23:838]36782:[DBG]:CMD:[0x30]->[0x01]
[17:58:23:854]36782:[DBG]:CMD:[0x31]->[0x00]
[17:58:23:854]36784:[DBG]:CMD:[0x32]->[0x01]
[17:58:23:854]36784:[DBG]:CMD:[0x33]->[0x10]
[17:58:23:854]36886:[DBG]:CMD:[0x37]->[0x00]
[17:58:23:869]36886:[DBG]:CMD:[0x01]->[0x00]
[17:58:23:869]36888:[DBG]:CMD:[0x20]->[0x00]
[17:58:23:869]36890:[DBG]:CMD:[0x30]->[0x01]
[17:58:23:869]36890:[DBG]:CMD:[0x31]->[0x00]
[17:58:23:885]36892:[DBG]:CMD:[0x32]->[0x01]
[17:58:23:885]36892:[DBG]:CMD:[0x33]->[0x10]
[17:58:23:885]36984:[DBG]:PAP:Duplex transfer set flag
[17:58:23:901]36984:[DBG]:PAP:eEVTFLG_PAPER_TRANSFER_DUPLEX wait OK sheet = 1 at_ptn = 2
[17:58:23:901]36984:[DBG]:PAP:wait ok status = 0,dup exist = 1
[17:58:23:901]36984:[DBG]:PAP:duplex transfer timer start
[17:58:23:901]36986:[INT]:PAP:Transfer enable common[1]
[17:58:23:901]36986:[DBG]:IMG:Trans Enable[1]
[17:58:23:916]36986:[DBG]:IMG:Imaging task :regist start 1 1 1 1 1 0 1
[17:58:23:916]36986:[DBG]:IMG:Imaging task :write start 1 1 1 1 1 1 1 1 
[17:58:23:916]36986:[DBG]:LSU:Imaging Write Start
[17:58:23:932]36986:[INT]:PAP:Vsync on start Sid[1] [2906]
[17:58:23:932]36986:[INT]:PAP:at_prev_sheet_data = 0 Flg = 1
[17:58:23:932]36986:[INT]:PAP:TOD to DC Sid[1] [1]
[17:58:23:948]36986:[INT]: PAP:interleav trasfer timer last start Sid[1] time[4516]
[17:58:23:948]36986:[DBG]:setmp=81,2004
[17:58:23:948]36986:[DBG]:setmp=150,2004
[17:58:23:963]36986:[DBG]:setmp=158,2004
[17:58:23:963]36986:[DBG]:setmp=82,2004
[17:58:23:963]36986:[DBG]:setmp=151,2004
[17:58:23:963]36986:[DBG]:setmp=159,2004
[17:58:23:963]36986:[DBG]:setmp=86,2004
[17:58:23:963]36986:[DBG]:setmp=155,2004
[17:58:23:963]36986:[DBG]:setmp=163,2004
[17:58:23:963]36986:[DBG]:setmp=84,1974
[17:58:23:963]36986:[DBG]:setmp=153,1974
[17:58:23:994]36986:[DBG]:setmp=161,1974
[17:58:23:994]36986:[DBG]:IMG:Med Vsync[1][1].
[17:58:23:994]36986:[DBG]:IMG:Med Vsync On Mode:0,Pattern:0
[17:58:23:994]36986:[DBG]:IMG:Gap Tod Gap:2375,Pap Gap:846, PapLen:2100, Speed:1240
[17:58:23:994]36986:[DBG]:TONER:Log Data 0x2004
[17:58:23:994]36986:[DBG]:TONER:Plen[2100],SpeedM[0],ColorM[1]
[17:58:24:010]36986:[DBG]:TONER:TarUpdate[2,2].
[17:58:24:010]36986:[DBG]:TONER:TargetOffset[K,-31],Life[5095],Env[6].
[17:58:24:026]36986:[DBG]:STS:Opc[K]DriveTotalLength = 1089mm
[17:58:24:026]36986:[DBG]:TONER:TcSetCal[K]-As,YmcTimeOut[0],OpcAs[1089:Cur=1089,Pre=139],DotAs[701,701184].
[17:58:24:041]36986:[DBG]:TONER:TcSetCal[K]-OpcAsJudge,OpcAs[1089],Limit[23808].
[17:58:24:041]36986:[DBG]:TONER:TcSetCalc[K]-Type1[1,-308,0],OpcAsFlag[0],DotTc[0],Env[1].
[17:58:24:057]36986:[DBG]:TONER:TargetUpdate[K,823],Limit[770,1350],Offset[-31,100],TcSet[-308],ratio[100]].
[17:58:24:057]36986:[DBG]:TONER:TargetOffset[Y,-37],Life[9679],Env[6].
[17:58:24:057]36986:[DBG]:STS:Opc[Y]DriveTotalLength = 1100mm
[17:58:24:057]36986:[DBG]:TONER:TcSetCal[Y]-As,YmcTimeOut[0],OpcAs[1100:Cur=1100,Pre=151],DotAs[521,521984].
[17:58:24:073]36986:[DBG]:TONER:TcSetCal[Y]-OpcAsJudge,OpcAs[1100],Limit[23808].
[17:58:24:088]36986:[DBG]:TONER:TcSetCalc[Y]-Type1[1,-330,0],OpcAsFlag[0],DotTc[0],Env[1].
[17:58:24:088]36986:[DBG]:TONER:TargetUpdate[Y,807],Limit[770,1350],Offset[-37,100],TcSet[-330],ratio[100]].
[17:58:24:104]36986:[DBG]:TONER:TargetOffset[M,100],Life[9477],Env[6].
[17:58:24:104]36986:[DBG]:STS:Opc[M]DriveTotalLength = 1100mm
[17:58:24:119]36986:[DBG]:TONER:TcSetCal[M]-As,YmcTimeOut[0],OpcAs[1100:Cur=1100,Pre=151],DotAs[945,945920].
[17:58:24:135]36986:[DBG]:TONER:TcSetCal[M]-OpcAsJudge,OpcAs[1100],Limit[23808].
[17:58:24:135]36986:[DBG]:TONER:TcSetCalc[M]-Type1[1,-281,0],OpcAsFlag[0],DotTc[0],Env[1].
[17:58:24:135]36988:[DBG]:FUS:Pap Gap(1) = 845(2375,2100)!
[17:58:24:135]36988:[DBG]:IMG:Tab Thv1 Adc Value:0
[17:58:24:135]36988:[DBG]:IMG:Itu Cycle:2004
[17:58:24:151]36988:[DBG]:IMG:Tab Get Thv1 Offset Level = 0,Thv1 Offset = 0
[17:58:24:151]36988:[DBG]:PMNG:TOD Ready( 1 )
[17:58:24:151]36990:[DBG]:TONER:TargetUpdate[M,790],Limit[770,1350],Offset[100,100],TcSet[-281],ratio[110]].
[17:58:24:197]36990:[DBG]:TONER:TargetOffset[C,100],Life[9679],Env[6].
[17:58:24:213]36990:[DBG]:STS:Opc[C]DriveTotalLength = 1100mm
[17:58:24:213]36990:[DBG]:TONER:TcSetCal[C]-As,YmcTimeOut[0],OpcAs[1100:Cur=1100,Pre=151],DotAs[580,580224].
[17:58:24:229]36990:[DBG]:TONER:TcSetCal[C]-OpcAsJudge,OpcAs[1100],Limit[23808].
[17:58:24:229]36990:[DBG]:TONER:TcSetCalc[C]-Type1[1,-240,0],OpcAsFlag[0],DotTc[0],Env[1].
[17:58:24:244]36990:[DBG]:TONER:TargetUpdate[C,770],Limit[770,1350],Offset[100,100],TcSet[-240],ratio[100]].
[17:58:24:260]36990:[DBG]:TONER:TonerFillNormal.
[17:58:24:260]36990:[DBG]:TONER:FillNormal[K]-TS_M,ts_m[0],da_m_last[0],ea_max[123],env[1],ea_m[41],L*10[2100],tms_t[700].
[17:58:24:291]36990:[DBG]:TONER:FillNormal[K]-getMtZ1,MtZ[43],EnvLv[1].
[17:58:24:291]36990:[DBG]:TONER:FillNormal[K]-getMtZ2,MtZ[-1910],EnvLv[1].
[17:58:24:307]36990:[DBG]:TONER:FillNormal[K]-Params,fillcnt[0],last_time[0],ea_m[41],ts_m[0],ts0_m[0].
[17:58:24:322]36990:[DBG]:TONER:FillNormal[K]-Tmr_R,tmr_r[10],pcnt[7317].
[17:58:24:322]36990:[DBG]:TONER:FillNormal[K]-ParamsCorrect,fill_time[140],last_time[0],interval_time[350],tmr_r[10],tmr_t[140],tms_t[700].
[17:58:24:338]36990:[DBG]:TONER:FillNormal[K],FillCnt[0],FillTime[140],LastTime[0]
[17:58:24:354]36990:[DBG]:TONER:FillNormal[Y]-TS_M,ts_m[0],da_m_last[0],ea_max[126],env[1],ea_m[42],L*10[2100],tms_t[700].
[17:58:24:354]36990:[DBG]:IMG:Comp Trans1 Level:1, Target:[877]
[17:58:24:369]36990:[DBG]:IMG:Tab Get Devlop[Y] Stage[2] Time:30
[17:58:24:369]36990:[DBG]:TONER:FillNormal[Y]-getMtZ1,MtZ[42],EnvLv[1].
[17:58:24:401]36990:[DBG]:TONER:FillNormal[Y]-getMtZ2,MtZ[-1853],EnvLv[1].
[17:58:24:401]36990:[DBG]:TONER:FillNormal[Y]-Params,fillcnt[0],last_time[0],ea_m[42],ts_m[0],ts0_m[0].
[17:58:24:401]36990:[DBG]:TONER:FillNormal[Y]-Tmr_R,tmr_r[10],pcnt[5215].
[17:58:24:401]36990:[DBG]:TONER:FillNormal[Y]-ParamsCorrect,fill_time[140],last_time[0],interval_time[350],tmr_r[10],tmr_t[140],tms_t[700].
[17:58:24:432]36990:[DBG]:TONER:FillNormal[Y],FillCnt[0],FillTime[140],LastTime[0]
[17:58:24:447]36990:[DBG]:TONER:FillNormal[M]-TS_M,ts_m[0],da_m_last[0],ea_max[126],env[1],ea_m[42],L*10[2100],tms_t[700].
[17:58:24:447]36990:[DBG]:TONER:FillNormal[M]-getMtZ1,MtZ[42],EnvLv[1].
[17:58:24:447]36990:[DBG]:TONER:FillNormal[M]-getMtZ2,MtZ[-1814],EnvLv[1].
[17:58:24:463]36990:[DBG]:TONER:FillNormal[M]-Params,fillcnt[0],last_time[0],ea_m[42],ts_m[0],ts0_m[0].
[17:58:24:463]36990:[DBG]:TONER:FillNormal[M]-Tmr_R,tmr_r[10],pcnt[1649].
[17:58:24:494]36990:[DBG]:TONER:FillNormal[M]-ParamsCorrect,fill_time[140],last_time[0],interval_time[350],tmr_r[10],tmr_t[140],tms_t[700].
[17:58:24:510]36990:[DBG]:TONER:FillNormal[M],FillCnt[0],FillTime[140],LastTime[0]
[17:58:24:510]36990:[DBG]:TONER:FillNormal[C]-TS_M,ts_m[0],da_m_last[0],ea_max[120],env[1],ea_m[40],L*10[2100],tms_t[700].
[17:58:24:526]36990:[DBG]:TONER:FillNormal[C]-getMtZ1,MtZ[42],EnvLv[1].
[17:58:24:541]36990:[DBG]:TONER:FillNormal[C]-getMtZ2,MtZ[-1689],EnvLv[1].
[17:58:24:541]36990:[DBG]:TONER:FillNormal[C]-Params,fillcnt[0],last_time[0],ea_m[40],ts_m[0],ts0_m[0].
[17:58:24:557]36992:[DBG]:TONER:FillNormal[C]-Tmr_R,tmr_r[10],pcnt[1081].
[17:58:24:557]36992:[DBG]:TONER:FillNormal[C]-ParamsCorrect,fill_time[140],last_time[0],interval_time[350],tmr_r[10],tmr_t[140],tms_t[700].
[17:58:24:572]36992:[DBG]:TONER:FillNormal[C],FillCnt[0],FillTime[140],LastTime[0]
[17:58:24:588]36992:[DBG]:TONER:FillOnStep1[Y],Cnt[0],FillOnTime[0].
[17:58:24:588]36992:[DBG]:TONER:FillOnStep1[C],Cnt[0],FillOnTime[0].
[17:58:24:604]36992:[DBG]:TONER:Execute[4].
[17:58:24:604]36992:[DBG]:TONER:PointStartColorMode[2][k/ymc/kymc]...
[17:58:24:604]36996:[DBG]:CMD:[0x37]->[0x00]
[17:58:24:619]36996:[DBG]:CMD:[0x01]->[0x00]
[17:58:24:619]36998:[DBG]:CMD:[0x20]->[0x00]
[17:58:24:619]37000:[DBG]:CMD:[0x30]->[0x01]
[17:58:24:619]37000:[DBG]:CMD:[0x31]->[0x01]
[17:58:24:635]37002:[DBG]:CMD:[0x32]->[0x01]
[17:58:24:635]37004:[DBG]:PAP:s_pap_mt_waiting_exit[0], at_setting_flgptn[1]
[17:58:24:635]37004:[INT]:DEV:Exit clock Off
[17:58:24:650]37004:[DBG]:PAP:MT Exit Off cnt[0] spd[3]
[17:58:24:650]37004:[DBG]:CMD:[0x33]->[0x10]
[17:58:24:650]37006:[INT]:PAP:eTIMER_PAP_MT_HOLD_OFF_EXIT
[17:58:24:650]37022:[DBG]:IMG:Med Develop Bias Work VDC On:1
[17:58:24:650]37024:[DBG]:IMG:Tab Get Dev Work Ac Freq:[8],Spd[0].
[17:58:24:650]37026:[DBG]:IMG:Comp BiasT dev ac[800]:[125][50]
[17:58:24:666]37028:[DBG]:DEV:AC_Voltage = 800
[17:58:24:666]37062:[INT]:PAP:BIT_PAP_EXIT_MT_FINISH ok
[17:58:24:666]37100:[DBG]:CMD:[0x53]->[0x00]
[17:58:24:682]37100:[DBG]:   :[0x42]->[0x00]
[17:58:24:682]37100:[DBG]:   :[0x03]->[0x00]
[17:58:24:682]37100:[DBG]:CMD:[0x53]->[0x00]
[17:58:24:682]37100:[DBG]:   :[0x43]->[0x00]
[17:58:24:697]37100:[DBG]:   :[0x03]->[0x00]
[17:58:24:697]37102:[DBG]:CMD:[0x53]->[0x00]
[17:58:24:697]37102:[DBG]:   :[0x4B]->[0x00]
[17:58:24:697]37102:[DBG]:   :[0x03]->[0x00]
[17:58:24:713]37104:[DBG]:CMD:[0x54]->[0x00]
[17:58:24:713]37104:[DBG]:   :[0x1B]->[0x00]
[17:58:24:713]37104:[DBG]:CMD:[0x55]->[0x00]
[17:58:24:713]37104:[DBG]:   :[0x00]->[0x00]
[17:58:24:729]37104:[DBG]:   :[0x01]->[0x00]
[17:58:24:729]37106:[DBG]:CMD:[0x37]->[0x00]
[17:58:24:729]37108:[DBG]:CMD:[0x56]->[0x00]
[17:58:24:729]37108:[DBG]:   :[0x00]->[0x00]
[17:58:24:744]37108:[DBG]:   :[0x05]->[0x00]
[17:58:24:744]37108:[DBG]:CMD:[0x01]->[0x00]
[17:58:24:744]37110:[DBG]:CMD:[0x58]->[0x00]
[17:58:24:744]37110:[DBG]:   :[0x01]->[0x00]
[17:58:24:744]37110:[DBG]:CMD:[0x20]->[0x00]
[17:58:24:744]37112:[DBG]:CMD:[0x59]->[0x00]
[17:58:24:744]37112:[DBG]:   :[0x01]->[0x00]
[17:58:24:744]37112:[DBG]:CMD:[0x30]->[0x01]
[17:58:24:760]37114:[DBG]:CMD:[0x5A]->[0x00]
[17:58:24:760]37114:[DBG]:   :[0x00]->[0x00]
[17:58:24:760]37116:[DBG]:CMD:[0x31]->[0x01]
[17:58:24:760]37118:[DBG]:CMD:[0x5B]->[0x00]
[17:58:24:775]37118:[DBG]:   :[0x00]->[0x00]
[17:58:24:775]37120:[DBG]:CMD:[0x32]->[0x01]
[17:58:24:775]37122:[DBG]:CMD:[0x5C]->[0x00]
[17:58:24:775]37122:[DBG]:   :[0x00]->[0x00]
[17:58:24:791]37124:[DBG]:CMD:[0x33]->[0x10]
[17:58:24:791]37124:[DBG]:CMD:[0x5E]->[0x00]
[17:58:24:791]37124:[DBG]:   :[0x02]->[0x00]
[17:58:24:791]37140:[DBG]:IMG:Comp Trans2 Level:1, Target:[520]
[17:58:24:807]37140:[DBG]:IMG:Tab Get Thv2 Stage[1] Time:250
[17:58:24:807]37182:[DBG]:CMD:[0x65]->[0x00]
[17:58:24:807]37182:[DBG]:   :[0x03]->[0x00]
[17:58:24:822]37182:[DBG]:PMNG:Sheet Execute Start( 2 )
[17:58:24:822]37182:[DBG]:PMNG:------ Sheet Data ------
[17:58:24:822]37182:[DBG]:id:2 speed:0 ftray:3 etray:1 otray:3 
[17:58:24:838]37182:[DBG]:silent_print:0 density:2 job_color:1 ctlsheetid:3 
[17:58:24:838]37182:[DBG]:PMNG:------ Paper Data ------
[17:58:24:838]37182:[DBG]:direction:0 code:5 length:2100 width:2970 kind:0 thick:1 s_error:1 
[17:58:24:838]37182:[DBG]:PMNG:Request fuser Start( 2 )
[17:58:24:854]37182:[DBG]:PMNG:Request Image Start( 2 )
[17:58:24:854]37182:[DBG]:PMNG:Request Paper Start( 2 )
[17:58:24:854]37182:[DBG]:FUS:Proc(2) Added To Fuser Process Queue
[17:58:24:869]37182:[DBG]:IMG:Med Print Start[2]
[17:58:24:869]37182:[DBG]:IMG:Med Add Sheet[2]
[17:58:24:869]37182:[DBG]:IMG:Med Imaging start f[3] e[1]
[17:58:24:885]37182:[DBG]:IMG:Med Dplx Toner Supply Check Add[2]:3
[17:58:24:885]37182:[DBG]:SYS:Crt Task Handle[11]:8E24490
[17:58:24:885]37182:[DBG]:PAP:##Paper start!! Sid[2]
[17:58:24:900]37182:[DBG]:PMNG:Fuser Feed Enable( 2 )
[17:58:24:900]37182:[DBG]:PMNG:Fuser Print Enable( 2 )
[17:58:24:900]37182:[DBG]:PAP:sheet_id[2],tsk_id[11] start
[17:58:24:900]37182:[DBG]:PAP:feed rv_sheet_id[2]
[17:58:24:900]37182:[DBG]:PAP:first g_pap_optionrefeed_ready[1] Sid[2]
[17:58:24:900]37182:[DBG]:PAP:Option plate check[1] Sid[2]
[17:58:24:916]37182:[DBG]:IMG:Med Feed Ok
[17:58:24:916]37182:[DBG]:IMG:Channel Info Paper Feed
[17:58:24:916]37182:[DBG]:IMG:Med Fuser Ok Sheet[2]
[17:58:24:932]37182:[DBG]:IMG:Channel Info Fuser OK
[17:58:24:932]37182:[DBG]:CMD:[0x82]->[0x00]
[17:58:24:932]37182:[DBG]:IMG:Fuser OK[2]
[17:58:24:932]37182:[DBG]:IMG:Imaging task :regist start 0 0 0 1 1 1 1
[17:58:24:947]37182:[DBG]:IMG:Imaging task :write start 0 0 0 1 1 0 1 1 
[17:58:24:947]37182:[DBG]:PMNG:Print Image Prepare OK( 2 )
[17:58:24:963]37182:[DBG]:IMG:Med Image Data Prepare Ok[2][4]
[17:58:24:963]37182:[DBG]:IMG:Print Enable[2]
[17:58:24:963]37182:[DBG]:IMG:Imaging task :regist start 0 0 1 1 1 1 1
[17:58:24:963]37182:[DBG]:IMG:Imaging task :write start 0 0 1 1 1 0 1 1 
[17:58:24:963]37182:[DBG]:IMG:Feed Enable[2]
[17:58:24:963]37182:[DBG]:PAP:Imaging Feed Enable Sid[2]
[17:58:24:994]37184:[DBG]:PAP:transfer timer start common at_time = 0 speed = 1240 sid =2
[17:58:24:994]37184:[DBG]:PAP:duplex feed space set time[1294] value[900] dbg[0]
[17:58:24:994]37184:[DBG]:PAP:stop interleave id = 1
[17:58:24:994]37184:[DBG]:PAP:MT on option1 cnt[1] spd[0]
[17:58:24:994]37184:[INT]:OPT1:Clutch ON
[17:58:25:010]37184:[DBG]:PAP:CL Option1[1] cnt[1]
[17:58:25:010]37184:[DBG]:PAP:Option1 feed start, Sid[2]
[17:58:25:010]37184:[DBG]:PAP:feed err count[0]
[17:58:25:025]37184:[DBG]:PLT:rcv tray[3] motor info, cmd[0]
[17:58:25:025]37184:[DBG]:PAP:[3]sensor, mask[0],jam[671]
[17:58:25:025]37186:[INT]:OPT1:Motor on
[17:58:25:041]37186:[INT]:PAP:Int MT on option1 cnt[1] spd[12400]
[17:58:25:041]37194:[DBG]:PAP:Unmask SN Opt1 on
[17:58:25:041]37224:[DBG]:CMD:[0x37]->[0x00]
[17:58:25:041]37224:[DBG]:CMD:[0x01]->[0x00]
[17:58:25:057]37226:[DBG]:CMD:[0x20]->[0x00]
[17:58:25:057]37226:[DBG]:CMD:[0x30]->[0x01]
[17:58:25:057]37228:[DBG]:CMD:[0x31]->[0x01]
[17:58:25:057]37228:[DBG]:CMD:[0x32]->[0x01]
[17:58:25:072]37230:[DBG]:CMD:[0x33]->[0x10]
[17:58:25:072]37266:[DBG]:PAP:Sn[6] Value[0]
[17:58:25:072]37266:[DBG]:PAP:SN Dplx on
[17:58:25:088]37266:[DBG]:PAP:Duplex sensor reach, Sid[0]
[17:58:25:088]37332:[DBG]:CMD:[0x37]->[0x00]
[17:58:25:088]37332:[DBG]:CMD:[0x01]->[0x00]
[17:58:25:088]37334:[DBG]:CMD:[0x20]->[0x00]
[17:58:25:104]37334:[DBG]:CMD:[0x30]->[0x01]
[17:58:25:104]37336:[DBG]:CMD:[0x31]->[0x01]
[17:58:25:104]37336:[DBG]:CMD:[0x32]->[0x01]
[17:58:25:104]37338:[DBG]:CMD:[0x33]->[0x10]
[17:58:25:135]37344:[DBG]:TONER:TonerFillOverJudgeStep1[1,1,1].
[17:58:25:135]37344:[DBG]:TONER:FillOnStep2[M],Cnt[0],FillOnTime[0].
[17:58:25:150]37344:[DBG]:TONER:FillOnStep2[K],Cnt[0],FillOnTime[0].
[17:58:25:150]37392:[DBG]:IMG:Comp TransCleaning .. Repeat Finish(2) Time(2000)ms
[17:58:25:166]37392:[DBG]:IMG:Comp Trans2 Level:0, Target:[-220]
[17:58:25:166]37392:[DBG]:IMG:Tab Get Thv2 Stage[0] Time:500
[17:58:25:166]37440:[DBG]:CMD:[0x37]->[0x00]
[17:58:25:166]37440:[DBG]:CMD:[0x01]->[0x00]
[17:58:25:182]37440:[DBG]:CMD:[0x20]->[0x00]
[17:58:25:182]37442:[DBG]:CMD:[0x30]->[0x01]
[17:58:25:182]37444:[DBG]:CMD:[0x31]->[0x01]
[17:58:25:182]37444:[DBG]:CMD:[0x32]->[0x01]
[17:58:25:197]37446:[DBG]:CMD:[0x33]->[0x10]
[17:58:25:197]37546:[DBG]:CMD:[0x37]->[0x00]
[17:58:25:197]37548:[DBG]:CMD:[0x01]->[0x00]
[17:58:25:197]37548:[DBG]:CMD:[0x20]->[0x00]
[17:58:25:213]37550:[DBG]:CMD:[0x30]->[0x01]
[17:58:25:213]37550:[DBG]:CMD:[0x31]->[0x01]
[17:58:25:213]37552:[DBG]:CMD:[0x32]->[0x01]
[17:58:25:213]37554:[DBG]:CMD:[0x33]->[0x10]
[17:58:25:229]37654:[DBG]:CMD:[0x37]->[0x00]
[17:58:25:229]37656:[DBG]:CMD:[0x01]->[0x00]
[17:58:25:229]37656:[DBG]:CMD:[0x20]->[0x00]
[17:58:25:229]37662:[DBG]:CMD:[0x30]->[0x01]
[17:58:25:244]37662:[DBG]:CMD:[0x31]->[0x01]
[17:58:25:244]37664:[DBG]:CMD:[0x32]->[0x01]
[17:58:25:244]37664:[DBG]:CMD:[0x33]->[0x10]
[17:58:25:260]37696:[DBG]:TONER:TonerFillOverJudgeStep2[1,1,1].
[17:58:25:260]37696:[DBG]:TONER:Log Data 0x300C
[17:58:25:260]37696:[DBG]:TONER:TonerFillNormalOver!!!
[17:58:25:260]37766:[DBG]:CMD:[0x37]->[0x00]
[17:58:25:260]37766:[DBG]:CMD:[0x01]->[0x00]
[17:58:25:260]37768:[DBG]:CMD:[0x20]->[0x00]
[17:58:25:260]37768:[DBG]:CMD:[0x30]->[0x01]
[17:58:25:260]37770:[DBG]:CMD:[0x31]->[0x01]
[17:58:25:291]37770:[DBG]:CMD:[0x32]->[0x01]
[17:58:25:291]37772:[DBG]:CMD:[0x33]->[0x10]
[17:58:25:291]37786:[INT]:PAP:Transfer enable common[2]
[17:58:25:307]37786:[DBG]:IMG:Trans Enable[2]
[17:58:25:307]37786:[DBG]:IMG:Imaging task :regist start 0 0 1 1 1 1 1
[17:58:25:307]37786:[DBG]:IMG:Imaging task :write start 0 0 1 1 1 1 1 1 
[17:58:25:307]37794:[DBG]:PAP:Duplex feed reach, Sid[0]
[17:58:25:307]37794:[DBG]:PAP:CL Duplex [0] cnt[0]
[17:58:25:307]37794:[DBG]:PAP:Duplex exit finish sid[0]
[17:58:25:322]37794:[DBG]:PAP:CL Duplex [1] cnt[1]
[17:58:25:322]37794:[DBG]:PAP:flag FeedExist = 255
[17:58:25:322]37794:[DBG]:PAP:Transfer Adjust In Sid[1]
[17:58:25:338]37794:[DBG]:PMNG:Sheet Complete( 0 )
[17:58:25:338]37794:[DBG]:PMNG:Check Remain Sheet:0 2 0 0 0
[17:58:25:338]37794:[DBG]:PMNG:Main Motor Status is 1
[17:58:25:353]37794:[DBG]:PMNG:Fuser Motor Status is 2
[17:58:25:353]37794:[DBG]:PMNG:Print Complete Judge 1 2 0 0
[17:58:25:353]37794:[DBG]:PMNG:Paper Finish( 0 )
[17:58:25:369]37794:[DBG]:PAP:Feed start, Sid[1] Fid[2]
[17:58:25:369]37794:[DBG]:PAP:adjust sensor, mask[0],jam[1323]
[17:58:25:369]37794:[DBG]:PAP:##Paper complete!! Sid[0]
[17:58:25:385]37794:[DBG]:SSC:Interface[0] set feeds to [1662].
[17:58:25:385]37796:[DBG]:IMG:Med Imaging Complete[0]
[17:58:25:385]37796:[DBG]:PMNG:Feed Paper( 1 )
[17:58:25:400]37796:[DBG]:SSC:Info flag = 0x00000001.
[17:58:25:400]37796:[DBG]:SSC:Interface[1] set feeds to [2541].
[17:58:25:400]37798:[DBG]:SSC:Info flag = 0x00000001.
[17:58:25:400]37798:[DBG]:SSC:Interface[2] set feeds to [7198].
[17:58:25:400]37798:[DBG]:SSC:Info flag = 0x00000001.
[17:58:25:416]37798:[DBG]:SSC:Interface[3] set feeds to [7192].
[17:58:25:416]37800:[DBG]:SSC:Info flag = 0x00000001.
[17:58:25:416]37800:[DBG]:SSC:Interface[4] set feeds to [7197].
[17:58:25:432]37800:[DBG]:SSC:finish write patent1.
[17:58:25:432]37800:[DBG]:SSC:Interface [-WARN-] need a Surf patent! [0] 
[17:58:25:432]37800:[DBG]:SSC:finish write patent2.
[17:58:25:447]37804:[DBG]:PAP:Unmask SN Dplx off
[17:58:25:447]37804:[DBG]:PAP:Unmask SN Adt on
[17:58:25:447]37804:[DBG]:SSC:Info flag = 0x00000001.
[17:58:25:463]37804:[DBG]:SSC:Interface[5] set feeds to [7179].
[17:58:25:463]37804:[DBG]:SSC:finish write patent1.
[17:58:25:463]37804:[DBG]:SSC:Interface [-WARN-] need a Surf patent! [0] 
[17:58:25:463]37804:[DBG]:SSC:finish write patent2.
[17:58:25:463]37806:[DBG]:SSC:Info flag = 0x00000001.
[17:58:25:463]37806:[DBG]:SSC:Interface[6] set feeds to [7198].
[17:58:25:494]37806:[DBG]:SSC:finish write patent1.
[17:58:25:494]37806:[DBG]:SSC:Interface [-WARN-] need a Surf patent! [0] 
[17:58:25:494]37806:[DBG]:SSC:finish write patent2.
[17:58:25:494]37808:[DBG]:SSC:Info flag = 0x00000001.
[17:58:25:494]37808:[DBG]:SSC:Interface[7] set feeds to [3172].
[17:58:25:494]37810:[DBG]:SSC:finish write patent1.
[17:58:25:510]37810:[DBG]:SSC:Interface [-WARN-] need a Surf patent! [0] 
[17:58:25:510]37810:[DBG]:SSC:finish write patent2.
[17:58:25:525]37810:[DBG]:SSC:Info flag = 0x00000001.
[17:58:25:525]37864:[DBG]:PAP:rv_st_pap_jam->sensor_id[1]
[17:58:25:525]37864:[DBG]:PAP:Jam act Sid[2] Code[5]
[17:58:25:541]37864:[DBG]:PMNG:JamInfo : s_id( 2 ) jam_code( 5 )
[17:58:25:541]37864:[DBG]:
[17:58:25:541] --------------- REG INFORMATION ------------- 
[17:58:25:541]37864:[DBG]:TGEN1_OVL_INPUT_MUX:0x0
[17:58:25:541]37864:[DBG]:TGEN2_OVL_INPUT_MUX:0xFF8FF3
[17:58:25:541]37864:[DBG]:SCA_OVLCTL1:0x60101000
[17:58:25:541]37864:[DBG]:SCA_OVLCTL2:0x60066
[17:58:25:557]37864:[DBG]:SCA_OVLCTL3:0x22220000
[17:58:25:557]37864:[DBG]:SCA_OVLCTL4:0x20222
[17:58:25:557]37864:[DBG]:SCA_OVLCTL5:0x11103000
[17:58:25:557]37864:[DBG]:SCA_OVLCTL6:0x14011111
[17:58:25:572]37864:[DBG]:SCA_OVLCTL7:0x1
[17:58:25:572]37864:[DBG]:SYS_OVLCTL1:0x16227777
[17:58:25:572]37864:[DBG]:SYS_OVLCTL2:0x11116611
[17:58:25:572]37864:[DBG]:SYS_OVLCTL3:0x11111111
[17:58:25:588]37864:[DBG]:SYS_OVLCTL4:0x6655611
[17:58:25:588]37864:[DBG]:SYS_OVLCTL5:0x5500330
[17:58:25:588]37864:[DBG]:SYS_OVLCTL6:0x0
[17:58:25:588]37864:[DBG]:SYS_OVLCTL7:0x0
[17:58:25:603]37864:[DBG]:PRT_OVLCTL1:0x50000200
[17:58:25:603]37864:[DBG]:PRT_OVLCTL2:0x2277775
[17:58:25:603]37864:[DBG]:PRT_OVLCTL3:0x0
[17:58:25:619]37864:[DBG]:PRT_OVLCTL4:0x23330000
[17:58:25:619]37864:[DBG]:PRT_OVLCTL5:0x72222222
[17:58:25:619]37864:[DBG]:PRT_OVLCTL6:0x66666666
[17:58:25:619]37864:[DBG]:PRT_OVLCTL7:0x1066
[17:58:25:635]37864:[DBG]:DDR_OVLCTL1:0x10
[17:58:25:635]37864:[DBG]:DDR_OVLCTL2:0x74400000
[17:58:25:635]37864:[DBG]:DDR_OVLCTL3:0x33007
[17:58:25:635]37864:[DBG]:PRT_ADC_EN:0x3C0
[17:58:25:635]37864:[DBG]:TG1PI7:0x80008040
[17:58:25:635]37864:[DBG]:TG1PO15:0x80008040
[17:58:25:635]37864:[DBG]:FUSER_ON_DET:0x80008040
[17:58:25:635]37864:[DBG]:PRT_PIODIRA:0xFFFB
[17:58:25:650]37864:[DBG]:SYS_PIODIRA:0x23FD3B0C
[17:58:25:650]37864:[DBG]:DDR_PIODIRA:0xFFF
[17:58:25:650]37864:[DBG]:PRT_PIOMSKA:0x4
[17:58:25:650]37864:[DBG]:SYS_PIOMSKA:0x140004F0
[17:58:25:666]37864:[DBG]:DDR_PIOMSKA:0x0
[17:58:25:666]37864:[DBG]:PRT_PIODATA:0x4
[17:58:25:666]37864:[DBG]:SYS_PIODATA:0x2FFFB4BD
[17:58:25:666]37864:[DBG]:DDR_PIODATA:0x0
[17:58:25:682]37864:[DBG]:SYS_PIODIN:0xCC70CBD
[17:58:25:682]37864:[DBG]:DDR_PIODIN:0x3F3
[17:58:25:682]37864:[DBG]:TG_BANK0_GPIODIR:0xDC00
[17:58:25:682]37864:[DBG]:TG_BANK1_GPIODIR:0xFFFF
[17:58:25:697]37864:[DBG]:TG2_BANK0_GPIODIR:0x720C
[17:58:25:697]37864:[DBG]:TG2_BANK1_GPIODIR:0xA360
[17:58:25:697]37864:[DBG]:TG3_BANK0_GPIODIR:0xDFFE
[17:58:25:713]37864:[DBG]:TG_BANK0_GPIOSRC:0x4A55
[17:58:25:713]37864:[DBG]:TG_BANK1_GPIOSRC:0x0
[17:58:25:713]37864:[DBG]:TG2_BANK0_GPIOSRC:0x91
[17:58:25:713]37864:[DBG]:TG2_BANK1_GPIOSRC:0xC00
[17:58:25:728]37864:[DBG]:TG3_BANK0_GPIOSRC:0x2300
[17:58:25:728]37864:[DBG]:TG_BANK0_GPIOOUT:0x202A
[17:58:25:728]37864:[DBG]:TG_BANK1_GPIOOUT:0x0
[17:58:25:728]37864:[DBG]:TG2_BANK0_GPIOOUT:0x8948
[17:58:25:728]37864:[DBG]:TG2_BANK1_GPIOOUT:0x4C00
[17:58:25:728]37864:[DBG]:TG3_BANK0_GPIOOUT:0x2000
[17:58:25:744]37864:[DBG]:TG_BANK1_GPIOIENF:0x0
[17:58:25:744]37864:[DBG]:TG2_BANK1_GPIOIENF:0x2000
[17:58:25:744]37864:[DBG]:
[17:58:25:744] ----------------------------------- 
[17:58:25:744]37864:[DBG]:PMNG:CancelSheet:JAM
[17:58:25:760]37864:[DBG]:PMNG:JAM_SELF sheet_id = ( 2 )
[17:58:25:760]37864:[DBG]:FUS:Process Cancel Message From PMNG
[17:58:25:775]37864:[DBG]:PMNG:Cancel Exec sheet_id = ( 2 )
[17:58:25:775]37864:[DBG]:PMNG:Cancel Judge Actuator Stop Result = ( 0 )
[17:58:25:775]37864:[DBG]:PAP:Cancel start!! Sid[2]Wait[7]Rear[3]
[17:58:25:791]37864:[INT]:OPT1:Clutch OFF
[17:58:25:791]37864:[DBG]:PAP:CL Option1[0] cnt[0]
[17:58:25:791]37864:[INT]:OPT1:Motor off
[17:58:25:806]37864:[DBG]:PAP:MT off option1 cnt[0] spd[0]
[17:58:25:806]37864:[DBG]:setmp=11,1
[17:58:25:806]37864:[DBG]:STS:MAIN->ALARM  ,SUB->JAM    
[17:58:25:806]37864:[DBG]:IMG:Med Jam Stop[2]
[17:58:25:806]37864:[DBG]:IMG:Med Paper Exit[2]
[17:58:25:806]37866:[DBG]:IMG:Tsk Imaging Stop:2
[17:58:25:806]37866:[DBG]:PMNG:Paper Finish( 2 )
[17:58:25:838]37866:[DBG]:IMG:Med Imaging Process Cancel:2,1
[17:58:25:838]37866:[DBG]:IMG:Med Imaging Print Finish[2]
[17:58:25:838]37866:[DBG]:PMNG:Sheet Complete( 2 )
[17:58:25:838]37866:[DBG]:PMNG:Check Remain Sheet:1 0 0 0 0
[17:58:25:838]37866:[DBG]:PMNG:Main Motor Status is 1
[17:58:25:838]37866:[DBG]:PMNG:Fuser Motor Status is 2
[17:58:25:853]37866:[DBG]:PMNG:Print Complete Judge 1 0 0 0
[17:58:25:853]37866:[DBG]:PMNG:Image Finish( 2 )
[17:58:25:853]37866:[DBG]:IMG:Med Imaging Complete[2]
[17:58:25:869]37866:[DBG]:PAP:##Paper complete!! Sid[2]
[17:58:25:869]37874:[DBG]:CMD:[0x37]->[0x00]
[17:58:25:869]37874:[DBG]:CMD:[0x01]->[0x02]
[17:58:25:869]37880:[DBG]:CMD:[0x02]->[0x04]
[17:58:25:885]37884:[DBG]:CMD:[0x08]->[0x00]
[17:58:25:885]37884:[DBG]:CMD:[0x09]->[0x00]
[17:58:25:885]37886:[DBG]:CMD:[0xD4]->[0x02]
[17:58:25:885]37886:[DBG]:   :[0x01]->[0x00]
[17:58:25:900]37886:[DBG]:   :[0x02]->[0x05]
[17:58:25:900]37886:[DBG]:   :[0x03]->[0x00]
[17:58:25:900]37886:[DBG]:   :[0x04]->[0x00]
[17:58:25:900]37886:[DBG]:   :[0x05]->[0x00]
[17:58:25:916]37886:[DBG]:   :[0x06]->[0x00]
[17:58:25:916]37888:[DBG]:CMD:[0x20]->[0x00]
[17:58:25:916]37888:[DBG]:CMD:[0x30]->[0x01]
[17:58:25:916]37890:[DBG]:CMD:[0x31]->[0x01]
[17:58:25:931]37892:[DBG]:CMD:[0x32]->[0x11]
[17:58:25:931]37892:[DBG]:CMD:[0x33]->[0x11]
[17:58:25:931]37894:[DBG]:IMG:Comp Trans2 Level:1, Target:[520]
[17:58:25:947]37894:[DBG]:IMG:Tab Get Thv2 Stage[1] Time:250
[17:58:25:947]37994:[DBG]:CMD:[0x37]->[0x00]
[17:58:25:947]37994:[DBG]:CMD:[0x01]->[0x02]
[17:58:25:947]37996:[DBG]:CMD:[0x02]->[0x04]
[17:58:25:963]37998:[DBG]:CMD:[0x08]->[0x00]
[17:58:25:963]37998:[DBG]:CMD:[0x09]->[0x00]
[17:58:25:963]38000:[DBG]:CMD:[0xD4]->[0x02]
[17:58:25:963]38000:[DBG]:   :[0x01]->[0x00]
[17:58:25:963]38000:[DBG]:   :[0x02]->[0x05]
[17:58:25:963]38000:[DBG]:   :[0x03]->[0x00]
[17:58:25:963]38000:[DBG]:   :[0x04]->[0x00]
[17:58:25:963]38000:[DBG]:   :[0x05]->[0x00]
[17:58:25:994]38000:[DBG]:   :[0x06]->[0x00]
[17:58:25:994]38000:[DBG]:CMD:[0x20]->[0x00]
[17:58:25:994]38002:[DBG]:CMD:[0x30]->[0x01]
[17:58:25:994]38004:[DBG]:CMD:[0x31]->[0x01]
[17:58:25:994]38004:[DBG]:CMD:[0x32]->[0x11]
[17:58:25:994]38004:[DBG]:CMD:[0x33]->[0x11]
[17:58:25:994]38106:[DBG]:CMD:[0x37]->[0x00]
[17:58:25:994]38106:[DBG]:CMD:[0x01]->[0x02]
[17:58:26:010]38108:[DBG]:CMD:[0x02]->[0x04]
[17:58:26:010]38108:[DBG]:CMD:[0x08]->[0x00]
[17:58:26:010]38110:[DBG]:CMD:[0x09]->[0x00]
[17:58:26:010]38112:[DBG]:CMD:[0xD4]->[0x02]
[17:58:26:025]38112:[DBG]:   :[0x01]->[0x00]
[17:58:26:025]38112:[DBG]:   :[0x02]->[0x05]
[17:58:26:025]38112:[DBG]:   :[0x03]->[0x00]
[17:58:26:025]38112:[DBG]:   :[0x04]->[0x00]
[17:58:26:041]38112:[DBG]:   :[0x05]->[0x00]
[17:58:26:041]38112:[DBG]:   :[0x06]->[0x00]
[17:58:26:041]38112:[DBG]:CMD:[0x20]->[0x00]
[17:58:26:041]38114:[DBG]:CMD:[0x30]->[0x01]
[17:58:26:056]38114:[DBG]:CMD:[0x31]->[0x01]
[17:58:26:056]38118:[DBG]:CMD:[0x32]->[0x11]
[17:58:26:056]38120:[DBG]:CMD:[0x33]->[0x11]
[17:58:26:072]38146:[DBG]:IMG:Comp TransCleaning .. Repeat Finish(3) Time(3000)ms
[17:58:26:072]38146:[DBG]:IMG:Comp Trans2 Level:0, Target:[-220]
[17:58:26:072]38146:[DBG]:IMG:Tab Get Thv2 Stage[0] Time:500
[17:58:26:088]38222:[DBG]:CMD:[0x37]->[0x00]
[17:58:26:088]38224:[DBG]:CMD:[0x01]->[0x02]
[17:58:26:088]38226:[DBG]:CMD:[0x02]->[0x04]
[17:58:26:088]38226:[DBG]:CMD:[0x08]->[0x00]
[17:58:26:103]38228:[DBG]:CMD:[0x09]->[0x00]
[17:58:26:103]38228:[DBG]:CMD:[0xD4]->[0x02]
[17:58:26:103]38228:[DBG]:   :[0x01]->[0x00]
[17:58:26:103]38228:[DBG]:   :[0x02]->[0x05]
[17:58:26:119]38228:[DBG]:   :[0x03]->[0x00]
[17:58:26:119]38228:[DBG]:   :[0x04]->[0x00]
[17:58:26:119]38228:[DBG]:   :[0x05]->[0x00]
[17:58:26:119]38228:[DBG]:   :[0x06]->[0x00]
[17:58:26:135]38230:[DBG]:CMD:[0x20]->[0x00]
[17:58:26:135]38230:[DBG]:CMD:[0x30]->[0x01]
[17:58:26:135]38232:[DBG]:CMD:[0x31]->[0x01]
[17:58:26:135]38232:[DBG]:CMD:[0x32]->[0x11]
[17:58:26:150]38234:[DBG]:CMD:[0x33]->[0x11]
[17:58:26:150]38334:[DBG]:CMD:[0x37]->[0x00]
[17:58:26:150]38336:[DBG]:CMD:[0x01]->[0x02]
[17:58:26:150]38336:[DBG]:CMD:[0x02]->[0x04]
[17:58:26:150]38338:[DBG]:CMD:[0x08]->[0x00]
[17:58:26:150]38338:[DBG]:CMD:[0x09]->[0x00]
[17:58:26:150]38340:[DBG]:CMD:[0xD4]->[0x02]
[17:58:26:150]38340:[DBG]:   :[0x01]->[0x00]
[17:58:26:166]38340:[DBG]:   :[0x02]->[0x05]
[17:58:26:166]38340:[DBG]:   :[0x03]->[0x00]
[17:58:26:166]38340:[DBG]:   :[0x04]->[0x00]
[17:58:26:166]38340:[DBG]:   :[0x05]->[0x00]
[17:58:26:197]38340:[DBG]:   :[0x06]->[0x00]
[17:58:26:197]38340:[DBG]:CMD:[0x20]->[0x00]
[17:58:26:197]38342:[DBG]:CMD:[0x30]->[0x01]
[17:58:26:197]38342:[DBG]:CMD:[0x31]->[0x01]
[17:58:26:197]38344:[DBG]:CMD:[0x32]->[0x11]
[17:58:26:197]38346:[DBG]:CMD:[0x33]->[0x11]
[17:58:26:197]38446:[DBG]:CMD:[0x37]->[0x00]
[17:58:26:197]38446:[DBG]:CMD:[0x01]->[0x02]
[17:58:26:213]38448:[DBG]:CMD:[0x02]->[0x04]
[17:58:26:213]38448:[DBG]:CMD:[0x08]->[0x00]
[17:58:26:213]38450:[DBG]:CMD:[0x09]->[0x00]
[17:58:26:213]38450:[DBG]:CMD:[0xD4]->[0x02]
[17:58:26:228]38450:[DBG]:   :[0x01]->[0x00]
[17:58:26:228]38450:[DBG]:   :[0x02]->[0x05]
[17:58:26:228]38450:[DBG]:   :[0x03]->[0x00]
[17:58:26:228]38450:[DBG]:   :[0x04]->[0x00]
[17:58:26:244]38450:[DBG]:   :[0x05]->[0x00]
[17:58:26:244]38450:[DBG]:   :[0x06]->[0x00]
[17:58:26:244]38452:[DBG]:CMD:[0x20]->[0x00]
[17:58:26:244]38454:[DBG]:CMD:[0x30]->[0x01]
[17:58:26:259]38454:[DBG]:CMD:[0x31]->[0x01]
[17:58:26:259]38456:[DBG]:CMD:[0x32]->[0x11]
[17:58:26:259]38456:[DBG]:CMD:[0x33]->[0x11]
[17:58:26:259]38562:[DBG]:CMD:[0x37]->[0x00]
[17:58:26:275]38562:[DBG]:CMD:[0x01]->[0x02]
[17:58:26:275]38562:[DBG]:CMD:[0x02]->[0x04]
[17:58:26:275]38564:[DBG]:CMD:[0x08]->[0x00]
[17:58:26:275]38566:[DBG]:CMD:[0x09]->[0x00]
[17:58:26:291]38566:[DBG]:CMD:[0xD4]->[0x02]
[17:58:26:291]38566:[DBG]:   :[0x01]->[0x00]
[17:58:26:291]38566:[DBG]:   :[0x02]->[0x05]
[17:58:26:291]38566:[DBG]:   :[0x03]->[0x00]
[17:58:26:306]38566:[DBG]:   :[0x04]->[0x00]
[17:58:26:306]38566:[DBG]:   :[0x05]->[0x00]
[17:58:26:306]38566:[DBG]:   :[0x06]->[0x00]
[17:58:26:306]38566:[DBG]:CMD:[0x20]->[0x00]
[17:58:26:322]38568:[DBG]:CMD:[0x30]->[0x01]
[17:58:26:322]38570:[DBG]:CMD:[0x31]->[0x01]
[17:58:26:322]38570:[DBG]:CMD:[0x32]->[0x11]
[17:58:26:322]38572:[DBG]:CMD:[0x33]->[0x11]
[17:58:26:338]38646:[DBG]:PAP:Sn[4] Value[0]
[17:58:26:338]38646:[DBG]:PAP:SN Adt on
[17:58:26:338]38646:[DBG]:PAP:Transfer Adjust In sensor on Sid[1]
[17:58:26:353]38646:[DBG]:PAP:g_pap_adjust_stop_time[94] Sid[1]
[17:58:26:353]38646:[DBG]:STS:free memory size: 14960 bytes
[17:58:26:353]38648:[DBG]:IMG:Comp Trans2 Level:1, Target:[520]
[17:58:26:353]38648:[DBG]:IMG:Tab Get Thv2 Stage[1] Time:250
[17:58:26:353]38674:[DBG]:CMD:[0x37]->[0x00]
[17:58:26:353]38674:[DBG]:CMD:[0x01]->[0x02]
[17:58:26:369]38674:[DBG]:CMD:[0x02]->[0x04]
[17:58:26:369]38676:[DBG]:CMD:[0x08]->[0x00]
[17:58:26:369]38676:[DBG]:CMD:[0x09]->[0x00]
[17:58:26:369]38678:[DBG]:CMD:[0xD4]->[0x02]
[17:58:26:385]38678:[DBG]:   :[0x01]->[0x00]
[17:58:26:385]38678:[DBG]:   :[0x02]->[0x05]
[17:58:26:385]38678:[DBG]:   :[0x03]->[0x00]
[17:58:26:385]38678:[DBG]:   :[0x04]->[0x00]
[17:58:26:400]38678:[DBG]:   :[0x05]->[0x00]
[17:58:26:400]38678:[DBG]:   :[0x06]->[0x00]
[17:58:26:400]38680:[DBG]:CMD:[0x20]->[0x00]
[17:58:26:400]38680:[DBG]:CMD:[0x30]->[0x01]
[17:58:26:416]38682:[DBG]:CMD:[0x31]->[0x01]
[17:58:26:416]38684:[DBG]:CMD:[0x32]->[0x11]
[17:58:26:416]38684:[DBG]:CMD:[0x33]->[0x11]
[17:58:26:416]38690:[DBG]:LSU:Imaging Write Stop
[17:58:26:431]38690:[DBG]:IMG:Med Vsync[1][1].
[17:58:26:431]38690:[DBG]:IMG:Med Vsync Off Info:0
[17:58:26:431]38690:[DBG]:TONER:Log Data 0x2005
[17:58:26:447]38690:[DBG]:TONER:VsyncOffDelay2MotorOff[550].
[17:58:26:447]38690:[DBG]:TONER:Execute[4].
[17:58:26:447]38690:[DBG]:IMG:Tab Get Devlop[Y] Stage[3] Time:150
[17:58:26:463]38690:[DBG]:IMG:Tsk_image Dev Ac Off Time:2037
[17:58:26:463]38728:[DBG]:TONER:TCLevelRead[K,0002,0960]!
[17:58:26:463]38728:[DBG]:TONER:TCLevelRead[Y,0002,0873]!
[17:58:26:463]38728:[DBG]:TONER:TCLevelRead[M,0002,0848]!
[17:58:26:463]38728:[DBG]:TONER:TCLevelRead[C,0002,0825]!
[17:58:26:463]38742:[INT]:PAP:Int CL Duplex [0] cnt[1]
[17:58:26:494]38742:[DBG]:PAP:Adjust stop, Sid[1]
[17:58:26:494]38742:[DBG]:FUS:Proc(1) Regist Arrive!! C_Temp = 187 R_Temp = 169 F_Temp = 168 Tar_Temp = 190
[17:58:26:494]38750:[DBG]:TONER:TcSnrErrCk262-2x[1,0].
[17:58:26:494]38750:[DBG]:TONER:TcSetCal[K]-As2,CppAs[2],DotAs[701].
[17:58:26:509]38750:[DBG]:TONER:TcSetCal[K]-CppJudge,CppAs[2],Limit[10].
[17:58:26:509]38750:[DBG]:TONER:TcSetCal[K]-Type2[1,0,0],CppFlag[0],DotTc[0],DotTcFlag[0],TcLevel[0],Target[0],LL5[100],TcSetMin[-308].
[17:58:26:525]38750:[DBG]:setmp=770,223
[17:58:26:525]38750:[DBG]:setmp=774,216978
[17:58:26:541]38750:[DBG]:TONER:Consume[K]-AsCal,CppAs[223],DotAs[216978].
[17:58:26:541]38750:[DBG]:TONER:TcStopJudge[K],TcDisable[0,0],TcCnt[0],DotCnt[0],TcS[0,20000],ByDotFlag[0],TcOkCnt[0,8].
[17:58:26:556]38750:[DBG]:CAL:Med isCalibMedExeStatus  = 0 
[17:58:26:556]38750:[DBG]:TONER:PrintToSpecialJudge[K],TLV[960],Target[823],LL2[248],Fcnt[0,max = 2],Cal[0].
[17:58:26:572]38750:[DBG]:TONER:TcSetCal[Y]-As2,CppAs[2],DotAs[521].
[17:58:26:572]38750:[DBG]:TONER:TcSetCal[Y]-CppJudge,CppAs[2],Limit[10].
[17:58:26:588]38750:[DBG]:TONER:TcSetCal[Y]-Type2[1,0,0],CppFlag[0],DotTc[0],DotTcFlag[0],TcLevel[0],Target[0],LL5[100],TcSetMin[-330].
[17:58:26:603]38750:[DBG]:setmp=771,223
[17:58:26:603]38750:[DBG]:setmp=775,86110
[17:58:26:603]38750:[DBG]:TONER:Consume[Y]-AsCal,CppAs[223],DotAs[86110].
[17:58:26:603]38750:[DBG]:TONER:TcStopJudge[Y],TcDisable[0,0],TcCnt[0],DotCnt[0],TcS[0,20000],ByDotFlag[0],TcOkCnt[0,8].
[17:58:26:634]38750:[DBG]:CAL:Med isCalibMedExeStatus  = 0 
[17:58:26:634]38750:[DBG]:TONER:PrintToSpecialJudge[Y],TLV[873],Target[807],LL2[238],Fcnt[0,max = 2],Cal[0].
[17:58:26:634]38750:[DBG]:TONER:TcSetCal[M]-As2,CppAs[2],DotAs[945].
[17:58:26:634]38750:[DBG]:TONER:TcSetCal[M]-CppJudge,CppAs[2],Limit[10].
[17:58:26:650]38750:[DBG]:TONER:TcSetCal[M]-Type2[1,0,0],CppFlag[0],DotTc[0],DotTcFlag[0],TcLevel[0],Target[0],LL5[100],TcSetMin[-330].
[17:58:26:650]38750:[DBG]:setmp=772,223
[17:58:26:666]38750:[DBG]:setmp=776,135921
[17:58:26:666]38750:[DBG]:TONER:Consume[M]-AsCal,CppAs[223],DotAs[135921].
[17:58:26:681]38750:[DBG]:TONER:TcStopJudge[M],TcDisable[0,0],TcCnt[0],DotCnt[0],TcS[0,20000],ByDotFlag[0],TcOkCnt[0,8].
[17:58:26:681]38750:[DBG]:CAL:Med isCalibMedExeStatus  = 0 
[17:58:26:697]38750:[DBG]:TONER:PrintToSpecialJudge[M],TLV[848],Target[790],LL2[238],Fcnt[0,max = 2],Cal[0].
[17:58:26:697]38750:[DBG]:TONER:TcSetCal[C]-As2,CppAs[2],DotAs[580].
[17:58:26:713]38750:[DBG]:TONER:TcSetCal[C]-CppJudge,CppAs[2],Limit[10].
[17:58:26:713]38750:[DBG]:TONER:TcSetCal[C]-Type2[1,0,0],CppFlag[0],DotTc[0],DotTcFlag[0],TcLevel[0],Target[0],LL5[100],TcSetMin[-330].
[17:58:26:728]38750:[DBG]:setmp=773,223
[17:58:26:728]38750:[DBG]:setmp=777,93236
[17:58:26:744]38750:[DBG]:TONER:Consume[C]-AsCal,CppAs[223],DotAs[93236].
[17:58:26:744]38750:[DBG]:TONER:TcStopJudge[C],TcDisable[0,0],TcCnt[0],DotCnt[0],TcS[0,20000],ByDotFlag[0],TcOkCnt[0,8].
[17:58:26:744]38750:[DBG]:CAL:Med isCalibMedExeStatus  = 0 
[17:58:26:759]38750:[DBG]:TONER:PrintToSpecialJudge[C],TLV[825],Target[770],LL2[238],Fcnt[0,max = 2],Cal[0].
[17:58:26:759]38750:[DBG]:TONER:TonerFillSpecialFlag[0,0,0,0,0]
[17:58:26:791]38750:[DBG]:TONER:FillNormal[K]-DaCalJudge,Dot[701184],Dot_min[0].
[17:58:26:791]38750:[DBG]:TONER:FillNormal[K]-TaCal,Ta[13,100],OpcLifeLv[0],EnvLv[1],dot[701184].
[17:58:26:791]38750:[DBG]:TONER:Fe1Check[K],Fe1[0],Ta_Fe[0],Ta[13],Tdh_Fe[3000]
[17:58:26:791]38750:[DBG]:TONER:Fe1Check[K],Flag[1,0,0].
[17:58:26:806]38750:[DBG]:TONER:FillNormal[K]-TcRCal,Tc_r[316,100],DotLv[0],TcDelLv[14],dot[701184].
[17:58:26:806]38750:[DBG]:TONER:FillNormal[K]-Da0Cal,TcDisable[0,0],Da0[41],Ta[13,100],TcR[316,100],DotOfs[0],CppAs[0],CppUl[15].
[17:58:26:822]38750:[DBG]:TONER:FillNormal[K]-Da0Life[44,3].
[17:58:26:837]38750:[DBG]:TONER:FillNormal[K]-DaCal,Da[41],Da0[41].
[17:58:26:837]38750:[DBG]:TONER:FillNormal[Y]-DaCalJudge,Dot[521984],Dot_min[0].
[17:58:26:853]38750:[DBG]:TONER:FillNormal[Y]-TaCal,Ta[13,100],OpcLifeLv[0],EnvLv[1],dot[521984].
[17:58:26:853]38750:[DBG]:TONER:Fe1Check[Y],Fe1[0],Ta_Fe[0],Ta[13],Tdh_Fe[3000]
[17:58:26:869]38750:[DBG]:TONER:Fe1Check[Y],Flag[1,0,0].
[17:58:26:869]38750:[DBG]:TONER:FillNormal[Y]-TcRCal,Tc_r[280,100],DotLv[0],TcDelLv[10],dot[521984].
[17:58:26:869]38750:[DBG]:TONER:FillNormal[Y]-Da0Cal,TcDisable[0,0],Da0[36],Ta[13,100],TcR[280,100],DotOfs[0],CppAs[0],CppUl[15].
[17:58:26:900]38750:[DBG]:TONER:FillNormal[Y]-Da0Life[38,2].
[17:58:26:900]38750:[DBG]:TONER:FillNormal[Y]-DaCal,Da[36],Da0[36].
[17:58:26:900]38752:[DBG]:TONER:FillNormal[M]-DaCalJudge,Dot[945920],Dot_min[0].
[17:58:26:900]38752:[DBG]:TONER:FillNormal[M]-TaCal,Ta[17,100],OpcLifeLv[0],EnvLv[1],dot[945920].
[17:58:26:916]38752:[DBG]:TONER:Fe1Check[M],Fe1[0],Ta_Fe[0],Ta[17],Tdh_Fe[3000]
[17:58:26:916]38752:[DBG]:TONER:Fe1Check[M],Flag[1,0,0].
[17:58:26:947]38752:[DBG]:TONER:FillNormal[M]-TcRCal,Tc_r[244,100],DotLv[0],TcDelLv[9],dot[945920].
[17:58:26:947]38752:[DBG]:TONER:FillNormal[M]-Da0Cal,TcDisable[0,0],Da0[41],Ta[17,100],TcR[244,100],DotOfs[0],CppAs[0],CppUl[15].
[17:58:26:962]38752:[DBG]:TONER:FillNormal[M]-Da0Life[43,2].
[17:58:27:009]38752:[DBG]:TONER:FillNormal[M]-DaCal,Da[41],Da0[41].
[17:58:27:009]38752:[DBG]:TONER:FillNormal[C]-DaCalJudge,Dot[580224],Dot_min[0].
[17:58:27:025]38752:[DBG]:TONER:FillNormal[C]-TaCal,Ta[13,100],OpcLifeLv[0],EnvLv[1],dot[580224].
[17:58:27:025]38752:[DBG]:TONER:Fe1Check[C],Fe1[0],Ta_Fe[0],Ta[13],Tdh_Fe[3000]
[17:58:27:041]38752:[DBG]:TONER:Fe1Check[C],Flag[1,0,0].
[17:58:27:041]38752:[DBG]:TONER:FillNormal[C]-TcRCal,Tc_r[244,100],DotLv[0],TcDelLv[9],dot[580224].
[17:58:27:072]38752:[DBG]:TONER:FillNormal[C]-Da0Cal,TcDisable[0,0],Da0[31],Ta[13,100],TcR[244,100],DotOfs[0],CppAs[0],CppUl[15].
[17:58:27:087]38752:[DBG]:TONER:FillNormal[C]-Da0Life[33,2].
[17:58:27:087]38752:[DBG]:TONER:FillNormal[C]-DaCal,Da[31],Da0[31].
[17:58:27:087]38752:[DBG]:STS:toner-K weight =44 mg
[17:58:27:134]38754:[DBG]:SSC:Interface[3] set consumbtion [182949]->[182993]
[17:58:27:134]38754:[DBG]:SSC:Info flag = 0x00000001.
[17:58:27:134]38756:[DBG]:SSC:Interface[3] Toner Used Page [7317]->[7319]
[17:58:27:134]38756:[DBG]:SSC:Info to EC MP[36] --> [512]
[17:58:27:134]38756:[DBG]:setmp=118,51
[17:58:27:150]38756:[DBG]:SSC:Info to EC MP[40] --> [7319]
[17:58:27:150]38756:[DBG]:setmp=126,7319
[17:58:27:150]38756:[DBG]:STS:toner-Y weight =38 mg
[17:58:27:181]38756:[DBG]:SSC:Interface[2] set consumbtion [99085]->[99123]
[17:58:27:181]38756:[DBG]:SSC:Info flag = 0x00000001.
[17:58:27:197]38760:[DBG]:SSC:Interface[2] Toner Used Page [5215]->[5217]
[17:58:27:197]38760:[DBG]:SSC:Info to EC MP[35] --> [565]
[17:58:27:197]38760:[DBG]:setmp=121,57
[17:58:27:212]38760:[DBG]:SSC:Info to EC MP[39] --> [5217]
[17:58:27:212]38762:[DBG]:setmp=129,5217
[17:58:27:212]38762:[DBG]:STS:toner-M weight =43 mg
[17:58:27:244]38762:[DBG]:SSC:Interface[1] set consumbtion [29699]->[29742]
[17:58:27:244]38762:[DBG]:SSC:Info flag = 0x00000001.
[17:58:27:244]38764:[DBG]:SSC:Iface[1] Toner Used Page [1649]->[1652]
[17:58:27:259]38764:[DBG]:SSC:Info to EC MP[34] --> [862]
[17:58:27:259]38764:[DBG]:setmp=120,86
[17:58:27:259]38764:[DBG]:SSC:Info to EC MP[38] --> [1652]
[17:58:27:259]38764:[DBG]:setmp=128,1652
[17:58:27:306]38764:[DBG]:STS:toner-C weight =33 mg
[17:58:27:306]38764:[DBG]:SSC:Interface[0] set consumbtion [19459]->[19492]
[17:58:27:306]38764:[DBG]:SSC:Info flag = 0x00000001.
[17:58:27:306]38766:[DBG]:SSC:Interface[0] Toner Used Page [1081]->[1082]
[17:58:27:306]38766:[DBG]:SSC:Info to EC MP[33] --> [909]
[17:58:27:322]38766:[DBG]:setmp=119,91
[17:58:27:322]38766:[DBG]:SSC:Info to EC MP[37] --> [1082]
[17:58:27:322]38766:[DBG]:setmp=127,1082
[17:58:27:322]38786:[DBG]:CMD:[0x37]->[0x00]
[17:58:27:353]38786:[DBG]:CMD:[0x01]->[0x02]
[17:58:27:353]38786:[DBG]:CMD:[0x02]->[0x04]
[17:58:27:353]38788:[DBG]:CMD:[0x08]->[0x00]
[17:58:27:353]38788:[DBG]:CMD:[0x09]->[0x00]
[17:58:27:369]38790:[DBG]:CMD:[0xD4]->[0x02]
[17:58:27:369]38790:[DBG]:   :[0x01]->[0x00]
[17:58:27:369]38790:[DBG]:   :[0x02]->[0x05]
[17:58:27:369]38790:[DBG]:   :[0x03]->[0x00]
[17:58:27:400]38790:[DBG]:   :[0x04]->[0x00]
[17:58:27:400]38790:[DBG]:   :[0x05]->[0x00]
[17:58:27:400]38790:[DBG]:   :[0x06]->[0x00]
[17:58:27:400]38792:[DBG]:CMD:[0x20]->[0x00]
[17:58:27:431]38792:[DBG]:CMD:[0x30]->[0x01]
[17:58:27:431]38794:[DBG]:CMD:[0x31]->[0x01]
[17:58:27:431]38794:[DBG]:CMD:[0x32]->[0x11]
[17:58:27:431]38796:[DBG]:CMD:[0x33]->[0x11]
[17:58:27:447]38896:[DBG]:CMD:[0x37]->[0x00]
[17:58:27:447]38898:[DBG]:CMD:[0x01]->[0x02]
[17:58:27:447]38898:[DBG]:CMD:[0x02]->[0x04]
[17:58:27:478]38900:[DBG]:IMG:Comp TransCleaning .. Repeat Finish(4) Time(4000)ms
[17:58:27:478]38900:[DBG]:CMD:[0x08]->[0x00]
[17:58:27:478]38900:[DBG]:IMG:Comp Trans2 Level:0, Target:[-220]
[17:58:27:494]38900:[DBG]:IMG:Tab Get Thv2 Stage[0] Time:500
[17:58:27:494]38900:[DBG]:CMD:[0x09]->[0x00]
[17:58:27:494]38902:[DBG]:CMD:[0xD4]->[0x02]
[17:58:27:494]38902:[DBG]:   :[0x01]->[0x00]
[17:58:27:509]38902:[DBG]:   :[0x02]->[0x05]
[17:58:27:509]38902:[DBG]:   :[0x03]->[0x00]
[17:58:27:509]38902:[DBG]:   :[0x04]->[0x00]
[17:58:27:509]38902:[DBG]:   :[0x05]->[0x00]
[17:58:27:540]38902:[DBG]:   :[0x06]->[0x00]
[17:58:27:540]38902:[DBG]:CMD:[0x20]->[0x00]
[17:58:27:540]38904:[DBG]:CMD:[0x30]->[0x01]
[17:58:27:540]38906:[DBG]:CMD:[0x31]->[0x01]
[17:58:27:556]38906:[DBG]:CMD:[0x32]->[0x11]
[17:58:27:556]38906:[DBG]:CMD:[0x33]->[0x11]
[17:58:27:556]39008:[DBG]:CMD:[0x37]->[0x00]
[17:58:27:556]39008:[DBG]:CMD:[0x01]->[0x02]
[17:58:27:572]39010:[DBG]:CMD:[0x02]->[0x04]
[17:58:27:572]39012:[DBG]:CMD:[0x08]->[0x00]
[17:58:27:572]39012:[DBG]:CMD:[0x09]->[0x00]
[17:58:27:572]39012:[DBG]:CMD:[0xD4]->[0x02]
[17:58:27:603]39012:[DBG]:   :[0x01]->[0x00]
[17:58:27:603]39012:[DBG]:   :[0x02]->[0x05]
[17:58:27:603]39012:[DBG]:   :[0x03]->[0x00]
[17:58:27:603]39014:[DBG]:   :[0x04]->[0x00]
[17:58:27:619]39014:[DBG]:   :[0x05]->[0x00]
[17:58:27:619]39014:[DBG]:   :[0x06]->[0x00]
[17:58:27:619]39014:[DBG]:CMD:[0x20]->[0x00]
[17:58:27:619]39018:[DBG]:CMD:[0x30]->[0x01]
[17:58:27:634]39020:[DBG]:CMD:[0x31]->[0x01]
[17:58:27:634]39022:[DBG]:CMD:[0x32]->[0x11]
[17:58:27:634]39022:[DBG]:CMD:[0x33]->[0x11]
[17:58:27:634]39124:[DBG]:CMD:[0x37]->[0x00]
[17:58:27:665]39124:[DBG]:CMD:[0x01]->[0x02]
[17:58:27:665]39126:[DBG]:CMD:[0x02]->[0x04]
[17:58:27:665]39126:[DBG]:CMD:[0x08]->[0x00]
[17:58:27:665]39128:[DBG]:CMD:[0x09]->[0x00]
[17:58:27:681]39128:[DBG]:CMD:[0xD4]->[0x02]
[17:58:27:681]39128:[DBG]:   :[0x01]->[0x00]
[17:58:27:681]39128:[DBG]:   :[0x02]->[0x05]
[17:58:27:681]39128:[DBG]:   :[0x03]->[0x00]
[17:58:27:713]39128:[DBG]:   :[0x04]->[0x00]
[17:58:27:713]39128:[DBG]:   :[0x05]->[0x00]
[17:58:27:728]39128:[DBG]:   :[0x06]->[0x00]
[17:58:27:728]39130:[DBG]:CMD:[0x20]->[0x00]
[17:58:27:728]39130:[DBG]:CMD:[0x30]->[0x01]
[17:58:27:728]39132:[DBG]:CMD:[0x31]->[0x01]
[17:58:27:728]39134:[DBG]:CMD:[0x32]->[0x11]
[17:58:27:728]39134:[DBG]:CMD:[0x33]->[0x11]
[17:58:27:728]39234:[DBG]:CMD:[0x37]->[0x00]
[17:58:27:728]39236:[DBG]:CMD:[0x01]->[0x02]
[17:58:27:744]39236:[DBG]:CMD:[0x02]->[0x04]
[17:58:27:744]39238:[DBG]:CMD:[0x08]->[0x00]
[17:58:27:744]39240:[DBG]:CMD:[0x09]->[0x00]
[17:58:27:744]39240:[DBG]:CMD:[0xD4]->[0x02]
[17:58:27:791]39240:[DBG]:   :[0x01]->[0x00]
[17:58:27:791]39240:[DBG]:   :[0x02]->[0x05]
[17:58:27:791]39240:[DBG]:   :[0x03]->[0x00]
[17:58:27:791]39240:[DBG]:   :[0x04]->[0x00]
[17:58:27:791]39240:[DBG]:   :[0x05]->[0x00]
[17:58:27:791]39240:[DBG]:   :[0x06]->[0x00]
[17:58:27:791]39240:[DBG]:CMD:[0x20]->[0x00]
[17:58:27:791]39242:[DBG]:TONER:TonerFillStop.
[17:58:27:837]39242:[DBG]:CMD:[0x30]->[0x01]
[17:58:27:837]39244:[DBG]:CMD:[0x31]->[0x01]
[17:58:27:837]39244:[DBG]:CMD:[0x32]->[0x11]
[17:58:27:837]39246:[DBG]:CMD:[0x33]->[0x11]
[17:58:27:837]39330:[DBG]:PAP:Adjust pass count clear
[17:58:27:837]39330:[DBG]:PAP:Adt start condition ok Sid[1]
[17:58:27:837]39330:[DBG]:PAP:Release adjust_owner[16512]
[17:58:27:853]39332:[INT]:PAP:Int CL Duplex [1] cnt[1]
[17:58:27:853]39332:[INT]:PAP:Int CL Adjust [1] cnt[1]
[17:58:27:853]39332:[DBG]:PAP:Adjust start, Sid[1]
[17:58:27:900]39332:[DBG]:IMG:Med Paper Restart[1]
[17:58:27:900]39332:[DBG]:IMG:Channel Info Paper Restart
[17:58:27:900]39332:[DBG]:IMG:Comp Trans Repeat Cleaning finsh.. Count(4) Time(4000)ms
[17:58:27:915]39332:[DBG]:IMG:Comp Trans2 Level:0, Target:[-220]
[17:58:27:915]39332:[DBG]:FUS:Proc(1) Regist Restart!! C_Temp = 188 R_Temp = 169 F_Temp = 169 Tar_Temp = 190
[17:58:27:915]39332:[DBG]:PAP:duplex feed space set time[1294] value[900] dbg[0]
[17:58:27:947]39332:[DBG]:IMG:paper restart[1]
[17:58:27:947]39332:[DBG]:IMG:Tab Get Thv2 Stage[14] Time:120
[17:58:27:947]39332:[DBG]:IMG:Comp Trans2 Level:0, Target:[-220]
[17:58:27:962]39334:[DBG]:PAP:Unmask SN Ext on
[17:58:27:962]39334:[DBG]:PAP:Unmask SN Adt off
[17:58:27:962]39348:[DBG]:CMD:[0x37]->[0x00]
[17:58:27:962]39348:[DBG]:CMD:[0x01]->[0x02]
[17:58:27:978]39348:[DBG]:CMD:[0x02]->[0x04]
[17:58:27:978]39350:[DBG]:CMD:[0x08]->[0x00]
[17:58:27:978]39352:[DBG]:CMD:[0x09]->[0x00]
[17:58:27:978]39352:[DBG]:CMD:[0xD4]->[0x02]
[17:58:28:009]39352:[DBG]:   :[0x01]->[0x00]
[17:58:28:009]39352:[DBG]:   :[0x02]->[0x05]
[17:58:28:009]39352:[DBG]:   :[0x03]->[0x00]
[17:58:28:009]39352:[DBG]:   :[0x04]->[0x00]
[17:58:28:040]39352:[DBG]:   :[0x05]->[0x00]
[17:58:28:040]39352:[DBG]:   :[0x06]->[0x00]
[17:58:28:040]39354:[DBG]:CMD:[0x20]->[0x00]
[17:58:28:040]39354:[DBG]:CMD:[0x30]->[0x01]
[17:58:28:040]39356:[DBG]:CMD:[0x31]->[0x01]
[17:58:28:040]39356:[DBG]:CMD:[0x32]->[0x11]
[17:58:28:040]39360:[DBG]:CMD:[0x33]->[0x11]
[17:58:28:087]39362:[DBG]:IMG:Gap Timeout id[0xFF][0], exchange_state:0
[17:58:28:087]39454:[DBG]:IMG:Med THV2 Idle On
[17:58:28:087]39454:[DBG]:IMG:Thv Trans Mode:1
[17:58:28:087]39454:[DBG]:IMG:Comp Trans2 Level:2, Target:[350]
[17:58:28:087]39454:[DBG]:IMG:Tab Get Thv2 Stage[2] Time:500
[17:58:28:087]39454:[DBG]:IMG:Tab Get Thv2 Stage[14] Time:120
[17:58:28:134]39454:[DBG]:IMG:Tab Get Thv2 Stage[3] Time:117
[17:58:28:134]39454:[DBG]:IMG:Tab Get Saw Stage[0] Time:660
[17:58:28:134]39466:[DBG]:CMD:[0x37]->[0x00]
[17:58:28:150]39466:[DBG]:CMD:[0x01]->[0x02]
[17:58:28:150]39468:[DBG]:CMD:[0x02]->[0x04]
[17:58:28:150]39468:[DBG]:CMD:[0x08]->[0x00]
[17:58:28:150]39470:[DBG]:CMD:[0x09]->[0x00]
[17:58:28:165]39470:[DBG]:CMD:[0xD4]->[0x02]
[17:58:28:165]39470:[DBG]:   :[0x01]->[0x00]
[17:58:28:165]39470:[DBG]:   :[0x02]->[0x05]
[17:58:28:165]39470:[DBG]:   :[0x03]->[0x00]
[17:58:28:197]39470:[DBG]:   :[0x04]->[0x00]
[17:58:28:197]39470:[DBG]:   :[0x05]->[0x00]
[17:58:28:197]39470:[DBG]:   :[0x06]->[0x00]
[17:58:28:197]39472:[DBG]:CMD:[0x20]->[0x00]
[17:58:28:197]39472:[DBG]:CMD:[0x30]->[0x01]
[17:58:28:197]39474:[DBG]:CMD:[0x31]->[0x01]
[17:58:28:212]39476:[DBG]:IMG:Med THV2 Idle Det On
[17:58:28:212]39476:[DBG]:IMG:Comp Trans2_CL:36 Read Start
[17:58:28:212]39476:[DBG]:CMD:[0x32]->[0x11]
[17:58:28:212]39476:[DBG]:CMD:[0x33]->[0x11]
[17:58:28:243]39578:[DBG]:CMD:[0x37]->[0x00]
[17:58:28:243]39578:[DBG]:CMD:[0x01]->[0x02]
[17:58:28:243]39580:[DBG]:CMD:[0x02]->[0x04]
[17:58:28:243]39588:[DBG]:CMD:[0x08]->[0x00]
[17:58:28:259]39588:[DBG]:CMD:[0x09]->[0x00]
[17:58:28:259]39590:[DBG]:CMD:[0xD4]->[0x02]
[17:58:28:259]39590:[DBG]:   :[0x01]->[0x00]
[17:58:28:259]39590:[DBG]:   :[0x02]->[0x05]
[17:58:28:275]39590:[DBG]:   :[0x03]->[0x00]
[17:58:28:275]39590:[DBG]:   :[0x04]->[0x00]
[17:58:28:275]39590:[DBG]:   :[0x05]->[0x00]
[17:58:28:275]39590:[DBG]:   :[0x06]->[0x00]
[17:58:28:322]39596:[DBG]:CMD:[0x20]->[0x00]
[17:58:28:322]39602:[DBG]:CMD:[0x30]->[0x01]
[17:58:28:322]39604:[DBG]:CMD:[0x31]->[0x01]
[17:58:28:322]39604:[DBG]:CMD:[0x32]->[0x11]
[17:58:28:337]39606:[DBG]:CMD:[0x33]->[0x11]
[17:58:28:337]39636:[DBG]:PAP:Sn[6] Value[1]
[17:58:28:337]39636:[DBG]:PAP:SN Dplx off
[17:58:28:337]39708:[DBG]:CMD:[0x37]->[0x00]
[17:58:28:369]39708:[DBG]:CMD:[0x01]->[0x02]
[17:58:28:369]39710:[DBG]:CMD:[0x02]->[0x04]
[17:58:28:369]39710:[DBG]:CMD:[0x08]->[0x00]
[17:58:28:369]39712:[DBG]:CMD:[0x09]->[0x00]
[17:58:28:384]39714:[DBG]:CMD:[0xD4]->[0x02]
[17:58:28:384]39714:[DBG]:   :[0x01]->[0x00]
[17:58:28:384]39714:[DBG]:   :[0x02]->[0x05]
[17:58:28:384]39714:[DBG]:   :[0x03]->[0x00]
[17:58:28:400]39714:[DBG]:   :[0x04]->[0x00]
[17:58:28:400]39714:[DBG]:   :[0x05]->[0x00]
[17:58:28:400]39714:[DBG]:   :[0x06]->[0x00]
[17:58:28:400]39714:[DBG]:CMD:[0x20]->[0x00]
[17:58:28:431]39714:[DBG]:CMD:[0x30]->[0x01]
[17:58:28:431]39718:[DBG]:CMD:[0x31]->[0x01]
[17:58:28:446]39720:[DBG]:CMD:[0x32]->[0x11]
[17:58:28:446]39722:[DBG]:CMD:[0x33]->[0x11]
[17:58:28:446]39824:[DBG]:CMD:[0x37]->[0x00]
[17:58:28:446]39824:[DBG]:CMD:[0x01]->[0x02]
[17:58:28:446]39824:[DBG]:CMD:[0x02]->[0x04]
[17:58:28:446]39826:[DBG]:CMD:[0x08]->[0x00]
[17:58:28:446]39826:[DBG]:CMD:[0x09]->[0x00]
[17:58:28:446]39828:[DBG]:CMD:[0xD4]->[0x02]
[17:58:28:462]39828:[DBG]:   :[0x01]->[0x00]
[17:58:28:462]39828:[DBG]:   :[0x02]->[0x05]
[17:58:28:462]39828:[DBG]:   :[0x03]->[0x00]
[17:58:28:462]39828:[DBG]:   :[0x04]->[0x00]
[17:58:28:493]39828:[DBG]:   :[0x05]->[0x00]
[17:58:28:509]39828:[DBG]:   :[0x06]->[0x00]
[17:58:28:509]39830:[DBG]:CMD:[0x20]->[0x00]
[17:58:28:509]39830:[DBG]:CMD:[0x30]->[0x01]
[17:58:28:509]39830:[DBG]:CMD:[0x31]->[0x01]
[17:58:28:525]39832:[DBG]:CMD:[0x32]->[0x11]
[17:58:28:525]39834:[DBG]:CMD:[0x33]->[0x11]
[17:58:28:525]39836:[DBG]:IMG:Comp Trans2 Bais CL Read Finish, Adc_value:1089
[17:58:28:525]39836:[DBG]:IMG:Med THV2 Idle Read Finish
[17:58:28:525]39836:[DBG]:IMG:Tab Get Thv2 Stage[2] Time:500
[17:58:28:525]39836:[DBG]:IMG:Tab Get Thv2 Stage[14] Time:120
[17:58:28:556]39838:[DBG]:IMG:Med THV2 Bias Idle On:1
[17:58:28:556]39838:[DBG]:IMG:Tbl Adc Value:1089, rv_speed_mode = 0
[17:58:28:572]39838:[DBG]:IMG:Comp Trans2 Level:3, Target:[800]
[17:58:28:572]39934:[DBG]:CMD:[0x37]->[0x00]
[17:58:28:572]39936:[DBG]:CMD:[0x01]->[0x02]
[17:58:28:572]39936:[DBG]:CMD:[0x02]->[0x04]
[17:58:28:603]39936:[DBG]:CMD:[0x08]->[0x00]
[17:58:28:603]39938:[DBG]:CMD:[0x09]->[0x00]
[17:58:28:603]39940:[DBG]:CMD:[0xD4]->[0x02]
[17:58:28:603]39940:[DBG]:   :[x01]->[0x00]
[17:58:28:618]39940:[DBG]:   :[0x02]->[0x05]
[17:58:28:618]39940:[DBG]:   :[0x03]->[0x00]
[17:58:28:618]39940:[DBG]:   :[0x04]->[0x00]
[17:58:28:618]39940:[DBG]:   :[0x05]->[0x00]
[17:58:28:634]39940:[DBG]:   :[0x06]->[0x00]
[17:58:28:634]39940:[DBG]:CMD:[0x20]->[0x00]
[17:58:28:634]39942:[DBG]:CMD:[0x30]->[0x01]
[17:58:28:634]39942:[DBG]:CMD:[0x31]->[0x01]
[17:58:28:650]39944:[DBG]:CMD:[0x32]->[0x11]
[17:58:28:650]39946:[DBG]:CMD:[0x33]->[0x11]
[17:58:28:650]39952:[DBG]:IMG:Med THV2 Adjust Det On:1
[17:58:28:681]39952:[DBG]:IMG:Comp Trans2_DET:3 Read Start
[17:58:28:681]39962:[DBG]:IMG:Comp Trans2 Bais DET Read Finish, Adc_value:1145
[17:58:28:681]39962:[DBG]:IMG:Med THV2 Bias Work On:1
[17:58:28:696]39962:[DBG]:IMG:Tbl Adc Value:1145
[17:58:28:696]39964:[DBG]:IMG:Comp Trans2 Level:4, Target:[1792]
[17:58:28:696]39976:[DBG]:PAP:Feed space not own, kind[1]
[17:58:28:728]40006:[DBG]:SSC:Sync Send Sync msg!
[17:58:28:728]40006:[DBG]:SSC:Sync start.in=[24] out=[0]
[17:58:28:728]40046:[DBG]:CMD:[0x37]->[0x00]
[17:58:28:728]40046:[DBG]:CMD:[0x01]->[0x02]
[17:58:28:728]40048:[DBG]:CMD:[0x02]->[0x04]
[17:58:28:728]40048:[DBG]:CMD:[0x08]->[0x00]
[17:58:28:743]40050:[DBG]:CMD:[0x09]->[0x00]
[17:58:28:743]40050:[DBG]:CMD:[0xD4]->[0x02]
[17:58:28:743]40050:[DBG]:   :[0x01]->[0x00]
[17:58:28:743]40050:[DBG]:   :[0x02]->[0x05]
[17:58:28:759]40050:[DBG]:   :[0x03]->[0x00]
[17:58:28:759]40050:[DBG]:   :[0x04]->[0x00]
[17:58:28:759]40050:[DBG]:   :[0x05]->[0x00]
[17:58:28:759]40050:[DBG]:   :[0x06]->[0x00]
[17:58:28:790]40052:[DBG]:CMD:[0x20]->[0x00]
[17:58:28:790]40052:[DBG]:CMD:[0x30]->[0x01]
[17:58:28:790]40054:[DBG]:CMD:[0x31]->[0x01]
[17:58:28:790]40056:[DBG]:CMD:[0x32]->[0x11]
[17:58:28:790]40056:[DBG]:CMD:[0x33]->[0x11]
[17:58:28:806]40064:[DBG]:IMG:Comp Hv Abs Check Start
[17:58:28:806]40116:[DBG]:IMG:Med Saw On:1
[17:58:28:806]40116:[DBG]:IMG:Comp Saw Target:[-1792]
[17:58:28:806]40160:[DBG]:CMD:[0x37]->[0x00]
[17:58:28:837]40160:[DBG]:CMD:[0x01]->[0x02]
[17:58:28:837]40160:[DBG]:CMD:[0x02]->[0x04]
[17:58:28:837]40162:[DBG]:CMD:[0x08]->[0x00]
[17:58:28:837]40164:[DBG]:CMD:[0x09]->[0x00]
[17:58:28:853]40164:[DBG]:CMD:[0xD4]->[0x02]
[17:58:28:853]40164:[DBG]:   :[0x01]->[0x00]
[17:58:28:853]40164:[DBG]:   :[0x02]->[0x05]
[17:58:28:853]40164:[DBG]:   :[0x03]->[0x00]
[17:58:28:868]40164:[DBG]:   :[0x04]->[0x00]
[17:58:28:868]40164:[DBG]:   :[0x05]->[0x00]
[17:58:28:868]40164:[DBG]:   :[0x06]->[0x00]
[17:58:28:868]40166:[DBG]:CMD:[0x20]->[0x00]
[17:58:28:900]40166:[DBG]:CMD:[0x30]->[0x01]
[17:58:28:900]40168:[DBG]:CMD:[0x31]->[0x01]
[17:58:28:900]40168:[DBG]:CMD:[0x32]->[0x11]
[17:58:28:915]40170:[DBG]:CMD:[0x33]->[0x11]
[17:58:28:915]40178:[DBG]:PAP:Feed space not own, kind[0]
[17:58:28:915]40178:[DBG]:PAP:Feed space not own, kind[4]
[17:58:28:962]40178:[DBG]:PAP:Feed space not own, kind[6]
[17:58:28:962]40270:[DBG]:CMD:[0x37]->[0x00]
[17:58:29:025]40272:[DBG]:CMD:[0x01]->[0x02]
[17:58:29:025]40272:[DBG]:CMD:[0x02]->[0x04]
[17:58:29:025]40274:[DBG]:CMD:[0x08]->[0x00]
[17:58:29:056]40274:[DBG]:CMD:[0x09]->[0x00]
[17:58:29:056]40276:[DBG]:FUS:Curl Sensor Status:1,0,0
[17:58:29:056]40276:[INT]:DEV:fuser Speed:18230 rpm, clkFrq:1367 hz
[17:58:29:056]40276:[INT]:Dev:fwd to fwd
[17:58:29:118]40276:[DBG]:CMD:[0xD4]->[0x02]
[17:58:29:118]40276:[DBG]:   :[0x01]->[0x00]
[17:58:29:118]40276:[DBG]:   :[0x02]->[0x05]
[17:58:29:118]40276:[DBG]:   :[0x03]->[0x00]
[17:58:29:134]40276:[DBG]:   :[0x04]->[0x00]
[17:58:29:134]40276:[DBG]:   :[0x05]->[0x00]
[17:58:29:134]40276:[DBG]:   :[0x06]->[0x00]
[17:58:29:134]40276:[DBG]:CMD:[0x20]->[0x00]
[17:58:29:165]40278:[DBG]:CMD:[0x30]->[0x01]
[17:58:29:196]40280:[DBG]:CMD:[0x31]->[0x01]
[17:58:29:196]40280:[DBG]:CMD:[0x32]->[0x11]
[17:58:29:196]40282:[DBG]:CMD:[0x33]->[0x11]
[17:58:29:196]40326:[DBG]:FUS:Curl Sensor Status:1,1,5
[17:58:29:228]40326:[INT]:DEV:fuser Speed:18450 rpm, clkFrq:1383 hz
[17:58:29:228]40326:[INT]:Dev:fwd to fwd
[17:58:29:243]40358:[DBG]:Dev:[DCM] Fuser Motor Lock
[17:58:29:243]40382:[DBG]:CMD:[0x37]->[0x00]
[17:58:29:243]40382:[DBG]:CMD:[0x01]->[0x02]
[17:58:29:259]40384:[DBG]:CMD:[0x02]->[0x04]
[17:58:29:259]40386:[DBG]:CMD:[0x08]->[0x00]
[17:58:29:259]40386:[DBG]:CMD:[0x09]->[0x00]
[17:58:29:259]40386:[DBG]:CMD:[0xD4]->[0x02]
[17:58:29:290]40386:[DBG]:   :[0x01]->[0x00]
[17:58:29:290]40388:[DBG]:   :[0x02]->[0x05]
[17:58:29:306]40388:[DBG]:   :[0x03]->[0x00]
[17:58:29:306]40388:[DBG]:   :[0x04]->[0x00]
[17:58:29:306]40388:[DBG]:   :[0x05]->[0x00]
[17:58:29:306]40388:[DBG]:   :[0x06]->[0x00]
[17:58:29:337]40388:[DBG]:CMD:[0x20]->[0x00]
[17:58:29:337]40390:[DBG]:CMD:[0x30]->[0x01]
[17:58:29:337]40390:[DBG]:CMD:[0x31]->[0x01]
[17:58:29:337]40392:[DBG]:CMD:[0x32]->[0x11]
[17:58:29:384]40392:[DBG]:CMD:[0x33]->[0x11]
[17:58:29:384]40486:[DBG]:FUS:Curl Sensor Status:1,0,6
[17:58:29:384]40486:[INT]:DEV:fuser Speed:18230 rpm, clkFrq:1367 hz
[17:58:29:431]40486:[INT]:Dev:fwd to fwd
[17:58:29:431]40494:[DBG]:CMD:[0x37]->[0x00]
[17:58:29:431]40494:[DBG]:CMD:[0x01]->[0x02]
[17:58:29:431]40496:[DBG]:CMD:[0x02]->[0x04]
[17:58:29:431]40498:[DBG]:CMD:[0x08]->[0x00]
[17:58:29:431]40498:[DBG]:CMD:[0x09]->[0x00]
[17:58:29:431]40498:[DBG]:CMD:[0xD4]->[0x02]
[17:58:29:446]40498:[DBG]:   :[0x01]->[0x00]
[17:58:29:446]40498:[DBG]:   :[0x02]->[0x05]
[17:58:29:446]40498:[DBG]:   :[0x03]->[0x00]
[17:58:29:446]40498:[DBG]:   :[0x04]->[0x00]
[17:58:29:462]40498:[DBG]:   :[0x05]->[0x00]
[17:58:29:462]40498:[DBG]:   :[0x06]->[0x00]
[17:58:29:462]40500:[DBG]:CMD:[0x20]->[0x00]
[17:58:29:462]40502:[DBG]:CMD:[0x30]->[0x01]
[17:58:29:493]40502:[DBG]:CMD:[0x31]->[0x01]
[17:58:29:493]40504:[DBG]:CMD:[0x32]->[0x11]
[17:58:29:509]40504:[DBG]:CMD:[0x33]->[0x11]
[17:58:29:509]40558:[DBG]:Dev:[DCM] Fuser Motor Lock
[17:58:29:509]40594:[DBG]:PAP:Fuser entry reach Sid[1]
[17:58:29:509]40594:[DBG]:FUS:Proc(1) Fuser In!! C_Temp = 188 R_Temp = 169 F_Temp = 169 Tar_Temp = 190
[17:58:29:509]40606:[DBG]:CMD:[0x37]->[0x00]
[17:58:29:524]40606:[DBG]:CMD:[0x01]->[0x02]
[17:58:29:524]40608:[DBG]:CMD:[0x02]->[0x04]
[17:58:29:524]40608:[DBG]:CMD:[0x08]->[0x00]
[17:58:29:524]40610:[DBG]:CMD:[0x09]->[0x00]
[17:58:29:556]40610:[DBG]:CMD:[0xD4]->[0x02]
[17:58:29:556]40610:[DBG]:   :[0x01]->[0x00]
[17:58:29:556]40610:[DBG]:   :[0x02]->[0x05]
[17:58:29:556]40610:[DBG]:   :[0x03]->[0x00]
[17:58:29:571]40610:[DBG]:   :[0x04]->[0x00]
[17:58:29:571]40610:[DBG]:   :[0x05]->[0x00]
[17:58:29:571]40610:[DBG]:   :[0x06]->[0x00]
[17:58:29:571]40612:[DBG]:CMD:[0x20]->[0x00]
[17:58:29:603]40614:[DBG]:CMD:[0x30]->[0x01]
[17:58:29:603]40614:[DBG]:CMD:[0x31]->[0x01]
[17:58:29:603]40614:[DBG]:CMD:[0x32]->[0x11]
[17:58:29:603]40618:[DBG]:CMD:[0x33]->[0x11]
[17:58:29:618]40628:[DBG]:PAP:Feed space not own, kind[2]
[17:58:29:618]40664:[DBG]:CMD:[0x8A]->[0x02]
[17:58:29:618]40664:[DBG]:   :[0x00]->[0x02]
[17:58:29:618]40664:[DBG]:   :[0x00]->[0x02]
[17:58:29:634]40664:[DBG]:   :[0x7E]->[0x02]
[17:58:29:634]40664:[DBG]:   :[0x0A]->[0x02]
[17:58:29:634]40664:[DBG]:   :[0x00]->[0x02]
[17:58:29:665]40664:[DBG]:TONER:CurDot[K],dot0[687616],dot[687616],dot_min[0].
[17:58:29:665]40664:[DBG]:SSC:Interface [3] set dots [8929428]->[8930115]
[17:58:29:665]40668:[DBG]:CMD:[0x8A]->[0x02]
[17:58:29:665]40668:[DBG]:   :[0x02]->[0x02]
[17:58:29:665]40668:[DBG]:   :[0x00]->[0x02]
[17:58:29:665]40668:[DBG]:   :[0x6F]->[0x02]
[17:58:29:665]40668:[DBG]:   :[0x0E]->[0x02]
[17:58:29:696]40668:[DBG]:   :[0x00]->[0x02]
[17:58:29:696]40668:[DBG]:TONER:CurDot[M],dot0[945920],dot[945920],dot_min[0].
[17:58:29:712]40668:[DBG]:SSC:Interface [1] set dots [3523805]->[3524750]
[17:58:29:712]40670:[DBG]:CMD:[0x8A]->[0x02]
[17:58:29:712]40670:[DBG]:   :[0x01]->[0x02]
[17:58:29:712]40670:[DBG]:   :[0x80]->[0x02]
[17:58:29:727]40670:[DBG]:   :[0xC2]->[0x02]
[17:58:29:727]40670:[DBG]:   :[0x07]->[0x02]
[17:58:29:727]40670:[DBG]:   :[0x00]->[0x02]
[17:58:29:743]40670:[DBG]:TONER:CurDot[Y],dot0[508544],dot[508544],dot_min[0].
[17:58:29:743]40670:[DBG]:SSC:Interface [2] set dots [6092928]->[6093436]
[17:58:29:743]40670:[DBG]:CMD:[0x8A]->[0x02]
[17:58:29:759]40670:[DBG]:   :[0x03]->[0x02]
[17:58:29:759]40670:[DBG]:   :[0x80]->[0x02]
[17:58:29:759]40670:[DBG]:   :[0xDA]->[0x02]
[17:58:29:759]40670:[DBG]:   :[0x08]->[0x02]
[17:58:29:790]40670:[DBG]:   :[0x00]->[0x02]
[17:58:29:790]40670:[DBG]:TONER:CurDot[C],dot0[580224],dot[580224],dot_min[0].
[17:58:29:806]40670:[DBG]:SSC:Interface [0] set dots [2560379]->[2560959]
[17:58:29:806]40720:[DBG]:CMD:[0x37]->[0x00]
[17:58:29:806]40722:[DBG]:CMD:[0x01]->[0x02]
[17:58:29:806]40722:[DBG]:CMD:[0x02]->[0x04]
[17:58:29:837]40724:[DBG]:CMD:[0x08]->[0x00]
[17:58:29:837]40724:[DBG]:CMD:[0x09]->[0x00]
[17:58:29:837]40726:[DBG]:CMD:[0xD4]->[0x02]
[17:58:29:837]40726:[DBG]:   :[0x01]->[0x00]
[17:58:29:837]40726:[DBG]:   :[0x02]->[0x05]
[17:58:29:837]40726:[DBG]:   :[0x03]->[0x00]
[17:58:29:837]40726:[DBG]:   :[0x04]->[0x00]
[17:58:29:852]40726:[DBG]:   :[0x05]->[0x00]
[17:58:29:852]40726:[DBG]:   :[0x06]->[0x00]
[17:58:29:852]40726:[DBG]:CMD:[0x20]->[0x00]
[17:58:29:852]40728:[DBG]:IMG:Med Dev Ac Off:1
[17:58:29:868]40728:[DBG]:IMG:Comp Develop AC Bias Off
[17:58:29:868]40728:[DBG]:DEV:AC_Voltage = 0
[17:58:29:868]40728:[DBG]:CMD:[0x30]->[0x01]
[17:58:29:899]40728:[DBG]:IMG:IMAGING dev ac off
[17:58:29:899]40728:[DBG]:IMG:Tab Get Thv1 Stage[3] Time:290
[17:58:29:899]40728:[DBG]:CMD:[0x31]->[0x01]
[17:58:29:899]40730:[DBG]:CMD:[0x32]->[0x11]
[17:58:29:915]40732:[DBG]:CMD:[0x33]->[0x11]
[17:58:29:915]40816:[DBG]:FUS:Curl Sensor Status:1,1,5
[17:58:29:915]40816:[INT]:DEV:fuser Speed:18450 rpm, clkFrq:1383 hz
[17:58:29:931]40816:[INT]:Dev:fwd to fwd
[17:58:29:931]40832:[DBG]:CMD:[0x37]->[0x00]
[17:58:29:931]40834:[DBG]:CMD:[0x01]->[0x02]
[17:58:29:931]40834:[DBG]:CMD:[0x02]->[0x04]
[17:58:29:946]40836:[DBG]:CMD:[0x08]->[0x00]
[17:58:29:946]40836:[DBG]:CMD:[0x09]->[0x00]
[17:58:29:946]40838:[DBG]:CMD:[0xD4]->[0x02]
[17:58:29:946]40838:[DBG]:   :[0x01]->[0x00]
[17:58:29:946]40838:[DBG]:   :[0x02]->[0x05]
[17:58:29:946]40838:[DBG]:   :[0x03]->[0x00]
[17:58:29:946]40838:[DBG]:   :[0x04]->[0x00]
[17:58:29:946]40838:[DBG]:   :[0x05]->[0x00]
[17:58:29:962]40838:[DBG]:   :[0x06]->[0x00]
[17:58:29:962]40840:[DBG]:CMD:[0x20]->[0x00]
[17:58:29:962]40840:[DBG]:CMD:[0x30]->[0x01]
[17:58:29:962]40842:[DBG]:CMD:[0x31]->[0x01]
[17:58:29:993]40842:[DBG]:CMD:[0x32]->[0x11]
[17:58:29:993]40844:[DBG]:CMD:[0x33]->[0x11]
[17:58:29:993]40858:[DBG]:Dev:[DCM] Fuser Motor Lock
[17:58:29:993]40946:[DBG]:CMD:[0x37]->[0x00]
[17:58:29:993]40946:[DBG]:CMD:[0x01]->[0x02]
[17:58:29:993]40948:[DBG]:CMD:[0x02]->[0x04]
[17:58:29:993]40948:[DBG]:CMD:[0x08]->[0x00]
[17:58:29:993]40950:[DBG]:CMD:[0x09]->[0x00]
[17:58:30:009]40950:[DBG]:CMD:[0xD4]->[0x02]
[17:58:30:009]40950:[DBG]:   :[0x01]->[0x00]
[17:58:30:009]40950:[DBG]:   :[0x02]->[0x05]
[17:58:30:009]40950:[DBG]:   :[0x03]->[0x00]
[17:58:30:024]40950:[DBG]:   :[0x04]->[0x00]
[17:58:30:024]40950:[DBG]:   :[0x05]->[0x00]
[17:58:30:024]40950:[DBG]:   :[0x06]->[0x00]
[17:58:30:024]40952:[DBG]:CMD:[0x20]->[0x00]
[17:58:30:040]40952:[DBG]:CMD:[0x30]->[0x01]
[17:58:30:040]40954:[DBG]:CMD:[0x31]->[0x01]
[17:58:30:040]40956:[DBG]:CMD:[0x32]->[0x11]
[17:58:30:040]40956:[DBG]:CMD:[0x33]->[0x11]
[17:58:30:055]40966:[DBG]:PAP:Sn[5] Value[0]
[17:58:30:055]40966:[DBG]:PAP:SN Ext on
[17:58:30:055]40966:[DBG]:PAP:exit to normal
[17:58:30:055]40974:[DBG]:PAP:s_pap_mt_waiting_exit[1], at_setting_flgptn[1]
[17:58:30:055]40974:[DBG]:DEV:voltage:990mv, pwm duty:3000
[17:58:30:055]40974:[DBG]:DEV:data_buff 0x12
[17:58:30:087]40974:[DBG]:PAP:Unmask SN Ext off
[17:58:30:087]40974:[DBG]:PAP:MT Exit Fwd On cnt[1] spd[0]
[17:58:30:087]41006:[INT]:DEV:Exit FWD Speed nomal
[17:58:30:087]41012:[INT]:DEV:ExitMotor nomal step = 8
[17:58:30:087]41020:[DBG]:IMG:Med First Trans Off:1
[17:58:30:087]41022:[DBG]:IMG:CTR first trans off check:0x1->0xFF
[17:58:30:102]41024:[DBG]:IMG:Comp Trans1 Level:3, Target:[0]
[17:58:30:102]41026:[DBG]:PAP:Sn[4] Value[1]
[17:58:30:102]41026:[DBG]:PAP:SN Adt off
[17:58:30:118]41026:[DBG]:PAP:+++Size[2100],Serr[1800],Lerr[2400]+++ Sid[1]
[17:58:30:118]41026:[DBG]:IMG:Med Adjust Sensor Passed[1]
[17:58:30:118]41026:[DBG]:IMG:adjust sensor off[1]
[17:58:30:134]41026:[DBG]:IMG:Tsk_image Print Params Set[1]
[17:58:30:134]41026:[DBG]:IMG:Tab Get Thv2 Stage[4] Time:635
[17:58:30:134]41026:[DBG]:IMG:Tab Get Saw Stage[1] Time:710
[17:58:30:134]41026:[DBG]:PMNG:Sheet Params OK
[17:58:30:134]41062:[DBG]:CMD:[0x37]->[0x00]
[17:58:30:134]41062:[DBG]:CMD:[0x01]->[0x02]
[17:58:30:134]41062:[DBG]:CMD:[0x02]->[0x04]
[17:58:30:149]41064:[DBG]:CMD:[0x08]->[0x00]
[17:58:30:149]41066:[DBG]:CMD:[0x09]->[0x00]
[17:58:30:149]41066:[DBG]:CMD:[0xD4]->[0x02]
[17:58:30:149]41066:[DBG]:   :[0x01]->[0x00]
[17:58:30:165]41066:[DBG]:   :[0x02]->[0x05]
[17:58:30:165]41066:[DBG]:   :[0x03]->[0x00]
[17:58:30:165]41066:[DBG]:   :[0x04]->[0x00]
[17:58:30:165]41066:[DBG]:   :[0x05]->[0x00]
[17:58:30:181]41066:[DBG]:   :[0x06]->[0x00]
[17:58:30:181]41068:[DBG]:CMD:[0x20]->[0x00]
[17:58:30:181]41068:[DBG]:CMD:[0x30]->[0x01]
[17:58:30:181]41070:[DBG]:CMD:[0x31]->[0x01]
[17:58:30:196]41070:[DBG]:CMD:[0x32]->[0x11]
[17:58:30:196]41072:[DBG]:PAP:CL Adjust [0] cnt[0]
[17:58:30:196]41072:[DBG]:CMD:[0x33]->[0x11]
[17:58:30:196]41174:[DBG]:CMD:[0x37]->[0x00]
[17:58:30:212]41174:[DBG]:CMD:[0x01]->[0x02]
[17:58:30:212]41176:[DBG]:CMD:[0x02]->[0x04]
[17:58:30:212]41176:[DBG]:CMD:[0x08]->[0x00]
[17:58:30:212]41178:[DBG]:CMD:[0x09]->[0x00]
[17:58:30:227]41180:[DBG]:CMD:[0xD4]->[0x02]
[17:58:30:227]41180:[DBG]:   :[0x01]->[0x00]
[17:58:30:227]41180:[DBG]:   :[0x02]->[0x05]
[17:58:30:227]41180:[DBG]:   :[0x03]->[0x00]
[17:58:30:227]41180:[DBG]:   :[0x04]->[0x00]
[17:58:30:227]41180:[DBG]:   :[0x05]->[0x00]
[17:58:30:227]41180:[DBG]:   :[0x06]->[0x00]
[17:58:30:227]41180:[DBG]:CMD:[0x20]->[0x00]
[17:58:30:243]41182:[DBG]:CMD:[0x30]->[0x01]
[17:58:30:243]41182:[DBG]:CMD:[0x31]->[0x01]
[17:58:30:243]41184:[DBG]:CMD:[0x32]->[0x11]
[17:58:30:243]41190:[DBG]:CMD:[0x33]->[0x11]
[17:58:30:259]41292:[DBG]:CMD:[0x37]->[0x00]
[17:58:30:259]41292:[DBG]:CMD:[0x01]->[0x02]
[17:58:30:259]41294:[DBG]:CMD:[0x02]->[0x04]
[17:58:30:259]41294:[DBG]:CMD:[0x08]->[0x00]
[17:58:30:274]41296:[DBG]:CMD:[0x09]->[0x00]
[17:58:30:274]41296:[DBG]:CMD:[0xD4]->[0x02]
[17:58:30:274]41296:[DBG]:   :[0x01]->[0x00]
[17:58:30:274]41296:[DBG]:   :[0x02]->[0x05]
[17:58:30:290]41296:[DBG]:   :[0x03]->[0x00]
[17:58:30:290]41296:[DBG]:   :[0x04]->[0x00]
[17:58:30:290]41296:[DBG]:   :[0x05]->[0x00]
[17:58:30:290]41296:[DBG]:   :[0x06]->[0x00]
[17:58:30:305]41298:[DBG]:CMD:[0x20]->[0x00]
[17:58:30:305]41298:[DBG]:CMD:[0x30]->[0x01]
[17:58:30:305]41300:[DBG]:CMD:[0x31]->[0x01]
[17:58:30:305]41300:[DBG]:CMD:[0x32]->[0x11]
[17:58:30:321]41302:[DBG]:CMD:[0x33]->[0x11]
[17:58:30:321]41366:[DBG]:FUS:Curl Sensor Status:1,0,6
[17:58:30:321]41366:[INT]:DEV:fuser Speed:18230 rpm, clkFrq:1367 hz
[17:58:30:321]41366:[INT]:Dev:fwd to fwd
[17:58:30:321]41406:[DBG]:CMD:[0x37]->[0x00]
[17:58:30:321]41406:[DBG]:CMD:[0x01]->[0x02]
[17:58:30:321]41406:[DBG]:CMD:[0x02]->[0x04]
[17:58:30:353]41408:[DBG]:CMD:[0x08]->[0x00]
[17:58:30:353]41410:[DBG]:CMD:[0x09]->[0x00]
[17:58:30:353]41412:[DBG]:CMD:[0xD4]->[0x02]
[17:58:30:353]41412:[DBG]:   :[0x01]->[0x00]
[17:58:30:384]41412:[DBG]:   :[0x02]->[0x05]
[17:58:30:384]41412:[DBG]:   :[0x03]->[0x00]
[17:58:30:384]41412:[DBG]:   :[0x04]->[0x00]
[17:58:30:384]41412:[DBG]:   :[0x05]->[0x00]
[17:58:30:399]41412:[DBG]:   :[0x06]->[0x00]
[17:58:30:399]41414:[DBG]:CMD:[0x20]->[0x00]
[17:58:30:399]41414:[DBG]:CMD:[0x30]->[0x01]
[17:58:30:430]41416:[DBG]:FUS:Curl Sensor Status:1,1,5
[17:58:30:430]41416:[INT]:DEV:fuser Speed:18450 rpm, clkFrq:1383 hz
[17:58:30:430]41416:[INT]:Dev:fwd to fwd
[17:58:30:430]41416:[DBG]:CMD:[0x31]->[0x01]
[17:58:30:446]41416:[DBG]:CMD:[0x32]->[0x11]
[17:58:30:446]41420:[DBG]:CMD:[0x33]->[0x11]
[17:58:30:446]41458:[DBG]:Dev:[DCM] Fuser Motor Lock
[17:58:30:446]41524:[DBG]:CMD:[0x37]->[0x00]
[17:58:30:462]41528:[DBG]:CMD:[0x01]->[0x02]
[17:58:30:462]41530:[DBG]:CMD:[0x02]->[0x04]
[17:58:30:462]41534:[DBG]:CMD:[0x08]->[0x00]
[17:58:30:462]41534:[DBG]:CMD:[0x09]->[0x00]
[17:58:30:493]41534:[DBG]:CMD:[0xD4]->[0x02]
[17:58:30:493]41534:[DBG]:   :[0x01]->[0x00]
[17:58:30:493]41534:[DBG]:   :[0x02]->[0x05]
[17:58:30:493]41534:[DBG]:   :[0x03]->[0x00]
[17:58:30:524]41534:[DBG]:   :[0x04]->[0x00]
[17:58:30:524]41534:[DBG]:   :[0x05]->[0x00]
[17:58:30:524]41534:[DBG]:   :[0x06]->[0x00]
[17:58:30:524]41536:[DBG]:CMD:[0x20]->[0x00]
[17:58:30:555]41536:[DBG]:CMD:[0x30]->[0x01]
[17:58:30:555]41538:[DBG]:CMD:[0x31]->[0x01]
[17:58:30:555]41538:[DBG]:CMD:[0x32]->[0x11]
[17:58:30:555]41540:[DBG]:CMD:[0x33]->[0x11]
[17:58:30:571]41614:[DBG]:IMG:Comp Hv Abs Check Stop
[17:58:30:571]41636:[DBG]:FUS:Curl Sensor Status:1,0,6
[17:58:30:587]41636:[INT]:DEV:fuser Speed:18230 rpm, clkFrq:1367 hz
[17:58:30:587]41636:[INT]:Dev:fwd to fwd
[17:58:30:587]41644:[DBG]:CMD:[0x37]->[0x00]
[17:58:30:587]41646:[DBG]:CMD:[0x01]->[0x02]
[17:58:30:602]41648:[DBG]:CMD:[0x02]->[0x04]
[17:58:30:602]41650:[DBG]:CMD:[0x08]->[0x00]
[17:58:30:602]41650:[DBG]:CMD:[0x09]->[0x00]
[17:58:30:602]41650:[DBG]:CMD:[0xD4]->[0x02]
[17:58:30:649]41650:[DBG]:   :[0x01]->[0x00]
[17:58:30:649]41650:[DBG]:   :[0x02]->[0x05]
[17:58:30:649]41650:[DBG]:   :[0x03]->[0x00]
[17:58:30:649]41650:[DBG]:   :[x04]->[0x00]
[17:58:30:680]41650:[DBG]:   :[0x05]->[0x00]
[17:58:30:680]41650:[DBG]:   :[0x06]->[0x00]
[17:58:30:680]41652:[DBG]:CMD:[0x20]->[0x00]
[17:58:30:680]41652:[DBG]:CMD:[0x30]->[0x01]
[17:58:30:696]41654:[DBG]:CMD:[0x31]->[0x01]
[17:58:30:696]41654:[DBG]:CMD:[0x32]->[0x11]
[17:58:30:696]41656:[DBG]:CMD:[0x33]->[0x11]
[17:58:30:696]41658:[DBG]:Dev:[DCM] Fuser Motor Lock
[17:58:30:712]41662:[DBG]:IMG:Med Imaging Bias(Tail):1
[17:58:30:712]41662:[DBG]:IMG:CTR second trans tail
[17:58:30:712]41664:[DBG]:IMG:Comp Trans2 Level:2, Target:[350]
[17:58:30:727]41664:[DBG]:IMG:Tab Get Thv2 Stage[5] Time:0
[17:58:30:727]41666:[DBG]:IMG:Med Trans Bias Minus Cleaning On:1
[17:58:30:759]41666:[DBG]:IMG:Comp Trans2 Level:0, Target:[-220]
[17:58:30:759]41666:[DBG]:IMG:CTR second trans start clean:0x1
[17:58:30:759]41686:[DBG]:FUS:Curl Sensor Status:0,0,5
[17:58:30:805]41686:[INT]:DEV:fuser Speed:18230 rpm, clkFrq:1367 hz
[17:58:30:805]41686:[INT]:Dev:fwd to fwd
[17:58:30:805]41694:[DBG]:IMG:Med Paper Trans Pass:1
[17:58:30:805]41738:[DBG]:IMG:Med Saw Off Id[1]
[17:58:30:821]41738:[DBG]:IMG:Comp Saw Target:[0]
[17:58:30:821]41738:[DBG]:IMG:Med Finish Check[1] Feed[2] Exit[0]
[17:58:30:837]41738:[DBG]:IMG:Med Dplx Toner Supply Check Exit Reduce[1]:2
[17:58:30:837]41738:[DBG]:IMG:Med Judge[0x1][0xFF]
[17:58:30:837]41738:[DBG]:IMG:Channel Print Finish
[17:58:30:852]41738:[DBG]:TONER:TonerFillSpecialFlag[ImgGet,0].
[17:58:30:852]41738:[DBG]:IMG:Proc Print Post Process Start
[17:58:30:852]41738:[DBG]:IMG:Tab Get Charge[Y] Stage[4] Time:0
[17:58:30:899]41738:[DBG]:IMG:Tab Get Charge[K] Stage[4] Time:0
[17:58:30:899]41738:[DBG]:IMG:Tab Get Thv2 Stage[6] Time:490
[17:58:30:931]41738:[DBG]:IMG:Tab Get Thv2 Stage[7] Time:330
[17:58:30:931]41738:[DBG]:IMG:Tab Get Thv1 Stage[4] Time:0
[17:58:30:931]41738:[DBG]:IMG:Med Imaging Print Finish[1]
[17:58:30:946]41738:[DBG]:PMNG:Image Finish( 1 )
[17:58:30:946]41740:[DBG]:IMG:Tab Get Charge[Y] Stage[5] Time:0
[17:58:30:962]41740:[DBG]:IMG:Tab Get Charge[Y] Stage[5] Time:0
[17:58:30:962]41740:[DBG]:IMG:Tab Get Devlop[Y] Stage[4] Time:212
[17:58:30:962]41740:[DBG]:IMG:Tab Get Devlop[Y] Stage[5] Time:0
[17:58:30:977]41740:[DBG]:IMG:Tab Get Charge[K] Stage[5] Time:0
[17:58:30:977]41740:[DBG]:IMG:Tab Get Charge[K] Stage[5] Time:0
[17:58:30:993]41740:[DBG]:IMG:Tab Get Devlop[K] Stage[4] Time:212
[17:58:30:993]41740:[DBG]:IMG:Tab Get Devlop[K] Stage[5] Time:0
[17:58:30:993]41740:[DBG]:IMG:Comp Itb Req Set State:[0]
[17:58:31:024]41742:[DBG]:IMG:Tab Get Match Mhv_Off[C] (Old[-1258] + Bias[450] + Du[29]) = -779
[17:58:31:024]41742:[DBG]:IMG:Tab Get Match Mhv_Off[M] (Old[-1258] + Bias[450] + Du[29]) = -779
[17:58:31:024]41742:[DBG]:IMG:Tab Get Match Mhv_Off[Y] (Old[-1267] + Bias[450] + Du[29]) = -788
[17:58:31:056]41742:[DBG]:IMG:Comp MHV_C Level:4, Target:[-779]
[17:58:31:056]41742:[DBG]:IMG:Comp MHV_M Level:4, Target:[-779]
[17:58:31:071]41742:[DBG]:IMG:Comp MHV_Y Level:4, Target:[-788]
[17:58:31:071]41742:[DBG]:IMG:Tab Get Match Mhv_Off[K] (Old[-1286] + Bias[450] + Du[30]) = -806
[17:58:31:087]41742:[DBG]:IMG:Comp MHV_K Level:4, Target:[-806]
[17:58:31:087]41758:[DBG]:Dev:[DCM] Fuser Motor Lock
[17:58:31:087]41762:[DBG]:CMD:[0x37]->[0x00]
[17:58:31:102]41762:[DBG]:CMD:[0x01]->[0x02]
[17:58:31:102]41766:[DBG]:CMD:[0x02]->[0x04]
[17:58:31:102]41768:[DBG]:CMD:[0x08]->[0x00]
[17:58:31:102]41768:[DBG]:CMD:[0x09]->[0x00]
[17:58:31:118]41770:[DBG]:CMD:[0xD4]->[0x02]
[17:58:31:118]41770:[DBG]:   :[0x01]->[0x00]
[17:58:31:118]41770:[DBG]:   :[0x02]->[0x05]
[17:58:31:118]41770:[DBG]:   :[0x03]->[0x00]
[17:58:31:149]41770:[DBG]:   :[0x04]->[0x00]
[17:58:31:149]41770:[DBG]:   :[0x05]->[0x00]
[17:58:31:149]41770:[DBG]:   :[0x06]->[0x00]
[17:58:31:149]41770:[DBG]:CMD:[0x20]->[0x00]
[17:58:31:180]41772:[DBG]:CMD:[0x30]->[0x01]
[17:58:31:180]41772:[DBG]:CMD:[0x31]->[0x01]
[17:58:31:180]41774:[DBG]:CMD:[0x32]->[0x11]
[17:58:31:180]41774:[DBG]:CMD:[0x33]->[0x11]
[17:58:31:196]41878:[DBG]:CMD:[0x37]->[0x00]
[17:58:31:196]41882:[DBG]:CMD:[0x01]->[0x02]
[17:58:31:196]41884:[DBG]:CMD:[0x02]->[0x04]
[17:58:31:196]41886:[DBG]:CMD:[0x08]->[0x00]
[17:58:31:211]41888:[DBG]:CMD:[0x09]->[0x00]
[17:58:31:211]41890:[DBG]:CMD:[0xD4]->[0x02]
[17:58:31:211]41890:[DBG]:   :[0x01]->[0x00]
[17:58:31:211]41890:[DBG]:   :[0x02]->[0x05]
[17:58:31:227]41890:[DBG]:   :[0x03]->[0x00]
[17:58:31:227]41890:[DBG]:   :[0x04]->[0x00]
[17:58:31:227]41890:[DBG]:   :[0x05]->[0x00]
[17:58:31:227]41890:[DBG]:   :[0x06]->[0x00]
[17:58:31:227]41890:[DBG]:CMD:[0x20]->[0x00]
[17:58:31:227]41892:[DBG]:CMD:[0x30]->[0x01]
[17:58:31:227]41894:[DBG]:CMD:[0x31]->[0x01]
[17:58:31:227]41894:[DBG]:CMD:[0x32]->[0x11]
[17:58:31:258]41894:[DBG]:CMD:[0x33]->[0x11]
[17:58:31:274]41954:[DBG]:IMG:Comp Dev_C Level:3, Target:[0]
[17:58:31:274]41954:[DBG]:IMG:Comp Dev_M Level:3, Target:[0]
[17:58:31:305]41954:[DBG]:IMG:Comp Dev_Y Level:3, Target:[0]
[17:58:31:305]41962:[DBG]:IMG:Comp Dev_K Level:3, Target:[0]
[17:58:31:305]41998:[DBG]:CMD:[0x37]->[0x00]
[17:58:31:305]42000:[DBG]:CMD:[0x01]->[0x02]
[17:58:31:321]42000:[DBG]:CMD:[0x02]->[0x04]
[17:58:31:321]42004:[DBG]:CMD:[0x08]->[0x00]
[17:58:31:321]42006:[DBG]:CMD:[0x09]->[0x00]
[17:58:31:321]42008:[DBG]:CMD:[0xD4]->[0x02]
[17:58:31:321]42008:[DBG]:   :[0x01]->[0x00]
[17:58:31:321]42008:[DBG]:   :[0x02]->[0x05]
[17:58:31:321]42008:[DBG]:   :[0x03]->[0x00]
[17:58:31:321]42008:[DBG]:   :[0x04]->[0x00]
[17:58:31:336]42008:[DBG]:   :[0x05]->[0x00]
[17:58:31:336]42008:[DBG]:   :[0x06]->[0x00]
[17:58:31:336]42008:[DBG]:CMD:[0x20]->[0x00]
[17:58:31:336]42008:[DBG]:CMD:[0x30]->[0x01]
[17:58:31:352]42010:[DBG]:CMD:[0x31]->[0x01]
[17:58:31:352]42012:[DBG]:CMD:[0x32]->[0x11]
[17:58:31:352]42012:[DBG]:CMD:[0x33]->[0x11]
[17:58:31:352]42116:[DBG]:CMD:[0x37]->[0x00]
[17:58:31:384]42116:[DBG]:CMD:[0x01]->[0x02]
[17:58:31:384]42122:[DBG]:CMD:[0x02]->[0x04]
[17:58:31:384]42126:[DBG]:CMD:[0x08]->[0x00]
[17:58:31:384]42130:[DBG]:CMD:[0x09]->[0x00]
[17:58:31:399]42134:[DBG]:CMD:[0xD4]->[0x02]
[17:58:31:399]42134:[DBG]:   :[0x01]->[0x00]
[17:58:31:399]42134:[DBG]:   :[0x02]->[0x05]
[17:58:31:399]42134:[DBG]:   :[0x03]->[0x00]
[17:58:31:415]42134:[DBG]:   :[0x04]->[0x00]
[17:58:31:415]42134:[DBG]:   :[0x05]->[0x00]
[17:58:31:415]42134:[DBG]:   :[0x06]->[0x00]
[17:58:31:415]42136:[DBG]:CMD:[0x20]->[0x00]
[17:58:31:430]42136:[DBG]:CMD:[0x30]->[0x01]
[17:58:31:430]42136:[DBG]:CMD:[0x31]->[0x01]
[17:58:31:430]42138:[DBG]:CMD:[0x32]->[0x11]
[17:58:31:430]42140:[DBG]:CMD:[0x33]->[0x11]
[17:58:31:446]42148:[DBG]:IMG:Comp Itb State Set[0] Complete
[17:58:31:446]42230:[DBG]:IMG:Comp Trans2 Level:0, Target:[-220]
[17:58:31:446]42242:[DBG]:CMD:[0x37]->[0x00]
[17:58:31:446]42244:[DBG]:CMD:[0x01]->[0x02]
[17:58:31:446]42246:[DBG]:CMD:[0x02]->[0x04]
[17:58:31:446]42248:[DBG]:CMD:[0x08]->[0x00]
[17:58:31:446]42248:[DBG]:CMD:[0x09]->[0x00]
[17:58:31:461]42248:[DBG]:CMD:[0xD4]->[0x02]
[17:58:31:461]42248:[DBG]:   :[0x01]->[0x00]
[17:58:31:461]42248:[DBG]:   :[0x02]->[0x05]
[17:58:31:461]42248:[DBG]:   :[0x03]->[0x00]
[17:58:31:477]42248:[DBG]:   :[0x04]->[0x00]
[17:58:31:477]42248:[DBG]:   :[0x05]->[0x00]
[17:58:31:477]42248:[DBG]:   :[0x06]->[0x00]
[17:58:31:477]42250:[DBG]:CMD:[0x20]->[0x00]
[17:58:31:493]42250:[DBG]:CMD:[0x30]->[0x01]
[17:58:31:493]42252:[DBG]:CMD:[0x31]->[0x01]
[17:58:31:493]42254:[DBG]:CMD:[0x32]->[0x11]
[17:58:31:493]42254:[DBG]:CMD:[0x33]->[0x11]
[17:58:31:508]42294:[DBG]:PAP:Fuser pass, Sid[1]
[17:58:31:508]42296:[DBG]:FUS:Note Of Fuser Pass!! Sheet_Id(1) Sheet_Num(2) Pages_Cnt(4)
[17:58:31:524]42296:[DBG]:FUS:C_Temp = 187 R_Temp = 168 F_Temp = 168 Tar_Temp = 190
[17:58:31:524]42360:[DBG]:CMD:[0x37]->[0x00]
[17:58:31:524]42360:[DBG]:CMD:[0x01]->[0x02]
[17:58:31:539]42362:[DBG]:CMD:[0x02]->[0x04]
[17:58:31:539]42364:[DBG]:CMD:[0x08]->[0x00]
[17:58:31:539]42364:[DBG]:CMD:[0x09]->[0x00]
[17:58:31:539]42364:[DBG]:CMD:[0xD4]->[0x02]
[17:58:31:539]42364:[DBG]:   :[0x01]->[0x00]
[17:58:31:539]42364:[DBG]:   :[0x02]->[0x05]
[17:58:31:539]42364:[DBG]:   :[0x03]->[0x00]
[17:58:31:539]42364:[DBG]:   :[0x04]->[0x00]
[17:58:31:555]42364:[DBG]:   :[0x05]->[0x00]
[17:58:31:555]42364:[DBG]:   :[0x06]->[0x00]
[17:58:31:555]42366:[DBG]:CMD:[0x20]->[0x00]
[17:58:31:555]42366:[DBG]:CMD:[0x30]->[0x01]
[17:58:31:571]42368:[DBG]:CMD:[0x31]->[0x01]
[17:58:31:571]42370:[DBG]:CMD:[0x32]->[0x11]
[17:58:31:571]42370:[DBG]:CMD:[0x33]->[0x11]
[17:58:31:571]42474:[DBG]:CMD:[0x37]->[0x00]
[17:58:31:586]42476:[DBG]:CMD:[0x01]->[0x02]
[17:58:31:586]42478:[DBG]:CMD:[0x02]->[0x04]
[17:58:31:586]42480:[DBG]:CMD:[0x08]->[0x00]
[17:58:31:586]42480:[DBG]:CMD:[0x09]->[0x00]
[17:58:31:602]42480:[DBG]:CMD:[0xD4]->[0x02]
[17:58:31:602]42480:[DBG]:   :[0x01]->[0x00]
[17:58:31:602]42480:[DBG]:   :[0x02]->[0x05]
[17:58:31:602]42480:[DBG]:   :[0x03]->[0x00]
[17:58:31:618]42480:[DBG]:   :[0x04]->[0x00]
[17:58:31:618]42480:[DBG]:   :[0x05]->[0x00]
[17:58:31:618]42480:[DBG]:   :[0x06]->[0x00]
[17:58:31:618]42482:[DBG]:CMD:[0x20]->[0x00]
[17:58:31:633]42482:[DBG]:CMD:[0x30]->[0x01]
[17:58:31:633]42484:[DBG]:CMD:[0x31]->[0x01]
[17:58:31:633]42484:[DBG]:CMD:[0x32]->[0x11]
[17:58:31:633]42486:[DBG]:CMD:[0x33]->[0x11]
[17:58:31:633]42562:[DBG]:IMG:Comp Trans2 Level:8, Target:[0]
[17:58:31:633]42564:[DBG]:IMG:Comp Main Motor YMC Req Stop By Phase
[17:58:31:649]42568:[DBG]:IMG:Comp Main Motor K Req Stop By Phase
[17:58:31:649]42590:[DBG]:CMD:[0x37]->[0x00]
[17:58:31:649]42594:[DBG]:CMD:[0x01]->[0x02]
[17:58:31:649]42596:[DBG]:CMD:[0x02]->[0x04]
[17:58:31:664]42596:[DBG]:CMD:[0x08]->[0x00]
[17:58:31:664]42598:[DBG]:CMD:[0x09]->[0x00]
[17:58:31:664]42602:[DBG]:CMD:[0xD4]->[0x02]
[17:58:31:664]42602:[DBG]:   :[0x01]->[0x00]
[17:58:31:680]42602:[DBG]:   :[0x02]->[0x05]
[17:58:31:680]42602:[DBG]:   :[0x03]->[0x00]
[17:58:31:680]42602:[DBG]:   :[0x04]->[0x00]
[17:58:31:680]42602:[DBG]:   :[0x05]->[0x00]
[17:58:31:696]42604:[DBG]:   :[0x06]->[0x00]
[17:58:31:696]42604:[DBG]:CMD:[0x20]->[0x00]
[17:58:31:696]42606:[DBG]:CMD:[0x30]->[0x01]
[17:58:31:696]42608:[DBG]:CMD:[0x31]->[0x01]
[17:58:31:711]42608:[DBG]:CMD:[0x32]->[0x11]
[17:58:31:711]42608:[DBG]:CMD:[0x33]->[0x11]
[17:58:31:711]42706:[DBG]:PAP:Sn[5] Value[1]
[17:58:31:711]42706:[DBG]:PAP:SN Ext off
[17:58:31:727]42706:[DBG]:PAP:exit start judge size, Sid[1]
[17:58:31:727]42706:[DBG]:PAP:exit_length[2157],Serr[1300], Sid[1]
[17:58:31:743]42706:[DBG]:PAP:s_pap_mt_waiting_exit[1], at_setting_flgptn[1]
[17:58:31:743]42706:[INT]:DEV:Exit FWD Speed K*{D
[17:58:31:743]42706:[DBG]:PAP:MT Exit Change cnt[1] spd[9]
[17:58:31:743]42706:[DBG]:IMG:Med Paper Exit[1]
[17:58:31:743]42706:[DBG]:FUS:Proc(1) Exit Sensor Off!! C_Temp = 188 R_Temp = 168 F_Temp = 169
[17:58:31:758]42706:[DBG]:FUS:Exit Pap Gap(1) = 845!
[17:58:31:758]42706:[DBG]:FUS:All Fuser Process Print Finished
[17:58:31:758]42706:[DBG]:FUS:Mode Change!! ( C_Temp = 188 / R_Temp = 168 / F_Temp = 169)
[17:58:31:789]42706:[DBG]:FUS:Print / Print -> Standby / PrintAfter 
[17:58:31:789]42706:[DBG]:FUS:Print After Tar_Temp = 75 
[17:58:31:789]42710:[DBG]:CMD:[0x37]->[0x00]
[17:58:31:789]42710:[DBG]:CMD:[0x01]->[0x02]
[17:58:31:789]42714:[DBG]:CMD:[0x02]->[0x04]
[17:58:31:789]42714:[DBG]:CMD:[0x08]->[0x00]
[17:58:31:805]42716:[DBG]:CMD:[0x09]->[0x00]
[17:58:31:805]42720:[DBG]:CMD:[0xD4]->[0x02]
[17:58:31:805]42720:[DBG]:   :[0x01]->[0x00]
[17:58:31:805]42720:[DBG]:   :[0x02]->[0x05]
[17:58:31:821]42720:[DBG]:   :[0x03]->[0x00]
[17:58:31:821]42720:[DBG]:   :[0x04]->[0x00]
[17:58:31:821]42720:[DBG]:   :[0x05]->[0x00]
[17:58:31:821]42720:[DBG]:   :[0x06]->[0x00]
[17:58:31:836]42722:[DBG]:CMD:[0x20]->[0x00]
[17:58:31:836]42728:[DBG]:CMD:[0x30]->[0x01]
[17:58:31:836]42732:[DBG]:CMD:[0x31]->[0x01]
[17:58:31:836]42732:[DBG]:DEV:Phase Sen[0] Rec State:0
[17:58:31:852]42736:[DBG]:CMD:[0x32]->[0x11]
[17:58:31:852]42738:[DBG]:CMD:[0x33]->[0x11]
[17:58:31:852]42740:[DBG]:IMG:Comp Phase Sen k Step Complete
[17:58:31:852]42740:[DBG]:IMG:Tab Get Motor Stage[7] Time:380
[17:58:31:852]42740:[DBG]:IMG:Tab Get Motor Stage[6] Time:421
[17:58:31:883]42740:[DBG]:IMG:Comp Phase Motor[0] Phase Stop Delay:801ms
[17:58:31:883]42740:[DBG]:DEV:Phase Sen:0 State Reset:255
[17:58:31:883]42740:[DBG]:IMG:Comp Phase Stop Reset:0
[17:58:31:899]42740:[INT]:DEV:ExitMotor nomal step = 71
[17:58:31:899]42838:[DBG]:CMD:[0x37]->[0x00]
[17:58:31:899]42838:[DBG]:CMD:[0x01]->[0x02]
[17:58:31:899]42840:[DBG]:CMD:[0x02]->[0x04]
[17:58:31:899]42840:[DBG]:CMD:[0x08]->[0x00]
[17:58:31:899]42842:[DBG]:CMD:[0x09]->[0x00]
[17:58:31:899]42842:[DBG]:CMD:[0xD4]->[0x02]
[17:58:31:899]42842:[DBG]:   :[0x01]->[0x00]
[17:58:31:914]42842:[DBG]:   :[0x02]->[0x05]
[17:58:31:914]42842:[DBG]:   :[0x03]->[0x00]
[17:58:31:914]42842:[DBG]:   :[0x04]->[0x00]
[17:58:31:914]42842:[DBG]:   :[0x05]->[0x00]
[17:58:31:930]42842:[DBG]:   :[0x06]->[0x00]
[17:58:31:930]42844:[DBG]:CMD:[0x20]->[0x00]
[17:58:31:930]42846:[DBG]:CMD:[0x30]->[0x01]
[17:58:31:930]42848:[DBG]:CMD:[0x31]->[0x01]
[17:58:31:946]42850:[DBG]:CMD:[0x32]->[0x11]
[17:58:31:946]42854:[DBG]:CMD:[0x33]->[0x11]
[17:58:31:946]42954:[DBG]:CMD:[0x37]->[0x00]
[17:58:31:946]42956:[DBG]:CMD:[0x01]->[0x02]
[17:58:31:961]42956:[DBG]:CMD:[0x02]->[0x04]
[17:58:31:961]42962:[DBG]:CMD:[0x08]->[0x00]
[17:58:31:961]42962:[DBG]:CMD:[0x09]->[0x00]
[17:58:31:961]42962:[DBG]:CMD:[0xD4]->[0x02]
[17:58:31:977]42962:[DBG]:   :[0x01]->[0x00]
[17:58:31:977]42962:[DBG]:   :[0x02]->[0x05]
[17:58:31:977]42962:[DBG]:   :[0x03]->[0x00]
[17:58:31:977]42962:[DBG]:   :[0x04]->[0x00]
[17:58:31:993]42962:[DBG]:   :[0x05]->[0x00]
[17:58:31:993]42962:[DBG]:   :[0x06]->[0x00]
[17:58:31:993]42964:[DBG]:CMD:[0x20]->[0x00]
[17:58:31:993]42964:[DBG]:CMD:[0x30]->[0x01]
[17:58:32:008]42966:[DBG]:CMD:[0x31]->[0x01]
[17:58:32:008]42968:[DBG]:CMD:[0x32]->[0x11]
[17:58:32:008]42968:[DBG]:CMD:[0x33]->[0x11]
[17:58:32:008]43064:[DBG]:DEV:Phase Sen[1] Rec State:0
[17:58:32:024]43066:[DBG]:IMG:Comp Phase Sen YMC Step Complete
[17:58:32:024]43066:[DBG]:IMG:Tab Get Motor Stage[7] Time:380
[17:58:32:024]43066:[DBG]:IMG:Tab Get Motor Stage[5] Time:0
[17:58:32:024]43066:[DBG]:IMG:Comp Phase Motor[1] Phase Stop Delay:380ms
[17:58:32:024]43066:[DBG]:DEV:Phase Sen:1 State Reset:255
[17:58:32:039]43066:[DBG]:IMG:Comp Phase Stop Reset:1
[17:58:32:039]43070:[DBG]:CMD:[0x37]->[0x00]
[17:58:32:039]43070:[DBG]:CMD:[0x01]->[0x02]
[17:58:32:039]43072:[DBG]:CMD:[0x02]->[0x04]
[17:58:32:055]43072:[DBG]:CMD:[0x08]->[0x00]
[17:58:32:055]43074:[DBG]:CMD:[0x09]->[0x00]
[17:58:32:055]43074:[DBG]:CMD:[0xD4]->[0x02]
[17:58:32:055]43074:[DBG]:   :[0x01]->[0x00]
[17:58:32:071]43074:[DBG]:   :[0x02]->[0x05]
[17:58:32:071]43074:[DBG]:   :[0x03]->[0x00]
[17:58:32:071]43074:[DBG]:   :[0x04]->[0x00]
[17:58:32:071]43074:[DBG]:   :[0x05]->[0x00]
[17:58:32:086]43074:[DBG]:   :[0x06]->[0x00]
[17:58:32:086]43076:[DBG]:CMD:[0x20]->[0x00]
[17:58:32:086]43076:[DBG]:CMD:[0x30]->[0x01]
[17:58:32:086]43078:[DBG]:CMD:[0x31]->[0x01]
[17:58:32:102]43080:[DBG]:CMD:[0x32]->[0x11]
[17:58:32:102]43080:[DBG]:CMD:[0x33]->[0x11]
[17:58:32:102]43184:[DBG]:CMD:[0x37]->[0x00]
[17:58:32:102]43186:[DBG]:CMD:[0x01]->[0x02]
[17:58:32:117]43188:[DBG]:CMD:[0x02]->[0x04]
[17:58:32:117]43190:[DBG]:CMD:[0x08]->[0x00]
[17:58:32:117]43190:[DBG]:CMD:[0x09]->[0x00]
[17:58:32:117]43190:[DBG]:CMD:[0xD4]->[0x02]
[17:58:32:133]43190:[DBG]:   :[0x01]->[0x00]
[17:58:32:133]43190:[DBG]:   :[0x02]->[0x05]
[17:58:32:133]43190:[DBG]:   :[0x03]->[0x00]
[17:58:32:133]43190:[DBG]:   :[0x04]->[0x00]
[17:58:32:133]43190:[DBG]:   :[0x05]->[0x00]
[17:58:32:133]43190:[DBG]:   :[0x06]->[0x00]
[17:58:32:133]43192:[DBG]:CMD:[0x20]->[0x00]
[17:58:32:133]43192:[DBG]:CMD:[0x30]->[0x01]
[17:58:32:149]43194:[DBG]:CMD:[0x31]->[0x01]
[17:58:32:149]43196:[DBG]:CMD:[0x32]->[0x11]
[17:58:32:149]43196:[DBG]:CMD:[0x33]->[0x11]
[17:58:32:149]43300:[DBG]:CMD:[0x37]->[0x00]
[17:58:32:164]43302:[DBG]:CMD:[0x01]->[0x02]
[17:58:32:164]43302:[DBG]:CMD:[0x02]->[0x04]
[17:58:32:164]43302:[DBG]:CMD:[0x08]->[0x00]
[17:58:32:164]43304:[DBG]:CMD:[0x09]->[0x00]
[17:58:32:180]43304:[DBG]:CMD:[0xD4]->[0x02]
[17:58:32:180]43304:[DBG]:   :[0x01]->[0x00]
[17:58:32:180]43304:[DBG]:   :[0x02]->[0x05]
[17:58:32:180]43304:[DBG]:   :[0x03]->[0x00]
[17:58:32:196]43304:[DBG]:   :[0x04]->[0x00]
[17:58:32:196]43304:[DBG]:   :[0x05]->[0x00]
[17:58:32:196]43304:[DBG]:   :[0x06]->[0x00]
[17:58:32:196]43306:[DBG]:CMD:[0x20]->[0x00]
[17:58:32:211]43308:[DBG]:CMD:[0x30]->[0x01]
[17:58:32:211]43308:[DBG]:CMD:[0x31]->[0x01]
[17:58:32:211]43310:[DBG]:CMD:[0x32]->[0x11]
[17:58:32:211]43310:[DBG]:CMD:[0x33]->[0x11]
[17:58:32:227]43414:[DBG]:CMD:[0x37]->[0x00]
[17:58:32:227]43416:[DBG]:CMD:[0x01]->[0x02]
[17:58:32:227]43418:[DBG]:CMD:[0x02]->[0x04]
[17:58:32:227]43420:[DBG]:CMD:[0x08]->[0x00]
[17:58:32:242]43422:[DBG]:CMD:[0x09]->[0x00]
[17:58:32:242]43424:[DBG]:CMD:[0xD4]->[0x02]
[17:58:32:242]43424:[DBG]:   :[0x01]->[0x00]
[17:58:32:242]43424:[DBG]:   :[0x02]->[0x05]
[17:58:32:242]43424:[DBG]:   :[0x03]->[0x00]
[17:58:32:242]43424:[DBG]:   :[0x04]->[0x00]
[17:58:32:242]43424:[DBG]:   :[0x05]->[0x00]
[17:58:32:242]43424:[DBG]:   :[0x06]->[0x00]
[17:58:32:258]43424:[DBG]:CMD:[0x20]->[0x00]
[17:58:32:258]43424:[DBG]:CMD:[0x30]->[0x01]
[17:58:32:258]43426:[DBG]:CMD:[0x31]->[0x01]
[17:58:32:258]43428:[DBG]:CMD:[0x32]->[0x11]
[17:58:32:274]43428:[DBG]:CMD:[0x33]->[0x11]
[17:58:32:274]43448:[DBG]:IMG:Comp Main Motor YMC Stop
[17:58:32:274]43448:[INT]:DEV:Ymc stop at speed 22060
[17:58:32:289]43448:[INT]:DEV:YMC motor req stop
[17:58:32:289]43456:[DBG]:STS:YMC under 60s:g_st_main_time_counter_fc = 951
[17:58:32:289]43456:[DBG]:STS:opc_ymc drive total length = 951
[17:58:32:305]43456:[DBG]:SSC:Interface[6] set opc [7617415]->[7618366]
[17:58:32:305]43456:[DBG]:SSC:Interface[6] set carrier [7617415]->[7618366]
[17:58:32:321]43462:[DBG]:SSC:Info flag = 0x00000001.
[17:58:32:321]43462:[DBG]:SSC:Interface[6] Opc Used Page [9679]->[9680]
[17:58:32:321]43462:[DBG]:SSC:Info to EC MP[27] --> [838]
[17:58:32:321]43462:[DBG]:setmp=125,84
[17:58:32:321]43462:[DBG]:SSC:Info to EC MP[31] --> [9680]
[17:58:32:321]43462:[DBG]:setmp=133,9680
[17:58:32:336]43464:[DBG]:SSC:Interface[5] set opc [7458650]->[7459601]
[17:58:32:336]43464:[DBG]:SSC:Interface[5] set carrier [7458650]->[7459601]
[17:58:32:352]43464:[DBG]:SSC:Info flag = 0x00000001.
[17:58:32:352]43466:[DBG]:SSC:Interface[5] Opc Used Page [9477]->[9478]
[17:58:32:352]43466:[DBG]:SSC:Info to EC MP[26] --> [842]
[17:58:32:367]43466:[DBG]:setmp=124,84
[17:58:32:367]43466:[DBG]:SSC:Info to EC MP[30] --> [9478]
[17:58:32:367]43466:[DBG]:setmp=132,9478
[17:58:32:383]43466:[DBG]:SSC:Interface[4] set opc [7617815]->[7618766]
[17:58:32:383]43466:[DBG]:SSC:Interface[4] set carrier [7617815]->[7618766]
[17:58:32:383]43468:[DBG]:SSC:Info flag = 0x00000001.
[17:58:32:399]43470:[DBG]:SSC:Interface[4] Opc Used Page [9679]->[9680]
[17:58:32:399]43470:[DBG]:SSC:Info to EC MP[25] --> [838]
[17:58:32:399]43470:[DBG]:setmp=123,84
[17:58:32:399]43470:[DBG]:SSC:Info to EC MP[29] --> [9680]
[17:58:32:399]43470:[DBG]:setmp=131,9680
[17:58:32:399]43470:[DBG]:STS:PageNum-Y = 1
[17:58:32:414]43470:[DBG]:SSC:Interface[6] [5] jobs [375]->[376]
[17:58:32:414]43472:[DBG]:SSC:Info flag = 0x00000001.
[17:58:32:414]43472:[DBG]:STS:PageNum-M = 1
[17:58:32:430]43472:[DBG]:SSC:Interface[5] [5] jobs [367]->[368]
[17:58:32:430]43474:[DBG]:SSC:Info flag = 0x00000001.
[17:58:32:430]43474:[DBG]:STS:PageNum-C = 1
[17:58:32:446]43474:[DBG]:SSC:Interface[4] [5] jobs [374]->[375]
[17:58:32:446]43476:[DBG]:SSC:Info flag = 0x00000001.
[17:58:32:446]43530:[DBG]:CMD:[0x37]->[0x00]
[17:58:32:461]43530:[DBG]:IMG:Comp Receive Motor_CMY Off From Device
[17:58:32:461]43530:[DBG]:IMG:Comp MHV_C Level:5, Target:[0]
[17:58:32:461]43530:[DBG]:IMG:Comp MHV_M Level:5, Target:[0]
[17:58:32:461]43530:[DBG]:IMG:Comp MHV_Y Level:5, Target:[0]
[17:58:32:461]43530:[DBG]:CMD:[0x01]->[0x02]
[17:58:32:461]43530:[DBG]:IMG:Comp Erase Check Stop
[17:58:32:477]43530:[DBG]:IMG:Comp Erase Lamp CMY Target:[0]
[17:58:32:477]43530:[DBG]:setmp=315,-385820687
[17:58:32:477]43532:[DBG]:CMD:[0x02]->[0x04]
[17:58:32:477]43532:[DBG]:CMD:[0x08]->[0x00]
[17:58:32:492]43534:[DBG]:CMD:[0x09]->[0x00]
[17:58:32:492]43534:[DBG]:CMD:[0xD4]->[0x02]
[17:58:32:492]43534:[DBG]:   :[0x01]->[0x00]
[17:58:32:492]43534:[DBG]:   :[0x02]->[0x05]
[17:58:32:508]43534:[DBG]:   :[0x03]->[0x00]
[17:58:32:508]43534:[DBG]:   :[0x04]->[0x00]
[17:58:32:508]43534:[DBG]:   :[0x05]->[0x00]
[17:58:32:508]43534:[DBG]:   :[0x06]->[0x00]
[17:58:32:524]43534:[DBG]:CMD:[0x20]->[0x00]
[17:58:32:524]43536:[DBG]:CMD:[0x30]->[0x01]
[17:58:32:524]43538:[DBG]:CMD:[0x31]->[0x01]
[17:58:32:524]43538:[DBG]:CMD:[0x32]->[0x11]
[17:58:32:539]43540:[DBG]:CMD:[0x33]->[0x11]
[17:58:32:539]43542:[DBG]:IMG:Comp Main Motor K Stop
[17:58:32:539]43542:[INT]:Dev:K stop at speed 22060
[17:58:32:539]43542:[INT]:DEV:K motor req stop
[17:58:32:539]43546:[DBG]:STS:K under 60s:g_st_main_time_counter_bk = 950
[17:58:32:539]43546:[DBG]:STS:opc_k drive total length = 950
[17:58:32:555]43546:[DBG]:SSC:Interface[7] set opc [4009882]->[4010832]
[17:58:32:555]43546:[DBG]:SSC:Interface[7] set carrier [4009882]->[4010832]
[17:58:32:571]43548:[DBG]:SSC:Info flag = 0x00000001.
[17:58:32:571]43550:[DBG]:SSC:Interface[7] Opc Used Page [5095]->[5096]
[17:58:32:586]43550:[DBG]:SSC:Info to EC MP[28] --> [915]
[17:58:32:586]43550:[DBG]:setmp=122,92
[17:58:32:586]43550:[DBG]:SSC:Info to EC MP[32] --> [5096]
[17:58:32:586]43550:[DBG]:setmp=130,5096
[17:58:32:602]43550:[DBG]:STS:PageNum-K = 1
[17:58:32:602]43550:[DBG]:SSC:Interface[7] [5] jobs [84]->[85]
[17:58:32:602]43550:[DBG]:SSC:Info flag = 0x00000001.
[17:58:32:602]43550:[DBG]:SSC:[pt-tern][sscSetPageNumInOneTsk] save_patent_696_data
[17:58:32:602]43624:[DBG]:IMG:Comp Receive Motor_K Off From Device
[17:58:32:617]43624:[DBG]:IMG:Comp MHV_K Level:5, Target:[0]
[17:58:32:617]43624:[DBG]:IMG:Comp Erase Check Stop
[17:58:32:617]43624:[DBG]:IMG:Comp Erase Lamp K Target:[0]
[17:58:32:617]43624:[DBG]:LSU:Ld Off
[17:58:32:633]43624:[DBG]:TONER:Log Data 0x2003
[17:58:32:633]43624:[DBG]:setmp=310,400
[17:58:32:633]43624:[DBG]:IMG:Reg[310] Set Motor Speed[0] Stage[7] Time:400ms Set
[17:58:32:649]43624:[DBG]:IMG:Comp Notify STS Stop
[17:58:32:649]43624:[DBG]:setmp=314,-385820687
[17:58:32:649]43642:[DBG]:CMD:[0x37]->[0x00]
[17:58:32:664]43642:[DBG]:CMD:[0x01]->[0x02]
[17:58:32:664]43642:[DBG]:CMD:[0x02]->[0x04]
[17:58:32:664]43644:[DBG]:CMD:[0x08]->[0x00]
[17:58:32:664]43646:[DBG]:CMD:[0x09]->[0x00]
[17:58:32:680]43646:[DBG]:CMD:[0xD4]->[0x02]
[17:58:32:680]43646:[DBG]:   :[0x01]->[0x00]
[17:58:32:680]43646:[DBG]:   :[0x02]->[0x05]
[17:58:32:680]43646:[DBG]:   :[0x03]->[0x00]
[17:58:32:695]43646:[DBG]:   :[0x04]->[0x00]
[17:58:32:695]43646:[DBG]:   :[0x05]->[0x00]
[17:58:32:695]43646:[DBG]:   :[0x06]->[0x00]
[17:58:32:695]43646:[DBG]:CMD:[0x20]->[0x00]
[17:58:32:695]43648:[DBG]:CMD:[0x30]->[0x01]
[17:58:32:695]43650:[DBG]:CMD:[0x31]->[0x01]
[17:58:32:695]43650:[DBG]:CMD:[0x32]->[0x11]
[17:58:32:695]43652:[DBG]:CMD:[0x33]->[0x11]
[17:58:32:711]43714:[DBG]:FUS:Mode Change!! ( C_Temp = 172 / R_Temp = 154 / F_Temp = 154)
[17:58:32:711]43714:[DBG]:FUS:Standby / PrintAfter -> Standby / Standby 
[17:58:32:727]43714:[DBG]:FUS:Standby Tar_Temp = 75 
[17:58:32:727]43714:[DBG]:FUS:Fuser Motor Off When Print After Timer Out!!
[17:58:32:727]43714:[INT]:Dev:FUSER Motor stop
[17:58:32:742]43714:[INT]:DEV:fuser motor req stop
[17:58:32:742]43714:[DBG]:PMNG:Main Motor Status is 1
[17:58:32:742]43714:[DBG]:PMNG:Fuser Motor Status is 0
[17:58:32:742]43714:[DBG]:PMNG:Print Complete Judge 1 0 0 0
[17:58:32:742]43714:[DBG]:PMNG:Fuser Actuator Stop
[17:58:32:742]43754:[DBG]:IMG:Comp Hv Check Start
[17:58:32:758]43754:[DBG]:CMD:[0x37]->[0x00]
[17:58:32:758]43754:[DBG]:CMD:[0x01]->[0x02]
[17:58:32:758]43756:[DBG]:CMD:[0x02]->[0x04]
[17:58:32:758]43756:[DBG]:CMD:[0x08]->[0x00]
[17:58:32:774]43760:[DBG]:CMD:[0x09]->[0x00]
[17:58:32:774]43760:[DBG]:CMD:[0xD4]->[0x02]
[17:58:32:774]43760:[DBG]:   :[0x01]->[0x00]
[17:58:32:774]43760:[DBG]:   :[0x02]->[0x05]
[17:58:32:789]43760:[DBG]:   :[0x03]->[0x00]
[17:58:32:789]43760:[DBG]:   :[0x04]->[0x00]
[17:58:32:789]43760:[DBG]:   :[0x05]->[0x00]
[17:58:32:789]43760:[DBG]:   :[0x06]->[0x00]
[17:58:32:805]43762:[DBG]:CMD:[0x20]->[0x00]
[17:58:32:805]43762:[DBG]:CMD:[0x30]->[0x01]
[17:58:32:805]43764:[DBG]:CMD:[0x31]->[0x01]
[17:58:32:805]43764:[DBG]:CMD:[0x32]->[0x11]
[17:58:32:820]43766:[DBG]:CMD:[0x33]->[0x11]
[17:58:32:820]43866:[DBG]:CMD:[0x37]->[0x00]
[17:58:32:820]43868:[DBG]:CMD:[0x01]->[0x02]
[17:58:32:820]43868:[DBG]:CMD:[0x02]->[0x04]
[17:58:32:836]43870:[DBG]:CMD:[0x08]->[0x00]
[17:58:32:836]43870:[DBG]:CMD:[0x09]->[0x00]
[17:58:32:836]43872:[DBG]:CMD:[0xD4]->[0x02]
[17:58:32:836]43872:[DBG]:   :[0x01]->[0x00]
[17:58:32:836]43872:[DBG]:   :[0x02]->[0x05]
[17:58:32:836]43872:[DBG]:   :[0x03]->[0x00]
[17:58:32:836]43872:[DBG]:   :[0x04]->[0x00]
[17:58:32:836]43872:[DBG]:   :[0x05]->[0x00]
[17:58:32:852]43872:[DBG]:   :[0x06]->[0x00]
[17:58:32:852]43872:[DBG]:CMD:[0x20]->[0x00]
[17:58:32:852]43874:[DBG]:CMD:[0x30]->[0x01]
[17:58:32:852]43874:[DBG]:CMD:[0x31]->[0x01]
[17:58:32:867]43876:[DBG]:CMD:[0x32]->[0x11]
[17:58:32:867]43878:[DBG]:CMD:[0x33]->[0x11]
[17:58:32:867]43978:[DBG]:CMD:[0x37]->[0x00]
[17:58:32:867]43978:[DBG]:CMD:[0x01]->[0x02]
[17:58:32:883]43980:[DBG]:CMD:[0x02]->[0x04]
[17:58:32:883]43982:[DBG]:CMD:[0x08]->[0x00]
[17:58:32:883]43982:[DBG]:CMD:[0x09]->[0x00]
[17:58:32:883]43982:[DBG]:CMD:[0xD4]->[0x02]
[17:58:32:899]43982:[DBG]:   :[0x01]->[0x00]
[17:58:32:899]43982:[DBG]:   :[0x02]->[0x05]
[17:58:32:899]43982:[DBG]:   :[0x03]->[0x00]
[17:58:32:899]43982:[DBG]:   :[0x04]->[0x00]
[17:58:32:899]43982:[DBG]:   :[0x05]->[0x00]
[17:58:32:899]43982:[DBG]:   :[0x06]->[0x00]
[17:58:32:899]43984:[DBG]:PAP:s_pap_mt_waiting_exit[0], at_setting_flgptn[1]
[17:58:32:914]43984:[INT]:DEV:Exit clock Off
[17:58:32:914]43984:[DBG]:PAP:MT Exit Off cnt[0] spd[3]
[17:58:32:914]43984:[INT]:DEV:Feed clock Off
[17:58:32:930]43984:[DBG]:PAP:MT FEED Off cnt[0] spd[3]
[17:58:32:930]43984:[DBG]:PAP:Main exit finish sid[1]
[17:58:32:930]43984:[DBG]:PMNG:Sheet Complete( 1 )
[17:58:32:945]43984:[DBG]:PMNG:Check Remain Sheet:1 0 0 1 0
[17:58:32:945]43984:[DBG]:PMNG:Main Motor Status is 1
[17:58:32:945]43984:[DBG]:PMNG:Fuser Motor Status is 0
[17:58:32:961]43984:[DBG]:PMNG:Print Complete Judge 0 0 0 0
[17:58:32:961]43984:[DBG]:PMNG:Paper Finish( 1 )
[17:58:32:961]43984:[DBG]:SSC:Interface[0] set feeds to [1663].
[17:58:32:961]43984:[DBG]:SSC:Info flag = 0x00000001.
[17:58:32:961]43986:[INT]:PAP:eTIMER_PAP_MT_HOLD_OFF_EXIT
[17:58:32:961]43986:[DBG]:CMD:[0x20]->[0x00]
[17:58:32:961]43986:[DBG]:IMG:Med Imaging Complete[1]
[17:58:32:992]43986:[DBG]:PAP:##Paper complete!! Sid[1]
[17:58:32:992]43986:[DBG]:PAP:CL Duplex [0] cnt[0]
[17:58:32:992]43986:[DBG]:SSC:Interface[1] set feeds to [2542].
[17:58:32:992]43988:[DBG]:CMD:[0x30]->[0x01]
[17:58:32:992]43988:[DBG]:SSC:Info flag = 0x00000001.
[17:58:32:992]43988:[DBG]:SSC:Interface[2] set feeds to [7199].
[17:58:33:008]43990:[DBG]:CMD:[0x31]->[0x11]
[17:58:33:008]43990:[DBG]:SSC:Info flag = 0x00000001.
[17:58:33:008]43990:[DBG]:SSC:Interface[3] set feeds to [7193].
[17:58:33:024]43990:[DBG]:SSC:Info flag = 0x00000001.
[17:58:33:024]43992:[DBG]:CMD:[0x32]->[0x11]
[17:58:33:024]43992:[DBG]:SSC:Interface[4] set feeds to [7198].
[17:58:33:039]43992:[DBG]:SSC:finish write patent1.
[17:58:33:039]43992:[DBG]:SSC:Interface [-WARN-] need a Surf patent! [0] 
[17:58:33:039]43992:[DBG]:SSC:finish write patent2.
[17:58:33:039]43994:[DBG]:CMD:[0x33]->[0x11]
[17:58:33:039]43994:[DBG]:SSC:Info flag = x00000001.
[17:58:33:039]43994:[DBG]:SSC:Interface[5] set feeds to [7180].
[17:58:33:055]43994:[DBG]:SSC:finish write patent1.
[17:58:33:055]43994:[DBG]:SSC:Interface [-WARN-] need a Surf patent! [0] 
[17:58:33:070]43994:[DBG]:SSC:finish write patent2.
[17:58:33:070]43996:[DBG]:SSC:Info flag = 0x00000001.
[17:58:33:070]43996:[DBG]:SSC:Interface[6] set feeds to [7199].
[17:58:33:086]43996:[DBG]:SSC:finish write patent1.
[17:58:33:086]43996:[DBG]:SSC:Interface [-WARN-] need a Surf patent! [0] 
[17:58:33:086]43996:[DBG]:SSC:finish write patent2.
[17:58:33:102]43998:[DBG]:SSC:Info flag = 0x00000001.
[17:58:33:102]43998:[DBG]:SSC:Interface[7] set feeds to [3173].
[17:58:33:102]43998:[DBG]:SSC:finish write patent1.
[17:58:33:117]43998:[DBG]:SSC:Interface [-WARN-] need a Surf patent! [0] 
[17:58:33:117]43998:[DBG]:SSC:finish write patent2.
[17:58:33:117]44002:[DBG]:SSC:Info flag = 0x00000001.
[17:58:33:133]44042:[INT]:PAP:BIT_PAP_EXIT_MT_FINISH ok
[17:58:33:133]44064:[DBG]:IMG:Comp HV Check Finish, Ready To Hvabs Check
[17:58:33:133]44094:[DBG]:CMD:[0x37]->[0x00]
[17:58:33:133]44094:[DBG]:CMD:[0x01]->[0x02]
[17:58:33:133]44098:[DBG]:CMD:[0x02]->[0x04]
[17:58:33:133]44098:[DBG]:CMD:[0x08]->[0x00]
[17:58:33:148]44098:[DBG]:CMD:[0x09]->[0x00]
[17:58:33:148]44100:[DBG]:CMD:[0xD4]->[0x02]
[17:58:33:148]44100:[DBG]:   :[0x01]->[0x00]
[17:58:33:148]44100:[DBG]:   :[0x02]->[0x05]
[17:58:33:164]44100:[DBG]:   :[0x03]->[0x00]
[17:58:33:164]44100:[DBG]:   :[0x04]->[0x00]
[17:58:33:164]44100:[DBG]:   :[0x05]->[0x00]
[17:58:33:164]44100:[DBG]:   :[0x06]->[0x00]
[17:58:33:180]44100:[DBG]:CMD:[0x20]->[0x00]
[17:58:33:180]44102:[DBG]:CMD:[0x30]->[0x01]
[17:58:33:180]44104:[DBG]:CMD:[0x31]->[0x11]
[17:58:33:180]44104:[DBG]:CMD:[0x32]->[0x11]
[17:58:33:195]44106:[DBG]:CMD:[0x33]->[0x11]
[17:58:33:195]44206:[DBG]:CMD:[0x37]->[0x00]
[17:58:33:195]44208:[DBG]:CMD:[0x01]->[0x02]
[17:58:33:195]44210:[DBG]:CMD:[0x02]->[0x04]
[17:58:33:195]44210:[DBG]:CMD:[0x08]->[0x00]
[17:58:33:195]44212:[DBG]:CMD:[0x09]->[0x00]
[17:58:33:195]44212:[DBG]:CMD:[0xD4]->[0x02]
[17:58:33:195]44212:[DBG]:   :[0x01]->[0x00]
[17:58:33:211]44212:[DBG]:   :[0x02]->[0x05]
[17:58:33:211]44212:[DBG]:   :[0x03]->[0x00]
[17:58:33:211]44212:[DBG]:   :[0x04]->[0x00]
[17:58:33:211]44212:[DBG]:   :[0x05]->[0x00]
[17:58:33:227]44212:[DBG]:   :[0x06]->[0x00]
[17:58:33:227]44214:[DBG]:CMD:[0x20]->[0x00]
[17:58:33:227]44214:[DBG]:CMD:[0x30]->[0x01]
[17:58:33:227]44218:[DBG]:CMD:[0x31]->[0x11]
[17:58:33:242]44220:[DBG]:CMD:[0x32]->[0x11]
[17:58:33:242]44222:[DBG]:CMD:[0x33]->[0x11]
[17:58:33:242]44324:[DBG]:CMD:[0x37]->[0x00]
[17:58:33:242]44324:[DBG]:CMD:[0x01]->[0x02]
[17:58:33:258]44326:[DBG]:CMD:[0x02]->[0x04]
[17:58:33:258]44328:[DBG]:CMD:[0x08]->[0x00]
[17:58:33:258]44328:[DBG]:CMD:[0x09]->[0x00]
[17:58:33:258]44332:[DBG]:CMD:[0xD4]->[0x02]
[17:58:33:258]44332:[DBG]:   :[0x01]->[0x00]
[17:58:33:258]44332:[DBG]:   :[0x02]->[0x05]
[17:58:33:258]44332:[DBG]:   :[0x03]->[0x00]
[17:58:33:258]44332:[DBG]:   :[0x04]->[0x00]
[17:58:33:289]44332:[DBG]:   :[0x05]->[0x00]
[17:58:33:289]44332:[DBG]:   :[0x06]->[0x00]
[17:58:33:289]44332:[DBG]:CMD:[0x20]->[0x00]
[17:58:33:289]44334:[DBG]:CMD:[0x30]->[0x01]
[17:58:33:289]44334:[DBG]:CMD:[0x31]->[0x11]
[17:58:33:289]44336:[DBG]:CMD:[0x32]->[0x11]
[17:58:33:289]44336:[DBG]:CMD:[0x33]->[0x11]
[17:58:33:289]44440:[DBG]:CMD:[0x37]->[0x00]
[17:58:33:305]44440:[DBG]:CMD:[0x01]->[0x02]
[17:58:33:305]44440:[DBG]:CMD:[0x02]->[0x04]
[17:58:33:305]44442:[DBG]:CMD:[0x08]->[0x00]
[17:58:33:305]44442:[DBG]:CMD:[0x09]->[0x00]
[17:58:33:320]44444:[DBG]:CMD:[0xD4]->[0x02]
[17:58:33:320]44444:[DBG]:   :[0x01]->[0x00]
[17:58:33:320]44444:[DBG]:   :[0x02]->[0x05]
[17:58:33:320]44444:[DBG]:   :[0x03]->[0x00]
[17:58:33:336]44444:[DBG]:   :[0x04]->[0x00]
[17:58:33:336]44444:[DBG]:   :[0x05]->[0x00]
[17:58:33:336]44444:[DBG]:   :[0x06]->[0x00]
[17:58:33:336]44446:[DBG]:CMD:[0x20]->[0x00]
[17:58:33:336]44446:[DBG]:CMD:[0x30]->[0x01]
[17:58:33:336]44448:[DBG]:CMD:[0x31]->[0x11]
[17:58:33:336]44448:[DBG]:CMD:[0x32]->[0x11]
[17:58:33:336]44450:[DBG]:CMD:[0x33]->[0x11]
[17:58:33:352]44550:[DBG]:CMD:[0x37]->[0x00]
[17:58:33:352]44554:[DBG]:CMD:[0x01]->[0x02]
[17:58:33:352]44556:[DBG]:CMD:[0x02]->[0x04]
[17:58:33:352]44560:[DBG]:CMD:[0x08]->[0x00]
[17:58:33:367]44560:[DBG]:CMD:[0x09]->[0x00]
[17:58:33:367]44564:[DBG]:CMD:[0xD4]->[0x02]
[17:58:33:367]44564:[DBG]:   :[0x01]->[0x00]
[17:58:33:367]44564:[DBG]:   :[0x02]->[0x05]
[17:58:33:383]44564:[DBG]:   :[0x03]->[0x00]
[17:58:33:383]44564:[DBG]:   :[0x04]->[0x00]
[17:58:33:383]44564:[DBG]:   :[0x05]->[0x00]
[17:58:33:383]44564:[DBG]:   :[0x06]->[0x00]
[17:58:33:398]44566:[DBG]:CMD:[0x20]->[0x00]
[17:58:33:398]44568:[DBG]:CMD:[0x30]->[0x01]
[17:58:33:398]44570:[DBG]:CMD:[0x31]->[0x11]
[17:58:33:398]44572:[DBG]:CMD:[0x32]->[0x11]
[17:58:33:414]44572:[DBG]:CMD:[0x33]->[0x11]
[17:58:33:414]44672:[DBG]:CMD:[0x37]->[0x00]
[17:58:33:414]44674:[DBG]:CMD:[0x01]->[0x02]
[17:58:33:414]44674:[DBG]:CMD:[0x02]->[0x04]
[17:58:33:430]44676:[DBG]:CMD:[0x08]->[0x00]
[17:58:33:430]44676:[DBG]:CMD:[0x09]->[0x00]
[17:58:33:430]44682:[DBG]:CMD:[0xD4]->[0x02]
[17:58:33:430]44682:[DBG]:   :[0x01]->[0x00]
[17:58:33:430]44682:[DBG]:   :[0x02]->[0x05]
[17:58:33:430]44682:[DBG]:   :[0x03]->[0x00]
[17:58:33:430]44682:[DBG]:   :[0x04]->[0x00]
[17:58:33:430]44682:[DBG]:   :[0x05]->[0x00]
[17:58:33:445]44682:[DBG]:   :[0x06]->[0x00]
[17:58:33:445]44684:[DBG]:CMD:[0x20]->[0x00]
[17:58:33:445]44686:[DBG]:CMD:[0x30]->[0x01]
[17:58:33:445]44688:[DBG]:CMD:[0x31]->[0x11]
[17:58:33:461]44690:[DBG]:CMD:[0x32]->[0x11]
[17:58:33:461]44692:[DBG]:CMD:[0x33]->[0x11]
[17:58:33:461]44792:[DBG]:CMD:[0x37]->[0x00]
[17:58:33:461]44792:[DBG]:CMD:[0x01]->[0x02]
[17:58:33:477]44794:[DBG]:CMD:[0x02]->[0x04]
[17:58:33:477]44794:[DBG]:CMD:[0x08]->[0x00]
[17:58:33:477]44798:[DBG]:CMD:[0x09]->[0x00]
[17:58:33:477]44800:[DBG]:CMD:[0xD4]->[0x02]
[17:58:33:492]44800:[DBG]:   :[0x01]->[0x00]
[17:58:33:492]44800:[DBG]:   :[0x02]->[0x05]
[17:58:33:492]44800:[DBG]:   :[0x03]->[0x00]
[17:58:33:492]44800:[DBG]:   :[0x04]->[0x00]
[17:58:33:492]44800:[DBG]:   :[0x05]->[0x00]
[17:58:33:492]44800:[DBG]:   :[0x06]->[0x00]
[17:58:33:492]44802:[DBG]:CMD:[0x20]->[0x00]
[17:58:33:492]44804:[DBG]:CMD:[0x30]->[0x01]
[17:58:33:508]44806:[DBG]:CMD:[0x31]->[0x11]
[17:58:33:508]44808:[DBG]:CMD:[0x32]->[0x11]
[17:58:33:508]44810:[DBG]:CMD:[0x33]->[0x11]
[17:58:33:508]44910:[DBG]:CMD:[0x37]->[0x00]
[17:58:33:523]44910:[DBG]:CMD:[0x01]->[0x02]
[17:58:33:523]44912:[DBG]:CMD:[0x02]->[0x04]
[17:58:33:523]44912:[DBG]:CMD:[0x08]->[0x00]
[17:58:33:523]44916:[DBG]:CMD:[0x09]->[0x00]
[17:58:33:539]44920:[DBG]:CMD:[0xD4]->[0x02]
[17:58:33:539]44920:[DBG]:   :[0x01]->[0x00]
[17:58:33:539]44920:[DBG]:   :[0x02]->[0x05]
[17:58:33:539]44920:[DBG]:   :[0x03]->[0x00]
[17:58:33:555]44920:[DBG]:   :[0x04]->[0x00]
[17:58:33:555]44920:[DBG]:   :[0x05]->[0x00]
[17:58:33:555]44920:[DBG]:   :[0x06]->[0x00]
[17:58:33:555]44924:[DBG]:CMD:[0x20]->[0x00]
[17:58:33:555]44928:[DBG]:CMD:[0x30]->[0x01]
[17:58:33:555]44930:[DBG]:CMD:[0x31]->[0x11]
[17:58:33:555]44932:[DBG]:IMG:Comp Polygon Off.
[17:58:33:555]44932:[DBG]:LSU:Polygon Off 
[17:58:33:586]44932:[DBG]:IMG:Comp Main MotorYMC[2],Speed:[0]
[17:58:33:586]44932:[INT]:DEV:Speed:22060 rpm, clkFrq:1654
[17:58:33:586]44932:[INT]:DEV:YMC stop to rvs
[17:58:33:586]44932:[DBG]:DEV:Print Finish Note For Fan
[17:58:33:586]44932:[DBG]:CMD:[0x32]->[0x11]
[17:58:33:586]44934:[DBG]:CMD:[0x33]->[0x11]
[17:58:33:586]44958:[DBG]:Dev:[DCM]y_motor:1
[17:58:33:602]44974:[DBG]:IMG:Comp Main Motor YMC Stop
[17:58:33:602]44974:[INT]:DEV:Ymc stop at speed 22060
[17:58:33:602]44974:[INT]:DEV:YMC motor req stop
[17:58:33:617]45028:[DBG]:IMG:Comp Main MotorK[2],Speed:[0]
[17:58:33:617]45028:[INT]:DEV:k Speed:22060 rpm, clkFrq:1654
[17:58:33:617]45028:[INT]:Dev:stop to rvs
[17:58:33:633]45028:[DBG]:DEV:Print Finish Note For Fan
[17:58:33:633]45034:[DBG]:CMD:[0x37]->[0x00]
[17:58:33:633]45034:[DBG]:CMD:[0x01]->[0x02]
[17:58:33:633]45036:[DBG]:CMD:[0x02]->[0x04]
[17:58:33:633]45038:[DBG]:CMD:[0x08]->[0x00]
[17:58:33:633]45038:[DBG]:CMD:[0x09]->[0x00]
[17:58:33:633]45040:[DBG]:CMD:[0xD4]->[0x02]
[17:58:33:633]45040:[DBG]:   :[0x01]->[0x00]
[17:58:33:648]45040:[DBG]:   :[0x02]->[0x05]
[17:58:33:648]45040:[DBG]:   :[0x03]->[0x00]
[17:58:33:648]45040:[DBG]:   :[0x04]->[0x00]
[17:58:33:648]45040:[DBG]:   :[0x05]->[0x00]
[17:58:33:664]45040:[DBG]:   :[0x06]->[0x00]
[17:58:33:664]45040:[DBG]:CMD:[0x20]->[0x00]
[17:58:33:664]45042:[DBG]:CMD:[0x30]->[0x01]
[17:58:33:664]45042:[DBG]:CMD:[0x31]->[0x11]
[17:58:33:680]45044:[DBG]:CMD:[0x32]->[0x11]
[17:58:33:680]45044:[DBG]:CMD:[0x33]->[0x11]
[17:58:33:680]45046:[DBG]:SSC:Sync sync end normal![4]
[17:58:33:695]45046:[DBG]:SSC:Sync printer :E14F 5F8D 7633 9134 A2E2 F116 3CCF 2E3E
[17:58:33:695]45046:[DBG]:SSC:Sync chip    :E14F 5F8D 7633 9134 A2E2 F116 3CCF 2E3E
[17:58:33:711]45046:[DBG]:SSC:Sync send result: 0x 0
[17:58:33:711]45046:[DBG]:SSC:Sync read result: 0x 0
[17:58:33:711]45056:[DBG]:IMG:Comp Receive Motor_CMY Off From Device
[17:58:33:727]45058:[DBG]:Dev:[DCM]k_motor:1
[17:58:33:727]45070:[DBG]:IMG:Comp Main Motor K Stop
[17:58:33:727]45070:[INT]:Dev:K stop at speed 22060
[17:58:33:727]45070:[INT]:DEV:K motor req stop
[17:58:33:727]45146:[DBG]:CMD:[0x37]->[0x00]
[17:58:33:727]45146:[DBG]:CMD:[0x01]->[0x02]
[17:58:33:727]45148:[DBG]:CMD:[0x02]->[0x04]
[17:58:33:727]45150:[DBG]:CMD:[0x08]->[0x00]
[17:58:33:742]45150:[DBG]:CMD:[0x09]->[0x00]
[17:58:33:742]45150:[DBG]:CMD:[0xD4]->[0x02]
[17:58:33:742]45150:[DBG]:   :[0x01]->[0x00]
[17:58:33:742]45150:[DBG]:   :[0x02]->[0x05]
[17:58:33:758]45150:[DBG]:   :[0x03]->[0x00]
[17:58:33:758]45150:[DBG]:   :[0x04]->[0x00]
[17:58:33:758]45150:[DBG]:   :[0x05]->[0x00]
[17:58:33:758]45150:[DBG]:   :[0x06]->[0x00]
[17:58:33:758]45152:[DBG]:IMG:Comp Receive Motor_K Off From Device
[17:58:33:758]45152:[DBG]:IMG:Channel Print End
[17:58:33:758]45152:[DBG]:IMG:Med Print Finish[0][0]
[17:58:33:789]45152:[DBG]:IMG:Med Ntf PMN Mechanism Stop
[17:58:33:789]45152:[DBG]:IMG:Comp Notify STS Stop
[17:58:33:789]45152:[DBG]:PMNG:Main Motor Status is 0
[17:58:33:789]45152:[DBG]:PMNG:Fuser Motor Status is 0
[17:58:33:789]45152:[DBG]:PMNG:Print Complete Judge 0 0 0 0
[17:58:33:805]45152:[DBG]:PMNG:Feed Unable Flag 1 Remain Info 4
[17:58:33:805]45152:[DBG]:FUS:Print Stop Message From PMNG
[17:58:33:805]45152:[DBG]:PMNG:PAPER FALE_SAFE
[17:58:33:820]45152:[DBG]:PMNG:Notify Calib Print Finish
[17:58:33:820]45152:[DBG]:PMNG:Image Actuator Stop
[17:58:33:820]45152:[DBG]:FUS:Mode Change!! ( C_Temp = 158 / R_Temp = 141 / F_Temp = 141)
[17:58:33:836]45152:[DBG]:FUS:Standby / Standby -> Stop / Stop 
[17:58:33:836]45152:[DBG]:FUS:Request Fuser Motor Stop
[17:58:33:836]45152:[INT]:DEV:off to off
[17:58:33:851]45152:[INT]:DEV:fuser motor req stop
[17:58:33:851]45152:[DBG]:DEV:Main fan off,duty is 0
[17:58:33:851]45152:[DBG]:DEV:LP5009 addr:0x0B data:0xFF
[17:58:33:851]45152:[DBG]:DEV:Power fan off,duty is 0
[17:58:33:851]45152:[DBG]:DEV:LP5009 addr:0x0C data:0xFF
[17:58:33:851]45152:[DBG]:DEV:lsu rear fan off,duty is 0
[17:58:33:883]45152:[DBG]:DEV:LP5009 addr:0x0D data:0xFF
[17:58:33:883]45152:[DBG]:DEV:lsu front fan off,duty is 0
[17:58:33:883]45152:[DBG]:DEV:LP5009 addr:0x0E data:0xFF
[17:58:33:883]45152:[DBG]:FUS:Jam Decompress Wait Timer Start!
[17:58:33:883]45152:[DBG]:STS:Print Finish!!
[17:58:33:883]45152:[DBG]:FUS:Engine Print Finish Message From PMNG!!
[17:58:33:898]45152:[DBG]:PAP:s_pap_mt_waiting_exit[0], at_setting_flgptn[1]
[17:58:33:898]45152:[INT]:DEV:ExitMotor Action invalid 0, 0, 3
[17:58:33:914]45152:[INT]:DEV:FeedMotor Action invalid
[17:58:33:914]45152:[INT]:OPT2:Clutch OFF
[17:58:33:914]45152:[DBG]:PAP:option2 cl force off
[17:58:33:914]45152:[INT]:OPT1:Clutch OFF
[17:58:33:930]45152:[DBG]:PAP:option1 cl force off
[17:58:33:930]45152:[DBG]:CMD:JAM Remain Paper Position(4)
[17:58:33:930]45152:[DBG]:CMD:Print Complete!
[17:58:33:930]45152:[DBG]:CMD:[0x20]->[0x00]
[17:58:33:930]45154:[INT]:PAP:eTIMER_PAP_MT_HOLD_OFF_EXIT
[17:58:33:930]45154:[DBG]:CMD:[0x30]->[0x02]
[17:58:33:930]45154:[DBG]:CMD:[0x31]->[0x11]
[17:58:33:945]45156:[DBG]:CMD:[0x32]->[0x11]
[17:58:33:945]45156:[DBG]:CMD:[0x33]->[0x11]
[17:58:33:945]45254:[DBG]:FUS:Jam Decompress Start
[17:58:33:961]45254:[DBG]:FUS:Roller Loosen Request
[17:58:33:961]45256:[DBG]:FUS:Now Compress Sensor State = 1
[17:58:33:961]45260:[DBG]:CMD:[0x37]->[0x00]
[17:58:33:976]45260:[INT]:DEV:fuser Speed:4980 rpm, clkFrq:373 hz
[17:58:33:976]45260:[DBG]:Dev:stop to rvs
[17:58:33:976]45260:[DBG]:FUS:Set Roller Action Start!
[17:58:33:976]45260:[DBG]:CMD:[0x01]->[0x02]
[17:58:33:992]45262:[DBG]:CMD:[0x02]->[0x04]
[17:58:33:992]45262:[DBG]:CMD:[0x08]->[0x04]
[17:58:33:992]45264:[DBG]:CMD:[0x09]->[0x00]
[17:58:33:992]45264:[DBG]:CMD:[0xD4]->[0x02]
[17:58:34:008]45264:[DBG]:   :[0x01]->[0x00]
[17:58:34:008]45264:[DBG]:   :[0x02]->[0x05]
[17:58:34:008]45264:[DBG]:   :[0x03]->[0x00]
[17:58:34:008]45264:[DBG]:   :[0x04]->[0x00]
[17:58:34:008]45264:[DBG]:   :[0x05]->[0x00]
[17:58:34:008]45264:[DBG]:   :[0x06]->[0x00]
[17:58:34:008]45266:[DBG]:CMD:[0x20]->[0x00]
[17:58:34:008]45266:[DBG]:CMD:[0x30]->[0x02]
[17:58:34:023]45358:[DBG]:Dev:[DCM]fuser_motor:1
[17:58:34:023]45394:[DBG]:CMD:[0x37]->[0x00]
[17:58:34:023]45440:[INT]:SYS:PSP 0x0000DD20
[17:58:34:023]45448:[DBG]:CMD:[0x01]->[0x02]
[17:58:34:039]45448:[DBG]:CMD:[0x02]->[0x04]
[17:58:34:039]45450:[DBG]:CMD:[0x08]->[0x04]
[17:58:34:039]45452:[DBG]:CMD:[0x09]->[0x00]
[17:58:34:039]45458:[DBG]:Dev:[DCM]fuser_motor:2
[17:58:34:055]45468:[DBG]:CMD:[0xD4]->[0x02]
[17:58:34:055]45468:[DBG]:   :[0x01]->[0x00]
[17:58:34:055]45468:[DBG]:   :[0x02]->[0x05]
[17:58:34:055]45468:[DBG]:   :[0x03]->[0x00]
[17:58:34:055]45468:[DBG]:   :[0x04]->[0x00]
[17:58:34:055]45468:[DBG]:   :[0x05]->[0x00]
[17:58:34:055]45468:[DBG]:   :[0x06]->[0x00]
[17:58:34:055]45472:[DBG]:CMD:[0x20]->[0x00]
[17:58:34:086]45474:[DBG]:CMD:[0x30]->[0x02]
[17:58:34:086]45558:[DBG]:Dev:[DCM]fuser_motor:3
[17:58:34:086]45576:[DBG]:CMD:[0x37]->[0x00]
[17:58:34:086]45576:[DBG]:CMD:[0x01]->[0x02]
[17:58:34:086]45578:[DBG]:CMD:[0x02]->[0x04]
[17:58:34:086]45578:[DBG]:CMD:[0x08]->[0x04]
[17:58:34:086]45580:[DBG]:CMD:[0x09]->[0x00]
[17:58:34:086]45580:[DBG]:CMD:[0xD4]->[0x02]
[17:58:34:101]45580:[DBG]:   :[0x01]->[0x00]
[17:58:34:101]45580:[DBG]:   :[0x02]->[0x05]
[17:58:34:101]45580:[DBG]:   :[0x03]->[0x00]
[17:58:34:101]45580:[DBG]:   :[0x04]->[0x00]
[17:58:34:117]45580:[DBG]:   :[0x05]->[0x00]
[17:58:34:117]45580:[DBG]:   :[0x06]->[0x00]
[17:58:34:117]45582:[DBG]:CMD:[0x20]->[0x00]
[17:58:34:117]45584:[DBG]:CMD:[0x30]->[0x02]
[17:58:34:133]45658:[DBG]:Dev:[DCM]fuser_motor:4
[17:58:34:133]45684:[DBG]:CMD:[0x37]->[0x00]
[17:58:34:133]45684:[DBG]:CMD:[0x01]->[0x02]
[17:58:34:133]45686:[DBG]:CMD:[0x02]->[0x04]
[17:58:34:148]45686:[DBG]:CMD:[0x08]->[0x04]
[17:58:34:148]45688:[DBG]:CMD:[0x09]->[0x00]
[17:58:34:148]45690:[DBG]:CMD:[0xD4]->[0x02]
[17:58:34:148]45690:[DBG]:   :[0x01]->[0x00]
[17:58:34:148]45690:[DBG]:   :[0x02]->[0x05]
[17:58:34:148]45690:[DBG]:   :[0x03]->[0x00]
[17:58:34:148]45690:[DBG]:   :[0x04]->[0x00]
[17:58:34:148]45690:[DBG]:   :[0x05]->[0x00]
[17:58:34:164]45690:[DBG]:   :[0x06]->[0x00]
[17:58:34:164]45690:[DBG]:CMD:[0x20]->[0x00]
[17:58:34:164]45694:[DBG]:CMD:[0x30]->[0x02]
[17:58:34:180]45758:[DBG]:Dev:[DCM] Fuser Motor Lock
[17:58:34:180]45794:[DBG]:CMD:[0x37]->[0x00]
[17:58:34:180]45796:[DBG]:CMD:[0x01]->[0x02]
[17:58:34:180]45796:[DBG]:CMD:[0x02]->[0x04]
[17:58:34:195]45798:[DBG]:CMD:[0x08]->[0x04]
[17:58:34:195]45798:[DBG]:CMD:[0x09]->[0x00]
[17:58:34:195]45800:[DBG]:CMD:[0xD4]->[0x02]
[17:58:34:195]45800:[DBG]:   :[0x01]->[0x00]
[17:58:34:211]45800:[DBG]:   :[0x02]->[0x05]
[17:58:34:211]45800:[DBG]:   :[0x03]->[0x00]
[17:58:34:211]45800:[DBG]:   :[0x04]->[0x00]
[17:58:34:211]45800:[DBG]:   :[0x05]->[0x00]
[17:58:34:226]45800:[DBG]:   :[0x06]->[0x00]
[17:58:34:226]45800:[DBG]:CMD:[0x20]->[0x00]
[17:58:34:226]45802:[DBG]:CMD:[0x30]->[0x02]
[17:58:34:226]45848:[DBG]:FUS:Now Compress Sensor State = 0
[17:58:34:226]45848:[DBG]:FUS:Roller Action Success!! = 0 
[17:58:34:226]45904:[DBG]:CMD:[0x37]->[0x00]
[17:58:34:226]45904:[DBG]:CMD:[0x01]->[0x02]
[17:58:34:242]45904:[DBG]:CMD:[0x02]->[0x04]
[17:58:34:242]45906:[DBG]:CMD:[0x08]->[0x04]
[17:58:34:242]45906:[DBG]:CMD:[0x09]->[0x00]
[17:58:34:242]45908:[DBG]:CMD:[0xD4]->[0x02]
[17:58:34:258]45908:[DBG]:   :[0x01]->[0x00]
[17:58:34:258]45908:[DBG]:   :[0x02]->[0x05]
[17:58:34:258]45908:[DBG]:   :[0x03]->[0x00]
[17:58:34:258]45908:[DBG]:   :[0x04]->[0x00]
[17:58:34:273]45908:[DBG]:   :[0x05]->[0x00]
[17:58:34:273]45908:[DBG]:   :[0x06]->[0x00]
[17:58:34:273]45910:[DBG]:CMD:[0x20]->[0x00]
[17:58:34:273]45910:[DBG]:CMD:[0x30]->[0x02]
[17:58:34:289]45958:[DBG]:Dev:[DCM]fuser_motor:1
[17:58:34:289]46012:[DBG]:CMD:[0x37]->[0x00]
[17:58:34:289]46012:[DBG]:CMD:[0x01]->[0x02]
[17:58:34:289]46014:[DBG]:CMD:[0x02]->[0x04]
[17:58:34:304]46014:[DBG]:CMD:[0x08]->[0x04]
[17:58:34:304]46018:[DBG]:CMD:[0x09]->[0x00]
[17:58:34:304]46020:[DBG]:CMD:[0xD4]->[0x02]
[17:58:34:304]46020:[DBG]:   :[0x01]->[0x00]
[17:58:34:304]46020:[DBG]:   :[0x02]->[0x05]
[17:58:34:304]46020:[DBG]:   :[0x03]->[0x00]
[17:58:34:304]46020:[DBG]:   :[0x04]->[0x00]
[17:58:34:304]46020:[DBG]:   :[0x05]->[0x00]
[17:58:34:320]46020:[DBG]:   :[0x06]->[0x00]
[17:58:34:320]46022:[DBG]:CMD:[0x20]->[0x00]
[17:58:34:320]46022:[DBG]:CMD:[0x30]->[0x02]
[17:58:34:320]46058:[DBG]:Dev:[DCM]fuser_motor:2
[17:58:34:336]46124:[DBG]:CMD:[0x37]->[0x00]
[17:58:34:336]46124:[DBG]:CMD:[0x01]->[0x02]
[17:58:34:336]46126:[DBG]:CMD:[0x02]->[0x04]
[17:58:34:336]46126:[DBG]:CMD:[0x08]->[0x04]
[17:58:34:351]46128:[DBG]:CMD:[0x09]->[0x00]
[17:58:34:351]46128:[DBG]:CMD:[0xD4]->[0x02]
[17:58:34:351]46128:[DBG]:   :[0x01]->[0x00]
[17:58:34:351]46128:[DBG]:   :[0x02]->[0x05]
[17:58:34:351]46128:[DBG]:   :[0x03]->[0x00]
[17:58:34:351]46128:[DBG]:   :[0x04]->[0x00]
[17:58:34:351]46128:[DBG]:   :[0x05]->[0x00]
[17:58:34:351]46128:[DBG]:   :[0x06]->[0x00]
[17:58:34:383]46130:[DBG]:CMD:[0x20]->[0x00]
[17:58:34:383]46130:[DBG]:CMD:[0x30]->[0x02]
[17:58:34:383]46232:[DBG]:CMD:[0x37]->[0x00]
[17:58:34:383]46232:[DBG]:CMD:[0x01]->[0x02]
[17:58:34:398]46234:[DBG]:CMD:[0x02]->[0x04]
[17:58:34:398]46234:[DBG]:CMD:[0x08]->[0x04]
[17:58:34:398]46236:[DBG]:CMD:[0x09]->[0x00]
[17:58:34:398]46238:[DBG]:CMD:[0xD4]->[0x02]
[17:58:34:398]46238:[DBG]:   :[0x01]->[0x00]
[17:58:34:398]46238:[DBG]:   :[0x02]->[0x05]
[17:58:34:398]46238:[DBG]:   :[0x03]->[0x00]
[17:58:34:398]46238:[DBG]:   :[0x04]->[0x00]
[17:58:34:414]46238:[DBG]:   :[0x05]->[0x00]
[17:58:34:414]46238:[DBG]:   :[0x06]->[0x00]
[17:58:34:414]46238:[DBG]:CMD:[0x20]->[0x00]
[17:58:34:414]46238:[DBG]:CMD:[0x30]->[0x02]
[17:58:34:429]46258:[DBG]:Dev:[DCM]fuser_motor:1
[17:58:34:429]46314:[DBG]:FUS:Roller Delay Action Finished!!
[17:58:34:429]46314:[INT]:Dev:FUSER Motor stop
[17:58:34:445]46314:[INT]:DEV:fuser motor req stop
[17:58:34:445]46340:[DBG]:CMD:[0x37]->[0x00]
[17:58:34:445]46340:[DBG]:CMD:[0x01]->[0x02]
[17:58:34:445]46342:[DBG]:CMD:[0x02]->[0x04]
[17:58:34:445]46342:[DBG]:CMD:[0x08]->[0x04]
[17:58:34:445]46344:[DBG]:CMD:[0x09]->[0x00]
[17:58:34:445]46346:[DBG]:CMD:[0xD4]->[0x02]
[17:58:34:445]46346:[DBG]:   :[0x01]->[0x00]
[17:58:34:461]46346:[DBG]:   :[0x02]->[0x05]
[17:58:34:461]46346:[DBG]:   :[0x03]->[0x00]
[17:58:34:461]46346:[DBG]:   :[0x04]->[0x00]
[17:58:34:461]46346:[DBG]:   :[0x05]->[0x00]
[17:58:34:476]46346:[DBG]:   :[0x06]->[0x00]
[17:58:34:476]46346:[DBG]:CMD:[0x20]->[0x00]
[17:58:34:476]46348:[DBG]:CMD:[0x30]->[0x02]
[17:58:34:476]46448:[DBG]:CMD:[0x37]->[0x00]
[17:58:34:492]46450:[DBG]:CMD:[0x01]->[0x02]
[17:58:34:492]46450:[DBG]:CMD:[0x02]->[0x04]
[17:58:34:492]46452:[DBG]:CMD:[0x08]->[0x04]
[17:58:34:492]46452:[DBG]:CMD:[0x09]->[0x00]
[17:58:34:508]46454:[DBG]:CMD:[0xD4]->[0x02]
[17:58:34:508]46454:[DBG]:   :[0x01]->[0x00]
[17:58:34:508]46454:[DBG]:   :[0x02]->[0x05]
[17:58:34:508]46454:[DBG]:   :[0x03]->[0x00]
[17:58:34:523]46454:[DBG]:   :[0x04]->[0x00]
[17:58:34:523]46454:[DBG]:   :[0x05]->[0x00]
[17:58:34:523]46454:[DBG]:   :[0x06]->[0x00]
[17:58:34:523]46454:[DBG]:CMD:[0x20]->[0x00]
[17:58:34:523]46456:[DBG]:CMD:[0x30]->[0x02]
[17:58:34:523]46560:[DBG]:CMD:[0x37]->[0x00]
[17:58:34:523]46560:[DBG]:CMD:[0x01]->[0x02]
[17:58:34:523]46562:[DBG]:CMD:[0x02]->[0x04]
[17:58:34:539]46562:[DBG]:CMD:[0x08]->[0x04]
[17:58:34:539]46564:[DBG]:CMD:[0x09]->[0x00]
[17:58:34:539]46564:[DBG]:CMD:[0xD4]->[0x02]
[17:58:34:539]46564:[DBG]:   :[0x01]->[0x00]
[17:58:34:554]46564:[DBG]:   :[0x02]->[0x05]
[17:58:34:554]46564:[DBG]:   :[0x03]->[0x00]
[17:58:34:554]46564:[DBG]:   :[0x04]->[0x00]
[17:58:34:554]46564:[DBG]:   :[0x05]->[0x00]
[17:58:34:570]46564:[DBG]:   :[0x06]->[0x00]
[17:58:34:570]46566:[DBG]:CMD:[0x20]->[0x00]
[17:58:34:570]46566:[DBG]:CMD:[0x30]->[0x02]
[17:58:34:570]46668:[DBG]:CMD:[0x37]->[0x00]
[17:58:34:586]46668:[DBG]:CMD:[0x01]->[0x02]
[17:58:34:586]46670:[DBG]:CMD:[0x02]->[0x04]
[17:58:34:586]46670:[DBG]:CMD:[0x08]->[0x04]
[17:58:34:586]46672:[DBG]:CMD:[0x09]->[0x00]
[17:58:34:601]46672:[DBG]:CMD:[0xD4]->[0x02]
[17:58:34:601]46672:[DBG]:   :[0x01]->[0x00]
[17:58:34:601]46672:[DBG]:   :[0x02]->[0x05]
[17:58:34:601]46672:[DBG]:   :[0x03]->[0x00]
[17:58:34:601]46672:[DBG]:   :[0x04]->[0x00]
[17:58:34:601]46672:[DBG]:   :[0x05]->[0x00]
[17:58:34:601]46672:[DBG]:   :[0x06]->[0x00]
[17:58:34:601]46674:[DBG]:CMD:[0x20]->[0x00]
[17:58:34:617]46674:[DBG]:CMD:[0x30]->[0x02]
[17:58:34:617]46776:[DBG]:CMD:[0x37]->[0x00]
[17:58:34:617]46776:[DBG]:CMD:[0x01]->[0x02]
[17:58:34:617]46778:[DBG]:CMD:[0x02]->[0x04]
[17:58:34:633]46778:[DBG]:CMD:[0x08]->[0x04]
[17:58:34:633]46780:[DBG]:CMD:[0x09]->[0x00]
[17:58:34:633]46782:[DBG]:CMD:[0xD4]->[0x02]
[17:58:34:633]46782:[DBG]:   :[0x01]->[0x00]
[17:58:34:648]46782:[DBG]:   :[0x02]->[0x05]
[17:58:34:648]46782:[DBG]:   :[0x03]->[0x00]
[17:58:34:648]46782:[DBG]:   :[0x04]->[0x00]
[17:58:34:648]46782:[DBG]:   :[0x05]->[0x00]
[17:58:34:648]46782:[DBG]:   :[0x06]->[0x00]
[17:58:34:648]46782:[DBG]:CMD:[0x20]->[0x00]
[17:58:34:648]46784:[DBG]:CMD:[0x30]->[0x02]
[17:58:34:648]46884:[DBG]:CMD:[0x37]->[0x00]
[17:58:34:680]46886:[DBG]:CMD:[0x01]->[0x02]
[17:58:34:680]46886:[DBG]:CMD:[0x02]->[0x04]
[17:58:34:680]46888:[DBG]:CMD:[0x08]->[0x04]
[17:58:34:680]46888:[DBG]:CMD:[0x09]->[0x00]
[17:58:34:680]46890:[DBG]:CMD:[0xD4]->[0x02]
[17:58:34:680]46890:[DBG]:   :[0x01]->[0x00]
[17:58:34:680]46890:[DBG]:   :[0x02]->[0x05]
[17:58:34:680]46890:[DBG]:   :[0x03]->[0x00]
[17:58:34:695]46890:[DBG]:   :[0x04]->[0x00]
[17:58:34:695]46890:[DBG]:   :[0x05]->[0x00]
[17:58:34:695]46890:[DBG]:   :[0x06]->[0x00]
[17:58:34:695]46890:[DBG]:CMD:[0x20]->[0x00]
[17:58:34:711]46892:[DBG]:CMD:[0x30]->[0x02]
[17:58:34:711]46994:[DBG]:CMD:[0x37]->[0x00]
[17:58:34:711]46994:[DBG]:CMD:[0x01]->[0x02]
[17:58:34:711]46994:[DBG]:CMD:[0x02]->[0x04]
[17:58:34:726]46996:[DBG]:CMD:[0x08]->[0x04]
[17:58:34:726]46996:[DBG]:CMD:[0x09]->[0x00]
[17:58:34:726]46998:[DBG]:CMD:[0xD4]->[0x02]
[17:58:34:726]46998:[DBG]:   :[0x01]->[0x00]
[17:58:34:726]46998:[DBG]:   :[0x02]->[0x05]
[17:58:34:726]46998:[DBG]:   :[0x03]->[0x00]
[17:58:34:726]46998:[DBG]:   :[0x04]->[0x00]
[17:58:34:726]46998:[DBG]:   :[0x05]->[0x00]
[17:58:34:742]46998:[DBG]:   :[0x06]->[0x00]
[17:58:34:742]47000:[DBG]:CMD:[0x20]->[0x00]
[17:58:34:742]47000:[DBG]:CMD:[0x30]->[0x02]
[17:58:34:742]47102:[DBG]:CMD:[0x37]->[0x00]
[17:58:34:757]47102:[DBG]:CMD:[0x01]->[0x02]
[17:58:34:757]47102:[DBG]:CMD:[0x02]->[0x04]
[17:58:34:757]47104:[DBG]:CMD:[0x08]->[0x04]
[17:58:34:757]47104:[DBG]:CMD:[0x09]->[0x00]
[17:58:34:773]47106:[DBG]:CMD:[0xD4]->[0x02]
[17:58:34:773]47106:[DBG]:   :[0x01]->[0x00]
[17:58:34:773]47106:[DBG]:   :[0x02]->[0x05]
[17:58:34:773]47106:[DBG]:   :[0x03]->[0x00]
[17:58:34:789]47106:[DBG]:   :[0x04]->[0x00]
[17:58:34:789]47106:[DBG]:   :[0x05]->[0x00]
[17:58:34:789]47106:[DBG]:   :[0x06]->[0x00]
[17:58:34:789]47108:[DBG]:CMD:[0x20]->[0x00]
[17:58:34:804]47108:[DBG]:CMD:[0x30]->[0x02]
[17:58:34:804]47210:[DBG]:CMD:[0x37]->[0x00]
[17:58:34:804]47210:[DBG]:CMD:[0x01]->[0x02]
[17:58:34:804]47212:[DBG]:CMD:[0x02]->[0x04]
[17:58:34:820]47212:[DBG]:CMD:[0x08]->[0x04]
[17:58:34:820]47214:[DBG]:CMD:[0x09]->[0x00]
[17:58:34:820]47214:[DBG]:CMD:[0xD4]->[0x02]
[17:58:34:820]47214:[DBG]:   :[0x01]->[0x00]
[17:58:34:820]47214:[DBG]:   :[0x02]->[0x05]
[17:58:34:820]47214:[DBG]:   :[0x03]->[0x00]
[17:58:34:820]47214:[DBG]:   :[0x04]->[0x00]
[17:58:34:820]47214:[DBG]:   :[0x05]->[0x00]
[17:58:34:836]47214:[DBG]:   :[0x06]->[0x00]
[17:58:34:836]47218:[DBG]:CMD:[0x20]->[0x00]
[17:58:34:836]47220:[DBG]:CMD:[0x30]->[0x02]
[17:58:34:836]47322:[DBG]:CMD:[0x37]->[0x00]
[17:58:34:851]47322:[DBG]:CMD:[0x01]->[0x02]
[17:58:34:851]47322:[DBG]:CMD:[0x02]->[0x04]
[17:58:34:851]47324:[DBG]:CMD:[0x08]->[0x04]
[17:58:34:851]47326:[DBG]:CMD:[0x09]->[0x00]
[17:58:34:867]47326:[DBG]:CMD:[0xD4]->[0x02]
[17:58:34:867]47326:[DBG]:   :[0x01]->[0x00]
[17:58:34:867]47326:[DBG]:   :[0x02]->[0x05]
[17:58:34:867]47326:[DBG]:   :[0x03]->[0x00]
[17:58:34:882]47326:[DBG]:   :[0x04]->[0x00]
[17:58:34:882]47326:[DBG]:   :[0x05]->[0x00]
[17:58:34:882]47326:[DBG]:   :[0x06]->[0x00]
[17:58:34:882]47328:[DBG]:CMD:[0x20]->[0x00]
[17:58:34:898]47328:[DBG]:CMD:[0x30]->[0x02]
[17:58:34:898]47430:[DBG]:CMD:[0x37]->[0x00]
[17:58:34:898]47430:[DBG]:CMD:[0x01]->[0x02]
[17:58:34:898]47432:[DBG]:CMD:[0x02]->[0x04]
[17:58:34:898]47432:[DBG]:CMD:[0x08]->[0x04]
[17:58:34:898]47434:[DBG]:CMD:[0x09]->[0x00]
[17:58:34:898]47434:[DBG]:CMD:[0xD4]->[0x02]
[17:58:34:898]47434:[DBG]:   :[0x01]->[0x00]
[17:58:34:914]47434:[DBG]:   :[0x02]->[0x05]
[17:58:34:914]47434:[DBG]:   :[0x03]->[0x00]
[17:58:34:914]47434:[DBG]:   :[0x04]->[0x00]
[17:58:34:914]47434:[DBG]:   :[0x05]->[0x00]
[17:58:34:929]47434:[DBG]:   :[0x06]->[0x00]
[17:58:34:929]47436:[DBG]:CMD:[0x20]->[0x00]
[17:58:34:929]47436:[DBG]:CMD:[0x30]->[0x02]
[17:58:34:929]47538:[DBG]:CMD:[0x37]->[0x00]
[17:58:34:945]47538:[DBG]:CMD:[0x01]->[0x02]
[17:58:34:945]47540:[DBG]:CMD:[0x02]->[0x04]
[17:58:34:945]47542:[DBG]:CMD:[0x08]->[0x04]
[17:58:34:945]47542:[DBG]:CMD:[0x09]->[0x00]
[17:58:34:945]47542:[DBG]:CMD:[0xD4]->[0x02]
[17:58:34:945]47542:[DBG]:   :[0x01]->[0x00]
[17:58:34:945]47544:[DBG]:   :[0x02]->[0x05]
[17:58:34:945]47544:[DBG]:   :[0x03]->[0x00]
[17:58:34:961]47544:[DBG]:   :[0x04]->[0x00]
[17:58:34:961]47544:[DBG]:   :[0x05]->[0x00]
[17:58:34:961]47544:[DBG]:   :[0x06]->[0x00]
[17:58:34:961]47544:[DBG]:CMD:[0x20]->[0x00]
[17:58:34:976]47546:[DBG]:CMD:[0x30]->[0x02]
[17:58:34:976]47646:[DBG]:CMD:[0x37]->[0x00]
[17:58:34:976]47648:[DBG]:CMD:[0x01]->[0x02]
[17:58:34:976]47648:[DBG]:CMD:[0x02]->[0x04]
[17:58:34:992]47650:[DBG]:CMD:[0x08]->[0x04]
[17:58:34:992]47650:[DBG]:CMD:[0x09]->[0x00]
[17:58:34:992]47652:[DBG]:CMD:[0xD4]->[0x02]
[17:58:34:992]47652:[DBG]:   :[0x01]->[0x00]
[17:58:35:007]47652:[DBG]:   :[0x02]->[0x05]
[17:58:35:007]47652:[DBG]:   :[0x03]->[0x00]
[17:58:35:007]47652:[DBG]:   :[0x04]->[0x00]
[17:58:35:007]47652:[DBG]:   :[0x05]->[0x00]
[17:58:35:023]47652:[DBG]:   :[0x06]->[0x00]
[17:58:35:023]47652:[DBG]:CMD:[0x20]->[0x00]
[17:58:35:023]47654:[DBG]:CMD:[0x30]->[0x02]
[17:58:35:023]47756:[DBG]:CMD:[0x37]->[0x00]
[17:58:35:023]47756:[DBG]:CMD:[0x01]->[0x02]
[17:58:35:039]47756:[DBG]:CMD:[0x02]->[0x04]
[17:58:35:039]47760:[DBG]:CMD:[0x08]->[0x04]
[17:58:35:039]47760:[DBG]:CMD:[0x09]->[0x00]
[17:58:35:039]47762:[DBG]:CMD:[0xD4]->[0x02]
[17:58:35:039]47762:[DBG]:   :[0x01]->[0x00]
[17:58:35:039]47762:[DBG]:   :[0x02]->[0x05]
[17:58:35:039]47762:[DBG]:   :[0x03]->[0x00]
[17:58:35:054]47762:[DBG]:   :[0x04]->[0x00]
[17:58:35:054]47762:[DBG]:   :[0x05]->[0x00]
[17:58:35:054]47762:[DBG]:   :[0x06]->[0x00]
[17:58:35:054]47762:[DBG]:CMD:[0x20]->[0x00]
[17:58:35:070]47762:[DBG]:CMD:[0x30]->[0x02]
[17:58:35:070]47864:[DBG]:CMD:[0x37]->[0x00]
[17:58:35:070]47864:[DBG]:CMD:[0x01]->[0x02]
[17:58:35:070]47866:[DBG]:CMD:[0x02]->[0x04]
[17:58:35:086]47866:[DBG]:CMD:[0x08]->[0x04]
[17:58:35:086]47868:[DBG]:CMD:[0x09]->[0x00]
[17:58:35:086]47870:[DBG]:CMD:[0xD4]->[0x02]
[17:58:35:086]47870:[DBG]:   :[0x01]->[0x00]
[17:58:35:101]47870:[DBG]:   :[0x02]->[0x05]
[17:58:35:101]47870:[DBG]:   :[0x03]->[0x00]
[17:58:35:101]47870:[DBG]:   :[0x04]->[0x00]
[17:58:35:101]47870:[DBG]:   :[0x05]->[0x00]
[17:58:35:117]47870:[DBG]:   :[0x06]->[0x00]
[17:58:35:117]47870:[DBG]:CMD:[0x20]->[0x00]
[17:58:35:117]47872:[DBG]:CMD:[0x30]->[0x02]
[17:58:35:117]47974:[DBG]:CMD:[0x37]->[0x00]
[17:58:35:117]47974:[DBG]:CMD:[0x01]->[0x02]
[17:58:35:117]47974:[DBG]:CMD:[0x02]->[0x04]
[17:58:35:117]47976:[DBG]:CMD:[0x08]->[0x04]
[17:58:35:117]47978:[DBG]:CMD:[0x09]->[0x00]
[17:58:35:132]47978:[DBG]:CMD:[0xD4]->[0x02]
[17:58:35:132]47978:[DBG]:   :[0x01]->[0x00]
[17:58:35:132]47978:[DBG]:   :[0x02]->[0x05]
[17:58:35:132]47978:[DBG]:   :[0x03]->[0x00]
[17:58:35:148]47978:[DBG]:   :[0x04]->[0x00]
[17:58:35:148]47978:[DBG]:   :[0x05]->[0x00]
[17:58:35:148]47978:[DBG]:   :[0x06]->[0x00]
[17:58:35:148]47978:[DBG]:CMD:[0x20]->[0x00]
[17:58:35:164]47980:[DBG]:CMD:[0x30]->[0x02]
[17:58:35:164]48082:[DBG]:CMD:[0x37]->[0x00]
[17:58:35:164]48082:[DBG]:CMD:[0x01]->[0x02]
[17:58:35:164]48082:[DBG]:CMD:[0x02]->[0x04]
[17:58:35:180]48084:[DBG]:CMD:[0x08]->[0x04]
[17:58:35:180]48084:[DBG]:CMD:[0x09]->[0x00]
[17:58:35:180]48086:[DBG]:CMD:[0xD4]->[0x02]
[17:58:35:180]48086:[DBG]:   :[0x01]->[0x00]
[17:58:35:195]48086:[DBG]:   :[0x02]->[0x05]
[17:58:35:195]48086:[DBG]:   :[0x03]->[0x00]
[17:58:35:195]48086:[DBG]:   :[0x04]->[0x00]
[17:58:35:195]48086:[DBG]:   :[0x05]->[0x00]
[17:58:35:195]48086:[DBG]:   :[0x06]->[0x00]
[17:58:35:195]48088:[DBG]:CMD:[0x20]->[0x00]
[17:58:35:195]48088:[DBG]:CMD:[0x30]->[0x02]
[17:58:35:195]48190:[DBG]:CMD:[0x37]->[0x00]
[17:58:35:211]48190:[DBG]:CMD:[0x01]->[0x02]
[17:58:35:211]48190:[DBG]:CMD:[0x02]->[0x04]
[17:58:35:211]48192:[DBG]:CMD:[0x08]->[0x04]
[17:58:35:211]48192:[DBG]:CMD:[0x09]->[0x00]
[17:58:35:226]48194:[DBG]:CMD:[0xD4]->[0x02]
[17:58:35:226]48194:[DBG]:   :[0x01]->[0x00]
[17:58:35:226]48194:[DBG]:   :[0x02]->[0x05]
[17:58:35:226]48194:[DBG]:   :[0x03]->[0x00]
[17:58:35:242]48194:[DBG]:   :[0x04]->[0x00]
[17:58:35:242]48194:[DBG]:   :[0x05]->[0x00]
[17:58:35:242]48194:[DBG]:   :[0x06]->[0x00]
[17:58:35:242]48196:[DBG]:CMD:[0x20]->[0x00]
[17:58:35:242]48196:[DBG]:CMD:[0x30]->[0x02]
[17:58:35:242]48298:[DBG]:CMD:[0x37]->[0x00]
[17:58:35:242]48298:[DBG]:CMD:[0x01]->[0x02]
[17:58:35:242]48298:[DBG]:CMD:[0x02]->[0x04]
[17:58:35:257]48300:[DBG]:CMD:[0x08]->[0x04]
[17:58:35:257]48302:[DBG]:CMD:[0x09]->[0x00]
[17:58:35:257]48302:[DBG]:CMD:[0xD4]->[0x02]
[17:58:35:257]48302:[DBG]:   :[0x01]->[0x00]
[17:58:35:273]48302:[DBG]:   :[0x02]->[0x05]
[17:58:35:273]48302:[DBG]:   :[0x03]->[0x00]
[17:58:35:273]48302:[DBG]:   :[0x04]->[0x00]
[17:58:35:273]48302:[DBG]:   :[0x05]->[0x00]
[17:58:35:289]48302:[DBG]:   :[0x06]->[0x00]
[17:58:35:289]48304:[DBG]:CMD:[0x20]->[0x00]
[17:58:35:289]48304:[DBG]:CMD:[0x30]->[0x02]
[17:58:35:289]48406:[DBG]:CMD:[0x37]->[0x00]
[17:58:35:304]48406:[DBG]:CMD:[0x01]->[0x02]
[17:58:35:304]48408:[DBG]:CMD:[0x02]->[0x04]
[17:58:35:304]48408:[DBG]:CMD:[0x08]->[0x04]
[17:58:35:304]48410:[DBG]:CMD:[0x09]->[0x00]
[17:58:35:320]48410:[DBG]:CMD:[0xD4]->[0x02]
[17:58:35:320]48410:[DBG]:   :[0x01]->[0x00]
[17:58:35:320]48410:[DBG]:   :[0x02]->[0x05]
[17:58:35:320]48410:[DBG]:   :[0x03]->[0x00]
[17:58:35:320]48412:[DBG]:   :[0x04]->[0x00]
[17:58:35:320]48412:[DBG]:   :[0x05]->[0x00]
[17:58:35:320]48412:[DBG]:   :[0x06]->[0x00]
[17:58:35:320]48412:[DBG]:CMD:[0x20]->[0x00]
[17:58:35:335]48414:[DBG]:CMD:[0x30]->[0x02]
[17:58:35:335]48514:[DBG]:CMD:[0x37]->[0x00]
[17:58:35:335]48518:[DBG]:CMD:[0x01]->[0x02]
[17:58:35:335]48520:[DBG]:CMD:[0x02]->[0x04]
[17:58:35:351]48522:[DBG]:CMD:[0x08]->[0x04]
[17:58:35:351]48522:[DBG]:CMD:[0x09]->[0x00]
[17:58:35:351]48524:[DBG]:CMD:[0xD4]->[0x02]
[17:58:35:351]48524:[DBG]:   :[0x01]->[0x00]
[17:58:35:367]48524:[DBG]:   :[0x02]->[0x05]
[17:58:35:367]48524:[DBG]:   :[0x03]->[0x00]
[17:58:35:367]48524:[DBG]:   :[0x04]->[0x00]
[17:58:35:367]48524:[DBG]:   :[0x05]->[0x00]
[17:58:35:382]48524:[DBG]:   :[0x06]->[0x00]
[17:58:35:382]48524:[DBG]:CMD:[0x20]->[0x00]
[17:58:35:382]48526:[DBG]:CMD:[0x30]->[0x02]
[17:58:35:382]48626:[DBG]:CMD:[0x37]->[0x00]
[17:58:35:398]48628:[DBG]:CMD:[0x01]->[0x02]
[17:58:35:398]48628:[DBG]:CMD:[0x02]->[0x04]
[17:58:35:398]48630:[DBG]:CMD:[0x08]->[0x04]
[17:58:35:398]48630:[DBG]:CMD:[0x09]->[0x00]
[17:58:35:398]48632:[DBG]:CMD:[0xD4]->[0x02]
[17:58:35:398]48632:[DBG]:   :[0x01]->[0x00]
[17:58:35:398]48632:[DBG]:   :[0x02]->[0x05]
[17:58:35:398]48632:[DBG]:   :[0x03]->[0x00]
[17:58:35:414]48632:[DBG]:   :[0x04]->[0x00]
[17:58:35:414]48632:[DBG]:   :[0x05]->[0x00]
[17:58:35:414]48632:[DBG]:   :[0x06]->[0x00]
[17:58:35:414]48632:[DBG]:CMD:[0x20]->[0x00]
[17:58:35:429]48634:[DBG]:CMD:[0x30]->[0x02]
[17:58:35:429]48736:[DBG]:CMD:[0x37]->[0x00]
[17:58:35:429]48736:[DBG]:CMD:[0x01]->[0x02]
[17:58:35:429]48736:[DBG]:CMD:[0x02]->[0x04]
[17:58:35:445]48738:[DBG]:CMD:[0x08]->[0x04]
[17:58:35:445]48740:[DBG]:CMD:[0x09]->[0x00]
[17:58:35:445]48740:[DBG]:CMD:[0xD4]->[0x02]
[17:58:35:445]48740:[DBG]:   :[0x01]->[0x00]
[17:58:35:460]48740:[DBG]:   :[0x02]->[0x05]
[17:58:35:460]48740:[DBG]:   :[0x03]->[0x00]
[17:58:35:460]48740:[DBG]:   :[0x04]->[0x00]
[17:58:35:460]48740:[DBG]:   :[0x05]->[0x00]
[17:58:35:476]48740:[DBG]:   :[0x06]->[0x00]
[17:58:35:476]48742:[DBG]:CMD:[0x20]->[0x00]
[17:58:35:476]48742:[DBG]:CMD:[0x30]->[0x02]
[17:58:35:476]48844:[DBG]:CMD:[0x37]->[0x00]
[17:58:35:492]48844:[DBG]:CMD:[0x01]->[0x02]
[17:58:35:492]48846:[DBG]:CMD:[0x02]->[0x04]
[17:58:35:492]48846:[DBG]:CMD:[0x08]->[0x04]
[17:58:35:492]48848:[DBG]:CMD:[0x09]->[0x00]
[17:58:35:507]48850:[DBG]:CMD:[0xD4]->[0x02]
[17:58:35:507]48850:[DBG]:   :[0x01]->[0x00]
[17:58:35:507]48850:[DBG]:   :[0x02]->[0x05]
[17:58:35:507]48850:[DBG]:   :[0x03]->[0x00]
[17:58:35:523]48850:[DBG]:   :[0x04]->[0x00]
[17:58:35:523]48850:[DBG]:   :[0x05]->[0x00]
[17:58:35:523]48850:[DBG]:   :[0x06]->[0x00]
[17:58:35:523]48850:[DBG]:CMD:[0x20]->[0x00]
[17:58:35:523]48852:[DBG]:CMD:[0x30]->[0x02]
[17:58:35:523]48952:[DBG]:CMD:[0x37]->[0x00]
[17:58:35:523]48954:[DBG]:CMD:[0x01]->[0x02]
[17:58:35:523]48954:[DBG]:CMD:[0x02]->[0x04]
[17:58:35:539]48956:[DBG]:CMD:[0x08]->[0x04]
[17:58:35:539]48956:[DBG]:CMD:[0x09]->[0x00]
[17:58:35:539]48960:[DBG]:CMD:[0xD4]->[0x02]
[17:58:35:539]48960:[DBG]:   :[0x01]->[0x00]
[17:58:35:554]48960:[DBG]:   :[0x02]->[0x05]
[17:58:35:554]48960:[DBG]:   :[0x03]->[0x00]
[17:58:35:554]48960:[DBG]:   :[0x04]->[0x00]
[17:58:35:554]48960:[DBG]:   :[0x05]->[0x00]
[17:58:35:570]48960:[DBG]:   :[0x06]->[0x00]
[17:58:35:570]48960:[DBG]:CMD:[0x20]->[0x00]
[17:58:35:570]48960:[DBG]:CMD:[0x30]->[0x02]
[17:58:35:570]49062:[DBG]:CMD:[0x37]->[0x00]
[17:58:35:585]49062:[DBG]:CMD:[0x01]->[0x02]
[17:58:35:585]49064:[DBG]:CMD:[0x02]->[0x04]
[17:58:35:585]49064:[DBG]:CMD:[0x08]->[0x04]
[17:58:35:585]49066:[DBG]:IMG:Comp Hv Abs Check Start
[17:58:35:601]49066:[DBG]:CMD:[0x09]->[0x00]
[17:58:35:601]49068:[DBG]:CMD:[0xD4]->[0x02]
[17:58:35:601]49068:[DBG]:   :[0x01]->[0x00]
[17:58:35:601]49068:[DBG]:   :[0x02]->[0x05]
[17:58:35:617]49068:[DBG]:   :[0x03]->[0x00]
[17:58:35:617]49068:[DBG]:   :[0x04]->[0x00]
[17:58:35:617]49068:[DBG]:   :[0x05]->[0x00]
[17:58:35:617]49068:[DBG]:   :[0x06]->[0x00]
[17:58:35:632]49068:[DBG]:CMD:[0x20]->[0x00]
[17:58:35:632]49070:[DBG]:CMD:[0x30]->[0x02]
[17:58:35:632]49170:[DBG]:CMD:[0x37]->[0x00]
[17:58:35:632]49172:[DBG]:CMD:[0x01]->[0x02]
[17:58:35:632]49172:[DBG]:CMD:[0x02]->[0x04]
[17:58:35:632]49174:[DBG]:CMD:[0x08]->[0x04]
[17:58:35:632]49174:[DBG]:CMD:[0x09]->[0x00]
[17:58:35:632]49176:[DBG]:CMD:[0xD4]->[0x02]
[17:58:35:648]49176:[DBG]:   :[0x01]->[0x00]
[17:58:35:648]49176:[DBG]:   :[0x02]->[0x05]
[17:58:35:648]49176:[DBG]:   :[0x03]->[0x00]
[17:58:35:648]49176:[DBG]:   :[0x04]->[0x00]
[17:58:35:664]49176:[DBG]:   :[0x05]->[0x00]
[17:58:35:664]49176:[DBG]:   :[0x06]->[0x00]
[17:58:35:664]49176:[DBG]:CMD:[0x20]->[0x00]
[17:58:35:664]49178:[DBG]:CMD:[0x30]->[0x02]
[17:58:35:679]49280:[DBG]:CMD:[0x37]->[0x00]
[17:58:35:679]49280:[DBG]:CMD:[0x01]->[0x02]
[17:58:35:679]49280:[DBG]:CMD:[0x02]->[0x04]
[17:58:35:679]49282:[DBG]:CMD:[0x08]->[0x04]
[17:58:35:695]49282:[DBG]:CMD:[0x09]->[0x00]
[17:58:35:695]49284:[DBG]:CMD:[0xD4]->[0x02]
[17:58:35:695]49284:[DBG]:   :[0x01]->[0x00]
[17:58:35:695]49284:[DBG]:   :[0x02]->[0x05]
[17:58:35:710]49284:[DBG]:   :[0x03]->[0x00]
[17:58:35:710]49284:[DBG]:   :[0x04]->[0x00]
[17:58:35:710]49284:[DBG]:   :[0x05]->[0x00]
[17:58:35:710]49284:[DBG]:   :[0x06]->[0x00]
[17:58:35:742]49286:[DBG]:CMD:[0x20]->[0x00]
[17:58:35:742]49286:[DBG]:CMD:[0x30]->[0x02]
[17:58:35:757]49388:[DBG]:CMD:[0x37]->[0x00]
[17:58:35:757]49388:[DBG]:CMD:[0x01]->[0x02]
[17:58:35:757]49390:[DBG]:CMD:[0x02]->[0x04]
[17:58:35:757]49390:[DBG]:CMD:[0x08]->[0x04]
[17:58:35:757]49392:[DBG]:CMD:[0x09]->[0x00]
[17:58:35:757]49392:[DBG]:CMD:[0xD4]->[0x02]
[17:58:35:757]49392:[DBG]:   :[0x01]->[0x00]
[17:58:35:757]49392:[DBG]:   :[0x02]->[0x05]
[17:58:35:788]49392:[DBG]:   :[0x03]->[0x00]
[17:58:35:788]49392:[DBG]:   :[0x04]->[0x00]
[17:58:35:788]49392:[DBG]:   :[0x05]->[0x00]
[17:58:35:788]49392:[DBG]:   :[0x06]->[0x00]
[17:58:35:820]49394:[DBG]:CMD:[0x20]->[0x00]
[17:58:35:820]49394:[DBG]:CMD:[0x30]->[0x02]
[17:58:35:851]49466:[DBG]:IMG:Comp Hv Abs Check Stop
[17:58:35:851]49496:[DBG]:CMD:[0x37]->[0x00]
[17:58:35:851]49496:[DBG]:CMD:[0x01]->[0x02]
[17:58:35:851]49498:[DBG]:CMD:[0x02]->[0x04]
[17:58:35:851]49498:[DBG]:CMD:[0x08]->[0x04]
[17:58:35:882]49500:[DBG]:CMD:[0x09]->[0x00]
[17:58:35:882]49502:[DBG]:CMD:[0xD4]->[0x02]
[17:58:35:882]49502:[DBG]:   :[0x01]->[0x00]
[17:58:35:882]49502:[DBG]:   :[0x02]->[0x05]
[17:58:35:882]49502:[DBG]:   :[0x03]->[0x00]
[17:58:35:882]49502:[DBG]:   :[0x04]->[0x00]
[17:58:35:882]49502:[DBG]:   :[0x05]->[0x00]
[17:58:35:882]49502:[DBG]:   :[0x06]->[0x00]
[17:58:35:929]49502:[DBG]:CMD:[0x20]->[0x00]
[17:58:35:929]49504:[DBG]:CMD:[0x30]->[0x02]
[17:58:35:976]49604:[DBG]:CMD:[0x37]->[0x00]
[17:58:35:976]49606:[DBG]:CMD:[0x01]->[0x02]
[17:58:35:976]49606:[DBG]:CMD:[0x02]->[0x04]
[17:58:35:976]49608:[DBG]:CMD:[0x08]->[0x04]
[17:58:35:992]49608:[DBG]:CMD:[0x09]->[0x00]
[17:58:35:992]49610:[DBG]:CMD:[0xD4]->[0x02]
[17:58:35:992]49610:[DBG]:   :[0x01]->[0x00]
[17:58:35:992]49610:[DBG]:   :[0x02]->[0x05]
[17:58:35:992]49610:[DBG]:   :[0x03]->[0x00]
[17:58:35:992]49610:[DBG]:   :[0x04]->[0x00]
[17:58:35:992]49610:[DBG]:   :[0x05]->[0x00]
[17:58:35:992]49610:[DBG]:   :[0x06]->[0x00]
[17:58:36:038]49610:[DBG]:CMD:[0x20]->[0x00]
[17:58:36:038]49612:[DBG]:CMD:[0x30]->[0x02]
[17:58:36:085]49714:[DBG]:CMD:[0x37]->[0x00]
[17:58:36:085]49714:[DBG]:CMD:[0x01]->[0x02]
[17:58:36:085]49716:[DBG]:CMD:[0x02]->[0x04]
[17:58:36:085]49718:[DBG]:CMD:[0x08]->[0x04]
[17:58:36:101]49720:[DBG]:CMD:[0x09]->[0x00]
[17:58:36:101]49722:[DBG]:CMD:[0xD4]->[0x02]
[17:58:36:101]49722:[DBG]:   :[0x01]->[0x00]
[17:58:36:101]49722:[DBG]:   :[0x02]->[0x05]
[17:58:36:101]49722:[DBG]:   :[0x03]->[0x00]
[17:58:36:101]49722:[DBG]:   :[0x04]->[0x00]
[17:58:36:101]49722:[DBG]:   :[0x05]->[0x00]
[17:58:36:101]49722:[DBG]:   :[0x06]->[0x00]
[17:58:36:148]49722:[DBG]:CMD:[0x20]->[0x00]
[17:58:36:148]49724:[DBG]:CMD:[0x30]->[0x02]
[17:58:36:179]49824:[DBG]:CMD:[0x37]->[0x00]
[17:58:36:179]49826:[DBG]:CMD:[0x01]->[0x02]
[17:58:36:179]49826:[DBG]:CMD:[0x02]->[0x04]
[17:58:36:179]49828:[DBG]:CMD:[0x08]->[0x04]
[17:58:36:195]49828:[DBG]:CMD:[0x09]->[0x00]
[17:58:36:195]49830:[DBG]:CMD:[0xD4]->[0x02]
[17:58:36:195]49830:[DBG]:   :[0x01]->[0x00]
[17:58:36:195]49830:[DBG]:   :[0x02]->[0x05]
[17:58:36:210]49830:[DBG]:   :[0x03]->[0x00]
[17:58:36:210]49830:[DBG]:   :[0x04]->[0x00]
[17:58:36:210]49830:[DBG]:   :[0x05]->[0x00]
[17:58:36:210]49830:[DBG]:   :[0x06]->[0x00]
[17:58:36:242]49830:[DBG]:CMD:[0x20]->[0x00]
[17:58:36:242]49832:[DBG]:CMD:[0x30]->[0x02]
[17:58:36:289]49934:[DBG]:CMD:[0x37]->[0x00]
[17:58:36:289]49934:[DBG]:CMD:[0x01]->[0x02]
[17:58:36:289]49934:[DBG]:CMD:[0x02]->[0x04]
[17:58:36:289]49936:[DBG]:CMD:[0x08]->[0x04]
[17:58:36:304]49936:[DBG]:CMD:[0x09]->[0x00]
[17:58:36:304]49938:[DBG]:CMD:[0xD4]->[0x02]
[17:58:36:304]49938:[DBG]:   :[0x01]->[0x00]
[17:58:36:304]49938:[DBG]:   :[0x02]->[0x05]
[17:58:36:320]49938:[DBG]:   :[0x03]->[0x00]
[17:58:36:320]49938:[DBG]:   :[0x04]->[0x00]
[17:58:36:320]49938:[DBG]:   :[0x05]->[0x00]
[17:58:36:320]49938:[DBG]:   :[0x06]->[0x00]
[17:58:36:351]49940:[DBG]:CMD:[0x20]->[0x00]
[17:58:36:351]49940:[DBG]:CMD:[0x30]->[0x02]
[17:58:36:398]50006:[DBG]:SSC:Sync Send Sync msg!
[17:58:36:398]50006:[DBG]:SSC:Sync start.in=[44] out=[24]
[17:58:36:398]50042:[DBG]:CMD:[0x37]->[0x00]
[17:58:36:413]50042:[DBG]:CMD:[0x01]->[0x02]
[17:58:36:413]50044:[DBG]:CMD:[0x02]->[0x04]
[17:58:36:413]50044:[DBG]:CMD:[0x08]->[0x04]
[17:58:36:413]50046:[DBG]:CMD:[0x09]->[0x00]
[17:58:36:413]50046:[DBG]:CMD:[0xD4]->[0x02]
[17:58:36:413]50046:[DBG]:   :[0x01]->[0x00]
[17:58:36:413]50046:[DBG]:   :[0x02]->[0x05]
[17:58:36:413]50046:[DBG]:   :[0x03]->[0x00]
[17:58:36:429]50046:[DBG]:   :[0x04]->[0x00]
[17:58:36:429]50046:[DBG]:   :[0x05]->[0x00]
[17:58:36:429]50046:[DBG]:   :[0x06]->[0x00]
[17:58:36:429]50048:[DBG]:CMD:[0x20]->[0x00]
[17:58:36:461]50048:[DBG]:CMD:[0x30]->[0x02]
[17:58:36:507]50150:[DBG]:CMD:[0x37]->[0x00]
[17:58:36:507]50150:[DBG]:CMD:[0x01]->[0x02]
[17:58:36:507]50152:[DBG]:CMD:[0x02]->[0x04]
[17:58:36:507]50152:[DBG]:CMD:[0x08]->[0x04]
[17:58:36:523]50154:[DBG]:CMD:[0x09]->[0x00]
[17:58:36:523]50154:[DBG]:CMD:[0xD4]->[0x02]
[17:58:36:523]50154:[DBG]:   :[0x01]->[0x00]
[17:58:36:523]50154:[DBG]:   :[0x02]->[0x05]
[17:58:36:538]50154:[DBG]:   :[0x03]->[0x00]
[17:58:36:538]50154:[DBG]:   :[0x04]->[0x00]
[17:58:36:538]50154:[DBG]:   :[0x05]->[0x00]
[17:58:36:538]50154:[DBG]:   :[0x06]->[0x00]
[17:58:36:570]50156:[DBG]:CMD:[0x20]->[0x00]
[17:58:36:570]50160:[DBG]:CMD:[0x30]->[0x02]
[17:58:36:616]50260:[DBG]:CMD:[0x37]->[0x00]
[17:58:36:616]50260:[DBG]:CMD:[0x01]->[0x02]
[17:58:36:616]50262:[DBG]:CMD:[0x02]->[0x04]
[17:58:36:616]50262:[DBG]:CMD:[0x08]->[0x04]
[17:58:36:632]50264:[DBG]:CMD:[0x09]->[0x00]
[17:58:36:632]50266:[DBG]:CMD:[0xD4]->[0x02]
[17:58:36:632]50266:[DBG]:   :[0x01]->[0x00]
[17:58:36:632]50266:[DBG]:   :[0x02]->[0x05]
[17:58:36:648]50266:[DBG]:   :[0x03]->[0x00]
[17:58:36:648]50266:[DBG]:   :[0x04]->[0x00]
[17:58:36:648]50266:[DBG]:   :[0x05]->[0x00]
[17:58:36:648]50266:[DBG]:   :[0x06]->[0x00]
[17:58:36:679]50266:[DBG]:CMD:[0x20]->[0x00]
[17:58:36:679]50268:[DBG]:CMD:[0x30]->[0x02]
[17:58:36:726]50368:[DBG]:CMD:[0x37]->[0x00]
[17:58:36:726]50370:[DBG]:CMD:[0x01]->[0x02]
[17:58:36:726]50370:[DBG]:CMD:[0x02]->[0x04]
[17:58:36:726]50372:[DBG]:CMD:[0x08]->[0x04]
[17:58:36:741]50372:[DBG]:CMD:[0x09]->[0x00]
[17:58:36:741]50374:[DBG]:CMD:[0xD4]->[0x02]
[17:58:36:741]50374:[DBG]:   :[0x01]->[0x00]
[17:58:36:741]50374:[DBG]:   :[0x02]->[0x05]
[17:58:36:757]50374:[DBG]:   :[0x03]->[0x00]
[17:58:36:757]50374:[DBG]:   :[0x04]->[0x00]
[17:58:36:757]50374:[DBG]:   :[0x05]->[0x00]
[17:58:36:757]50374:[DBG]:   :[0x06]->[0x00]
[17:58:36:789]50374:[DBG]:CMD:[0x20]->[0x00]
[17:58:36:789]50376:[DBG]:CMD:[0x30]->[0x02]
[17:58:36:835]50478:[DBG]:CMD:[0x37]->[0x00]
[17:58:36:835]50478:[DBG]:CMD:[0x01]->[0x02]
[17:58:36:835]50478:[DBG]:CMD:[0x02]->[0x04]
[17:58:36:835]50480:[DBG]:CMD:[0x08]->[0x04]
[17:58:36:851]50480:[DBG]:CMD:[0x09]->[0x00]
[17:58:36:851]50482:[DBG]:CMD:[0xD4]->[0x02]
[17:58:36:851]50482:[DBG]:   :[0x01]->[0x00]
[17:58:36:851]50482:[DBG]:   :[0x02]->[0x05]
[17:58:36:866]50482:[DBG]:   :[0x03]->[0x00]
[17:58:36:866]50482:[DBG]:   :[0x04]->[0x00]
[17:58:36:866]50482:[DBG]:   :[0x05]->[0x00]
[17:58:36:866]50482:[DBG]:   :[0x06]->[0x00]
[17:58:36:898]50484:[DBG]:CMD:[0x20]->[0x00]
[17:58:36:898]50484:[DBG]:CMD:[0x30]->[0x02]
[17:58:36:944]50586:[DBG]:CMD:[0x37]->[0x00]
[17:58:36:944]50586:[DBG]:CMD:[0x01]->[0x02]
[17:58:36:944]50588:[DBG]:CMD:[0x02]->[0x04]
[17:58:36:944]50588:[DBG]:CMD:[0x08]->[0x04]
[17:58:36:960]50590:[DBG]:CMD:[0x09]->[0x00]
[17:58:36:960]50590:[DBG]:CMD:[0xD4]->[0x02]
[17:58:36:960]50590:[DBG]:   :[0x01]->[0x00]
[17:58:36:960]50590:[DBG]:   :[0x02]->[0x05]
[17:58:36:991]50590:[DBG]:   :[0x03]->[0x00]
[17:58:36:991]50590:[DBG]:   :[0x04]->[0x00]
[17:58:37:023]50590:[DBG]:   :[0x05]->[0x00]
[17:58:37:023]50590:[DBG]:   :[0x06]->[0x00]
[17:58:37:023]50592:[DBG]:CMD:[0x20]->[0x00]
[17:58:37:023]50592:[DBG]:CMD:[0x30]->[0x02]
[17:58:37:054]50696:[DBG]:CMD:[0x37]->[0x00]
[17:58:37:054]50696:[DBG]:CMD:[0x01]->[0x02]
[17:58:37:054]50696:[DBG]:CMD:[0x02]->[0x04]
[17:58:37:054]50698:[DBG]:CMD:[0x08]->[0x04]
[17:58:37:069]50698:[DBG]:CMD:[0x09]->[0x00]
[17:58:37:069]50700:[DBG]:CMD:[0xD4]->[0x02]
[17:58:37:069]50700:[DBG]:   :[0x01]->[0x00]
[17:58:37:069]50700:[DBG]:   :[0x02]->[0x05]
[17:58:37:101]50700:[DBG]:   :[0x03]->[0x00]
[17:58:37:101]50700:[DBG]:   :[0x04]->[0x00]
[17:58:37:101]50700:[DBG]:   :[0x05]->[0x00]
[17:58:37:101]50700:[DBG]:   :[0x06]->[0x00]
[17:58:37:148]50702:[DBG]:CMD:[0x20]->[0x00]
[17:58:37:148]50702:[DBG]:CMD:[0x30]->[0x02]
[17:58:37:179]50806:[DBG]:CMD:[0x37]->[0x00]
[17:58:37:179]50806:[DBG]:CMD:[0x01]->[0x02]
[17:58:37:179]50808:[DBG]:CMD:[0x02]->[0x04]
[17:58:37:179]50808:[DBG]:CMD:[0x08]->[0x04]
[17:58:37:179]50810:[DBG]:CMD:[0x09]->[0x00]
[17:58:37:179]50810:[DBG]:CMD:[0xD4]->[0x02]
[17:58:37:179]50810:[DBG]:   :[0x01]->[0x00]
[17:58:37:179]50810:[DBG]:   :[0x02]->[0x05]
[17:58:37:210]50810:[DBG]:   :[0x03]->[0x00]
[17:58:37:210]50810:[DBG]:   :[0x04]->[0x00]
[17:58:37:210]50810:[DBG]:   :[0x05]->[0x00]
[17:58:37:210]50810:[DBG]:   :[0x06]->[0x00]
[17:58:37:257]50812:[DBG]:CMD:[0x20]->[0x00]
[17:58:37:257]50814:[DBG]:CMD:[0x30]->[0x02]
[17:58:37:288]50916:[DBG]:CMD:[0x37]->[0x00]
[17:58:37:288]50920:[DBG]:CMD:[0x01]->[0x02]
[17:58:37:288]50924:[DBG]:CMD:[0x02]->[0x04]
[17:58:37:288]50926:[DBG]:CMD:[0x08]->[0x04]
[17:58:37:304]50928:[DBG]:CMD:[0x09]->[0x00]
[17:58:37:304]50928:[DBG]:CMD:[0xD4]->[0x02]
[17:58:37:304]50928:[DBG]:   :[0x01]->[0x00]
[17:58:37:304]50928:[DBG]:   :[0x02]->[0x05]
[17:58:37:335]50928:[DBG]:   :[0x03]->[0x00]
[17:58:37:335]50928:[DBG]:   :[0x04]->[0x00]
[17:58:37:335]50928:[DBG]:   :[0x05]->[0x00]
[17:58:37:335]50928:[DBG]:   :[0x06]->[0x00]
[17:58:37:367]50928:[DBG]:CMD:[0x20]->[0x00]
[17:58:37:367]50930:[DBG]:CMD:[0x30]->[0x02]
[17:58:37:397]51034:[DBG]:CMD:[0x37]->[0x00]
[17:58:37:397]51036:[DBG]:CMD:[0x01]->[0x02]
[17:58:37:397]51038:[DBG]:CMD:[0x02]->[0x04]
[17:58:37:397]51040:[DBG]:CMD:[0x08]->[0x04]
[17:58:37:413]51040:[DBG]:CMD:[0x09]->[0x00]
[17:58:37:413]51040:[DBG]:CMD:[0xD4]->[0x02]
[17:58:37:413]51040:[DBG]:   :[0x01]->[0x00]
[17:58:37:413]51040:[DBG]:   :[0x02]->[0x05]
[17:58:37:429]51040:[DBG]:   :[0x03]->[0x00]
[17:58:37:429]51040:[DBG]:   :[0x04]->[0x00]
[17:58:37:429]51040:[DBG]:   :[0x05]->[0x00]
[17:58:37:429]51040:[DBG]:   :[0x06]->[0x00]
[17:58:37:476]51042:[DBG]:CMD:[0x20]->[0x00]
[17:58:37:476]51042:[DBG]:CMD:[0x30]->[0x02]
[17:58:37:507]51146:[DBG]:CMD:[0x37]->[0x00]
[17:58:37:507]51148:[DBG]:CMD:[0x01]->[0x02]
[17:58:37:507]51150:[DBG]:CMD:[0x02]->[0x04]
[17:58:37:507]51152:[DBG]:CMD:[0x08]->[0x04]
[17:58:37:522]51152:[DBG]:CMD:[0x09]->[0x00]
[17:58:37:522]51154:[DBG]:CMD:[0xD4]->[0x02]
[17:58:37:522]51154:[DBG]:   :[0x01]->[0x00]
[17:58:37:522]51154:[DBG]:   :[0x02]->[0x05]
[17:58:37:538]51154:[DBG]:   :[0x03]->[0x00]
[17:58:37:538]51154:[DBG]:   :[0x04]->[0x00]
[17:58:37:538]51154:[DBG]:   :[0x05]->[0x00]
[17:58:37:538]51154:[DBG]:   :[0x06]->[0x00]
[17:58:37:585]51154:[DBG]:CMD:[0x20]->[0x00]
[17:58:37:585]51154:[DBG]:CMD:[0x30]->[0x02]
[17:58:37:617]51260:[DBG]:CMD:[0x37]->[0x00]
[17:58:37:617]51260:[DBG]:CMD:[0x01]->[0x02]
[17:58:37:617]51262:[DBG]:CMD:[0x02]->[0x04]
[17:58:37:617]51264:[DBG]:CMD:[0x08]->[0x04]
[17:58:37:632]51264:[DBG]:CMD:[0x09]->[0x00]
[17:58:37:632]51264:[DBG]:CMD:[0xD4]->[0x02]
[17:58:37:632]51264:[DBG]:   :[0x01]->[0x00]
[17:58:37:632]51264:[DBG]:   :[0x02]->[0x05]
[17:58:37:647]51264:[DBG]:   :[0x03]->[0x00]
[17:58:37:647]51264:[DBG]:   :[0x04]->[0x00]
[17:58:37:647]51264:[DBG]:   :[0x05]->[0x00]
[17:58:37:647]51264:[DBG]:   :[0x06]->[0x00]
[17:58:37:679]51266:[DBG]:CMD:[0x20]->[0x00]
[17:58:37:710]51266:[DBG]:CMD:[0x30]->[0x02]
[17:58:37:741]51370:[DBG]:CMD:[0x37]->[0x00]
[17:58:37:741]51372:[DBG]:CMD:[0x01]->[0x02]
[17:58:37:741]51374:[DBG]:CMD:[0x02]->[0x04]
[17:58:37:741]51376:[DBG]:CMD:[0x08]->[0x04]
[17:58:37:757]51378:[DBG]:CMD:[0x09]->[0x00]
[17:58:37:757]51380:[DBG]:CMD:[0xD4]->[0x02]
[17:58:37:757]51380:[DBG]:   :[0x01]->[0x00]
[17:58:37:757]51380:[DBG]:   :[0x02]->[0x05]
[17:58:37:757]51380:[DBG]:   :[0x03]->[0x00]
[17:58:37:757]51380:[DBG]:   :[0x04]->[0x00]
[17:58:37:757]51380:[DBG]:   :[0x05]->[0x00]
[17:58:37:757]51380:[DBG]:   :[0x06]->[0x00]
[17:58:37:820]51380:[DBG]:CMD:[0x20]->[0x00]
[17:58:37:820]51380:[DBG]:CMD:[0x30]->[0x02]
[17:58:37:851]51484:[DBG]:CMD:[0x37]->[0x00]
[17:58:37:851]51486:[DBG]:CMD:[0x01]->[0x02]
[17:58:37:851]51488:[DBG]:CMD:[0x02]->[0x04]
[17:58:37:851]51490:[DBG]:CMD:[0x08]->[0x04]
[17:58:37:882]51492:[DBG]:CMD:[0x09]->[0x00]
[17:58:37:882]51494:[DBG]:CMD:[0xD4]->[0x02]
[17:58:37:882]51494:[DBG]:   :[0x01]->[0x00]
[17:58:37:882]51494:[DBG]:   :[0x02]->[0x05]
[17:58:37:898]51494:[DBG]:   :[0x03]->[0x00]
[17:58:37:898]51494:[DBG]:   :[0x04]->[0x00]
[17:58:37:898]51494:[DBG]:   :[0x05]->[0x00]
[17:58:37:898]51494:[DBG]:   :[0x06]->[0x00]
[17:58:37:945]51496:[DBG]:CMD:[0x20]->[0x00]
[17:58:37:945]51496:[DBG]:CMD:[0x30]->[0x02]
[17:58:37:976]51598:[DBG]:CMD:[0x37]->[0x00]
[17:58:37:976]51600:[DBG]:CMD:[0x01]->[0x02]
[17:58:37:976]51602:[DBG]:CMD:[0x02]->[0x04]
[17:58:37:976]51604:[DBG]:CMD:[0x08]->[0x04]
[17:58:37:991]51606:[DBG]:CMD:[0x09]->[0x00]
[17:58:37:991]51608:[DBG]:CMD:[0xD4]->[0x02]
[17:58:37:991]51608:[DBG]:   :[0x01]->[0x00]
[17:58:37:991]51608:[DBG]:   :[0x02]->[0x05]
[17:58:38:022]51608:[DBG]:   :[0x03]->[0x00]
[17:58:38:022]51608:[DBG]:   :[0x04]->[0x00]
[17:58:38:022]51608:[DBG]:   :[0x05]->[0x00]
[17:58:38:054]51608:[DBG]:   :[0x06]->[0x00]
[17:58:38:054]51608:[DBG]:CMD:[0x20]->[0x00]
[17:58:38:054]51608:[DBG]:CMD:[0x30]->[0x02]
[17:58:38:085]51712:[DBG]:CMD:[0x37]->[0x00]
[17:58:38:085]51714:[DBG]:CMD:[0x01]->[0x02]
[17:58:38:085]51716:[DBG]:CMD:[0x02]->[0x04]
[17:58:38:085]51720:[DBG]:CMD:[0x08]->[0x04]
[17:58:38:100]51724:[DBG]:CMD:[0x09]->[0x00]
[17:58:38:100]51728:[DBG]:CMD:[0xD4]->[0x02]
[17:58:38:100]51728:[DBG]:   :[0x01]->[0x00]
[17:58:38:100]51728:[DBG]:   :[0x02]->[0x05]
[17:58:38:116]51728:[DBG]:   :[0x03]->[0x00]
[17:58:38:116]51728:[DBG]:   :[0x04]->[0x00]
[17:58:38:116]51728:[DBG]:   :[0x05]->[0x00]
[17:58:38:116]51728:[DBG]:   :[0x06]->[0x00]
[17:58:38:163]51730:[DBG]:CMD:[0x20]->[0x00]
[17:58:38:163]51732:[DBG]:CMD:[0x30]->[0x02]
[17:58:38:194]51836:[DBG]:CMD:[0x37]->[0x00]
[17:58:38:194]51838:[DBG]:CMD:[0x01]->[0x02]
[17:58:38:194]51840:[DBG]:CMD:[0x02]->[0x04]
[17:58:38:194]51842:[DBG]:CMD:[0x08]->[0x04]
[17:58:38:210]51842:[DBG]:CMD:[0x09]->[0x00]
[17:58:38:210]51842:[DBG]:CMD:[0xD4]->[0x02]
[17:58:38:210]51842:[DBG]:   :[0x01]->[0x00]
[17:58:38:210]51842:[DBG]:   :[0x02]->[0x05]
[17:58:38:225]51842:[DBG]:   :[0x03]->[0x00]
[17:58:38:225]51842:[DBG]:   :[0x04]->[0x00]
[17:58:38:225]51842:[DBG]:   :[0x05]->[0x00]
[17:58:38:225]51842:[DBG]:   :[0x06]->[0x00]
[17:58:38:272]51844:[DBG]:CMD:[0x20]->[0x00]
[17:58:38:272]51844:[DBG]:CMD:[0x30]->[0x02]
[17:58:38:319]51948:[DBG]:CMD:[0x37]->[0x00]
[17:58:38:319]51950:[DBG]:CMD:[0x01]->[0x02]
[17:58:38:319]51952:[DBG]:CMD:[0x02]->[0x04]
[17:58:38:319]51954:[DBG]:CMD:[0x08]->[0x04]
[17:58:38:319]51954:[DBG]:CMD:[0x0]->[0x00]
[17:58:38:319]51954:[DBG]:CMD:[0xD4]->[0x02]
[17:58:38:319]51954:[DBG]:   :[0x01]->[0x00]
[17:58:38:319]51954:[DBG]:   :[0x02]->[0x05]
[17:58:38:335]51954:[DBG]:   :[0x03]->[0x00]
[17:58:38:335]51954:[DBG]:   :[0x04]->[0x00]
[17:58:38:335]51954:[DBG]:   :[0x05]->[0x00]
[17:58:38:335]51954:[DBG]:   :[0x06]->[0x00]
[17:58:38:398]51956:[DBG]:CMD:[0x20]->[0x00]
[17:58:38:398]51956:[DBG]:CMD:[0x30]->[0x02]
[17:58:38:429]52060:[DBG]:CMD:[0x37]->[0x00]
[17:58:38:429]52060:[DBG]:CMD:[0x01]->[0x02]
[17:58:38:429]52062:[DBG]:CMD:[0x02]->[0x04]
[17:58:38:429]52064:[DBG]:CMD:[0x08]->[0x04]
[17:58:38:444]52066:[DBG]:CMD:[0x09]->[0x00]
[17:58:38:444]52068:[DBG]:CMD:[0xD4]->[0x02]
[17:58:38:444]52068:[DBG]:   :[0x01]->[0x00]
[17:58:38:444]52068:[DBG]:   :[0x02]->[0x05]
[17:58:38:444]52068:[DBG]:   :[0x03]->[0x00]
[17:58:38:444]52068:[DBG]:   :[0x04]->[0x00]
[17:58:38:444]52068:[DBG]:   :[0x05]->[0x00]
[17:58:38:444]52068:[DBG]:   :[0x06]->[0x00]
[17:58:38:507]52070:[DBG]:CMD:[0x20]->[0x00]
[17:58:38:507]52070:[DBG]:CMD:[0x30]->[0x02]
[17:58:38:563]52172:[DBG]:CMD:[0x37]->[0x00]
[17:58:38:563]52172:[DBG]:CMD:[0x01]->[0x02]
[17:58:38:563]52172:[DBG]:CMD:[0x02]->[0x04]
[17:58:38:563]52176:[DBG]:CMD:[0x08]->[0x04]
[17:58:38:568]52178:[DBG]:CMD:[0x09]->[0x00]
[17:58:38:568]52180:[DBG]:CMD:[0xD4]->[0x02]
[17:58:38:568]52180:[DBG]:   :[0x01]->[0x00]
[17:58:38:568]52180:[DBG]:   :[0x02]->[0x05]
[17:58:38:596]52180:[DBG]:   :[0x03]->[0x00]
[17:58:38:596]52180:[DBG]:   :[0x04]->[0x00]
[17:58:38:596]52180:[DBG]:   :[0x05]->[0x00]
[17:58:38:596]52180:[DBG]:   :[0x06]->[0x00]
[17:58:38:627]52182:[DBG]:CMD:[0x20]->[0x00]
[17:58:38:627]52184:[DBG]:CMD:[0x30]->[0x02]
[17:58:38:658]52284:[DBG]:CMD:[0x37]->[0x00]
[17:58:38:658]52284:[DBG]:CMD:[0x01]->[0x02]
[17:58:38:658]52284:[DBG]:CMD:[0x02]->[0x04]
[17:58:38:658]52288:[DBG]:CMD:[0x08]->[0x04]
[17:58:38:674]52290:[DBG]:CMD:[0x09]->[0x00]
[17:58:38:674]52292:[DBG]:CMD:[0xD4]->[0x02]
[17:58:38:674]52292:[DBG]:   :[0x01]->[0x00]
[17:58:38:674]52292:[DBG]:   :[0x02]->[0x05]
[17:58:38:705]52292:[DBG]:   :[0x03]->[0x00]
[17:58:38:705]52292:[DBG]:   :[0x04]->[0x00]
[17:58:38:705]52292:[DBG]:   :[0x05]->[0x00]
[17:58:38:705]52292:[DBG]:   :[0x06]->[0x00]
[17:58:38:768]52294:[DBG]:CMD:[0x20]->[0x00]
[17:58:38:768]52296:[DBG]:CMD:[0x30]->[0x02]
[17:58:38:768]52396:[DBG]:CMD:[0x37]->[0x00]
[17:58:38:768]52396:[DBG]:CMD:[0x01]->[0x02]
[17:58:38:783]52396:[DBG]:CMD:[0x02]->[0x04]
[17:58:38:783]52398:[DBG]:CMD:[0x08]->[0x04]
[17:58:38:783]52402:[DBG]:CMD:[0x09]->[0x00]
[17:58:38:783]52404:[DBG]:CMD:[0xD4]->[0x02]
[17:58:38:799]52404:[DBG]:   :[0x01]->[0x00]
[17:58:38:799]52404:[DBG]:   :[0x02]->[0x05]
[17:58:38:799]52404:[DBG]:   :[0x03]->[0x00]
[17:58:38:799]52404:[DBG]:   :[0x04]->[0x00]
[17:58:38:830]52404:[DBG]:   :[0x05]->[0x00]
[17:58:38:830]52404:[DBG]:   :[0x06]->[0x00]
[17:58:38:830]52406:[DBG]:CMD:[0x20]->[0x00]
[17:58:38:830]52408:[DBG]:CMD:[0x30]->[0x02]
[17:58:38:897]52508:[DBG]:CMD:[0x37]->[0x00]
[17:58:38:897]52508:[DBG]:CMD:[0x01]->[0x02]
[17:58:38:897]52508:[DBG]:CMD:[0x02]->[0x04]
[17:58:38:897]52510:[DBG]:CMD:[0x08]->[0x04]
[17:58:38:899]52512:[DBG]:CMD:[0x09]->[0x00]
[17:58:38:899]52512:[DBG]:CMD:[0xD4]->[0x02]
[17:58:38:899]52512:[DBG]:   :[0x01]->[0x00]
[17:58:38:899]52512:[DBG]:   :[0x02]->[0x05]
[17:58:38:915]52512:[DBG]:   :[0x03]->[0x00]
[17:58:38:915]52512:[DBG]:   :[0x04]->[0x00]
[17:58:38:915]52512:[DBG]:   :[0x05]->[0x00]
[17:58:38:915]52512:[DBG]:   :[0x06]->[0x00]
[17:58:38:946]52516:[DBG]:CMD:[0x20]->[0x00]
[17:58:38:946]52520:[DBG]:CMD:[0x30]->[0x02]
[17:58:38:993]52622:[DBG]:CMD:[0x37]->[0x00]
[17:58:38:993]52622:[DBG]:CMD:[0x01]->[0x02]
[17:58:38:993]52624:[DBG]:CMD:[0x02]->[0x04]
[17:58:38:993]52624:[DBG]:CMD:[0x08]->[0x04]
[17:58:39:009]52626:[DBG]:CMD:[0x09]->[0x00]
[17:58:39:009]52626:[DBG]:CMD:[0xD4]->[0x02]
[17:58:39:009]52626:[DBG]:   :[0x01]->[0x00]
[17:58:39:009]52626:[DBG]:   :[0x02]->[0x05]
[17:58:39:024]52626:[DBG]:   :[0x03]->[0x00]
[17:58:39:024]52626:[DBG]:   :[0x04]->[0x00]
[17:58:39:024]52626:[DBG]:   :[0x05]->[0x00]
[17:58:39:024]52626:[DBG]:   :[0x06]->[0x00]
[17:58:39:056]52628:[DBG]:CMD:[0x20]->[0x00]
[17:58:39:056]52628:[DBG]:CMD:[0x30]->[0x02]
[17:58:39:087]52730:[DBG]:CMD:[0x37]->[0x00]
[17:58:39:087]52730:[DBG]:CMD:[0x01]->[0x02]
[17:58:39:087]52732:[DBG]:CMD:[0x02]->[0x04]
[17:58:39:087]52732:[DBG]:CMD:[0x08]->[0x04]
[17:58:39:118]52734:[DBG]:CMD:[0x09]->[0x00]
[17:58:39:118]52734:[DBG]:CMD:[0xD4]->[0x02]
[17:58:39:118]52734:[DBG]:   :[0x01]->[0x00]
[17:58:39:118]52734:[DBG]:   :[0x02]->[0x05]
[17:58:39:134]52734:[DBG]:   :[0x03]->[0x00]
[17:58:39:134]52734:[DBG]:   :[0x04]->[0x00]
[17:58:39:134]52734:[DBG]:   :[0x05]->[0x00]
[17:58:39:134]52734:[DBG]:   :[0x06]->[0x00]
[17:58:39:165]52736:[DBG]:CMD:[0x20]->[0x00]
[17:58:39:165]52736:[DBG]:CMD:[0x30]->[0x02]
[17:58:39:209]52838:[DBG]:CMD:[0x37]->[0x00]
[17:58:39:209]52838:[DBG]:CMD:[0x01]->[0x02]
[17:58:39:209]52840:[DBG]:CMD:[0x02]->[0x04]
[17:58:39:209]52840:[DBG]:CMD:[0x08]->[0x04]
[17:58:39:232]52842:[DBG]:CMD:[0x09]->[0x00]
[17:58:39:232]52842:[DBG]:CMD:[0xD4]->[0x02]
[17:58:39:232]52842:[DBG]:   :[0x01]->[0x00]
[17:58:39:232]52844:[DBG]:   :[0x02]->[0x05]
[17:58:39:232]52844:[DBG]:   :[0x03]->[0x00]
[17:58:39:232]52844:[DBG]:   :[0x04]->[0x00]
[17:58:39:232]52844:[DBG]:   :[0x05]->[0x00]
[17:58:39:232]52844:[DBG]:   :[0x06]->[0x00]
[17:58:39:281]52844:[DBG]:CMD:[0x20]->[0x00]
[17:58:39:281]52846:[DBG]:CMD:[0x30]->[0x02]
[17:58:39:311]52946:[DBG]:CMD:[0x37]->[0x00]
[17:58:39:311]52948:[DBG]:CMD:[0x01]->[0x02]
[17:58:39:311]52948:[DBG]:CMD:[0x02]->[0x04]
[17:58:39:311]52950:[DBG]:CMD:[0x08]->[0x04]
[17:58:39:342]52950:[DBG]:CMD:[0x09]->[0x00]
[17:58:39:342]52952:[DBG]:CMD:[0xD4]->[0x02]
[17:58:39:342]52952:[DBG]:   :[0x01]->[0x00]
[17:58:39:342]52952:[DBG]:   :[0x02]->[0x05]
[17:58:39:342]52952:[DBG]:   :[0x03]->[0x00]
[17:58:39:342]52952:[DBG]:   :[0x04]->[0x00]
[17:58:39:402]52952:[DBG]:   :[0x05]->[0x00]
[17:58:39:402]52952:[DBG]:   :[0x06]->[0x00]
[17:58:39:402]52952:[DBG]:CMD:[0x20]->[0x00]
[17:58:39:402]52954:[DBG]:CMD:[0x30]->[0x02]
[17:58:39:418]53056:[DBG]:CMD:[0x37]->[0x00]
[17:58:39:418]53056:[DBG]:CMD:[0x01]->[0x02]
[17:58:39:418]53056:[DBG]:CMD:[0x02]->[0x04]
[17:58:39:418]53060:[DBG]:CMD:[0x08]->[0x04]
[17:58:39:433]53060:[DBG]:CMD:[0x09]->[0x00]
[17:58:39:433]53062:[DBG]:CMD:[0xD4]->[0x02]
[17:58:39:433]53062:[DBG]:   :[0x01]->[0x00]
[17:58:39:433]53062:[DBG]:   :[0x02]->[0x05]
[17:58:39:449]53062:[DBG]:   :[0x03]->[0x00]
[17:58:39:449]53062:[DBG]:   :[0x04]->[0x00]
[17:58:39:449]53062:[DBG]:   :[0x05]->[0x00]
[17:58:39:449]53062:[DBG]:   :[0x06]->[0x00]
[17:58:39:496]53062:[DBG]:CMD:[0x20]->[0x00]
[17:58:39:496]53064:[DBG]:CMD:[0x30]->[0x02]
[17:58:39:527]53164:[DBG]:CMD:[0x37]->[0x00]
[17:58:39:527]53164:[DBG]:CMD:[0x01]->[0x02]
[17:58:39:527]53166:[DBG]:CMD:[0x02]->[0x04]
[17:58:39:527]53166:[DBG]:CMD:[0x08]->[0x04]
[17:58:39:527]53168:[DBG]:CMD:[0x09]->[0x00]
[17:58:39:527]53168:[DBG]:CMD:[0xD4]->[0x02]
[17:58:39:527]53168:[DBG]:   :[0x01]->[0x00]
[17:58:39:527]53168:[DBG]:   :[0x02]->[0x05]
[17:58:39:543]53168:[DBG]:   :[0x03]->[0x00]
[17:58:39:543]53168:[DBG]:   :[0x04]->[0x00]
[17:58:39:543]53170:[DBG]:   :[0x05]->[0x00]
[17:58:39:543]53170:[DBG]:   :[0x06]->[0x00]
[17:58:39:574]53170:[DBG]:CMD:[0x20]->[0x00]
[17:58:39:605]53172:[DBG]:CMD:[0x30]->[0x02]
[17:58:39:636]53274:[DBG]:CMD:[0x37]->[0x00]
[17:58:39:636]53276:[DBG]:CMD:[0x01]->[0x02]
[17:58:39:636]53278:[DBG]:CMD:[0x02]->[0x04]
[17:58:39:636]53280:[DBG]:CMD:[0x08]->[0x04]
[17:58:39:652]53280:[DBG]:CMD:[0x09]->[0x00]
[17:58:39:652]53280:[DBG]:CMD:[0xD4]->[0x02]
[17:58:39:652]53280:[DBG]:   :[0x01]->[0x00]
[17:58:39:652]53280:[DBG]:   :[0x02]->[0x05]
[17:58:39:667]53280:[DBG]:   :[0x03]->[0x00]
[17:58:39:667]53280:[DBG]:   :[0x04]->[0x00]
[17:58:39:667]53280:[DBG]:   :[0x05]->[0x00]
[17:58:39:667]53280:[DBG]:   :[0x06]->[0x00]
[17:58:39:699]53282:[DBG]:CMD:[0x20]->[0x00]
[17:58:39:699]53282:[DBG]:CMD:[0x30]->[0x02]
[17:58:39:746]53384:[DBG]:CMD:[0x37]->[0x00]
[17:58:39:746]53384:[DBG]:CMD:[0x01]->[0x02]
[17:58:39:746]53386:[DBG]:CMD:[0x02]->[0x04]
[17:58:39:746]53386:[DBG]:CMD:[0x08]->[0x04]
[17:58:39:746]53388:[DBG]:CMD:[0x09]->[0x00]
[17:58:39:746]53388:[DBG]:CMD:[0xD4]->[0x02]
[17:58:39:746]53388:[DBG]:   :[0x01]->[0x00]
[17:58:39:746]53388:[DBG]:   :[0x02]->[0x05]
[17:58:39:777]53388:[DBG]:   :[0x03]->[0x00]
[17:58:39:777]53388:[DBG]:   :[0x04]->[0x00]
[17:58:39:777]53388:[DBG]:   :[0x05]->[0x00]
[17:58:39:777]53388:[DBG]:   :[0x06]->[0x00]
[17:58:39:808]53390:[DBG]:CMD:[0x20]->[0x00]
[17:58:39:808]53392:[DBG]:CMD:[0x30]->[0x02]
[17:58:39:855]53492:[DBG]:CMD:[0x37]->[0x00]
[17:58:39:855]53494:[DBG]:CMD:[0x01]->[0x02]
[17:58:39:855]53494:[DBG]:CMD:[0x02]->[0x04]
[17:58:39:855]53494:[DBG]:CMD:[0x08]->[0x04]
[17:58:39:871]53496:[DBG]:CMD:[0x09]->[0x00]
[17:58:39:871]53498:[DBG]:CMD:[0xD4]->[0x02]
[17:58:39:871]53498:[DBG]:   :[0x01]->[0x00]
[17:58:39:871]53498:[DBG]:   :[0x02]->[0x05]
[17:58:39:886]53498:[DBG]:   :[0x03]->[0x00]
[17:58:39:886]53498:[DBG]:   :[0x04]->[0x00]
[17:58:39:886]53498:[DBG]:   :[0x05]->[0x00]
[17:58:39:886]53498:[DBG]:   :[0x06]->[0x00]
[17:58:39:918]53498:[DBG]:CMD:[0x20]->[0x00]
[17:58:39:918]53500:[DBG]:CMD:[0x30]->[0x02]
[17:58:39:964]53602:[DBG]:CMD:[0x37]->[0x00]
[17:58:39:964]53602:[DBG]:CMD:[0x01]->[0x02]
[17:58:39:964]53602:[DBG]:CMD:[0x02]->[0x04]
[17:58:39:964]53604:[DBG]:CMD:[0x08]->[0x04]
[17:58:39:980]53604:[DBG]:CMD:[0x09]->[0x00]
[17:58:39:980]53606:[DBG]:CMD:[0xD4]->[0x02]
[17:58:39:980]53606:[DBG]:   :[0x01]->[0x00]
[17:58:39:980]53606:[DBG]:   :[0x02]->[0x05]
[17:58:39:996]53606:[DBG]:   :[0x03]->[0x00]
[17:58:39:996]53606:[DBG]:   :[0x04]->[0x00]
[17:58:39:996]53606:[DBG]:   :[0x05]->[0x00]
[17:58:39:996]53606:[DBG]:   :[0x06]->[0x00]
[17:58:40:027]53606:[DBG]:CMD:[0x20]->[0x00]
[17:58:40:027]53608:[DBG]:CMD:[0x30]->[0x02]
[17:58:40:074]53710:[DBG]:CMD:[0x37]->[0x00]
[17:58:40:074]53710:[DBG]:CMD:[0x01]->[0x02]
[17:58:40:074]53712:[DBG]:CMD:[0x02]->[0x04]
[17:58:40:074]53712:[DBG]:CMD:[0x08]->[0x04]
[17:58:40:089]53714:[DBG]:CMD:[0x09]->[0x00]
[17:58:40:089]53714:[DBG]:CMD:[0xD4]->[0x02]
[17:58:40:089]53714:[DBG]:   :[0x01]->[0x00]
[17:58:40:089]53714:[DBG]:   :[0x02]->[0x05]
[17:58:40:105]53714:[DBG]:   :[0x03]->[0x00]
[17:58:40:105]53714:[DBG]:   :[0x04]->[0x00]
[17:58:40:105]53714:[DBG]:   :[0x05]->[0x00]
[17:58:40:105]53714:[DBG]:   :[0x06]->[0x00]
[17:58:40:136]53718:[DBG]:CMD:[0x20]->[0x00]
[17:58:40:136]53720:[DBG]:CMD:[0x30]->[0x02]
[17:58:40:183]53822:[DBG]:CMD:[0x37]->[0x00]
[17:58:40:183]53822:[DBG]:CMD:[0x01]->[0x02]
[17:58:40:183]53822:[DBG]:CMD:[0x02]->[0x04]
[17:58:40:183]53824:[DBG]:CMD:[0x08]->[0x04]
[17:58:40:199]53826:[DBG]:CMD:[0x09]->[0x00]
[17:58:40:199]53826:[DBG]:CMD:[0xD4]->[0x02]
[17:58:40:199]53826:[DBG]:   :[0x01]->[0x00]
[17:58:40:199]53826:[DBG]:   :[0x02]->[0x05]
[17:58:40:199]53826:[DBG]:   :[0x03]->[0x00]
[17:58:40:199]53826:[DBG]:   :[0x04]->[0x00]
[17:58:40:199]53826:[DBG]:   :[0x05]->[0x00]
[17:58:40:199]53826:[DBG]:   :[0x06]->[0x00]
[17:58:40:246]53828:[DBG]:CMD:[0x20]->[0x00]
[17:58:40:246]53828:[DBG]:CMD:[0x30]->[0x02]
[17:58:40:292]53930:[DBG]:CMD:[0x37]->[0x00]
[17:58:40:292]53930:[DBG]:CMD:[0x01]->[0x02]
[17:58:40:292]53932:[DBG]:CMD:[0x02]->[0x04]
[17:58:40:292]53932:[DBG]:CMD:[0x08]->[0x04]
[17:58:40:292]53934:[DBG]:CMD:[0x09]->[0x00]
[17:58:40:292]53934:[DBG]:CMD:[0xD4]->[0x02]
[17:58:40:292]53934:[DBG]:   :[0x01]->[0x00]
[17:58:40:292]53934:[DBG]:   :[0x02]->[0x05]
[17:58:40:308]53934:[DBG]:   :[0x03]->[0x00]
[17:58:40:308]53934:[DBG]:   :[0x04]->[0x00]
[17:58:40:308]53934:[DBG]:   :[0x05]->[0x00]
[17:58:40:308]53934:[DBG]:   :[0x06]->[0x00]
[17:58:40:355]53936:[DBG]:CMD:[0x20]->[0x00]
[17:58:40:355]53936:[DBG]:CMD:[0x30]->[0x02]
[17:58:40:402]54040:[DBG]:CMD:[0x37]->[0x00]
[17:58:40:402]54040:[DBG]:CMD:[0x01]->[0x02]
[17:58:40:402]54040:[DBG]:CMD:[0x02]->[0x04]
[17:58:40:402]54042:[DBG]:CMD:[0x08]->[0x04]
[17:58:40:417]54042:[DBG]:CMD:[0x09]->[0x00]
[17:58:40:417]54044:[DBG]:CMD:[0xD4]->[0x02]
[17:58:40:417]54044:[DBG]:   :[0x01]->[0x00]
[17:58:40:417]54044:[DBG]:   :[0x02]->[0x05]
[17:58:40:417]54044:[DBG]:   :[0x03]->[0x00]
[17:58:40:417]54044:[DBG]:   :[0x04]->[0x00]
[17:58:40:417]54044:[DBG]:   :[0x05]->[0x00]
[17:58:40:417]54044:[DBG]:   :[0x06]->[0x00]
[17:58:40:464]54046:[DBG]:CMD:[0x20]->[0x00]
[17:58:40:464]54046:[DBG]:CMD:[0x30]->[0x02]
[17:58:40:527]54148:[DBG]:CMD:[0x37]->[0x00]
[17:58:40:527]54148:[DBG]:CMD:[0x01]->[0x02]
[17:58:40:527]54148:[DBG]:CMD:[0x02]->[0x04]
[17:58:40:527]54152:[DBG]:CMD:[0x08]->[0x04]
[17:58:40:542]54154:[DBG]:CMD:[0x09]->[0x00]
[17:58:40:542]54156:[DBG]:CMD:[0xD4]->[0x02]
[17:58:40:542]54156:[DBG]:   :[0x01]->[0x00]
[17:58:40:542]54156:[DBG]:   :[0x02]->[0x05]
[17:58:40:542]54156:[DBG]:   :[0x03]->[0x00]
[17:58:40:542]54156:[DBG]:   :[0x04]->[0x00]
[17:58:40:542]54156:[DBG]:   :[0x05]->[0x00]
[17:58:40:542]54156:[DBG]:   :[0x06]->[0x00]
[17:58:40:590]54160:[DBG]:CMD:[0x20]->[0x00]
[17:58:40:590]54160:[DBG]:CMD:[0x30]->[0x02]
[17:58:40:636]54262:[DBG]:CMD:[0x37]->[0x00]
[17:58:40:636]54262:[DBG]:CMD:[0x01]->[0x02]
[17:58:40:636]54262:[DBG]:CMD:[0x02]->[0x04]
[17:58:40:636]54264:[DBG]:CMD:[0x08]->[0x04]
[17:58:40:652]54266:[DBG]:CMD:[0x09]->[0x00]
[17:58:40:652]54266:[DBG]:CMD:[0xD4]->[0x02]
[17:58:40:652]54266:[DBG]:   :[0x01]->[0x00]
[17:58:40:652]54266:[DBG]:   :[0x02]->[0x05]
[17:58:40:652]54266:[DBG]:   :[0x03]->[0x00]
[17:58:40:652]54266:[DBG]:   :[0x04]->[0x00]
[17:58:40:652]54266:[DBG]:   :[0x05]->[0x00]
[17:58:40:652]54266:[DBG]:   :[0x06]->[0x00]
[17:58:40:699]54268:[DBG]:CMD:[0x20]->[0x00]
[17:58:40:699]54268:[DBG]:CMD:[0x30]->[0x02]
[17:58:40:730]54372:[DBG]:CMD:[0x37]->[0x00]
[17:58:40:730]54374:[DBG]:CMD:[0x01]->[0x02]
[17:58:40:730]54376:[DBG]:CMD:[0x02]->[0x04]
[17:58:40:730]54376:[DBG]:CMD:[0x08]->[0x04]
[17:58:40:761]54378:[DBG]:CMD:[0x09]->[0x00]
[17:58:40:761]54378:[DBG]:CMD:[0xD4]->[0x02]
[17:58:40:761]54378:[DBG]:   :[0x01]->[0x00]
[17:58:40:777]54378:[DBG]:   :[0x02]->[0x05]
[17:58:40:777]54378:[DBG]:   :[0x03]->[0x00]
[17:58:40:777]54378:[DBG]:   :[0x04]->[0x00]
[17:58:40:777]54378:[DBG]:   :[0x05]->[0x00]
[17:58:40:777]54378:[DBG]:   :[0x06]->[0x00]
[17:58:40:823]54380:[DBG]:CMD:[0x20]->[0x00]
[17:58:40:823]54380:[DBG]:CMD:[0x30]->[0x02]
[17:58:40:855]54484:[DBG]:CMD:[0x37]->[0x00]
[17:58:40:855]54486:[DBG]:CMD:[0x01]->[0x02]
[17:58:40:855]54488:[DBG]:CMD:[0x02]->[0x04]
[17:58:40:855]54490:[DBG]:CMD:[0x08]->[0x04]
[17:58:40:886]54492:[DBG]:CMD:[0x09]->[0x00]
[17:58:40:886]54494:[DBG]:CMD:[0xD4]->[0x02]
[17:58:40:886]54494:[DBG]:   :[0x01]->[0x00]
[17:58:40:886]54494:[DBG]:   :[0x02]->[0x05]
[17:58:40:902]54494:[DBG]:   :[0x03]->[0x00]
[17:58:40:902]54494:[DBG]:   :[0x04]->[0x00]
[17:58:40:902]54494:[DBG]:   :[0x05]->[0x00]
[17:58:40:902]54494:[DBG]:   :[0x06]->[0x00]
[17:58:40:933]54494:[DBG]:CMD:[0x20]->[0x00]
[17:58:40:933]54494:[DBG]:CMD:[0x30]->[0x02]
